
 num     #instances         #bytes  class name
----------------------------------------------
   1:       1052385    14736586888  [B
   2:      28423556      909553792  org.apache.spark.CleanupTaskWeakReference
   3:      27435942      877950144  java.util.concurrent.ConcurrentHashMap$Node
   4:      27417964      877374848  java.lang.ref.WeakReference
   5:      28423894      682173456  java.util.concurrent.ConcurrentLinkedQueue$Node
   6:      27443682      658648368  java.lang.Long
   7:      27413477      657923448  org.apache.spark.CleanAccum
   8:           164      268632864  [Ljava.util.concurrent.ConcurrentHashMap$Node;
   9:       1023270      146816896  [Ljava.lang.Object;
  10:       2020158       96967584  org.apache.spark.storage.BlockInfo
  11:       3051595       73238280  scala.collection.mutable.DefaultEntry
  12:       2031659       65013088  java.util.HashMap$Node
  13:       2020158       64645056  org.apache.spark.storage.BlockStatus
  14:       2020168       48484032  org.apache.spark.storage.BroadcastBlockId
  15:       1052296       42091840  java.util.LinkedHashMap$Entry
  16:       1011190       40447600  scala.collection.mutable.HashSet
  17:       1066917       39408712  [C
  18:          5301       25715360  [Lscala.collection.mutable.HashEntry;
  19:       1066441       25594584  java.lang.String
  20:          3123       25421984  [Ljava.util.HashMap$Node;
  21:        524707       25185936  java.nio.HeapByteBuffer
  22:       1010079       24241896  org.apache.spark.CleanBroadcast
  23:        524524       16784768  org.apache.spark.storage.memory.DeserializedMemoryEntry
  24:        524523       16784736  org.apache.spark.util.io.ChunkedByteBuffer
  25:       1010473       16167568  scala.reflect.ClassTag$$anon$1
  26:        524573       12655160  [Ljava.nio.ByteBuffer;
  27:        524528       12590264  [[B
  28:        524523       12588552  org.apache.spark.storage.memory.SerializedMemoryEntry
  29:          7149        5667160  [I
  30:         12102        1329904  java.lang.Class
  31:         10010        1121120  org.apache.spark.ui.jobs.UIData$TaskMetricsUIData
  32:         34035        1089120  scala.collection.mutable.LinkedEntry
  33:         23253         930120  org.apache.spark.util.LongAccumulator
  34:         49689         795024  scala.Some
  35:         24286         777152  org.apache.spark.util.AccumulatorMetadata
  36:         10020         721440  org.apache.spark.scheduler.TaskInfo
  37:          9293         594752  io.netty.buffer.PoolSubpage
  38:         23732         569568  scala.collection.immutable.$colon$colon
  39:          4727         567240  scala.reflect.runtime.SynchronizedSymbols$SynchronizedSymbol$$anon$9
  40:         27904         446464  java.lang.Object
  41:          4583         439968  scala.reflect.runtime.SynchronizedSymbols$SynchronizedSymbol$$anon$14
  42:         13087         418784  scala.reflect.internal.Symbols$TypeHistory
  43:         11161         357152  scala.collection.immutable.HashMap$HashMap1
  44:         10901         348832  scala.collection.mutable.ListBuffer
  45:            10         327840  [Lorg.apache.spark.unsafe.memory.MemoryBlock;
  46:          7609         304360  java.lang.ref.Finalizer
  47:         12266         294384  scala.Tuple2
  48:          9179         293728  scala.reflect.internal.pickling.UnPickler$Scan$LazyTypeRef
  49:          4004         288288  org.apache.spark.storage.RDDInfo
  50:         17440         279040  java.lang.Integer
  51:          6885         275400  java.util.WeakHashMap$Entry
  52:           104         272608  [Ljava.nio.channels.SelectionKey;
  53:          2897         254936  java.lang.reflect.Method
  54:          6138         245520  org.apache.spark.scheduler.AccumulableInfo
  55:         10010         240240  org.apache.spark.ui.jobs.UIData$TaskUIData
  56:          7046         225472  scala.reflect.internal.Scopes$ScopeEntry
  57:          5567         178144  java.io.FileDescriptor
  58:          1001         152152  org.apache.spark.ui.jobs.UIData$StageUIData
  59:          1279         133016  scala.reflect.runtime.SynchronizedSymbols$SynchronizedSymbol$$anon$11
  60:          3296         131840  scala.collection.mutable.HashMap
  61:             1         131088  [Lscala.reflect.internal.Names$TermName;
  62:             1         131088  [Lscala.reflect.internal.Names$TypeName;
  63:          3960         126720  org.apache.spark.ui.scope.RDDOperationCluster
  64:          3960         126720  org.apache.spark.ui.scope.RDDOperationNode
  65:          3923         125536  java.io.FileInputStream
  66:          2030         113680  java.util.LinkedHashMap
  67:          1000         112000  org.apache.spark.ui.jobs.UIData$ExecutorSummary
  68:          3379         108128  java.util.Hashtable$Entry
  69:          2142         102816  java.util.HashMap
  70:          1930          99768  [Ljava.lang.String;
  71:          3117          99744  scala.reflect.internal.Names$TermName_R
  72:          1011          97056  org.apache.spark.executor.TaskMetrics
  73:          2004          96192  scala.collection.mutable.LinkedHashMap
  74:          3723          89352  java.util.ArrayList
  75:           281          86800  [Ljava.util.WeakHashMap$Entry;
  76:           163          86064  [Lscala.reflect.internal.Scopes$ScopeEntry;
  77:           663          84864  scala.reflect.runtime.SynchronizedSymbols$SynchronizedSymbol$$anon$8
  78:          1001          80080  org.apache.spark.ui.jobs.UIData$JobUIData
  79:          1001          80080  org.apache.spark.util.collection.OpenHashSet$mcI$sp
  80:           520          78240  [Lio.netty.buffer.PoolSubpage;
  81:          3110          74640  scala.collection.mutable.ArrayBuffer
  82:          3003          72072  org.apache.spark.rdd.RDDOperationScope
  83:          2970          71280  org.apache.spark.ui.scope.RDDOperationEdge
  84:           410          65600  scala.reflect.runtime.SynchronizedSymbols$SynchronizedSymbol$$anon$2
  85:           910          65520  java.lang.reflect.Field
  86:          1247          65224  [Lscala.collection.immutable.HashMap;
  87:          1001          64064  org.apache.spark.scheduler.StageInfo
  88:          1548          61920  io.netty.buffer.PoolChunkList
  89:          1638          59232  [J
  90:           598          57408  scala.reflect.runtime.SynchronizedSymbols$SynchronizedSymbol$$anon$15
  91:          1424          56960  java.lang.ref.SoftReference
  92:          2635          55704  [Ljava.lang.Class;
  93:           529          55016  java.io.ObjectStreamClass
  94:           679          54320  java.lang.reflect.Constructor
  95:           512          53248  scala.reflect.runtime.SynchronizedSymbols$SynchronizedSymbol$$anon$10
  96:          1086          52128  org.apache.kafka.common.metrics.stats.SampledStat$Sample
  97:            78          51168  io.netty.util.internal.shaded.org.jctools.queues.MpscArrayQueue
  98:          1426          45632  java.io.FileOutputStream
  99:          1108          44320  java.math.BigInteger
 100:          1290          41280  io.netty.util.internal.chmv8.LongAdderV8
 101:          1011          40440  org.apache.spark.executor.ShuffleReadMetrics
 102:          1001          40040  [[Lscala.collection.immutable.Iterable;
 103:          1001          40040  scala.collection.immutable.HashMap$HashTrieMap$$anon$1
 104:           105          39480  java.lang.Thread
 105:           231          38976  [Ljava.util.Hashtable$Entry;
 106:           587          37568  scala.reflect.runtime.SynchronizedOps$$anon$1
 107:           724          34752  org.codehaus.janino.ReflectionIClass$ReflectionIMethod
 108:          1060          33920  com.codahale.metrics.WeightedSnapshot$WeightedSample
 109:          1011          32352  scala.reflect.internal.Types$MethodType
 110:          1001          32032  scala.Tuple2$mcII$sp
 111:           990          31680  org.apache.spark.ui.scope.RDDOperationGraph
 112:           780          31200  com.google.common.collect.MapMakerInternalMap$WeakEntry
 113:           534          29904  java.util.zip.ZipFile$ZipFileInflaterInputStream
 114:           534          29904  java.util.zip.ZipFile$ZipFileInputStream
 115:           909          29088  org.apache.kafka.common.MetricName
 116:           909          29088  org.apache.kafka.common.metrics.KafkaMetric
 117:           854          27328  scala.reflect.internal.Names$TypeName_R
 118:           830          26560  scala.reflect.internal.Names$TermName_S
 119:          1072          25728  java.lang.Double
 120:           402          25728  java.net.URL
 121:          1065          25560  java.util.concurrent.ConcurrentSkipListMap$Node
 122:          1012          24288  java.util.Collections$SynchronizedRandomAccessList
 123:          1011          24264  org.apache.spark.executor.InputMetrics
 124:          1011          24264  org.apache.spark.executor.OutputMetrics
 125:          1011          24264  org.apache.spark.executor.ShuffleWriteMetrics
 126:          1011          24264  org.apache.spark.util.CollectionAccumulator
 127:          1002          24048  scala.collection.immutable.Stream$Cons
 128:          1001          24024  org.apache.spark.util.collection.BitSet
 129:           354          22656  java.util.concurrent.ConcurrentHashMap
 130:           559          22360  java.io.ObjectStreamField
 131:           392          21952  scala.reflect.internal.Types$ClassArgsTypeRef
 132:           273          21840  scala.reflect.internal.Types$ClassInfoType
 133:           674          21568  java.util.concurrent.locks.ReentrantLock$NonfairSync
 134:           364          20384  java.lang.Package
 135:           360          20160  org.apache.kafka.common.metrics.Sensor
 136:            34          19584  io.netty.util.internal.shaded.org.jctools.queues.MpscChunkedArrayQueue
 137:           626          18096  [Lorg.codehaus.janino.IClass$IMethod;
 138:           746          17904  scala.collection.immutable.HashSet$HashSet1
 139:           129          17544  io.netty.buffer.PoolArena$DirectArena
 140:           129          17544  io.netty.buffer.PoolArena$HeapArena
 141:           205          16656  [Ljava.lang.ThreadLocal$ThreadLocalMap$Entry;
 142:           516          16512  com.esotericsoftware.kryo.Registration
 143:          1006          16096  scala.math.BigInt
 144:          1002          16032  scala.collection.Iterator$$anonfun$toStream$1
 145:          1002          16032  scala.collection.MapLike$$anon$2
 146:          1001          16016  org.apache.spark.util.collection.OpenHashSet$IntHasher
 147:           989          15824  java.util.LinkedHashMap$LinkedEntrySet
 148:           164          15744  java.util.jar.JarFile$JarFileEntry
 149:           642          15408  sun.reflect.annotation.AnnotationInvocationHandler
 150:           453          14496  java.lang.ThreadLocal$ThreadLocalMap$Entry
 151:           603          14472  java.util.concurrent.CopyOnWriteArrayList
 152:           415          13280  scala.reflect.internal.Trees$Literal
 153:           276          13248  java.util.WeakHashMap
 154:           103          13184  scala.reflect.runtime.SynchronizedSymbols$SynchronizedSymbol$$anon$5
 155:            82          13120  scala.reflect.runtime.SynchronizedSymbols$SynchronizedSymbol$$anon$1
 156:            34          13056  io.netty.util.concurrent.FastThreadLocalThread
 157:           525          12600  java.lang.Class$AnnotationData
 158:           780          12480  com.google.common.collect.MapMakerInternalMap$StrongValueReference
 159:           389          12448  scala.reflect.internal.Names$TypeName_S
 160:            58          12392  [Z
 161:           304          12160  scala.reflect.internal.AnnotationInfos$CompleteAnnotationInfo
 162:           502          12048  java.util.concurrent.ConcurrentSkipListMap$Index
 163:           166          11952  scala.reflect.internal.Types$AbstractNoArgsTypeRef
 164:           476          11424  java.io.ObjectStreamClass$ClassDataSlot
 165:           204          11424  java.lang.invoke.MemberName
 166:           178          11392  sun.nio.ch.FileChannelImpl
 167:           201          11256  sun.nio.cs.UTF_8$Encoder
 168:           347          11104  java.util.Vector
 169:           154          11088  sun.reflect.DelegatingClassLoader
 170:           341          10912  sun.misc.FDBigInteger
 171:           168          10752  com.esotericsoftware.kryo.serializers.UnsafeCacheFields$UnsafeObjectField
 172:           168          10752  java.util.jar.JarFile
 173:            11          10480  [Lio.netty.util.Recycler$DefaultHandle;
 174:           655          10480  java.util.concurrent.locks.ReentrantLock
 175:           262          10480  org.apache.kafka.common.protocol.types.Field
 176:           317          10144  java.lang.ref.ReferenceQueue
 177:           630          10080  java.util.HashSet
 178:             7           9968  [Ljava.io.ObjectInputStream$HandleTable$HandleList;
 179:           414           9936  org.apache.kafka.common.metrics.stats.Rate
 180:           396           9568  [Ljava.io.ObjectStreamClass$ClassDataSlot;
 181:           170           9520  scala.reflect.internal.Types$ClassNoArgsTypeRef
 182:           237           9480  java.security.ProtectionDomain
 183:           143           9152  scala.reflect.internal.Types$ModuleTypeRef
 184:           190           9120  java.util.Hashtable
 185:           371           8904  sun.reflect.generics.tree.SimpleClassTypeSignature
 186:           181           8688  java.util.zip.Inflater
 187:           180           8640  sun.misc.URLClassPath$JarLoader
 188:           356           8544  net.jpountz.xxhash.StreamingXXHash32JNI
 189:           351           8424  java.util.Collections$UnmodifiableRandomAccessList
 190:             7           8320  [[C
 191:           206           8240  org.apache.log4j.Logger
 192:           257           8224  org.apache.kafka.common.metrics.stats.Avg
 193:             1           8216  [Lscala.math.BigInt;
 194:           216           8152  [Lscala.reflect.internal.Types$Type;
 195:           234           7896  [Lscala.collection.immutable.HashSet;
 196:           244           7808  org.apache.spark.sql.catalyst.expressions.ExpressionInfo
 197:            75           7800  scala.reflect.runtime.SynchronizedSymbols$SynchronizedSymbol$$anon$12
 198:           324           7776  javax.management.ObjectName$Property
 199:           191           7640  scala.reflect.internal.BaseTypeSeqs$BaseTypeSeq
 200:           277           7568  [Ljavax.management.ObjectName$Property;
 201:           236           7552  java.security.CodeSource
 202:           371           7232  [Lsun.reflect.generics.tree.TypeArgument;
 203:           299           7176  org.apache.log4j.CategoryKey
 204:           178           7120  org.apache.hadoop.fs.RawLocalFileSystem$TrackingFileInputStream
 205:           291           6984  java.util.concurrent.ConcurrentLinkedQueue
 206:           217           6944  org.apache.kafka.common.metrics.stats.Rate$SampledTotal
 207:           216           6912  scala.reflect.runtime.SymbolLoaders$TopClassCompleter
 208:           284           6808  [Ljava.security.cert.Certificate;
 209:           106           6784  scala.reflect.internal.pickling.UnPickler$Scan
 210:           280           6720  org.apache.kafka.common.TopicPartition
 211:            31           6696  org.eclipse.jetty.servlet.ServletContextHandler
 212:            90           6480  org.apache.spark.sql.catalyst.expressions.AttributeReference
 213:           202           6464  java.lang.invoke.LambdaForm$Name
 214:            40           6400  scala.reflect.runtime.SynchronizedSymbols$SynchronizedSymbol$$anon$3
 215:           198           6336  scala.collection.convert.Wrappers$MapWrapper
 216:           395           6320  java.util.concurrent.atomic.AtomicInteger
 217:           197           6304  org.apache.kafka.common.metrics.stats.Count
 218:            98           6272  org.apache.kafka.common.config.ConfigDef$ConfigKey
 219:           261           6264  org.apache.hadoop.conf.Configuration$DeprecatedKeyInfo
 220:            85           6120  scala.reflect.runtime.SymbolLoaders$PackageScope
 221:           187           5984  org.apache.kafka.common.metrics.stats.Max
 222:           360           5952  [Lorg.apache.kafka.common.metrics.Sensor;
 223:           371           5936  sun.reflect.generics.tree.ClassTypeSignature
 224:           369           5904  com.sun.proxy.$Proxy8
 225:           246           5904  scala.collection.immutable.HashMap$HashTrieMap
 226:           183           5856  java.util.zip.ZipCoder
 227:           240           5760  [Lorg.apache.kafka.common.Node;
 228:           144           5760  java.lang.invoke.MethodType
 229:           180           5760  java.util.regex.Pattern$Curly
 230:            94           5640  [Ljava.lang.ref.SoftReference;
 231:            88           5632  scala.reflect.internal.Types$PackageTypeRef
 232:           234           5616  scala.collection.immutable.HashSet$HashTrieSet
 233:           139           5560  javax.management.ObjectName
 234:           231           5544  org.apache.spark.sql.catalyst.analysis.FunctionRegistry$$anonfun$5
 235:            99           5544  org.apache.spark.sql.streaming.StreamingQueryProgress
 236:           230           5520  scala.reflect.internal.Constants$Constant
 237:           136           5440  java.security.AccessControlContext
 238:           224           5376  java.util.ArrayDeque
 239:           166           5240  [Ljava.io.ObjectStreamField;
 240:            59           5192  org.codehaus.janino.ReflectionIClass
 241:           214           5136  java.util.LinkedList$Node
 242:            64           5120  com.esotericsoftware.kryo.serializers.FieldSerializer
 243:            71           5112  java.util.regex.Pattern
 244:           319           5104  java.lang.ref.ReferenceQueue$Lock
 245:           157           5024  java.lang.invoke.MethodType$ConcurrentWeakInternSet$WeakEntry
 246:            31           4960  org.eclipse.jetty.servlet.ServletHandler
 247:           205           4920  java.lang.ThreadLocal$ThreadLocalMap
 248:           123           4920  java.util.TreeMap$Entry
 249:           204           4896  com.esotericsoftware.kryo.Kryo$DefaultSerializerEntry
 250:           305           4880  java.lang.Byte
 251:           120           4800  org.apache.spark.sql.kafka010.KafkaSourceRDDOffsetRange
 252:           100           4800  scala.reflect.internal.Types$RefinedType0
 253:            99           4752  org.apache.spark.sql.streaming.SourceProgress
 254:           197           4728  java.util.concurrent.atomic.AtomicLong
 255:           197           4728  org.slf4j.impl.Log4jLoggerAdapter
 256:           197           4728  sun.reflect.generics.factory.CoreReflectionFactory
 257:            51           4640  [S
 258:           193           4632  javax.management.ImmutableDescriptor
 259:            32           4608  org.eclipse.jetty.servlet.ServletHolder
 260:            33           4488  io.netty.channel.nio.NioEventLoop
 261:            31           4464  [Ljava.util.Queue;
 262:            31           4464  [Ljava.util.concurrent.ConcurrentMap;
 263:           111           4352  [Ljava.security.ProtectionDomain;
 264:           181           4344  java.util.zip.ZStreamRef
 265:           269           4304  java.lang.Short
 266:           178           4272  java.util.regex.Pattern$GroupHead
 267:           178           4272  java.util.regex.Pattern$GroupTail
 268:           178           4272  sun.nio.ch.NativeThreadSet
 269:           130           4160  com.sun.jmx.mbeanserver.ConvertingMethod
 270:             1           4120  [Lscala.math.BigDecimal;
 271:            36           4032  sun.nio.ch.SocketChannelImpl
 272:           168           4032  sun.reflect.generics.scope.ClassScope
 273:           167           4008  org.eclipse.jetty.util.component.ContainerLifeCycle$Bean
 274:            99           3960  org.apache.spark.internal.config.ConfigEntryWithDefault
 275:           246           3936  java.util.HashMap$EntrySet
 276:            32           3928  [Ljava.lang.reflect.Method;
 277:           122           3904  java.util.LinkedList
 278:            80           3840  com.esotericsoftware.kryo.serializers.UnsafeCacheFields$UnsafeIntField
 279:           120           3840  org.apache.kafka.common.PartitionInfo
 280:           237           3792  [Ljava.security.Principal;
 281:           237           3792  java.security.ProtectionDomain$Key
 282:           116           3712  sun.security.util.ObjectIdentifier
 283:            76           3648  java.util.concurrent.ThreadPoolExecutor$Worker
 284:           148           3536  [Ljava.lang.reflect.Type;
 285:            49           3528  sun.nio.ch.EPollArrayWrapper
 286:            49           3528  sun.nio.ch.EPollSelectorImpl
 287:            73           3504  java.util.TreeMap
 288:           168           3464  [Lorg.codehaus.janino.IClass;
 289:           216           3456  java.nio.channels.spi.AbstractInterruptibleChannel$1
 290:           216           3456  scala.collection.mutable.BitSet
 291:            61           3416  java.lang.Class$ReflectionData
 292:           128           3392  [Lcom.esotericsoftware.kryo.serializers.FieldSerializer$CachedField;
 293:            60           3360  java.security.Provider$Service
 294:           104           3328  java.io.File
 295:           138           3312  com.sun.jmx.mbeanserver.NamedObject
 296:           207           3312  com.sun.proxy.$Proxy7
 297:           137           3288  java.security.Provider$ServiceKey
 298:           137           3288  scala.reflect.internal.Types$UniqueThisType
 299:           203           3248  java.util.HashMap$KeySet
 300:           100           3200  java.io.ObjectStreamClass$WeakClassKey
 301:           100           3200  org.eclipse.jetty.util.IncludeExclude
 302:            57           3192  org.apache.spark.sql.catalyst.expressions.BoundReference
 303:            71           3168  [Ljava.lang.invoke.LambdaForm$Name;
 304:            66           3168  java.lang.invoke.LambdaForm
 305:            44           3168  org.apache.spark.sql.catalyst.expressions.objects.Invoke
 306:            79           3160  scala.reflect.internal.Trees$Ident
 307:            98           3136  org.apache.spark.internal.config.ConfigBuilder
 308:           128           3072  org.eclipse.jetty.io.ArrayByteBufferPool$Bucket
 309:            93           2976  org.apache.log4j.ProvisionNode
 310:            28           2912  [Ljava.lang.invoke.MethodHandle;
 311:           104           2880  [Lorg.apache.kafka.common.protocol.types.Field;
 312:            45           2880  javax.management.openmbean.OpenMBeanAttributeInfoSupport
 313:           180           2880  sun.nio.ch.FileDispatcherImpl
 314:            51           2856  scala.reflect.runtime.JavaMirrors$JavaMirror$FromJavaClassCompleter
 315:            88           2816  com.esotericsoftware.kryo.serializers.DefaultArraySerializers$ObjectArraySerializer
 316:            88           2816  java.util.concurrent.locks.AbstractQueuedSynchronizer$Node
 317:            50           2800  java.beans.MethodDescriptor
 318:            70           2800  java.io.ObjectStreamClass$FieldReflectorKey
 319:           116           2784  org.apache.spark.sql.catalyst.expressions.ExprId
 320:            69           2760  java.io.ObjectStreamClass$FieldReflector
 321:            49           2744  java.lang.invoke.MethodTypeForm
 322:           114           2736  scala.collection.immutable.Map$Map1
 323:             1           2720  [Lscala.reflect.NameTransformer$OpCodes;
 324:            51           2616  [Ljavax.management.MBeanAttributeInfo;
 325:           109           2616  sun.reflect.generics.reflectiveObjects.ParameterizedTypeImpl
 326:           109           2616  sun.reflect.generics.repository.FieldRepository
 327:            25           2600  org.eclipse.jetty.servlets.gzip.GzipHandler
 328:            81           2592  java.net.InetAddress$InetAddressHolder
 329:           137           2568  [Lcom.sun.jmx.mbeanserver.MXBeanMapping;
 330:            64           2560  org.eclipse.jetty.http.HttpHeader
 331:            79           2528  org.apache.spark.sql.types.StructField
 332:            52           2496  java.util.logging.LogManager$LoggerWeakRef
 333:           104           2496  org.apache.kafka.common.metrics.JmxReporter$KafkaMbean
 334:           104           2496  org.apache.kafka.common.protocol.types.Schema
 335:           119           2480  [Ljava.lang.reflect.TypeVariable;
 336:            62           2480  sun.misc.FloatingDecimal$BinaryToASCIIBuffer
 337:           103           2472  java.util.regex.Pattern$Single
 338:           154           2464  sun.reflect.generics.tree.TypeVariableSignature
 339:           100           2400  com.twitter.chill.TraversableSerializer
 340:            50           2400  javax.management.MBeanInfo
 341:           100           2400  scala.collection.immutable.MapLike$$anon$2
 342:           100           2400  scala.collection.mutable.LinkedList
 343:            99           2376  [Lorg.apache.spark.sql.streaming.SourceProgress;
 344:            99           2376  java.lang.invoke.LambdaForm$NamedFunction
 345:            27           2376  org.apache.spark.rdd.MapPartitionsRDD
 346:            74           2368  java.lang.invoke.DirectMethodHandle
 347:            37           2368  java.nio.DirectByteBuffer
 348:            72           2304  io.netty.buffer.PoolThreadCache$SubPageMemoryRegionCache
 349:            57           2280  com.fasterxml.jackson.databind.introspect.AnnotatedMethod
 350:             2           2256  [Lorg.eclipse.jetty.http.HttpStatus$Code;
 351:            94           2256  java.beans.MethodRef
 352:            70           2240  java.security.Permissions
 353:            35           2240  org.apache.kafka.clients.consumer.ConsumerRecord
 354:            31           2232  org.eclipse.jetty.http.PathMap
 355:            92           2208  sun.reflect.NativeConstructorAccessorImpl
 356:           136           2176  com.esotericsoftware.kryo.factories.ReflectionSerializerFactory
 357:            68           2176  java.io.FilePermission
 358:            30           2160  org.apache.spark.sql.catalyst.expressions.Alias
 359:            67           2144  java.security.BasicPermissionCollection
 360:             1           2136  scala.reflect.internal.StdNames$nme$
 361:            44           2112  com.esotericsoftware.kryo.serializers.UnsafeCacheFields$UnsafeBooleanField
 362:            20           2080  org.apache.spark.scheduler.ResultTask
 363:             1           2048  [Lorg.eclipse.jetty.http.HttpGenerator$PreparedResponse;
 364:           128           2048  java.lang.Character
 365:            64           2048  javax.management.MBeanAttributeInfo
 366:            64           2048  org.eclipse.jetty.util.ArrayTernaryTrie
 367:            85           2040  scala.reflect.internal.Types$PolyType
 368:           125           2000  sun.reflect.DelegatingConstructorAccessorImpl
 369:           124           1984  org.apache.spark.internal.config.TypedConfigBuilder$$anonfun$$lessinit$greater$1
 370:           123           1968  sun.reflect.BootstrapConstructorAccessorImpl
 371:           122           1952  java.util.Collections$UnmodifiableSet
 372:            61           1952  sun.nio.ch.AllocatedNativeObject
 373:           121           1936  java.util.LinkedHashMap$LinkedValues
 374:            40           1920  org.apache.spark.sql.catalyst.expressions.Literal
 375:            40           1920  scala.reflect.runtime.JavaMirrors$JavaMirror$JavaAnnotationProxy
 376:            60           1920  sun.reflect.generics.repository.ClassRepository
 377:            78           1872  java.lang.RuntimePermission
 378:            78           1872  java.net.Inet4Address
 379:            78           1872  java.net.InetSocketAddress$InetSocketAddressHolder
 380:            39           1872  sun.util.locale.LocaleObjectCache$CacheEntry
 381:            38           1824  java.util.Properties
 382:            25           1800  java.util.logging.Logger
 383:            74           1776  java.util.regex.Pattern$Ctype
 384:            31           1736  org.apache.spark.sql.catalyst.analysis.GetColumnByOrdinal
 385:            89           1712  [Lsun.reflect.generics.tree.FormalTypeParameter;
 386:           106           1696  com.fasterxml.jackson.databind.introspect.AnnotationMap
 387:           106           1696  java.util.concurrent.atomic.AtomicBoolean
 388:            41           1640  sun.misc.Cleaner
 389:            68           1632  java.io.FilePermissionCollection
 390:            68           1632  org.apache.kafka.common.protocol.types.ArrayOf
 391:            68           1632  scala.reflect.runtime.JavaMirrors$JavaMirror$FromJavaClassCompleter$LazyPolyType
 392:           100           1600  org.eclipse.jetty.util.IncludeExclude$SetContainsPredicate
 393:            50           1600  scala.xml.UnprefixedAttribute
 394:            99           1584  [Lorg.apache.spark.sql.streaming.StateOperatorProgress;
 395:            22           1584  java.beans.PropertyDescriptor
 396:            99           1584  org.apache.spark.sql.execution.streaming.ProgressReporter$$anonfun$7
 397:            99           1584  org.apache.spark.sql.streaming.SinkProgress
 398:            64           1536  com.esotericsoftware.kryo.serializers.FieldSerializerGenericsUtil
 399:             1           1528  scala.reflect.runtime.JavaUniverse
 400:            38           1520  sun.nio.ch.SelectionKeyImpl
 401:            63           1512  java.util.jar.Attributes$Name
 402:            47           1504  org.eclipse.jetty.http.HttpStatus$Code
 403:            72           1488  [Lsun.reflect.generics.tree.FieldTypeSignature;
 404:            93           1488  java.util.regex.Pattern$Dot
 405:            46           1472  java.util.regex.Pattern$Branch
 406:            30           1440  java.time.temporal.ValueRange
 407:            60           1440  java.util.BitSet
 408:            36           1440  sun.nio.ch.SocketAdaptor
 409:            60           1440  sun.reflect.generics.tree.ClassSignature
 410:            35           1400  org.apache.kafka.common.network.KafkaChannel
 411:            16           1392  [Ljava.lang.Byte;
 412:            60           1384  [Lsun.reflect.generics.tree.ClassTypeSignature;
 413:             1           1376  [Lsun.misc.FDBigInteger;
 414:            57           1368  java.util.regex.Pattern$Slice
 415:            56           1344  java.security.Provider$UString
 416:            84           1344  java.util.concurrent.atomic.AtomicReference
 417:            42           1344  sun.reflect.generics.reflectiveObjects.TypeVariableImpl
 418:            41           1312  java.util.logging.LogManager$LogNode
 419:            43           1288  [Ljava.lang.reflect.Field;
 420:            39           1280  [Ljava.math.BigInteger;
 421:            20           1280  scala.reflect.internal.Types$AliasArgsTypeRef
 422:            78           1248  java.net.InetSocketAddress
 423:            12           1248  org.apache.kafka.common.network.Selector
 424:            31           1240  org.eclipse.jetty.servlet.ServletContextHandler$Context
 425:            12           1232  [Lio.netty.buffer.PoolArena;
 426:            11           1232  org.apache.kafka.clients.consumer.internals.ConsumerCoordinator
 427:            38           1216  io.netty.util.concurrent.DefaultPromise
 428:            19           1216  org.apache.hadoop.metrics2.lib.Interns$CacheWith2Keys$2
 429:            19           1216  org.apache.spark.sql.catalyst.expressions.objects.NewInstance
 430:            30           1200  java.math.BigDecimal
 431:            30           1200  java.time.temporal.ChronoField
 432:            50           1200  java.util.concurrent.locks.AbstractQueuedSynchronizer$ConditionObject
 433:            50           1200  org.eclipse.jetty.util.RegexSet
 434:            25           1200  scala.reflect.runtime.SynchronizedOps$$anon$3
 435:            15           1200  sun.net.www.protocol.jar.URLJarFile
 436:            37           1184  org.apache.kafka.common.protocol.Errors
 437:            72           1152  com.esotericsoftware.kryo.factories.PseudoSerializerFactory
 438:             8           1152  java.text.DecimalFormat
 439:            36           1152  org.apache.kafka.common.Node
 440:            11           1144  org.apache.spark.sql.execution.RDDScanExec
 441:            71           1136  org.apache.spark.sql.internal.SQLConf$SQLConfigBuilder$$anonfun$apply$1
 442:            71           1136  scala.collection.immutable.Set$Set1
 443:            46           1128  [Ljava.util.regex.Pattern$Node;
 444:            47           1128  org.apache.kafka.clients.ClusterConnectionStates$NodeConnectionState
 445:             4           1120  java.util.concurrent.ConcurrentHashMap$CounterCell
 446:            20           1120  org.apache.spark.sql.catalyst.expressions.objects.AssertNotNull
 447:            20           1120  scala.collection.immutable.Vector
 448:            28           1120  scala.reflect.internal.Types$UniqueSingleType
 449:            46           1104  org.eclipse.jetty.http.HttpGenerator$PreparedResponse
 450:             1           1096  scala.reflect.internal.Definitions$definitions$
 451:            34           1088  java.util.concurrent.Semaphore$NonfairSync
 452:             3           1080  [Ljava.lang.Integer;
 453:            45           1080  java.util.Collections$SingletonList
 454:            27           1080  sun.reflect.generics.repository.MethodRepository
 455:            19           1064  java.util.ResourceBundle$CacheKey
 456:            19           1064  org.apache.spark.sql.catalyst.encoders.ExpressionEncoder
 457:             2           1056  [Ljava.lang.Long;
 458:             2           1056  [Ljava.lang.Short;
 459:            33           1056  io.netty.channel.nio.SelectedSelectionKeySet
 460:            22           1056  org.apache.spark.sql.execution.metric.SQLMetric
 461:            44           1056  scala.reflect.internal.Types$NullaryMethodType
 462:            40           1024  [Ljavax.management.MBeanOperationInfo;
 463:            64           1024  com.esotericsoftware.kryo.serializers.FieldSerializerAnnotationsUtil
 464:            64           1024  com.esotericsoftware.kryo.serializers.FieldSerializerUnsafeUtilImpl
 465:            16           1024  com.google.common.collect.MapMakerInternalMap$Segment
 466:            32           1024  scala.Enumeration$Val
 467:            42           1008  java.lang.ProcessEnvironment$Value
 468:            42           1008  java.lang.ProcessEnvironment$Variable
 469:            42           1008  java.util.regex.Pattern$BitClass
 470:            42           1008  org.apache.kafka.common.protocol.types.Struct
 471:            42           1008  sun.reflect.generics.tree.FormalTypeParameter
 472:            38            976  [Lorg.apache.kafka.common.protocol.types.Schema;
 473:            11            968  org.apache.kafka.clients.consumer.KafkaConsumer
 474:            11            968  org.apache.spark.sql.catalyst.plans.logical.Project
 475:            11            968  org.apache.spark.sql.kafka010.KafkaSourceRDD
 476:            40            960  com.esotericsoftware.kryo.Generics
 477:            12            960  java.net.URI
 478:            30            960  java.security.Provider$EngineDescription
 479:            40            960  scala.collection.mutable.WeakHashMap
 480:            17            952  org.apache.spark.sql.catalyst.expressions.UpCast
 481:            17            952  org.json4s.reflect.ScalaType$PrimitiveScalaType
 482:            29            928  scala.ref.WeakReferenceWithWrapper
 483:            29            928  sun.reflect.generics.tree.MethodTypeSignature
 484:            23            920  org.apache.spark.sql.types.StructType
 485:            19            912  java.util.ResourceBundle$BundleReference
 486:            57            912  org.eclipse.jetty.util.log.JettyAwareLogger
 487:            57            912  org.eclipse.jetty.util.log.Slf4jLog
 488:             9            896  [D
 489:            14            896  org.apache.spark.sql.catalyst.expressions.objects.StaticInvoke
 490:            41            880  [Lcom.fasterxml.jackson.databind.introspect.AnnotationMap;
 491:            11            880  org.apache.kafka.clients.consumer.internals.Fetcher
 492:            27            864  java.nio.DirectByteBuffer$Deallocator
 493:            36            864  org.apache.spark.sql.catalyst.trees.Origin
 494:            18            864  org.eclipse.jetty.http.MimeTypes$Type
 495:            54            864  scala.xml.Text
 496:            53            848  java.util.TreeSet
 497:            35            840  java.util.Arrays$ArrayList
 498:            15            840  javax.management.openmbean.ArrayType
 499:            35            840  org.apache.kafka.common.network.DefaultAuthenticator
 500:            35            840  org.apache.kafka.common.network.PlaintextTransportLayer
 501:            26            832  org.apache.kafka.common.network.NetworkReceive
 502:            34            824  [Ljava.lang.reflect.Constructor;
 503:             3            816  [Lcom.fasterxml.jackson.core.sym.Name;
 504:             6            816  io.netty.util.internal.InternalThreadLocalMap
 505:            51            816  org.apache.spark.internal.config.ConfigBuilder$$anonfun$booleanConf$1
 506:            17            816  org.codehaus.janino.ReflectionIClass$ReflectionIConstructor
 507:            20            800  com.sun.jmx.mbeanserver.MXBeanSupport
 508:            20            800  javax.management.MBeanOperationInfo
 509:            25            800  org.apache.spark.ui.JettyUtils$$anon$3
 510:            50            800  org.eclipse.jetty.http.pathmap.PathSpecSet
 511:            25            800  org.eclipse.jetty.http.pathmap.ServletPathSpec
 512:            33            792  java.util.regex.Pattern$Dollar
 513:            14            784  org.apache.spark.sql.catalyst.expressions.If
 514:            14            784  org.apache.spark.sql.catalyst.expressions.objects.GetExternalRowField
 515:            14            784  org.apache.spark.sql.catalyst.expressions.objects.ValidateExternalType
 516:            14            784  sun.util.calendar.ZoneInfo
 517:            24            768  com.fasterxml.jackson.databind.DeserializationFeature
 518:            32            768  com.sun.jmx.mbeanserver.DefaultMXBeanMappingFactory$IdentityMapping
 519:            16            768  java.nio.HeapByteBufferR
 520:            32            768  java.util.regex.Pattern$Start
 521:            12            768  org.apache.kafka.clients.Metadata
 522:            48            768  org.apache.spark.rpc.netty.Dispatcher$MessageLoop
 523:            32            768  org.eclipse.jetty.http.PathMap$MappedEntry
 524:            32            768  org.eclipse.jetty.servlet.ServletHolder$Config
 525:            32            768  org.eclipse.jetty.servlet.ServletMapping
 526:            24            768  sun.security.x509.OIDMap$OIDInfo
 527:            19            760  java.util.IdentityHashMap
 528:            19            760  org.apache.spark.internal.config.OptionalConfigEntry
 529:            19            760  sun.util.locale.BaseLocale$Key
 530:            31            744  [Lorg.eclipse.jetty.server.handler.ContextHandler;
 531:            31            744  [Lorg.eclipse.jetty.server.handler.ContextHandlerCollection$Branch;
 532:            31            744  [Lorg.eclipse.jetty.servlet.ServletHolder;
 533:            31            744  [Lorg.eclipse.jetty.servlet.ServletMapping;
 534:            31            744  io.netty.util.internal.logging.Slf4JLogger
 535:            31            744  org.eclipse.jetty.server.handler.ContextHandlerCollection$Branch
 536:            31            744  scala.collection.mutable.WrappedArray$ofRef
 537:            23            736  com.fasterxml.jackson.databind.SerializationFeature
 538:            46            736  java.util.regex.Pattern$BranchConn
 539:            23            736  sun.management.MappedMXBeanType$BasicMXBeanType
 540:            23            720  [Lorg.apache.spark.sql.types.StructField;
 541:            15            720  com.fasterxml.jackson.databind.type.SimpleType
 542:            15            720  java.lang.management.PlatformComponent
 543:            10            720  java.util.concurrent.ThreadPoolExecutor
 544:            30            720  org.apache.kafka.common.config.ConfigDef$Range
 545:             9            720  org.codehaus.janino.IClass$PrimitiveIClass
 546:            30            720  org.eclipse.jetty.servlet.ServletHolder$Registration
 547:            15            720  scala.reflect.api.TypeTags$PredefTypeTag
 548:            18            720  sun.management.DiagnosticCommandArgumentInfo
 549:            22            704  java.util.Random
 550:            11            704  org.apache.spark.broadcast.TorrentBroadcast
 551:            29            696  io.netty.channel.ChannelOption
 552:            29            696  java.util.regex.Pattern$Ques
 553:            43            688  org.apache.spark.sql.types.ObjectType
 554:            43            688  sun.reflect.DelegatingMethodAccessorImpl
 555:            17            680  scala.reflect.internal.Trees$Select
 556:            21            672  com.sun.jmx.mbeanserver.WeakIdentityHashMap$IdentityWeakReference
 557:             6            672  java.util.GregorianCalendar
 558:            12            672  org.apache.kafka.clients.NetworkClient
 559:            12            672  org.apache.kafka.common.network.Selector$SelectorMetrics
 560:             3            672  scala.reflect.internal.StdNames$JavaKeywords
 561:             1            672  scala.reflect.internal.StdNames$fulltpnme$
 562:             1            664  scala.reflect.internal.StdNames$tpnme$
 563:             6            656  [Ljava.beans.MethodDescriptor;
 564:            29            656  [Lsun.reflect.generics.tree.TypeSignature;
 565:            27            648  java.util.Collections$SynchronizedSet
 566:            27            648  java.util.regex.Pattern$1
 567:             1            648  scala.reflect.internal.Flags$
 568:            27            648  sun.reflect.generics.scope.MethodScope
 569:            10            640  com.fasterxml.jackson.databind.introspect.AnnotatedClass
 570:            10            640  io.netty.util.Recycler$Stack
 571:            20            640  org.apache.kafka.clients.consumer.internals.SubscriptionState$TopicPartitionState
 572:            10            640  org.apache.spark.TaskContextImpl
 573:            40            640  scala.collection.generic.GenMapFactory$MapCanBuildFrom
 574:            16            640  scala.xml.Elem
 575:            16            640  sun.nio.cs.UTF_8$Decoder
 576:             3            624  [Ljava.lang.invoke.LambdaForm;
 577:            13            624  com.fasterxml.jackson.core.JsonToken
 578:            39            624  java.util.regex.Pattern$CharPropertyNames$1
 579:            26            624  org.apache.commons.logging.impl.SLF4JLocationAwareLog
 580:            13            624  sun.management.DiagnosticCommandInfo
 581:            11            616  [Lorg.apache.spark.sql.kafka010.KafkaSourceRDDOffsetRange;
 582:            11            616  org.apache.kafka.clients.consumer.internals.ConsumerNetworkClient
 583:            11            616  org.apache.kafka.clients.consumer.internals.Heartbeat
 584:             3            608  [Ljava.lang.Thread;
 585:            19            608  com.fasterxml.jackson.databind.MapperFeature
 586:            19            608  java.lang.reflect.Proxy$Key1
 587:            19            608  java.lang.reflect.WeakCache$CacheValue
 588:            38            608  java.util.LinkedHashSet
 589:            19            608  java.util.Locale
 590:            19            608  java.util.ResourceBundle$LoaderReference
 591:            38            608  java.util.jar.Attributes
 592:            19            608  org.apache.kafka.common.protocol.ApiKeys
 593:            19            608  org.eclipse.jetty.http.HttpGenerator$CachedHttpField
 594:            19            608  sun.util.locale.BaseLocale
 595:            15            600  com.google.common.util.concurrent.ThreadFactoryBuilder$1
 596:            25            600  java.time.LocalTime
 597:            15            600  org.apache.spark.internal.config.ConfigEntryWithDefaultString
 598:            25            600  org.apache.spark.ui.JettyUtils$ServletParams
 599:            37            592  com.sun.proxy.$Proxy9
 600:            36            576  java.util.Collections$SingletonSet
 601:            18            576  javax.management.MBeanParameterInfo
 602:            12            576  org.apache.kafka.common.Cluster
 603:            12            576  org.apache.kafka.common.config.AbstractConfig$RecordingMap
 604:            36            576  org.apache.spark.internal.config.ConfigBuilder$$anonfun$intConf$1
 605:            18            576  scala.reflect.runtime.TwoWayCaches$TwoWayCache
 606:            12            576  sun.nio.ch.IOVecWrapper
 607:             6            576  sun.util.calendar.Gregorian$Date
 608:             7            560  [Ljava.util.concurrent.RunnableScheduledFuture;
 609:             7            560  java.util.concurrent.ScheduledThreadPoolExecutor
 610:            10            560  javax.management.openmbean.CompositeType
 611:            14            560  javax.management.openmbean.SimpleType
 612:            10            560  org.apache.spark.executor.Executor$TaskRunner
 613:            10            560  sun.invoke.util.Wrapper
 614:            23            552  com.sun.jmx.mbeanserver.PerInterface$MethodAndSig
 615:            23            552  org.apache.spark.SparkConf$AlternateConfig
 616:            23            552  scala.reflect.internal.Types$AnnotatedType
 617:             2            544  [Ljava.lang.Character;
 618:             2            544  [Lorg.eclipse.jetty.http.HttpHeader;
 619:             2            544  [Lorg.eclipse.jetty.io.ArrayByteBufferPool$Bucket;
 620:            34            544  io.netty.util.concurrent.DefaultThreadFactory$DefaultRunnableDecorator
 621:            34            544  java.util.concurrent.Semaphore
 622:            34            544  java.util.regex.Pattern$Begin
 623:            17            544  sun.reflect.annotation.AnnotationType
 624:             1            528  [Ljava.util.TimerTask;
 625:            33            528  io.netty.channel.nio.NioEventLoop$1
 626:            33            528  io.netty.channel.nio.NioEventLoop$2
 627:            33            528  io.netty.util.concurrent.SingleThreadEventExecutor$2
 628:            33            528  io.netty.util.concurrent.SingleThreadEventExecutor$DefaultThreadProperties
 629:            11            528  org.apache.kafka.clients.consumer.internals.SubscriptionState
 630:            13            520  com.sun.jmx.mbeanserver.PerInterface
 631:            13            520  java.lang.invoke.MethodHandleImpl$IntrinsicMethodHandle
 632:             8            512  java.text.DecimalFormatSymbols
 633:            16            512  java.time.temporal.ChronoUnit
 634:            16            512  java.util.Collections$UnmodifiableMap
 635:            32            512  org.eclipse.jetty.util.AttributesMap
 636:            32            512  scala.collection.generic.GenSetFactory$$anon$1
 637:             9            504  org.apache.spark.rpc.netty.NettyRpcEndpointRef
 638:            21            504  org.apache.spark.sql.catalyst.expressions.codegen.ExprCode
 639:             9            504  scala.reflect.internal.Types$RefinementTypeRef
 640:            21            504  scala.util.matching.Regex
 641:            21            504  sun.security.x509.AVAKeyword
 642:            31            496  [Lorg.eclipse.jetty.servlet.FilterHolder;
 643:            31            496  [Lorg.eclipse.jetty.servlet.ListenerHolder;
 644:            31            496  org.eclipse.jetty.http.MimeTypes
 645:            31            496  org.eclipse.jetty.server.handler.ContextHandler$ApproveNonExistentDirectoryAliases
 646:             4            480  com.twitter.chill.KryoBase
 647:            15            480  java.util.PriorityQueue
 648:            15            480  java.util.concurrent.ConcurrentSkipListMap$HeadIndex
 649:            10            480  java.util.concurrent.LinkedBlockingQueue
 650:            12            480  org.apache.kafka.common.metrics.MetricConfig
 651:            12            480  org.apache.kafka.common.metrics.Metrics
 652:            10            480  org.apache.spark.memory.TaskMemoryManager
 653:             5            480  org.apache.spark.sql.catalyst.plans.logical.MapElements
 654:            10            480  org.apache.spark.sql.kafka010.CachedKafkaConsumer
 655:            20            480  org.apache.spark.sql.kafka010.KafkaSourceRDDPartition
 656:            20            480  scala.collection.generic.GenTraversableFactory$$anon$1
 657:             3            480  scala.reflect.runtime.JavaMirrors$JavaMirror$$anon$1
 658:             3            480  scala.reflect.runtime.JavaMirrors$JavaMirror$$anon$2
 659:            29            464  org.apache.spark.internal.config.ConfigBuilder$$anonfun$stringConf$1
 660:            29            464  scala.ref.WeakReference
 661:            19            456  [Ljavax.management.MBeanParameterInfo;
 662:             6            456  [Lsun.invoke.util.Wrapper;
 663:            19            456  java.util.Locale$LocaleKey
 664:             3            456  scala.reflect.runtime.JavaMirrors$JavaMirror
 665:            14            448  com.codahale.metrics.LongAdder
 666:             8            448  com.esotericsoftware.kryo.util.ObjectMap
 667:             7            448  java.text.DateFormatSymbols
 668:            28            448  java.util.concurrent.atomic.AtomicReferenceArray
 669:             8            448  javax.management.openmbean.OpenMBeanParameterInfoSupport
 670:             8            448  org.apache.spark.serializer.GenericAvroSerializer
 671:            11            440  org.apache.kafka.clients.consumer.internals.AbstractCoordinator$GroupCoordinatorMetrics
 672:            11            440  org.apache.kafka.clients.consumer.internals.Fetcher$FetchManagerMetrics
 673:             5            440  org.apache.spark.sql.catalyst.plans.logical.DeserializeToObject
 674:             3            432  [Lcom.fasterxml.jackson.core.sym.CharsToNameCanonicalizer$Bucket;
 675:             9            432  com.fasterxml.jackson.databind.introspect.BasicBeanDescription
 676:            18            432  java.io.ObjectStreamClass$ExceptionInfo
 677:            18            432  java.text.DateFormat$Field
 678:            27            432  java.util.HashMap$Values
 679:            18            432  java.util.regex.Pattern$CharProperty$1
 680:             9            432  javassist.CtPrimitiveType
 681:            18            432  org.apache.hadoop.metrics2.lib.MetricsInfoImpl
 682:            27            432  org.apache.spark.OneToOneDependency
 683:             9            432  org.apache.spark.sql.types.DecimalType
 684:            18            432  scala.reflect.NameTransformer$OpCodes
 685:             6            416  [Lio.netty.buffer.PoolThreadCache$MemoryRegionCache;
 686:             4            416  com.codahale.metrics.ThreadLocalRandom
 687:             4            416  com.google.common.collect.MapMakerInternalMap
 688:            13            416  java.lang.StringCoding$StringEncoder
 689:            13            416  java.lang.invoke.SimpleMethodHandle
 690:            13            416  java.util.Collections$SynchronizedMap
 691:            13            416  java.util.UUID
 692:            13            416  sun.management.DiagnosticCommandImpl$Wrapper
 693:            13            416  sun.security.util.DerInputBuffer
 694:            13            416  sun.security.util.DerValue
 695:            17            408  java.time.Duration
 696:            17            408  org.apache.spark.serializer.JavaSerializerInstance
 697:            17            408  scala.reflect.runtime.Settings$BooleanSetting
 698:            10            400  java.lang.invoke.DirectMethodHandle$Accessor
 699:            10            400  org.apache.kafka.clients.ClientRequest
 700:            10            400  org.apache.kafka.common.requests.RequestSend
 701:             5            400  org.apache.spark.sql.catalyst.plans.logical.SerializeFromObject
 702:             7            392  java.io.ObjectInputStream$BlockDataInputStream
 703:             7            392  org.apache.spark.serializer.JavaDeserializationStream$$anon$1
 704:             1            392  org.apache.spark.sql.execution.streaming.StreamExecution$$anon$1
 705:             1            392  scala.reflect.internal.pickling.PickleFormat$
 706:             8            384  com.esotericsoftware.kryo.serializers.UnsafeCacheFields$UnsafeByteField
 707:             8            384  com.esotericsoftware.kryo.serializers.UnsafeCacheFields$UnsafeLongField
 708:            16            384  com.fasterxml.jackson.databind.introspect.MemberKey
 709:            12            384  java.lang.StringCoding$StringDecoder
 710:             1            384  java.lang.ref.Finalizer$FinalizerThread
 711:             6            384  java.text.SimpleDateFormat
 712:             1            384  java.util.TimerThread
 713:             1            384  java.util.logging.LogManager$Cleaner
 714:            16            384  java.util.regex.Pattern$5
 715:            12            384  org.apache.commons.lang3.JavaVersion
 716:            12            384  org.apache.kafka.clients.NetworkClient$DefaultMetadataUpdater
 717:             1            384  org.apache.kafka.common.utils.KafkaThread
 718:             1            384  org.apache.spark.ContextCleaner$$anon$1
 719:             1            384  org.apache.spark.scheduler.LiveListenerBus$$anon$1
 720:            16            384  org.apache.spark.storage.StorageLevel
 721:             1            384  org.apache.spark.util.EventLoop$$anon$1
 722:            12            384  org.eclipse.jetty.http.HttpHeaderValue
 723:            16            384  sun.misc.URLClassPath$FileLoader
 724:            16            384  sun.nio.ch.OptionKey
 725:            16            384  sun.nio.ch.SocketOptionRegistry$RegistryKey
 726:             1            376  java.lang.ref.Reference$ReferenceHandler
 727:             1            376  org.apache.hadoop.util.ShutdownHookManager$1
 728:            17            368  [Ljavax.management.MBeanNotificationInfo;
 729:             9            360  com.sun.org.apache.xerces.internal.utils.XMLSecurityManager$Limit
 730:            15            360  java.util.concurrent.Executors$DefaultThreadFactory
 731:            15            360  javax.management.StandardMBean
 732:             9            360  org.apache.spark.rpc.netty.Inbox
 733:            15            360  scala.reflect.ManifestFactory$ClassTypeManifest
 734:            11            352  com.fasterxml.jackson.core.JsonParser$Feature
 735:            11            352  com.google.common.collect.ConcurrentHashMultiset
 736:            11            352  io.netty.util.Recycler$DefaultHandle
 737:            22            352  java.lang.ThreadLocal
 738:            11            352  java.util.ArrayList$Itr
 739:            11            352  org.apache.kafka.clients.consumer.ConsumerConfig
 740:            11            352  org.apache.kafka.clients.consumer.internals.ConsumerCoordinator$ConsumerCoordinatorMetrics
 741:            22            352  org.apache.kafka.common.serialization.ByteArrayDeserializer
 742:             4            352  org.apache.spark.sql.execution.ProjectExec
 743:             1            352  org.apache.spark.sql.internal.SQLConf$
 744:             4            352  org.codehaus.janino.IClass$2
 745:            11            352  org.eclipse.jetty.http.HttpMethod
 746:             7            336  [Lscala.Tuple2;
 747:            14            336  com.fasterxml.jackson.databind.PropertyName
 748:             7            336  com.sun.jmx.mbeanserver.DefaultMXBeanMappingFactory$CompositeMapping
 749:             6            336  io.netty.buffer.PooledByteBufAllocator
 750:            14            336  java.lang.invoke.LambdaFormEditor$Transform$Kind
 751:             3            336  java.net.SocksSocketImpl
 752:             6            336  java.nio.DirectLongBufferU
 753:             7            336  java.util.concurrent.locks.ReentrantReadWriteLock$NonfairSync
 754:            14            336  org.apache.spark.sql.catalyst.expressions.codegen.CodeAndComment
 755:             6            336  sun.management.MemoryPoolImpl
 756:            14            336  sun.misc.MetaIndex
 757:            14            336  sun.nio.ch.Util$BufferCache
 758:             7            336  sun.util.locale.provider.LocaleResources$ResourceReference
 759:            16            328  [Ljava.lang.management.PlatformComponent;
 760:            10            320  com.fasterxml.jackson.core.JsonGenerator$Feature
 761:             4            320  com.google.common.cache.LocalCache$Segment
 762:             4            320  io.netty.buffer.PoolChunk
 763:            10            320  java.lang.OutOfMemoryError
 764:            20            320  java.nio.channels.spi.AbstractSelector$1
 765:             8            320  java.text.DigitList
 766:            10            320  org.apache.kafka.clients.consumer.internals.ConsumerNetworkClient$RequestFutureCompletionHandler
 767:            10            320  org.apache.kafka.clients.consumer.internals.Fetcher$PartitionRecords
 768:            10            320  org.apache.kafka.common.requests.FetchRequest
 769:            10            320  org.apache.kafka.common.requests.RequestHeader
 770:            10            320  org.apache.spark.executor.ExecutorSource$$anon$1
 771:             4            320  org.eclipse.jetty.io.SelectorManager$ManagedSelector
 772:             8            320  org.eclipse.jetty.util.ArrayTrie
 773:             5            320  scala.reflect.internal.Types$AliasNoArgsTypeRef
 774:             3            312  io.netty.util.internal.ThreadLocalRandom
 775:            13            312  java.util.regex.Pattern$7
 776:            13            312  org.apache.log4j.Level
 777:             3            312  scala.reflect.runtime.JavaMirrors$JavaMirror$$anon$3
 778:             3            312  scala.reflect.runtime.JavaMirrors$JavaMirror$$anon$4
 779:            13            312  sun.security.util.DerInputStream
 780:             1            304  org.apache.spark.deploy.SparkSubmitArguments
 781:            19            304  org.apache.spark.internal.config.OptionalConfigEntry$$anonfun$$lessinit$greater$1
 782:            19            304  org.apache.spark.internal.config.OptionalConfigEntry$$anonfun$$lessinit$greater$2
 783:             2            296  [Ljava.io.File;
 784:            13            296  [Lsun.management.DiagnosticCommandArgumentInfo;
 785:            12            288  [Lsun.security.x509.AVA;
 786:             3            288  [[Ljava.lang.String;
 787:             4            288  com.fasterxml.jackson.databind.deser.CreatorProperty
 788:             4            288  com.fasterxml.jackson.databind.introspect.POJOPropertiesCollector
 789:             9            288  com.fasterxml.jackson.databind.introspect.POJOPropertyBuilder$Linked
 790:             9            288  com.fasterxml.jackson.module.paranamer.shaded.BytecodeReadingParanamer$Type
 791:            12            288  com.sun.jmx.mbeanserver.StandardMBeanSupport
 792:             9            288  com.thoughtworks.paranamer.BytecodeReadingParanamer$Type
 793:             6            288  java.beans.BeanDescriptor
 794:            18            288  java.lang.Float
 795:            12            288  java.lang.invoke.Invokers
 796:             9            288  java.util.RegularEnumSet
 797:             9            288  java.util.logging.Level
 798:            18            288  java.util.regex.Pattern$CharPropertyNames$4
 799:             9            288  jdk.internal.org.objectweb.asm.Type
 800:            12            288  org.apache.kafka.clients.ClusterConnectionStates
 801:            12            288  org.apache.kafka.clients.InFlightRequests
 802:            12            288  org.apache.kafka.common.metrics.JmxReporter
 803:            12            288  org.apache.kafka.common.network.PlaintextChannelBuilder
 804:            12            288  org.apache.kafka.common.network.Selector$SelectorMetrics$1
 805:             4            288  org.apache.spark.network.util.TransportConf
 806:             9            288  org.apache.spark.rpc.netty.Dispatcher$EndpointData
 807:            12            288  org.apache.spark.sql.catalyst.analysis.FunctionRegistry$$anonfun$10
 808:             3            288  org.apache.spark.sql.catalyst.expressions.codegen.CodegenContext
 809:             9            288  org.apache.xbean.asm5.Type
 810:            12            288  scala.concurrent.duration.FiniteDuration
 811:             6            288  sun.misc.URLClassPath
 812:             3            288  sun.nio.ch.ServerSocketChannelImpl
 813:            12            288  sun.reflect.NativeMethodAccessorImpl
 814:            12            288  sun.security.x509.AVA
 815:            12            288  sun.security.x509.RDN
 816:             5            280  com.codahale.metrics.ExponentiallyDecayingReservoir
 817:             5            280  com.fasterxml.jackson.databind.cfg.BaseSettings
 818:             7            280  java.lang.ClassLoader$NativeLibrary
 819:             7            272  [Ljava.lang.annotation.ElementType;
 820:            17            272  net.jpountz.lz4.LZ4HCJNICompressor
 821:             1            272  scala.reflect.internal.ReificationSupport$ReificationSupportImpl
 822:             6            264  [Ljava.beans.PropertyDescriptor;
 823:             9            264  [Ljava.lang.Boolean;
 824:            11            264  com.fasterxml.jackson.databind.type.ClassKey
 825:            11            264  com.google.common.collect.RegularImmutableMap$TerminalEntry
 826:            11            264  java.net.StandardSocketOptions$StdSocketOption
 827:            11            264  org.apache.kafka.clients.consumer.internals.AbstractCoordinator$GroupCoordinatorMetrics$1
 828:            11            264  org.apache.kafka.clients.consumer.internals.AbstractCoordinator$HeartbeatTask
 829:            11            264  org.apache.kafka.clients.consumer.internals.ConsumerCoordinator$ConsumerCoordinatorMetrics$1
 830:            11            264  org.apache.spark.network.protocol.Message$Type
 831:            11            264  org.apache.spark.rpc.RpcTimeout
 832:            11            264  org.apache.spark.sql.execution.RDDScanExec$$anonfun$doExecute$2
 833:            11            264  org.apache.spark.sql.execution.WholeStageCodegenExec$$anonfun$8
 834:            11            264  org.apache.spark.sql.types.Metadata
 835:            11            264  org.apache.spark.util.SizeEstimator$ClassInfo
 836:            16            256  com.esotericsoftware.kryo.serializers.JavaSerializer
 837:             4            256  com.esotericsoftware.kryo.util.IntMap
 838:             8            256  javax.management.MBeanNotificationInfo
 839:             8            256  org.apache.spark.rdd.RDD$$anonfun$mapPartitionsWithIndexInternal$1
 840:             4            256  org.json4s.DefaultFormats$$anon$1
 841:             8            256  scala.reflect.internal.Types$UniqueTypeBounds
 842:             8            256  sun.misc.ProxyGenerator$PrimitiveTypeInfo
 843:            16            256  sun.nio.ch.Util$3
 844:             8            256  sun.security.jca.ProviderConfig
 845:             8            248  [Ljava.lang.invoke.LambdaForm$BasicType;
 846:             1            248  scala.reflect.internal.FlagSets$Flag$
 847:             4            240  [Lcom.google.common.collect.RegularImmutableMap$LinkedEntry;
 848:             6            240  [Ljava.lang.invoke.BoundMethodHandle$SpeciesData;
 849:            14            240  [Ljavax.management.MBeanConstructorInfo;
 850:            10            240  com.fasterxml.jackson.databind.util.LRUMap
 851:            10            240  com.sun.org.apache.xerces.internal.impl.XMLScanner$NameType
 852:             6            240  java.beans.GenericBeanInfo
 853:            10            240  java.lang.annotation.ElementType
 854:            10            240  java.security.CryptoPrimitive
 855:            10            240  java.util.Collections$UnmodifiableCollection$1
 856:             5            240  java.util.concurrent.ConcurrentSkipListMap
 857:            10            240  java.util.concurrent.LinkedBlockingQueue$Node
 858:            10            240  org.apache.kafka.clients.consumer.internals.Fetcher$1
 859:            10            240  org.apache.kafka.common.requests.FetchRequest$PartitionData
 860:            10            240  org.apache.spark.broadcast.TorrentBroadcast$$anonfun$org$apache$spark$broadcast$TorrentBroadcast$$releaseLock$1
 861:             1            240  org.apache.spark.sql.execution.streaming.StreamExecution
 862:            10            240  org.apache.spark.sql.kafka010.CachedKafkaConsumer$CacheKey
 863:            10            240  scala.collection.immutable.Set$Set2
 864:            15            240  scala.reflect.api.PredefTypeCreator
 865:            15            240  scala.reflect.runtime.HasJavaClass
 866:             6            240  sun.management.MemoryPoolImpl$CollectionSensor
 867:             6            240  sun.management.MemoryPoolImpl$PoolSensor
 868:             6            240  sun.reflect.UnsafeQualifiedStaticLongFieldAccessorImpl
 869:             2            224  [Lcom.fasterxml.jackson.databind.DeserializationFeature;
 870:             2            224  [Lcom.fasterxml.jackson.databind.SerializationFeature;
 871:             4            224  com.esotericsoftware.kryo.util.DefaultClassResolver
 872:             4            224  com.esotericsoftware.kryo.util.IdentityObjectIntMap
 873:             4            224  com.fasterxml.jackson.core.sym.CharsToNameCanonicalizer
 874:             7            224  io.netty.buffer.EmptyByteBuf
 875:             7            224  java.io.DataInputStream
 876:             7            224  java.io.ObjectInputStream$HandleTable
 877:             7            224  java.lang.StackTraceElement
 878:             7            224  java.lang.invoke.BoundMethodHandle$Species_L
 879:             7            224  java.util.Stack
 880:             7            224  java.util.concurrent.ScheduledThreadPoolExecutor$DelayedWorkQueue
 881:             4            224  org.apache.hadoop.metrics2.util.SampleStat
 882:             4            224  org.apache.spark.sql.catalyst.expressions.Cast
 883:             7            224  org.apache.spark.sql.catalyst.rules.RuleExecutor$Batch
 884:             4            224  org.apache.spark.sql.execution.QueryExecution
 885:             7            224  org.apache.spark.sql.execution.streaming.ForeachSink$$anonfun$addBatch$1
 886:             4            224  org.json4s.reflect.ScalaType
 887:             5            216  [Lio.netty.util.concurrent.SingleThreadEventExecutor;
 888:             8            216  [Lorg.codehaus.janino.IClass$IConstructor;
 889:             9            216  com.fasterxml.jackson.annotation.JsonFormat$Shape
 890:             3            216  com.fasterxml.jackson.core.sym.BytesToNameCanonicalizer
 891:             3            216  com.fasterxml.jackson.databind.SerializationConfig
 892:             3            216  com.fasterxml.jackson.databind.deser.DefaultDeserializationContext$Impl
 893:             3            216  com.fasterxml.jackson.databind.ser.DefaultSerializerProvider$Impl
 894:             3            216  io.netty.channel.DefaultChannelPipeline$HeadContext
 895:             3            216  io.netty.channel.DefaultChannelPipeline$TailContext
 896:             9            216  java.util.Date
 897:             3            216  java.util.concurrent.ScheduledThreadPoolExecutor$ScheduledFutureTask
 898:             9            216  java.util.logging.Level$KnownLevel
 899:             9            216  org.apache.kafka.common.config.ConfigDef$Type
 900:             9            216  org.apache.spark.rpc.RpcEndpointAddress
 901:             1            216  org.apache.spark.scheduler.TaskSetManager
 902:             3            216  org.apache.spark.util.ParentClassLoader
 903:             3            216  org.codehaus.janino.ByteArrayClassLoader
 904:             9            216  scala.Tuple3
 905:             3            216  scala.reflect.internal.Types$AbstractArgsTypeRef
 906:             9            216  scala.xml.NodeBuffer
 907:             9            216  sun.util.logging.PlatformLogger$Level
 908:             6            208  [F
 909:             7            208  [Ljava.lang.invoke.LambdaForm$NamedFunction;
 910:             2            208  io.netty.channel.socket.nio.NioServerSocketChannel
 911:            13            208  org.apache.kafka.common.utils.SystemTime
 912:             1            208  org.codehaus.janino.ClassLoaderIClassLoader
 913:            13            208  scala.reflect.runtime.TwoWayCaches$TwoWayCache$SomeRef$
 914:             9            200  [Ljava.lang.StackTraceElement;
 915:             2            200  [Ljava.text.DateFormat$Field;
 916:             5            200  com.fasterxml.jackson.core.Version
 917:             5            200  com.fasterxml.jackson.databind.type.CollectionLikeType
 918:             5            200  java.lang.invoke.BoundMethodHandle$SpeciesData
 919:             1            200  org.apache.spark.internal.config.package$
 920:             2            192  [Lcom.fasterxml.jackson.databind.MapperFeature;
 921:             2            192  [Lorg.apache.kafka.common.protocol.ApiKeys;
 922:             2            192  [[Lorg.apache.kafka.common.protocol.types.Schema;
 923:             4            192  com.esotericsoftware.kryo.io.Input
 924:             3            192  com.fasterxml.jackson.core.sym.ByteQuadsCanonicalizer
 925:             3            192  com.fasterxml.jackson.databind.DeserializationConfig
 926:             3            192  com.fasterxml.jackson.databind.ObjectMapper
 927:             3            192  com.fasterxml.jackson.databind.deser.impl.FieldProperty
 928:             6            192  com.fasterxml.jackson.databind.introspect.AnnotatedField
 929:             6            192  com.fasterxml.jackson.databind.introspect.AnnotatedParameter
 930:             6            192  io.netty.buffer.PoolThreadCache$NormalMemoryRegionCache
 931:            12            192  java.lang.Boolean
 932:             6            192  java.lang.invoke.LambdaForm$BasicType
 933:             8            192  java.lang.invoke.MethodHandleImpl$Intrinsic
 934:             8            192  java.lang.management.ManagementPermission
 935:             8            192  java.math.RoundingMode
 936:             6            192  java.security.MessageDigest$Delegate
 937:             8            192  java.util.Collections$SetFromMap
 938:             8            192  java.util.concurrent.locks.ReentrantReadWriteLock
 939:             3            192  javassist.CtClassType
 940:             8            192  jdk.net.SocketFlow$Status
 941:             8            192  org.apache.hadoop.fs.permission.FsAction
 942:             8            192  org.apache.hadoop.metrics2.impl.MsInfo
 943:             6            192  org.apache.hadoop.metrics2.util.SampleStat$MinMax
 944:             6            192  org.apache.hadoop.security.UserGroupInformation$AuthenticationMethod
 945:            12            192  org.apache.kafka.common.metrics.Metrics$2
 946:            12            192  org.apache.kafka.common.security.auth.DefaultPrincipalBuilder
 947:            12            192  org.apache.kafka.common.utils.AppInfoParser$AppInfo
 948:             3            192  org.apache.spark.SSLOptions
 949:             6            192  org.apache.spark.SparkConf
 950:            12            192  org.apache.spark.io.LZ4CompressionCodec
 951:             8            192  org.apache.spark.launcher.SparkAppHandle$State
 952:             6            192  org.apache.spark.network.util.ByteUnit
 953:             4            192  org.apache.spark.sql.Dataset
 954:             4            192  org.apache.spark.sql.catalyst.expressions.objects.CreateExternalRow
 955:             2            192  org.apache.spark.sql.execution.DeserializeToObjectExec
 956:             2            192  org.apache.spark.sql.execution.MapElementsExec
 957:            12            192  org.apache.spark.ui.JettyUtils$$anonfun$htmlResponderToServlet$1
 958:            12            192  org.apache.spark.ui.JettyUtils$$anonfun$jsonResponderToServlet$1
 959:            12            192  org.apache.spark.ui.WebUI$$anonfun$2
 960:            12            192  org.apache.spark.ui.WebUI$$anonfun$3
 961:             8            192  org.apache.spark.util.CallSite
 962:             8            192  scala.collection.immutable.Set$Set3
 963:             6            192  scala.reflect.internal.Types$JavaMethodType
 964:            12            192  sun.nio.ch.IOVecWrapper$Deallocator
 965:             3            192  sun.security.provider.NativePRNG$RandomIO
 966:             2            192  sun.security.provider.Sun
 967:             2            176  com.fasterxml.jackson.databind.ser.BeanPropertyWriter
 968:             2            176  io.netty.buffer.PooledUnsafeDirectByteBuf
 969:            11            176  java.text.NumberFormat$Field
 970:             2            176  java.util.jar.JarVerifier
 971:            11            176  org.apache.kafka.clients.consumer.RangeAssignor
 972:            11            176  org.apache.kafka.clients.consumer.internals.ConsumerCoordinator$1
 973:            11            176  org.apache.kafka.clients.consumer.internals.ConsumerCoordinator$DefaultOffsetCommitCallback
 974:            11            176  org.apache.kafka.clients.consumer.internals.ConsumerCoordinator$MetadataSnapshot
 975:            11            176  org.apache.kafka.clients.consumer.internals.DelayedTaskQueue
 976:            11            176  org.apache.spark.rdd.RDD$$anonfun$map$1$$anonfun$apply$5
 977:            11            176  org.apache.spark.rdd.RDD$$anonfun$mapPartitionsWithIndex$1$$anonfun$apply$26
 978:            11            176  org.apache.spark.sql.catalyst.plans.physical.UnknownPartitioning
 979:             2            176  org.apache.spark.sql.execution.SerializeFromObjectExec
 980:            11            176  org.apache.spark.sql.kafka010.KafkaSource$$anonfun$11
 981:             2            176  org.apache.spark.util.MutableURLClassLoader
 982:             1            168  [Lorg.apache.kafka.common.protocol.Errors;
 983:             1            168  [[Ljava.math.BigInteger;
 984:             3            168  com.fasterxml.jackson.databind.MappingJsonFactory
 985:             7            168  com.google.common.collect.RegularImmutableMap$NonTerminalEntry
 986:             7            168  com.sun.management.VMOption$Origin
 987:             7            168  com.sun.org.apache.xerces.internal.util.FeatureState
 988:             7            168  io.netty.util.Recycler$2
 989:             7            168  java.io.ObjectInputStream$PeekInputStream
 990:             7            168  java.net.NetPermission
 991:             3            168  javax.management.openmbean.OpenMBeanOperationInfoSupport
 992:             1            168  org.apache.spark.SparkContext
 993:             7            168  org.apache.spark.serializer.JavaDeserializationStream
 994:             7            168  org.apache.spark.sql.execution.streaming.ForeachSink
 995:             1            168  org.apache.spark.sql.internal.SessionState$$anon$1
 996:             7            168  org.apache.spark.util.ByteBufferInputStream
 997:             4            160  com.fasterxml.jackson.core.Base64Variant
 998:             5            160  com.fasterxml.jackson.databind.ser.SerializerCache$TypeKey
 999:             5            160  com.fasterxml.jackson.databind.ser.impl.ReadOnlyClassToSerializerMap$Bucket
1000:             2            160  io.netty.buffer.PooledUnsafeHeapByteBuf
1001:             5            160  io.netty.channel.nio.NioEventLoopGroup
1002:             5            160  java.nio.channels.ClosedChannelException
1003:            10            160  java.util.Formatter$Flags
1004:             5            160  java.util.regex.Pattern$3
1005:             5            160  java.util.regex.Pattern$BnM
1006:             5            160  javax.management.StandardEmitterMBean
1007:             4            160  org.apache.hadoop.conf.Configuration
1008:             5            160  org.apache.hadoop.security.SaslRpcServer$AuthMethod
1009:             5            160  org.apache.hadoop.util.DataChecksum$Type
1010:             5            160  org.apache.kafka.common.protocol.SecurityProtocol
1011:            10            160  org.apache.spark.TaskContext$$anon$1
1012:             4            160  org.eclipse.jetty.http.HttpVersion
1013:             1            160  org.eclipse.jetty.server.ServerConnector
1014:             2            160  org.eclipse.jetty.servlet.DefaultServlet
1015:             5            160  sun.reflect.UnsafeObjectFieldAccessorImpl
1016:             5            160  sun.util.locale.provider.LocaleProviderAdapter$Type
1017:             6            152  [Lorg.apache.spark.sql.catalyst.rules.Rule;
1018:             2            144  [Ljava.math.BigDecimal;
1019:             1            144  [Lorg.eclipse.jetty.server.Handler;
1020:             3            144  com.codahale.metrics.EWMA
1021:             6            144  com.codahale.metrics.MetricRegistry
1022:             6            144  com.fasterxml.jackson.annotation.JsonAutoDetect$Visibility
1023:             6            144  com.fasterxml.jackson.annotation.JsonInclude$Include
1024:             6            144  com.fasterxml.jackson.core.JsonParser$NumberType
1025:             3            144  com.fasterxml.jackson.core.sym.BytesToNameCanonicalizer$TableInfo
1026:             3            144  com.fasterxml.jackson.databind.introspect.POJOPropertyBuilder
1027:             3            144  com.google.common.cache.LocalCache$StrongAccessEntry
1028:             6            144  com.sun.org.apache.xerces.internal.util.Status
1029:             2            144  io.netty.buffer.PoolThreadCache
1030:             6            144  io.netty.buffer.PooledByteBufAllocator$PoolThreadLocalCache
1031:             2            144  io.netty.channel.DefaultChannelHandlerContext
1032:             6            144  io.netty.channel.VoidChannelPromise
1033:             2            144  io.netty.channel.socket.nio.NioServerSocketChannel$NioServerSocketChannelConfig
1034:             6            144  io.netty.handler.timeout.IdleStateEvent
1035:             6            144  io.netty.util.internal.UnsafeAtomicIntegerFieldUpdater
1036:             6            144  java.lang.StringBuilder
1037:             9            144  java.util.concurrent.ConcurrentHashMap$EntrySetView
1038:             6            144  java.util.regex.Pattern$CharPropertyNames$2
1039:             6            144  java.util.regex.Pattern$SingleI
1040:             6            144  javax.security.auth.login.AppConfigurationEntry
1041:             2            144  org.apache.hadoop.metrics2.lib.MutableRate
1042:             3            144  org.apache.spark.network.client.TransportClientFactory
1043:             6            144  org.eclipse.jetty.http.pathmap.PathSpecGroup
1044:             2            144  org.eclipse.jetty.util.resource.JarFileResource
1045:             6            144  org.json4s.ThreadLocal
1046:             6            144  scala.reflect.internal.StdNames$KeywordSetBuilder
1047:             6            144  scala.reflect.internal.Types$ExistentialType
1048:             6            144  scala.reflect.internal.Types$UniqueConstantType
1049:             6            144  sun.misc.PerfCounter
1050:             3            144  sun.nio.cs.StreamEncoder
1051:             6            144  sun.security.util.DisabledAlgorithmConstraints$KeySizeConstraint$Operator
1052:             1            136  [Ljava.time.temporal.ChronoField;
1053:             1            136  org.apache.spark.scheduler.TaskSchedulerImpl
1054:             4            128  [Lcom.google.common.collect.MapMakerInternalMap$EntryFactory;
1055:             4            128  [Lcom.google.common.collect.MapMakerInternalMap$Segment;
1056:             6            128  [Ljava.security.CodeSigner;
1057:             4            128  com.fasterxml.jackson.core.io.SerializedString
1058:             8            128  com.github.scrapcodes.kafka.SparkSQLKafkaConsumer$$anonfun$1
1059:             1            128  com.google.common.cache.LocalCache
1060:             4            128  com.google.common.hash.MessageDigestHashFunction
1061:             4            128  com.sun.jmx.mbeanserver.DefaultMXBeanMappingFactory$ArrayMapping
1062:             4            128  com.twitter.chill.EnumerationSerializer
1063:             2            128  io.netty.channel.ChannelOutboundBuffer
1064:             2            128  io.netty.channel.ChannelOutboundBuffer$Entry
1065:             2            128  java.io.ExpiringCache$1
1066:             4            128  java.lang.UNIXProcess$Platform
1067:             4            128  java.lang.invoke.DirectMethodHandle$Special
1068:             2            128  java.security.SecureRandom
1069:             4            128  java.util.concurrent.SynchronousQueue
1070:             8            128  java.util.concurrent.locks.ReentrantReadWriteLock$ReadLock
1071:             8            128  java.util.concurrent.locks.ReentrantReadWriteLock$Sync$ThreadLocalHoldCounter
1072:             8            128  java.util.concurrent.locks.ReentrantReadWriteLock$WriteLock
1073:             8            128  java.util.regex.Pattern$CharPropertyNames$3
1074:             4            128  net.jpountz.util.Native$OS
1075:             4            128  org.apache.hadoop.fs.permission.FsPermission
1076:             2            128  org.apache.hadoop.metrics2.lib.Interns$CacheWith2Keys$1
1077:             4            128  org.apache.kafka.common.record.CompressionType
1078:             4            128  org.apache.log4j.helpers.PatternParser$LiteralPatternConverter
1079:             8            128  org.apache.spark.MapOutputTrackerMaster$MessageLoop
1080:             8            128  org.apache.spark.SparkContext$$anonfun$runJob$5
1081:             8            128  org.apache.spark.rdd.RDD$$anonfun$foreachPartition$1$$anonfun$apply$29
1082:             8            128  org.apache.spark.rdd.RDD$$anonfun$mapPartitionsWithIndexInternal$1$$anonfun$apply$24
1083:             2            128  org.apache.spark.serializer.KryoSerializer
1084:             4            128  org.apache.spark.serializer.KryoSerializerInstance
1085:             1            128  org.apache.spark.storage.BlockManager
1086:             1            128  org.apache.spark.ui.jobs.JobProgressListener
1087:             4            128  org.eclipse.jetty.http.HttpScheme
1088:             4            128  scala.collection.immutable.Set$Set4
1089:             4            128  scala.reflect.internal.Definitions$DefinitionsClass$VarArityClass
1090:             4            128  scala.reflect.internal.transform.Transforms$Lazy
1091:             4            128  sun.reflect.UnsafeQualifiedObjectFieldAccessorImpl
1092:             4            120  [Lcom.fasterxml.jackson.databind.deser.Deserializers;
1093:             5            120  com.codahale.metrics.Histogram
1094:             3            120  com.fasterxml.jackson.core.sym.ByteQuadsCanonicalizer$TableInfo
1095:             3            120  com.fasterxml.jackson.module.scala.introspect.PropertyDescriptor
1096:             5            120  com.github.scrapcodes.kafka.KafkaWriter
1097:             5            120  com.sun.org.apache.xerces.internal.util.PropertyState
1098:             5            120  com.sun.org.apache.xerces.internal.utils.XMLSecurityManager$State
1099:             5            120  com.sun.org.apache.xerces.internal.utils.XMLSecurityPropertyManager$State
1100:             3            120  io.netty.channel.AbstractChannel$CloseFuture
1101:             3            120  io.netty.channel.DefaultChannelPipeline
1102:             3            120  java.lang.invoke.BoundMethodHandle$Species_LL
1103:             5            120  java.math.MathContext
1104:             5            120  org.apache.spark.SparkConf$DeprecatedConfig
1105:             3            120  org.apache.spark.internal.config.FallbackConfigEntry
1106:             5            120  org.apache.spark.internal.config.TypedConfigBuilder
1107:             1            120  org.apache.spark.scheduler.DAGScheduler
1108:             1            120  org.apache.spark.sql.catalyst.util.DateTimeUtils$
1109:             3            120  org.apache.spark.sql.kafka010.KafkaSourceRDD$$anon$1
1110:             1            120  org.apache.spark.ui.SparkUI
1111:             3            120  org.eclipse.jetty.http.HttpGenerator$ResponseInfo
1112:             5            120  org.eclipse.jetty.io.SelectorManager$State
1113:             3            120  org.json4s.reflect.ConstructorParamDescriptor
1114:             5            120  scala.collection.convert.Wrappers$JConcurrentMapWrapper
1115:             1            120  scala.package$
1116:             1            120  scala.reflect.internal.StdNames$$anon$1
1117:             3            120  scala.reflect.internal.Trees$Apply
1118:             5            120  scala.reflect.runtime.ThreadLocalStorage$MyThreadLocalStorage
1119:             5            120  sun.misc.FloatingDecimal$PreparedASCIIToBinaryBuffer
1120:             5            120  sun.security.jca.ServiceId
1121:             4            112  [Lcom.fasterxml.jackson.databind.ser.Serializers;
1122:             2            112  [Ljava.lang.invoke.MethodType;
1123:             2            112  [Ljava.security.CryptoPrimitive;
1124:             1            112  [Ljava.time.LocalTime;
1125:             2            112  io.netty.bootstrap.ServerBootstrap
1126:             1            112  io.netty.channel.socket.nio.NioSocketChannel
1127:             2            112  io.netty.util.ResourceLeakDetector$DefaultResourceLeak
1128:             7            112  java.io.ObjectInputStream$ValidationList
1129:             1            112  org.apache.hadoop.metrics2.impl.MetricsSystemImpl
1130:             7            112  org.apache.spark.internal.config.ConfigBuilder$$anonfun$longConf$1
1131:             2            112  org.apache.spark.memory.StorageMemoryPool
1132:             1            112  org.apache.spark.ui.exec.ExecutorTaskSummary
1133:             1            112  scala.reflect.internal.Definitions$DefinitionsClass$NothingClass$
1134:             1            112  scala.reflect.internal.Definitions$DefinitionsClass$NullClass$
1135:             7            112  scala.xml.Atom
1136:             2            112  sun.security.provider.MD5
1137:             2            112  sun.security.provider.SHA
1138:             1            104  org.apache.spark.MapOutputTrackerMaster
1139:             1            104  org.apache.spark.executor.Executor
1140:             1            104  org.apache.spark.sql.execution.LogicalRDD
1141:             1            104  org.apache.spark.sql.execution.streaming.IncrementalExecution
1142:             1            104  org.eclipse.jetty.util.thread.QueuedThreadPool
1143:             3             96  [Lcom.fasterxml.jackson.databind.deser.SettableBeanProperty;
1144:             2             96  [Lcom.fasterxml.jackson.databind.ser.impl.ReadOnlyClassToSerializerMap$Bucket;
1145:             2             96  [Lcom.google.common.cache.LocalCache$EntryFactory;
1146:             2             96  [Lcom.sun.management.VMOption$Origin;
1147:             2             96  [Lorg.apache.hadoop.fs.permission.FsAction;
1148:             1             96  [[J
1149:             4             96  com.esotericsoftware.kryo.util.IntArray
1150:             4             96  com.esotericsoftware.kryo.util.MapReferenceResolver
1151:             4             96  com.fasterxml.jackson.annotation.JsonProperty$Access
1152:             4             96  com.fasterxml.jackson.core.JsonFactory$Feature
1153:             3             96  com.fasterxml.jackson.databind.PropertyMetadata
1154:             3             96  com.fasterxml.jackson.databind.cfg.DeserializerFactoryConfig
1155:             4             96  com.fasterxml.jackson.databind.cfg.SerializerFactoryConfig
1156:             4             96  com.fasterxml.jackson.databind.introspect.AnnotationIntrospectorPair
1157:             6             96  com.fasterxml.jackson.module.scala.JacksonModule$$anonfun$$plus$eq$3
1158:             4             96  com.google.common.cache.LocalCache$AccessQueue$1
1159:             4             96  com.google.common.collect.AbstractIterator$State
1160:             3             96  com.sun.jmx.mbeanserver.DefaultMXBeanMappingFactory$EnumMapping
1161:             2             96  com.sun.jmx.mbeanserver.MBeanIntrospector$MBeanInfoMap
1162:             2             96  com.sun.jmx.mbeanserver.MBeanIntrospector$PerInterfaceMap
1163:             3             96  com.sun.org.apache.xerces.internal.utils.XMLSecurityManager$NameMap
1164:             3             96  com.sun.org.apache.xerces.internal.xni.QName
1165:             4             96  com.twitter.chill.ManifestSerializer
1166:             4             96  com.twitter.chill.ObjectSerializer
1167:             4             96  com.twitter.chill.SingletonSerializer
1168:             4             96  com.twitter.chill.java.ArraysAsListSerializer
1169:             4             96  com.twitter.chill.java.PriorityQueueSerializer
1170:             2             96  io.netty.bootstrap.AbstractBootstrap$PendingRegistrationPromise
1171:             4             96  io.netty.util.ResourceLeakDetector$Level
1172:             2             96  java.lang.ThreadGroup
1173:             3             96  java.net.Inet6Address
1174:             3             96  java.net.Inet6Address$Inet6AddressHolder
1175:             4             96  java.text.Normalizer$Form
1176:             6             96  java.util.Hashtable$EntrySet
1177:             6             96  java.util.IdentityHashMap$KeySet
1178:             3             96  java.util.concurrent.CountDownLatch$Sync
1179:             4             96  java.util.concurrent.Executors$RunnableAdapter
1180:             2             96  javax.management.openmbean.TabularType
1181:             4             96  org.apache.hadoop.fs.CreateFlag
1182:             4             96  org.apache.hadoop.metrics2.annotation.Metric$Type
1183:             4             96  org.apache.kafka.clients.consumer.internals.SubscriptionState$SubscriptionType
1184:             1             96  org.apache.kafka.clients.producer.KafkaProducer
1185:             4             96  org.apache.kafka.common.config.ConfigDef$Width
1186:             4             96  org.apache.kafka.common.record.Compressor$MemoizingConstructorSupplier
1187:             3             96  org.apache.kafka.common.record.TimestampType
1188:             4             96  org.apache.kafka.common.utils.AbstractIterator$State
1189:             4             96  org.apache.spark.JobExecutionStatus
1190:             6             96  org.apache.spark.internal.config.ConfigBuilder$$anonfun$timeConf$1
1191:             6             96  org.apache.spark.internal.config.ConfigBuilder$$anonfun$timeConf$2
1192:             4             96  org.apache.spark.internal.config.TypedConfigBuilder$$anonfun$transform$1
1193:             3             96  org.apache.spark.network.TransportContext
1194:             1             96  org.apache.spark.sql.execution.WholeStageCodegenExec
1195:             3             96  org.apache.spark.ui.JettyUtils$$anon$4
1196:             4             96  org.apache.spark.util.SystemClock
1197:             4             96  org.codehaus.janino.ReflectionIClass$ReflectionIField
1198:             4             96  org.eclipse.jetty.server.AbstractConnector$Acceptor
1199:             1             96  org.eclipse.jetty.server.Server
1200:             4             96  org.eclipse.jetty.server.handler.ContextHandler$Availability
1201:             4             96  org.eclipse.jetty.servlet.BaseHolder$Source
1202:             4             96  org.eclipse.jetty.util.ConcurrentArrayQueue
1203:             4             96  org.eclipse.jetty.util.ConcurrentArrayQueue$Block
1204:             4             96  org.eclipse.jetty.util.component.ContainerLifeCycle$Managed
1205:             4             96  org.json4s.Serialization$$anon$1
1206:             3             96  org.json4s.reflect.PropertyDescriptor
1207:             4             96  scala.PartialFunction$OrElse
1208:             1             96  scala.concurrent.duration.Duration$
1209:             4             96  scala.concurrent.impl.ExecutionContextImpl$$anon$1
1210:             4             96  scala.util.DynamicVariable
1211:             4             96  scala.util.DynamicVariable$$anon$1
1212:             2             96  sun.management.GarbageCollectorImpl
1213:             4             96  sun.misc.FormattedFloatingDecimal$Form
1214:             1             96  sun.misc.Launcher$AppClassLoader
1215:             3             96  sun.nio.ch.ServerSocketAdaptor
1216:             3             96  sun.nio.fs.UnixPath
1217:             3             96  sun.reflect.UnsafeLongFieldAccessorImpl
1218:             1             96  sun.security.jca.ProviderList$1
1219:             3             96  sun.security.x509.AlgorithmId
1220:             2             96  sun.security.x509.X500Name
1221:             1             88  [Lnet.jpountz.lz4.LZ4Compressor;
1222:             2             88  [Lorg.eclipse.jetty.http.HttpHeaderValue;
1223:             1             88  [Lorg.eclipse.jetty.http.MimeTypes$Type;
1224:             1             88  [Lsun.security.util.ObjectIdentifier;
1225:             1             88  [[Ljava.lang.Byte;
1226:             1             88  com.fasterxml.jackson.module.scala.ser.OptionPropertyWriter
1227:             1             88  org.apache.spark.SecurityManager
1228:             1             88  org.apache.spark.SparkEnv
1229:             1             88  org.apache.spark.rpc.netty.NettyRpcEnv
1230:             1             88  org.apache.spark.scheduler.ResultStage
1231:             1             88  org.apache.spark.sql.execution.InputAdapter
1232:             1             88  org.apache.spark.sql.execution.streaming.StreamingRelation
1233:             1             88  org.apache.spark.sql.internal.NonClosableMutableURLClassLoader
1234:             1             88  org.apache.spark.sql.kafka010.KafkaSource
1235:             1             88  org.apache.spark.util.Utils$
1236:             1             88  org.eclipse.jetty.server.ServerConnector$ServerConnectorManager
1237:             1             88  org.eclipse.jetty.server.handler.ContextHandlerCollection
1238:             1             88  org.json4s.reflect.ScalaType$
1239:             1             88  scala.collection.convert.Wrappers$
1240:             1             88  scala.math.BigDecimal$RoundingMode$
1241:             1             88  scala.reflect.ClassTag$
1242:             1             88  scala.reflect.ManifestFactory$
1243:             1             88  scala.reflect.runtime.Settings
1244:             1             88  sun.misc.Launcher$ExtClassLoader
1245:             2             80  [Lcom.fasterxml.jackson.annotation.JsonAutoDetect$Visibility;
1246:             2             80  [Lcom.fasterxml.jackson.annotation.JsonInclude$Include;
1247:             1             80  [Ljava.time.temporal.ChronoUnit;
1248:             4             80  [Ljava.util.Map$Entry;
1249:             3             80  [Ljavax.security.auth.login.AppConfigurationEntry;
1250:             2             80  [Lorg.apache.hadoop.security.UserGroupInformation$AuthenticationMethod;
1251:             2             80  [Lorg.apache.kafka.common.protocol.SecurityProtocol;
1252:             2             80  [Lsun.security.x509.RDN;
1253:             5             80  com.codahale.metrics.Counter
1254:             1             80  com.fasterxml.jackson.databind.deser.BeanDeserializer
1255:             2             80  com.fasterxml.jackson.databind.type.TypeFactory
1256:             2             80  com.google.common.collect.RegularImmutableMap
1257:             2             80  com.sun.jmx.mbeanserver.DefaultMXBeanMappingFactory$TabularMapping
1258:             5             80  com.sun.proxy.$Proxy0
1259:             5             80  com.sun.proxy.$Proxy12
1260:             5             80  com.sun.proxy.$Proxy13
1261:             2             80  io.netty.channel.nio.AbstractNioMessageChannel$NioMessageUnsafe
1262:             2             80  io.netty.util.Recycler$WeakOrderQueue
1263:             2             80  io.netty.util.Signal
1264:             5             80  io.netty.util.concurrent.MultithreadEventExecutorGroup$1
1265:             5             80  io.netty.util.concurrent.MultithreadEventExecutorGroup$PowerOfTwoEventExecutorChooser
1266:             2             80  java.io.BufferedWriter
1267:             2             80  java.io.ExpiringCache
1268:             2             80  java.lang.invoke.MethodHandleImpl$AsVarargsCollector
1269:             2             80  java.util.Locale$Category
1270:             2             80  java.util.PropertyResourceBundle
1271:             2             80  org.apache.hadoop.fs.FileSystem$Statistics
1272:             5             80  org.apache.hadoop.fs.Path
1273:             2             80  org.apache.hadoop.fs.RawLocalFileSystem
1274:             2             80  org.apache.hadoop.security.authentication.util.KerberosName$Rule
1275:             1             80  org.apache.spark.HeartbeatReceiver
1276:             1             80  org.apache.spark.InternalAccumulator$
1277:             1             80  org.apache.spark.TaskState$
1278:             1             80  org.apache.spark.deploy.SparkSubmit$
1279:             2             80  org.apache.spark.memory.ExecutionMemoryPool
1280:             1             80  org.apache.spark.memory.UnifiedMemoryManager
1281:             2             80  org.apache.spark.network.server.TransportServer
1282:             1             80  org.apache.spark.sql.catalyst.plans.logical.OneRowRelation$
1283:             1             80  org.apache.spark.sql.execution.streaming.StreamingExecutionRelation
1284:             1             80  org.apache.spark.ui.jobs.UIData$ShuffleReadMetricsUIData
1285:             1             80  org.apache.spark.util.SizeEstimator$
1286:             1             80  org.eclipse.jetty.server.HttpConnectionFactory
1287:             1             80  org.eclipse.jetty.server.handler.ErrorHandler
1288:             5             80  org.json4s.DefaultFormats$$anon$4
1289:             5             80  org.json4s.DefaultFormats$$anonfun$6
1290:             2             80  org.json4s.reflect.ClassDescriptor
1291:             5             80  org.json4s.reflect.package$Memo
1292:             2             80  org.slf4j.bridge.SLF4JBridgeHandler
1293:             5             80  scala.Symbol
1294:             2             80  scala.io.Codec
1295:             1             80  scala.reflect.api.TypeTags$TypeTag$
1296:             1             80  scala.reflect.api.TypeTags$WeakTypeTag$
1297:             2             80  scala.reflect.internal.Trees$Modifiers
1298:             2             80  scala.reflect.internal.Types$TypeVar$$anon$4
1299:             2             80  scala.reflect.internal.pickling.UnPickler$Scan$LazyTypeRefAndAlias
1300:             2             80  scala.reflect.internal.tpe.TypeConstraints$TypeConstraint
1301:             2             80  scala.reflect.internal.tpe.TypeMaps$SubstTypeMap
1302:             1             80  scala.reflect.runtime.SynchronizedSymbols$$anon$16
1303:             2             80  sun.management.MemoryManagerImpl
1304:             1             80  sun.reflect.misc.MethodUtil
1305:             1             80  sun.security.x509.X509CertImpl
1306:             1             72  [Lcom.fasterxml.jackson.core.JsonToken;
1307:             1             72  [Ljava.lang.invoke.LambdaFormEditor$Transform$Kind;
1308:             3             72  [Ljava.net.InetAddress;
1309:             1             72  [Ljavax.management.openmbean.OpenType;
1310:             1             72  [Ljavax.management.openmbean.SimpleType;
1311:             1             72  com.fasterxml.jackson.core.util.InternCache
1312:             3             72  com.fasterxml.jackson.databind.deser.DeserializerCache
1313:             3             72  com.fasterxml.jackson.databind.introspect.SimpleMixInResolver
1314:             3             72  com.fasterxml.jackson.databind.ser.SerializerCache
1315:             3             72  com.fasterxml.jackson.databind.ser.std.NumberSerializer
1316:             3             72  com.fasterxml.jackson.module.scala.introspect.ConstructorParameter
1317:             3             72  io.netty.buffer.PoolArena$SizeClass
1318:             3             72  io.netty.channel.SucceededChannelFuture
1319:             1             72  io.netty.channel.socket.nio.NioSocketChannel$NioSocketChannelConfig
1320:             3             72  io.netty.handler.timeout.IdleState
1321:             1             72  io.netty.util.ResourceLeakDetector
1322:             3             72  java.io.OutputStreamWriter
1323:             3             72  java.io.SerialCallbackContext
1324:             3             72  java.lang.UNIXProcess$LaunchMechanism
1325:             3             72  java.lang.annotation.RetentionPolicy
1326:             3             72  java.security.SecurityPermission
1327:             3             72  java.time.Instant
1328:             3             72  java.util.Base64$Encoder
1329:             1             72  java.util.ResourceBundle$RBClassLoader
1330:             3             72  java.util.concurrent.ConcurrentHashMap$KeySetView
1331:             1             72  java.util.logging.LogManager$RootLogger
1332:             3             72  javax.security.auth.Subject$SecureSet
1333:             3             72  org.apache.hadoop.io.Text
1334:             3             72  org.apache.kafka.clients.ConnectionState
1335:             3             72  org.apache.kafka.clients.consumer.OffsetResetStrategy
1336:             1             72  org.apache.kafka.clients.producer.internals.RecordAccumulator
1337:             3             72  org.apache.kafka.common.config.ConfigDef$Importance
1338:             1             72  org.apache.spark.executor.DataReadMethod$
1339:             3             72  org.apache.spark.internal.config.TypedConfigBuilder$$anonfun$checkValues$1
1340:             3             72  org.apache.spark.network.protocol.MessageDecoder
1341:             3             72  org.apache.spark.network.protocol.MessageEncoder
1342:             1             72  org.apache.spark.scheduler.LiveListenerBus
1343:             1             72  org.apache.spark.scheduler.TaskLocality$
1344:             3             72  org.apache.spark.sql.catalyst.expressions.EquivalentExpressions
1345:             3             72  org.apache.spark.sql.catalyst.rules.RuleExecutor$FixedPoint
1346:             1             72  org.apache.spark.sql.execution.datasources.DataSource
1347:             1             72  org.apache.spark.sql.internal.SessionState
1348:             3             72  org.apache.spark.util.SparkShutdownHook
1349:             1             72  org.eclipse.jetty.util.thread.ScheduledExecutorScheduler
1350:             1             72  org.json4s.DefaultFormats$
1351:             3             72  scala.collection.IndexedSeqLike$Elements
1352:             3             72  scala.collection.Iterator$$anon$11
1353:             1             72  scala.reflect.ClassManifestFactory$
1354:             3             72  scala.reflect.runtime.JavaMirrors$JavaMirror$$anon$5
1355:             3             72  sun.misc.FloatingDecimal$ExceptionalBinaryToASCIIBuffer
1356:             3             72  sun.misc.JarIndex
1357:             3             72  sun.misc.Signal
1358:             3             72  sun.security.provider.NativePRNG$Variant
1359:             1             72  sun.util.locale.provider.JRELocaleProviderAdapter
1360:             1             64  [Lcom.fasterxml.jackson.core.JsonParser$Feature;
1361:             3             64  [Lcom.fasterxml.jackson.databind.ser.BeanPropertyWriter;
1362:             2             64  [Lio.netty.util.ResourceLeakDetector$Level;
1363:             2             64  [Ljava.lang.UNIXProcess$LaunchMechanism;
1364:             2             64  [Ljava.lang.annotation.RetentionPolicy;
1365:             1             64  [Lorg.apache.commons.lang3.JavaVersion;
1366:             2             64  [Lorg.apache.hadoop.fs.CreateFlag;
1367:             2             64  [Lorg.apache.hadoop.metrics2.annotation.Metric$Type;
1368:             2             64  [Lorg.apache.kafka.clients.consumer.OffsetResetStrategy;
1369:             1             64  [Lorg.apache.spark.network.protocol.Message$Type;
1370:             1             64  [Lorg.eclipse.jetty.http.HttpMethod;
1371:             2             64  [Lsun.security.jca.ProviderConfig;
1372:             4             64  com.esotericsoftware.kryo.serializers.DefaultArraySerializers$ByteArraySerializer
1373:             4             64  com.esotericsoftware.kryo.serializers.DefaultArraySerializers$LongArraySerializer
1374:             4             64  com.esotericsoftware.kryo.serializers.DefaultArraySerializers$ShortArraySerializer
1375:             4             64  com.esotericsoftware.kryo.serializers.DefaultSerializers$BooleanSerializer
1376:             4             64  com.esotericsoftware.kryo.serializers.DefaultSerializers$ByteSerializer
1377:             4             64  com.esotericsoftware.kryo.serializers.DefaultSerializers$CharSerializer
1378:             4             64  com.esotericsoftware.kryo.serializers.DefaultSerializers$DoubleSerializer
1379:             4             64  com.esotericsoftware.kryo.serializers.DefaultSerializers$FloatSerializer
1380:             4             64  com.esotericsoftware.kryo.serializers.DefaultSerializers$IntSerializer
1381:             4             64  com.esotericsoftware.kryo.serializers.DefaultSerializers$LongSerializer
1382:             4             64  com.esotericsoftware.kryo.serializers.DefaultSerializers$ShortSerializer
1383:             4             64  com.esotericsoftware.kryo.serializers.DefaultSerializers$StringSerializer
1384:             4             64  com.esotericsoftware.kryo.serializers.DefaultSerializers$VoidSerializer
1385:             4             64  com.esotericsoftware.kryo.util.DefaultStreamFactory
1386:             2             64  com.fasterxml.jackson.core.util.DefaultPrettyPrinter
1387:             1             64  com.fasterxml.jackson.databind.deser.std.StdValueInstantiator
1388:             2             64  com.fasterxml.jackson.databind.introspect.AnnotatedConstructor
1389:             4             64  com.fasterxml.jackson.databind.introspect.BasicClassIntrospector
1390:             4             64  com.fasterxml.jackson.databind.ser.BeanSerializerFactory
1391:             4             64  com.fasterxml.jackson.module.scala.JacksonModule$$anonfun$$plus$eq$1
1392:             4             64  com.fasterxml.jackson.module.scala.JacksonModule$$anonfun$$plus$eq$2
1393:             1             64  com.google.common.cache.CacheStats
1394:             4             64  com.google.common.cache.LocalCache$AccessQueue
1395:             2             64  com.google.common.util.concurrent.MoreExecutors$SameThreadExecutorService
1396:             2             64  com.sun.jmx.mbeanserver.DefaultMXBeanMappingFactory$CollectionMapping
1397:             2             64  com.sun.org.apache.xerces.internal.utils.XMLSecurityPropertyManager$Property
1398:             4             64  com.twitter.chill.AllScalaRegistrar$$anon$2
1399:             4             64  com.twitter.chill.BitSetSerializer
1400:             4             64  com.twitter.chill.ClassManifestSerializer
1401:             4             64  com.twitter.chill.JavaIterableWrapperSerializer
1402:             4             64  com.twitter.chill.LeftSerializer
1403:             4             64  com.twitter.chill.RegexSerializer
1404:             4             64  com.twitter.chill.RightSerializer
1405:             4             64  com.twitter.chill.SomeSerializer
1406:             4             64  com.twitter.chill.SortedMapSerializer
1407:             4             64  com.twitter.chill.SortedSetSerializer
1408:             4             64  com.twitter.chill.Tuple10Serializer
1409:             4             64  com.twitter.chill.Tuple11Serializer
1410:             4             64  com.twitter.chill.Tuple12Serializer
1411:             4             64  com.twitter.chill.Tuple13Serializer
1412:             4             64  com.twitter.chill.Tuple14Serializer
1413:             4             64  com.twitter.chill.Tuple15Serializer
1414:             4             64  com.twitter.chill.Tuple16Serializer
1415:             4             64  com.twitter.chill.Tuple17Serializer
1416:             4             64  com.twitter.chill.Tuple18Serializer
1417:             4             64  com.twitter.chill.Tuple19Serializer
1418:             4             64  com.twitter.chill.Tuple1DoubleSerializer
1419:             4             64  com.twitter.chill.Tuple1IntSerializer
1420:             4             64  com.twitter.chill.Tuple1LongSerializer
1421:             4             64  com.twitter.chill.Tuple1Serializer
1422:             4             64  com.twitter.chill.Tuple20Serializer
1423:             4             64  com.twitter.chill.Tuple21Serializer
1424:             4             64  com.twitter.chill.Tuple22Serializer
1425:             4             64  com.twitter.chill.Tuple2DoubleDoubleSerializer
1426:             4             64  com.twitter.chill.Tuple2DoubleIntSerializer
1427:             4             64  com.twitter.chill.Tuple2DoubleLongSerializer
1428:             4             64  com.twitter.chill.Tuple2IntDoubleSerializer
1429:             4             64  com.twitter.chill.Tuple2IntIntSerializer
1430:             4             64  com.twitter.chill.Tuple2IntLongSerializer
1431:             4             64  com.twitter.chill.Tuple2LongDoubleSerializer
1432:             4             64  com.twitter.chill.Tuple2LongIntSerializer
1433:             4             64  com.twitter.chill.Tuple2LongLongSerializer
1434:             4             64  com.twitter.chill.Tuple2Serializer
1435:             4             64  com.twitter.chill.Tuple3Serializer
1436:             4             64  com.twitter.chill.Tuple4Serializer
1437:             4             64  com.twitter.chill.Tuple5Serializer
1438:             4             64  com.twitter.chill.Tuple6Serializer
1439:             4             64  com.twitter.chill.Tuple7Serializer
1440:             4             64  com.twitter.chill.Tuple8Serializer
1441:             4             64  com.twitter.chill.Tuple9Serializer
1442:             4             64  com.twitter.chill.WrappedArraySerializer
1443:             4             64  com.twitter.chill.java.BitSetSerializer
1444:             4             64  com.twitter.chill.java.InetSocketAddressSerializer
1445:             4             64  com.twitter.chill.java.LocaleSerializer
1446:             4             64  com.twitter.chill.java.RegexSerializer
1447:             4             64  com.twitter.chill.java.SimpleDateFormatSerializer
1448:             4             64  com.twitter.chill.java.SqlDateSerializer
1449:             4             64  com.twitter.chill.java.SqlTimeSerializer
1450:             4             64  com.twitter.chill.java.TimestampSerializer
1451:             4             64  com.twitter.chill.java.URISerializer
1452:             4             64  com.twitter.chill.java.UUIDSerializer
1453:             2             64  io.netty.bootstrap.ServerBootstrap$ServerBootstrapAcceptor
1454:             2             64  io.netty.buffer.PoolThreadCache$MemoryRegionCache$Entry
1455:             2             64  io.netty.handler.codec.CodecOutputList
1456:             2             64  io.netty.util.concurrent.DefaultThreadFactory
1457:             4             64  io.netty.util.internal.__matchers__.org.apache.spark.network.protocol.MessageMatcher
1458:             2             64  java.io.PrintStream
1459:             2             64  java.lang.ClassValue$Entry
1460:             2             64  java.lang.Throwable
1461:             2             64  java.lang.VirtualMachineError
1462:             2             64  java.lang.ref.ReferenceQueue$Null
1463:             4             64  java.util.LinkedHashMap$LinkedKeySet
1464:             2             64  java.util.PropertyPermission
1465:             4             64  java.util.concurrent.SynchronousQueue$TransferStack
1466:             2             64  java.util.concurrent.SynchronousQueue$TransferStack$SNode
1467:             4             64  java.util.concurrent.atomic.AtomicIntegerArray
1468:             2             64  java.util.concurrent.atomic.AtomicReferenceFieldUpdater$AtomicReferenceFieldUpdaterImpl
1469:             2             64  javax.management.MBeanConstructorInfo
1470:             4             64  javax.security.auth.login.AppConfigurationEntry$LoginModuleControlFlag
1471:             2             64  org.apache.kafka.common.errors.GroupCoordinatorNotAvailableException
1472:             1             64  org.apache.log4j.ConsoleAppender
1473:             2             64  org.apache.log4j.helpers.PatternParser$BasicPatternConverter
1474:             1             64  org.apache.spark.SparkContext$
1475:             1             64  org.apache.spark.deploy.SparkSubmitAction$
1476:             1             64  org.apache.spark.network.netty.NettyBlockTransferService
1477:             4             64  org.apache.spark.network.netty.SparkTransportConf$$anon$1
1478:             1             64  org.apache.spark.scheduler.Pool
1479:             1             64  org.apache.spark.scheduler.SchedulingMode$
1480:             4             64  org.apache.spark.sql.catalyst.analysis.ResolveTableValuedFunctions$$anonfun$tvf$1
1481:             4             64  org.apache.spark.sql.catalyst.analysis.ResolveTableValuedFunctions$ArgumentList
1482:             1             64  org.apache.spark.sql.kafka010.CachedKafkaConsumer$$anon$1
1483:             2             64  org.apache.spark.sql.types.Decimal
1484:             1             64  org.apache.spark.sql.types.Decimal$
1485:             1             64  org.apache.spark.storage.BlockManagerInfo
1486:             1             64  org.apache.spark.storage.StorageLevel$
1487:             1             64  org.apache.spark.ui.jobs.StagesTab
1488:             2             64  org.apache.spark.unsafe.types.UTF8String
1489:             4             64  org.codehaus.janino.Access
1490:             2             64  org.eclipse.jetty.util.resource.FileResource
1491:             4             64  org.eclipse.jetty.util.thread.NonBlockingThread
1492:             2             64  org.json4s.reflect.SingletonDescriptor
1493:             4             64  org.objenesis.strategy.StdInstantiatorStrategy
1494:             2             64  scala.Tuple4
1495:             4             64  scala.collection.generic.BitSetFactory$$anon$1
1496:             2             64  scala.collection.immutable.Map$Map2
1497:             2             64  scala.collection.mutable.Map$WithDefault
1498:             4             64  scala.concurrent.ExecutionContext$$anonfun$defaultReporter$1
1499:             4             64  scala.concurrent.impl.ExecutionContextImpl$$anon$3
1500:             2             64  scala.reflect.internal.Flags$MapFlags
1501:             1             64  scala.reflect.runtime.JavaUniverse$treeInfo$
1502:             1             64  scala.xml.MinimizeMode$
1503:             4             64  sun.net.www.protocol.jar.Handler
1504:             2             64  sun.nio.fs.NativeBuffer
1505:             2             64  sun.reflect.generics.repository.ConstructorRepository
1506:             1             64  sun.security.provider.SHA2$SHA256
1507:             1             64  sun.security.provider.SHA5$SHA512
1508:             2             64  sun.security.util.MemoryCache
1509:             2             64  sun.util.locale.provider.LocaleServiceProviderPool
1510:             1             56  [Lcom.fasterxml.jackson.annotation.JsonFormat$Shape;
1511:             1             56  [Lcom.fasterxml.jackson.core.JsonGenerator$Feature;
1512:             1             56  [Lcom.sun.org.apache.xerces.internal.impl.XMLScanner$NameType;
1513:             1             56  [Lcom.sun.org.apache.xerces.internal.utils.XMLSecurityManager$Limit;
1514:             1             56  [Ljava.lang.Runnable;
1515:             1             56  [Ljavassist.CtClass;
1516:             1             56  [Lorg.apache.kafka.common.config.ConfigDef$Type;
1517:             1             56  [Lorg.apache.spark.Partition;
1518:             1             56  [Lorg.apache.spark.scheduler.Task;
1519:             1             56  [Lscala.collection.immutable.List;
1520:             1             56  [Lscala.runtime.BoxedUnit;
1521:             1             56  [Lsun.util.logging.PlatformLogger$Level;
1522:             1             56  [[I
1523:             1             56  com.sun.security.auth.module.UnixLoginModule
1524:             1             56  io.netty.util.concurrent.ScheduledFutureTask
1525:             1             56  java.lang.invoke.LambdaFormEditor$Transform
1526:             1             56  java.net.SocketPermission
1527:             1             56  java.util.concurrent.ConcurrentHashMap$ValueIterator
1528:             1             56  java.util.logging.LogManager
1529:             1             56  javax.security.auth.login.LoginContext
1530:             1             56  org.apache.kafka.clients.producer.internals.BufferPool
1531:             1             56  org.apache.kafka.clients.producer.internals.Sender
1532:             1             56  org.apache.kafka.clients.producer.internals.Sender$SenderMetrics
1533:             1             56  org.apache.spark.ContextCleaner
1534:             1             56  org.apache.spark.metrics.MetricsSystem
1535:             1             56  org.apache.spark.sql.SparkSession
1536:             1             56  org.apache.spark.sql.catalyst.analysis.UnresolvedDeserializer
1537:             1             56  org.apache.spark.sql.execution.SparkOptimizer
1538:             1             56  org.apache.spark.sql.types.DecimalType$
1539:             1             56  org.apache.spark.storage.BlockManagerMasterEndpoint
1540:             1             56  org.apache.spark.storage.memory.MemoryStore
1541:             1             56  org.apache.spark.ui.jobs.JobsTab
1542:             1             56  org.apache.spark.ui.scope.RDDOperationGraphListener
1543:             1             56  org.json4s.package$
1544:             1             56  scala.reflect.NameTransformer$
1545:             1             56  scala.reflect.internal.StdNames$TermNames$raw$
1546:             1             56  sun.security.util.MemoryCache$SoftCacheEntry
1547:             1             56  sun.security.x509.X509CertInfo
1548:             2             48  [Lcom.fasterxml.jackson.databind.deser.KeyDeserializers;
1549:             1             48  [Lcom.sun.beans.util.Cache$CacheEntry;
1550:             1             48  [Ljava.beans.WeakIdentityMap$Entry;
1551:             3             48  [Ljava.lang.annotation.Annotation;
1552:             1             48  [Ljava.lang.invoke.MethodHandleImpl$Intrinsic;
1553:             1             48  [Ljava.math.RoundingMode;
1554:             2             48  [Ljava.util.concurrent.ConcurrentHashMap$CounterCell;
1555:             1             48  [Ljava.util.concurrent.TimeUnit;
1556:             1             48  [Ljdk.net.SocketFlow$Status;
1557:             1             48  [Lorg.apache.hadoop.metrics2.impl.MsInfo;
1558:             1             48  [Lorg.apache.spark.launcher.SparkAppHandle$State;
1559:             2             48  [Lorg.apache.spark.network.util.IOMode;
1560:             1             48  [[Ljava.lang.Object;
1561:             1             48  com.codahale.metrics.Meter
1562:             1             48  com.codahale.metrics.json.MetricsModule$TimerSerializer
1563:             3             48  com.fasterxml.jackson.databind.deser.BeanDeserializerFactory
1564:             3             48  com.fasterxml.jackson.databind.jsontype.impl.StdSubtypeResolver
1565:             1             48  com.fasterxml.jackson.databind.ser.BeanSerializer
1566:             2             48  com.fasterxml.jackson.databind.ser.impl.ReadOnlyClassToSerializerMap
1567:             2             48  com.fasterxml.jackson.databind.ser.std.BooleanSerializer
1568:             3             48  com.fasterxml.jackson.databind.util.RootNameLookup
1569:             1             48  com.fasterxml.jackson.databind.util.StdDateFormat
1570:             1             48  com.fasterxml.jackson.module.paranamer.shaded.BytecodeReadingParanamer$1
1571:             3             48  com.google.common.cache.LocalCache$StrongValueReference
1572:             2             48  com.google.common.hash.ChecksumHashFunction
1573:             2             48  com.sun.jmx.mbeanserver.ClassLoaderRepositorySupport$LoaderEntry
1574:             1             48  com.sun.jmx.mbeanserver.DefaultMXBeanMappingFactory$Mappings
1575:             2             48  com.sun.jmx.mbeanserver.WeakIdentityHashMap
1576:             3             48  com.sun.org.apache.xerces.internal.impl.dv.dtd.ListDatatypeValidator
1577:             3             48  com.sun.proxy.$Proxy11
1578:             3             48  com.sun.proxy.$Proxy16
1579:             3             48  com.sun.proxy.$Proxy5
1580:             1             48  com.thoughtworks.paranamer.BytecodeReadingParanamer$1
1581:             2             48  com.thoughtworks.paranamer.CachingParanamer
1582:             2             48  io.netty.util.ThreadDeathWatcher$Entry
1583:             2             48  io.netty.util.UniqueName
1584:             1             48  io.netty.util.concurrent.GlobalEventExecutor
1585:             2             48  io.netty.util.internal.UnsafeAtomicReferenceFieldUpdater
1586:             2             48  java.io.BufferedOutputStream
1587:             1             48  java.io.BufferedReader
1588:             2             48  java.io.File$PathStatus
1589:             2             48  java.lang.StringBuffer
1590:             1             48  java.lang.invoke.BoundMethodHandle$Species_L4
1591:             2             48  java.lang.invoke.MethodHandles$Lookup
1592:             2             48  java.lang.reflect.ReflectPermission
1593:             2             48  java.net.InetAddress$Cache
1594:             2             48  java.net.InetAddress$Cache$Type
1595:             2             48  java.net.InetAddress$CacheEntry
1596:             2             48  java.net.InterfaceAddress
1597:             1             48  java.net.NetworkInterface
1598:             2             48  java.net.StandardProtocolFamily
1599:             2             48  java.nio.charset.CoderResult
1600:             3             48  java.nio.charset.CodingErrorAction
1601:             2             48  java.security.AllPermissionCollection
1602:             2             48  java.security.CodeSigner
1603:             3             48  java.text.AttributedCharacterIterator$Attribute
1604:             2             48  java.time.LocalDate
1605:             2             48  java.time.LocalDateTime
1606:             3             48  java.util.Base64$Decoder
1607:             3             48  java.util.Collections$UnmodifiableMap$UnmodifiableEntrySet
1608:             3             48  java.util.concurrent.CountDownLatch
1609:             1             48  java.util.concurrent.locks.ReentrantReadWriteLock$FairSync
1610:             2             48  java.util.logging.Logger$LoggerBundle
1611:             2             48  java.util.regex.Pattern$SliceI
1612:             2             48  javassist.ClassPathList
1613:             1             48  javassist.compiler.KeywordTable
1614:             2             48  javax.security.auth.login.LoginContext$ModuleInfo
1615:             1             48  org.apache.hadoop.fs.LocalFileSystem
1616:             2             48  org.apache.hadoop.fs.Options$Rename
1617:             2             48  org.apache.hadoop.http.HttpConfig$Policy
1618:             2             48  org.apache.hadoop.metrics2.lib.MetricsRegistry
1619:             2             48  org.apache.hadoop.util.ShutdownHookManager$HookEntry
1620:             2             48  org.apache.kafka.common.config.ConfigDef
1621:             2             48  org.apache.kafka.common.network.LoginType
1622:             2             48  org.apache.kafka.common.network.Mode
1623:             1             48  org.apache.log4j.Hierarchy
1624:             1             48  org.apache.log4j.helpers.PatternParser
1625:             3             48  org.apache.spark.internal.config.ConfigBuilder$$anonfun$bytesConf$1
1626:             3             48  org.apache.spark.internal.config.ConfigBuilder$$anonfun$bytesConf$2
1627:             2             48  org.apache.spark.internal.config.ConfigReader
1628:             2             48  org.apache.spark.memory.MemoryMode
1629:             1             48  org.apache.spark.metrics.sink.MetricsServlet
1630:             2             48  org.apache.spark.network.server.OneForOneStreamManager
1631:             2             48  org.apache.spark.network.server.TransportServer$1
1632:             2             48  org.apache.spark.network.util.IOMode
1633:             2             48  org.apache.spark.rpc.RpcAddress
1634:             1             48  org.apache.spark.rpc.netty.Dispatcher
1635:             1             48  org.apache.spark.scheduler.ActiveJob
1636:             1             48  org.apache.spark.scheduler.local.LocalEndpoint
1637:             1             48  org.apache.spark.scheduler.local.LocalSchedulerBackend
1638:             2             48  org.apache.spark.serializer.JavaSerializer
1639:             1             48  org.apache.spark.serializer.SerializerManager
1640:             1             48  org.apache.spark.sql.catalyst.catalog.SessionCatalog
1641:             2             48  org.apache.spark.sql.catalyst.expressions.codegen.GenerateUnsafeProjection$$anonfun$4
1642:             2             48  org.apache.spark.sql.catalyst.rules.RuleExecutor$Once$
1643:             2             48  org.apache.spark.sql.catalyst.util.StringKeyHashMap
1644:             1             48  org.apache.spark.sql.execution.streaming.OffsetSeqLog
1645:             1             48  org.apache.spark.sql.execution.ui.SQLListener
1646:             1             48  org.apache.spark.sql.execution.ui.SQLTab
1647:             1             48  org.apache.spark.sql.internal.SharedState
1648:             3             48  org.apache.spark.sql.internal.StaticSQLConf$$anonfun$buildConf$1
1649:             2             48  org.apache.spark.sql.kafka010.KafkaSourceOffset
1650:             1             48  org.apache.spark.ui.exec.ExecutorsTab
1651:             3             48  org.codehaus.janino.Parser$ClassDeclarationContext
1652:             1             48  org.eclipse.jetty.server.HttpConfiguration
1653:             1             48  org.eclipse.jetty.util.BlockingArrayQueue
1654:             2             48  org.json4s.reflect.ConstructorDescriptor
1655:             2             48  org.json4s.reflect.Reflector$$anonfun$defaultValue$2
1656:             2             48  org.json4s.reflect.Reflector$$anonfun$defaultValue$2$$anonfun$apply$5$$anonfun$apply$6
1657:             2             48  org.xerial.snappy.buffer.CachedBufferAllocator
1658:             1             48  scala.Array$
1659:             2             48  scala.Enumeration$ValueSet
1660:             1             48  scala.Predef$
1661:             2             48  scala.collection.convert.Wrappers$JIteratorWrapper
1662:             2             48  scala.collection.immutable.BitSet$BitSet1
1663:             3             48  scala.collection.immutable.List$SerializationProxy
1664:             1             48  scala.collection.immutable.Map$Map4
1665:             1             48  scala.math.BigDecimal$
1666:             2             48  scala.reflect.internal.AnnotationInfos$LiteralAnnotArg
1667:             1             48  scala.reflect.internal.Scopes$EmptyScope$
1668:             2             48  scala.reflect.internal.Trees$LazyTreeCopier
1669:             3             48  scala.reflect.internal.Trees$StrictTreeCopier
1670:             1             48  scala.reflect.internal.Trees$noSelfType$
1671:             3             48  scala.reflect.runtime.JavaMirrors$JavaMirror$$anonfun$2
1672:             3             48  scala.reflect.runtime.JavaMirrors$JavaMirror$$anonfun$3
1673:             3             48  scala.reflect.runtime.JavaMirrors$JavaMirror$$anonfun$4
1674:             3             48  scala.reflect.runtime.JavaMirrors$JavaMirror$$anonfun$5
1675:             3             48  scala.reflect.runtime.JavaMirrors$JavaMirror$$anonfun$6
1676:             2             48  scala.reflect.runtime.JavaMirrors$JavaMirror$TypeParamCompleter
1677:             2             48  scala.reflect.runtime.Settings$IntSetting
1678:             1             48  scala.util.Properties$
1679:             1             48  scala.util.hashing.MurmurHash3$
1680:             2             48  sun.management.ManagementFactoryHelper$1
1681:             2             48  sun.misc.NativeSignalHandler
1682:             1             48  sun.nio.cs.StreamDecoder
1683:             2             48  sun.nio.fs.NativeBuffer$Deallocator
1684:             2             48  sun.reflect.generics.scope.ConstructorScope
1685:             2             48  sun.security.jca.ProviderList
1686:             2             48  sun.security.jca.ProviderList$3
1687:             2             48  sun.security.provider.certpath.X509CertPath
1688:             2             48  sun.security.util.DisabledAlgorithmConstraints
1689:             3             48  sun.text.normalizer.NormalizerBase$QuickCheckResult
1690:             1             40  [Lcom.fasterxml.jackson.core.JsonParser$NumberType;
1691:             2             40  [Lcom.fasterxml.jackson.databind.ser.BeanSerializerModifier;
1692:             1             40  [Lcom.fasterxml.jackson.databind.type.TypeModifier;
1693:             1             40  [Lcom.google.common.collect.MapMaker$RemovalCause;
1694:             2             40  [Lcom.sun.jmx.mbeanserver.ClassLoaderRepositorySupport$LoaderEntry;
1695:             1             40  [Lcom.sun.org.apache.xerces.internal.util.Status;
1696:             1             40  [Lcom.sun.org.apache.xerces.internal.utils.XMLSecurityManager$State;
1697:             1             40  [Lcom.sun.org.apache.xerces.internal.utils.XMLSecurityPropertyManager$State;
1698:             1             40  [Ljava.lang.management.MemoryPoolMXBean;
1699:             1             40  [Lorg.apache.hadoop.security.SaslRpcServer$AuthMethod;
1700:             1             40  [Lorg.apache.hadoop.util.DataChecksum$Type;
1701:             1             40  [Lorg.apache.spark.network.util.ByteUnit;
1702:             1             40  [Lorg.eclipse.jetty.http.pathmap.PathSpecGroup;
1703:             1             40  [Lorg.eclipse.jetty.io.SelectorManager$State;
1704:             1             40  [Lsun.security.jca.ServiceId;
1705:             1             40  [Lsun.security.util.DisabledAlgorithmConstraints$KeySizeConstraint$Operator;
1706:             1             40  [Lsun.util.locale.provider.LocaleProviderAdapter$Type;
1707:             1             40  [[Ljava.lang.invoke.LambdaForm$Name;
1708:             1             40  com.fasterxml.jackson.annotation.JsonFormat$Value
1709:             1             40  com.fasterxml.jackson.databind.deser.impl.BeanPropertyMap
1710:             1             40  com.fasterxml.jackson.databind.type.TypeBindings
1711:             1             40  com.fasterxml.jackson.module.scala.JacksonModule$
1712:             1             40  com.sun.beans.finder.MethodFinder$1
1713:             1             40  com.sun.jmx.interceptor.DefaultMBeanServerInterceptor
1714:             1             40  com.sun.jmx.mbeanserver.JmxMBeanServer
1715:             1             40  com.sun.jmx.mbeanserver.MBeanServerDelegateImpl
1716:             1             40  com.sun.security.auth.module.UnixSystem
1717:             1             40  io.netty.channel.socket.nio.NioSocketChannel$NioSocketChannelUnsafe
1718:             1             40  java.beans.WeakIdentityMap$Entry
1719:             1             40  java.io.BufferedInputStream
1720:             1             40  java.util.ResourceBundle$1
1721:             1             40  java.util.ServiceLoader$LazyIterator
1722:             1             40  java.util.concurrent.LinkedBlockingDeque
1723:             1             40  javassist.ClassPool
1724:             1             40  net.jpountz.lz4.LZ4Factory
1725:             1             40  org.apache.hadoop.fs.FileContext
1726:             1             40  org.apache.hadoop.metrics2.lib.DefaultMetricsSystem
1727:             1             40  org.apache.hadoop.security.User
1728:             1             40  org.apache.kafka.common.errors.GroupAuthorizationException
1729:             1             40  org.apache.kafka.common.errors.RecordTooLargeException
1730:             1             40  org.apache.kafka.common.errors.TopicAuthorizationException
1731:             1             40  org.apache.log4j.helpers.PatternParser$CategoryPatternConverter
1732:             1             40  org.apache.log4j.helpers.PatternParser$DatePatternConverter
1733:             1             40  org.apache.log4j.spi.RootLogger
1734:             1             40  org.apache.spark.InternalAccumulator$shuffleRead$
1735:             1             40  org.apache.spark.broadcast.BroadcastManager
1736:             1             40  org.apache.spark.deploy.SparkHadoopUtil$
1737:             1             40  org.apache.spark.metrics.MetricsConfig
1738:             1             40  org.apache.spark.metrics.source.CodegenMetrics$
1739:             1             40  org.apache.spark.metrics.source.HiveCatalogMetrics$
1740:             1             40  org.apache.spark.network.client.TransportResponseHandler
1741:             1             40  org.apache.spark.package$
1742:             1             40  org.apache.spark.package$SparkBuildInfo$
1743:             1             40  org.apache.spark.scheduler.DAGSchedulerEventProcessLoop
1744:             1             40  org.apache.spark.scheduler.JobWaiter
1745:             1             40  org.apache.spark.scheduler.TaskResultGetter
1746:             1             40  org.apache.spark.scheduler.TaskSet
1747:             1             40  org.apache.spark.sql.catalyst.expressions.aggregate.NoOp$
1748:             1             40  org.apache.spark.sql.catalyst.optimizer.LikeSimplification$
1749:             1             40  org.apache.spark.sql.internal.StaticSQLConf$
1750:             1             40  org.apache.spark.sql.streaming.StreamingQueryManager
1751:             1             40  org.apache.spark.sql.types.DoubleType$
1752:             1             40  org.apache.spark.sql.types.FloatType$
1753:             1             40  org.apache.spark.storage.BlockInfoManager$$anon$1
1754:             1             40  org.apache.spark.storage.BlockManagerSlaveEndpoint
1755:             1             40  org.apache.spark.storage.DiskBlockManager
1756:             1             40  org.apache.spark.storage.StorageStatus
1757:             1             40  org.apache.spark.ui.env.EnvironmentTab
1758:             1             40  org.apache.spark.ui.exec.ExecutorsListener
1759:             1             40  org.apache.spark.ui.jobs.StagePage
1760:             1             40  org.apache.spark.ui.jobs.UIData$ShuffleWriteMetricsUIData
1761:             1             40  org.apache.spark.ui.storage.StoragePage
1762:             1             40  org.apache.spark.ui.storage.StorageTab
1763:             1             40  org.apache.spark.util.ShutdownHookManager$
1764:             1             40  org.apache.spark.util.collection.OpenHashSet$
1765:             1             40  org.eclipse.jetty.server.ShutdownMonitor
1766:             1             40  scala.Tuple2$mcJJ$sp
1767:             1             40  scala.Tuple6
1768:             1             40  scala.collection.immutable.Map$Map3
1769:             1             40  scala.concurrent.duration.package$
1770:             1             40  scala.reflect.internal.AnnotationInfos$UnmappableAnnotation$
1771:             1             40  scala.reflect.internal.SymbolTable$$anon$1
1772:             1             40  scala.reflect.internal.SymbolTable$traceSymbols$
1773:             1             40  scala.reflect.internal.Trees$Super
1774:             1             40  scala.reflect.internal.Trees$This
1775:             1             40  scala.reflect.internal.Trees$TypeTree
1776:             1             40  scala.reflect.internal.Trees$pendingSuperCall$
1777:             1             40  scala.reflect.internal.Types$MissingAliasControl
1778:             1             40  scala.reflect.internal.transform.Transforms$$anonfun$3$$anon$2
1779:             1             40  scala.sys.SystemProperties$
1780:             1             40  sun.management.DiagnosticCommandImpl
1781:             1             40  sun.management.MappedMXBeanType$CompositeDataMXBeanType
1782:             1             40  sun.nio.cs.StandardCharsets$Aliases
1783:             1             40  sun.nio.cs.StandardCharsets$Cache
1784:             1             40  sun.nio.cs.StandardCharsets$Classes
1785:             1             40  sun.reflect.UnsafeQualifiedStaticObjectFieldAccessorImpl
1786:             1             40  sun.security.provider.DSAPublicKeyImpl
1787:             1             32  [Lcom.fasterxml.jackson.annotation.JsonProperty$Access;
1788:             1             32  [Lcom.fasterxml.jackson.core.JsonFactory$Feature;
1789:             2             32  [Lcom.fasterxml.jackson.databind.JavaType;
1790:             1             32  [Lcom.google.common.cache.LocalCache$Segment;
1791:             1             32  [Lcom.google.common.cache.LocalCache$Strength;
1792:             1             32  [Lcom.google.common.collect.AbstractIterator$State;
1793:             1             32  [Lcom.google.common.collect.MapMakerInternalMap$Strength;
1794:             1             32  [Lcom.sun.beans.util.Cache$Kind;
1795:             1             32  [Lcom.sun.org.apache.xerces.internal.utils.XMLSecurityManager$NameMap;
1796:             1             32  [Lio.netty.buffer.PoolArena$SizeClass;
1797:             1             32  [Lio.netty.handler.timeout.IdleState;
1798:             1             32  [Ljava.lang.OutOfMemoryError;
1799:             1             32  [Ljava.lang.ThreadGroup;
1800:             1             32  [Ljava.lang.UNIXProcess$Platform;
1801:             1             32  [Ljava.lang.management.MemoryManagerMXBean;
1802:             1             32  [Ljava.text.Normalizer$Form;
1803:             1             32  [Lnet.jpountz.util.Native$OS;
1804:             1             32  [Lorg.apache.kafka.clients.ConnectionState;
1805:             1             32  [Lorg.apache.kafka.clients.consumer.internals.SubscriptionState$SubscriptionType;
1806:             1             32  [Lorg.apache.kafka.common.config.ConfigDef$Importance;
1807:             1             32  [Lorg.apache.kafka.common.config.ConfigDef$Width;
1808:             1             32  [Lorg.apache.kafka.common.record.CompressionType;
1809:             1             32  [Lorg.apache.kafka.common.record.TimestampType;
1810:             1             32  [Lorg.apache.kafka.common.utils.AbstractIterator$State;
1811:             1             32  [Lorg.apache.spark.JobExecutionStatus;
1812:             1             32  [Lorg.eclipse.jetty.http.HttpScheme;
1813:             1             32  [Lorg.eclipse.jetty.http.HttpVersion;
1814:             1             32  [Lorg.eclipse.jetty.io.SelectorManager$ManagedSelector;
1815:             1             32  [Lorg.eclipse.jetty.server.handler.ContextHandler$Availability;
1816:             1             32  [Lorg.eclipse.jetty.servlet.BaseHolder$Source;
1817:             1             32  [Lorg.eclipse.jetty.util.component.ContainerLifeCycle$Managed;
1818:             1             32  [Lsun.misc.FormattedFloatingDecimal$Form;
1819:             1             32  [Lsun.nio.fs.NativeBuffer;
1820:             1             32  [Lsun.security.provider.NativePRNG$Variant;
1821:             1             32  [[Lcom.google.common.collect.MapMakerInternalMap$EntryFactory;
1822:             1             32  com.codahale.metrics.json.MetricsModule$MeterSerializer
1823:             1             32  com.fasterxml.jackson.databind.ObjectWriter$GeneratorSettings
1824:             1             32  com.fasterxml.jackson.databind.deser.impl.PropertyBasedCreator
1825:             2             32  com.fasterxml.jackson.databind.introspect.AnnotatedMethodMap
1826:             1             32  com.fasterxml.jackson.databind.introspect.VisibilityChecker$Std
1827:             2             32  com.fasterxml.jackson.databind.node.JsonNodeFactory
1828:             2             32  com.fasterxml.jackson.databind.ser.impl.PropertySerializerMap$Empty
1829:             1             32  com.fasterxml.jackson.databind.ser.std.NumberSerializers$DoubleSerializer
1830:             1             32  com.fasterxml.jackson.databind.ser.std.NumberSerializers$FloatSerializer
1831:             1             32  com.fasterxml.jackson.databind.ser.std.NumberSerializers$IntLikeSerializer
1832:             1             32  com.fasterxml.jackson.databind.ser.std.NumberSerializers$IntegerSerializer
1833:             1             32  com.fasterxml.jackson.databind.ser.std.NumberSerializers$LongSerializer
1834:             1             32  com.fasterxml.jackson.databind.ser.std.NumberSerializers$ShortSerializer
1835:             2             32  com.fasterxml.jackson.databind.type.TypeParser
1836:             1             32  com.fasterxml.jackson.module.scala.deser.OptionDeserializer
1837:             2             32  com.google.common.base.Joiner
1838:             2             32  com.google.common.hash.Murmur3_128HashFunction
1839:             2             32  com.google.common.hash.Murmur3_32HashFunction
1840:             2             32  com.sun.beans.WeakCache
1841:             1             32  com.sun.beans.finder.BeanInfoFinder
1842:             1             32  com.sun.jmx.mbeanserver.Repository
1843:             1             32  com.sun.org.apache.xerces.internal.impl.XMLEntityScanner$1
1844:             2             32  com.sun.org.apache.xerces.internal.impl.dv.dtd.ENTITYDatatypeValidator
1845:             2             32  com.thoughtworks.paranamer.BytecodeReadingParanamer
1846:             2             32  io.netty.bootstrap.AbstractBootstrap$BootstrapChannelFactory
1847:             2             32  io.netty.buffer.PoolThreadCache$1
1848:             1             32  io.netty.buffer.PoolThreadCache$MemoryRegionCache$1
1849:             1             32  io.netty.buffer.PooledHeapByteBuf$1
1850:             1             32  io.netty.buffer.PooledUnsafeDirectByteBuf$1
1851:             1             32  io.netty.buffer.PooledUnsafeHeapByteBuf$1
1852:             1             32  io.netty.channel.AbstractChannelHandlerContext$WriteAndFlushTask
1853:             1             32  io.netty.channel.AbstractChannelHandlerContext$WriteAndFlushTask$1
1854:             1             32  io.netty.channel.AdaptiveRecvByteBufAllocator$HandleImpl
1855:             2             32  io.netty.channel.ChannelMetadata
1856:             1             32  io.netty.channel.ChannelOutboundBuffer$Entry$1
1857:             1             32  io.netty.handler.codec.CodecOutputList$1
1858:             1             32  io.netty.util.Recycler$WeakOrderQueue$Link
1859:             2             32  io.netty.util.internal.__matchers__.io.netty.buffer.ByteBufMatcher
1860:             2             32  io.netty.util.internal.logging.Slf4JLoggerFactory
1861:             1             32  java.beans.ThreadGroupContext
1862:             1             32  java.beans.ThreadGroupContext$1
1863:             1             32  java.io.UnixFileSystem
1864:             1             32  java.lang.ArithmeticException
1865:             1             32  java.lang.ArrayIndexOutOfBoundsException
1866:             1             32  java.lang.ClassCastException
1867:             2             32  java.lang.InheritableThreadLocal
1868:             1             32  java.lang.NullPointerException
1869:             2             32  java.lang.Shutdown$Lock
1870:             1             32  java.lang.UnsupportedOperationException
1871:             1             32  java.lang.reflect.WeakCache
1872:             1             32  java.lang.reflect.WeakCache$CacheKey
1873:             2             32  java.nio.ByteOrder
1874:             1             32  java.nio.channels.NotYetConnectedException
1875:             1             32  java.security.AlgorithmParameters
1876:             1             32  java.text.DontCareFieldPosition
1877:             1             32  java.util.ServiceLoader
1878:             2             32  java.util.TreeMap$KeySet
1879:             2             32  java.util.WeakHashMap$KeySet
1880:             1             32  java.util.concurrent.CancellationException
1881:             2             32  java.util.concurrent.ConcurrentHashMap$ValuesView
1882:             1             32  java.util.concurrent.ThreadLocalRandom
1883:             1             32  java.util.concurrent.locks.ReentrantLock$FairSync
1884:             2             32  java.util.jar.JarVerifier$3
1885:             2             32  java.util.logging.ErrorManager
1886:             1             32  java.util.logging.LogManager$SystemLoggerContext
1887:             2             32  java.util.regex.Pattern$CharPropertyNames$7
1888:             2             32  javassist.ClassClassPath
1889:             1             32  javax.security.auth.Subject
1890:             1             32  net.jpountz.xxhash.XXHashFactory
1891:             1             32  org.apache.hadoop.fs.FileSystem$Cache$Key
1892:             1             32  org.apache.hadoop.fs.local.LocalFs
1893:             2             32  org.apache.hadoop.hdfs.security.token.delegation.DelegationTokenSelector
1894:             1             32  org.apache.hadoop.hdfs.web.KerberosUgiAuthenticator
1895:             1             32  org.apache.hadoop.io.Text$Comparator
1896:             1             32  org.apache.hadoop.metrics2.impl.MetricsSystemImpl$1
1897:             1             32  org.apache.hadoop.metrics2.lib.MetricsSourceBuilder
1898:             2             32  org.apache.hadoop.metrics2.lib.UniqueNames
1899:             1             32  org.apache.hadoop.security.Groups
1900:             1             32  org.apache.kafka.clients.producer.ProducerConfig
1901:             2             32  org.apache.kafka.common.config.ConfigDef$ValidString
1902:             1             32  org.apache.kafka.common.errors.BrokerNotAvailableException
1903:             1             32  org.apache.kafka.common.errors.ClusterAuthorizationException
1904:             1             32  org.apache.kafka.common.errors.ControllerMovedException
1905:             1             32  org.apache.kafka.common.errors.CorruptRecordException
1906:             1             32  org.apache.kafka.common.errors.GroupLoadInProgressException
1907:             1             32  org.apache.kafka.common.errors.IllegalGenerationException
1908:             1             32  org.apache.kafka.common.errors.IllegalSaslStateException
1909:             1             32  org.apache.kafka.common.errors.InconsistentGroupProtocolException
1910:             1             32  org.apache.kafka.common.errors.InvalidCommitOffsetSizeException
1911:             1             32  org.apache.kafka.common.errors.InvalidFetchSizeException
1912:             1             32  org.apache.kafka.common.errors.InvalidGroupIdException
1913:             1             32  org.apache.kafka.common.errors.InvalidRequiredAcksException
1914:             1             32  org.apache.kafka.common.errors.InvalidSessionTimeoutException
1915:             1             32  org.apache.kafka.common.errors.InvalidTimestampException
1916:             1             32  org.apache.kafka.common.errors.InvalidTopicException
1917:             1             32  org.apache.kafka.common.errors.LeaderNotAvailableException
1918:             1             32  org.apache.kafka.common.errors.NetworkException
1919:             1             32  org.apache.kafka.common.errors.NotCoordinatorForGroupException
1920:             1             32  org.apache.kafka.common.errors.NotEnoughReplicasAfterAppendException
1921:             1             32  org.apache.kafka.common.errors.NotEnoughReplicasException
1922:             1             32  org.apache.kafka.common.errors.NotLeaderForPartitionException
1923:             1             32  org.apache.kafka.common.errors.OffsetMetadataTooLarge
1924:             1             32  org.apache.kafka.common.errors.OffsetOutOfRangeException
1925:             1             32  org.apache.kafka.common.errors.RebalanceInProgressException
1926:             1             32  org.apache.kafka.common.errors.RecordBatchTooLargeException
1927:             1             32  org.apache.kafka.common.errors.ReplicaNotAvailableException
1928:             1             32  org.apache.kafka.common.errors.TimeoutException
1929:             1             32  org.apache.kafka.common.errors.UnknownMemberIdException
1930:             1             32  org.apache.kafka.common.errors.UnknownServerException
1931:             1             32  org.apache.kafka.common.errors.UnknownTopicOrPartitionException
1932:             1             32  org.apache.kafka.common.errors.UnsupportedSaslMechanismException
1933:             1             32  org.apache.kafka.common.errors.UnsupportedVersionException
1934:             1             32  org.apache.log4j.PatternLayout
1935:             1             32  org.apache.log4j.helpers.QuietWriter
1936:             1             32  org.apache.spark.MapOutputTracker$
1937:             1             32  org.apache.spark.SecurityManager$
1938:             1             32  org.apache.spark.SparkConf$
1939:             1             32  org.apache.spark.SparkEnv$
1940:             1             32  org.apache.spark.SparkMasterRegex$
1941:             1             32  org.apache.spark.deploy.SparkHadoopUtil
1942:             2             32  org.apache.spark.executor.ExecutorSource$$anonfun$1$$anonfun$apply$1
1943:             2             32  org.apache.spark.executor.ExecutorSource$$anonfun$1$$anonfun$apply$2
1944:             2             32  org.apache.spark.executor.ExecutorSource$$anonfun$1$$anonfun$apply$3
1945:             2             32  org.apache.spark.executor.ExecutorSource$$anonfun$1$$anonfun$apply$4
1946:             2             32  org.apache.spark.executor.ExecutorSource$$anonfun$1$$anonfun$apply$5
1947:             2             32  org.apache.spark.internal.config.SystemProvider
1948:             1             32  org.apache.spark.io.CompressionCodec$
1949:             1             32  org.apache.spark.metrics.MetricsSystem$
1950:             1             32  org.apache.spark.network.client.TransportClient
1951:             1             32  org.apache.spark.network.netty.NettyBlockRpcServer
1952:             1             32  org.apache.spark.rpc.netty.NettyRpcHandler
1953:             1             32  org.apache.spark.rpc.netty.NettyStreamManager
1954:             1             32  org.apache.spark.scheduler.DAGSchedulerSource
1955:             1             32  org.apache.spark.scheduler.OutputCommitCoordinator
1956:             1             32  org.apache.spark.scheduler.SparkListenerExecutorAdded
1957:             1             32  org.apache.spark.scheduler.local.LocalSchedulerBackend$$anon$1
1958:             1             32  org.apache.spark.shuffle.IndexShuffleBlockResolver
1959:             1             32  org.apache.spark.sql.SparkSession$
1960:             1             32  org.apache.spark.sql.catalyst.analysis.Analyzer$ExtractGenerator$
1961:             1             32  org.apache.spark.sql.catalyst.analysis.DecimalPrecision$
1962:             2             32  org.apache.spark.sql.catalyst.analysis.SimpleFunctionRegistry
1963:             1             32  org.apache.spark.sql.catalyst.analysis.TimeWindowing$
1964:             1             32  org.apache.spark.sql.catalyst.analysis.TypeCoercion$BooleanEquality$
1965:             1             32  org.apache.spark.sql.catalyst.catalog.CatalogDatabase
1966:             1             32  org.apache.spark.sql.catalyst.catalog.InMemoryCatalog$DatabaseDesc
1967:             1             32  org.apache.spark.sql.catalyst.expressions.codegen.package$ExpressionCanonicalizer$
1968:             2             32  org.apache.spark.sql.catalyst.util.StringKeyHashMap$$anonfun$apply$2
1969:             1             32  org.apache.spark.sql.execution.datasources.DataSource$SourceInfo
1970:             1             32  org.apache.spark.sql.execution.streaming.OffsetSeqMetadata
1971:             1             32  org.apache.spark.sql.execution.streaming.ProcessingTimeExecutor
1972:             2             32  org.apache.spark.sql.execution.streaming.StreamProgress
1973:             1             32  org.apache.spark.sql.execution.streaming.StreamingQueryListenerBus
1974:             1             32  org.apache.spark.sql.execution.ui.AllExecutionsPage
1975:             1             32  org.apache.spark.sql.execution.ui.ExecutionPage
1976:             1             32  org.apache.spark.sql.kafka010.CachedKafkaConsumer$
1977:             1             32  org.apache.spark.sql.types.ByteType$
1978:             1             32  org.apache.spark.sql.types.IntegerType$
1979:             1             32  org.apache.spark.sql.types.LongType$
1980:             1             32  org.apache.spark.sql.types.ShortType$
1981:             1             32  org.apache.spark.storage.BlockInfo$
1982:             1             32  org.apache.spark.storage.BlockInfoManager
1983:             1             32  org.apache.spark.storage.BlockManagerId
1984:             1             32  org.apache.spark.storage.BlockManagerMaster
1985:             1             32  org.apache.spark.storage.DiskStore
1986:             1             32  org.apache.spark.ui.SparkUI$
1987:             1             32  org.apache.spark.ui.env.EnvironmentListener
1988:             1             32  org.apache.spark.ui.exec.ExecutorsPage
1989:             1             32  org.apache.spark.ui.jobs.AllJobsPage
1990:             1             32  org.apache.spark.ui.jobs.AllStagesPage
1991:             1             32  org.apache.spark.ui.jobs.JobPage
1992:             1             32  org.apache.spark.ui.jobs.PoolPage
1993:             1             32  org.apache.spark.ui.jobs.UIData$InputMetricsUIData
1994:             1             32  org.apache.spark.ui.jobs.UIData$OutputMetricsUIData
1995:             1             32  org.eclipse.jetty.io.ArrayByteBufferPool
1996:             1             32  org.json4s.BuildInfo$
1997:             1             32  org.json4s.reflect.Reflector$
1998:             2             32  org.json4s.reflect.Reflector$$anonfun$defaultValue$2$$anonfun$apply$5
1999:             1             32  org.json4s.reflect.package$
2000:             1             32  org.xerial.snappy.SnappyCodec
2001:             2             32  scala.StringContext$$anonfun$s$1
2002:             1             32  scala.Symbol$
2003:             1             32  scala.collection.immutable.Map$WithDefault
2004:             1             32  scala.collection.immutable.Vector$
2005:             2             32  scala.collection.mutable.Map$$anonfun$withDefaultValue$1
2006:             1             32  scala.concurrent.impl.Promise$CompletionLatch
2007:             1             32  scala.io.Codec$
2008:             2             32  scala.io.Codec$$anonfun$1
2009:             1             32  scala.math.BigInt$
2010:             1             32  scala.math.package$
2011:             1             32  scala.reflect.ManifestFactory$$anon$1
2012:             1             32  scala.reflect.ManifestFactory$$anon$2
2013:             1             32  scala.reflect.ManifestFactory$$anon$3
2014:             1             32  scala.reflect.ManifestFactory$$anon$4
2015:             1             32  scala.reflect.ManifestFactory$$anon$5
2016:             1             32  scala.reflect.internal.JavaAccFlags$
2017:             1             32  scala.reflect.internal.Kinds$Kind$
2018:             1             32  scala.reflect.internal.Kinds$KindErrors
2019:             1             32  scala.reflect.internal.NoPhase$
2020:             1             32  scala.reflect.internal.SomePhase$
2021:             1             32  scala.reflect.internal.StdNames$compactify$
2022:             1             32  scala.reflect.internal.SymbolTable$$anon$2
2023:             1             32  scala.reflect.internal.Symbols$SymbolOps
2024:             1             32  scala.reflect.internal.Trees$Duplicator
2025:             1             32  scala.reflect.internal.Trees$EmptyTree$
2026:             1             32  scala.reflect.internal.Trees$ImportSelector
2027:             1             32  scala.reflect.internal.Trees$TreeTypeSubstituter
2028:             1             32  scala.reflect.internal.Types$UnmappableTree$
2029:             1             32  scala.reflect.internal.Variance$
2030:             1             32  scala.reflect.internal.tpe.TypeMaps$ErroneousCollector$
2031:             1             32  scala.reflect.internal.tpe.TypeMaps$IsDependentCollector$
2032:             1             32  scala.reflect.internal.transform.Erasure$boxingErasure$
2033:             1             32  scala.reflect.internal.transform.Erasure$javaErasure$
2034:             1             32  scala.reflect.internal.transform.Erasure$scalaErasure$
2035:             1             32  scala.reflect.internal.transform.Erasure$specialScalaErasure$
2036:             1             32  scala.reflect.internal.transform.Erasure$verifiedJavaErasure$
2037:             1             32  scala.reflect.internal.transform.PostErasure$elimErasedValueType$
2038:             1             32  scala.reflect.internal.transform.Transforms$$anonfun$2$$anon$3
2039:             1             32  scala.reflect.internal.transform.UnCurry$$anon$1
2040:             1             32  scala.reflect.internal.transform.UnCurry$$anon$2
2041:             1             32  scala.reflect.internal.util.Statistics$View
2042:             2             32  scala.reflect.runtime.JavaMirrors$JavaMirror$JavaAnnotationProxy$
2043:             1             32  scala.reflect.runtime.JavaUniverse$$anon$1
2044:             1             32  scala.util.control.BreakControl
2045:             1             32  scala.util.control.Exception$Catch
2046:             1             32  sun.management.MappedMXBeanType$EnumMXBeanType
2047:             1             32  sun.management.MappedMXBeanType$InProgress
2048:             1             32  sun.misc.HexDumpEncoder
2049:             2             32  sun.nio.ch.SocketDispatcher
2050:             1             32  sun.nio.cs.StandardCharsets
2051:             1             32  sun.nio.fs.LinuxFileSystem
2052:             2             32  sun.security.provider.NativePRNG
2053:             1             32  sun.security.provider.SecureRandom
2054:             2             32  sun.security.util.AlgorithmDecomposer
2055:             1             32  sun.util.locale.provider.LocaleResources
2056:             1             24  [Lcom.google.common.cache.CacheBuilder$NullListener;
2057:             1             24  [Lcom.google.common.cache.CacheBuilder$OneWeigher;
2058:             1             24  [Lcom.google.common.cache.LocalCache$NullEntry;
2059:             1             24  [Lcom.google.common.collect.GenericMapMaker$NullListener;
2060:             1             24  [Lcom.google.common.collect.Interners$WeakInterner$Dummy;
2061:             1             24  [Lcom.google.common.hash.Hashing$ChecksumType;
2062:             1             24  [Lcom.sun.org.apache.xerces.internal.utils.XMLSecurityPropertyManager$Property;
2063:             1             24  [Ljava.io.File$PathStatus;
2064:             1             24  [Ljava.lang.ClassValue$Entry;
2065:             1             24  [Ljava.net.InetAddress$Cache$Type;
2066:             1             24  [Ljava.net.InetSocketAddress;
2067:             1             24  [Ljava.net.InterfaceAddress;
2068:             1             24  [Ljava.net.StandardProtocolFamily;
2069:             1             24  [Ljava.util.Locale$Category;
2070:             1             24  [Ljavax.security.auth.login.LoginContext$ModuleInfo;
2071:             1             24  [Lorg.apache.hadoop.fs.Options$Rename;
2072:             1             24  [Lorg.apache.hadoop.http.HttpConfig$Policy;
2073:             1             24  [Lorg.apache.hadoop.metrics2.lib.DefaultMetricsFactory;
2074:             1             24  [Lorg.apache.hadoop.metrics2.lib.DefaultMetricsSystem;
2075:             1             24  [Lorg.apache.hadoop.metrics2.lib.Interns$Info;
2076:             1             24  [Lorg.apache.hadoop.metrics2.lib.Interns$Tags;
2077:             1             24  [Lorg.apache.kafka.common.network.LoginType;
2078:             1             24  [Lorg.apache.kafka.common.network.Mode;
2079:             1             24  [Lorg.apache.spark.memory.MemoryMode;
2080:             1             24  [Lorg.apache.spark.network.client.TransportClient;
2081:             1             24  [Lscala.Enumeration$Value;
2082:             1             24  [Lscala.reflect.internal.Phase;
2083:             1             24  [Lsun.launcher.LauncherHelper;
2084:             1             24  [[Ljava.io.File;
2085:             1             24  com.codahale.metrics.Timer
2086:             1             24  com.codahale.metrics.json.MetricsModule$HistogramSerializer
2087:             1             24  com.codahale.metrics.json.MetricsModule$MetricRegistrySerializer
2088:             1             24  com.esotericsoftware.minlog.Log$Logger
2089:             1             24  com.fasterxml.jackson.annotation.JsonFormat$Features
2090:             1             24  com.fasterxml.jackson.core.util.BufferRecycler
2091:             1             24  com.fasterxml.jackson.core.util.DefaultIndenter
2092:             1             24  com.fasterxml.jackson.databind.ObjectWriter$Prefetch
2093:             1             24  com.fasterxml.jackson.databind.cfg.ContextAttributes$Impl
2094:             1             24  com.fasterxml.jackson.databind.deser.impl.FailingDeserializer
2095:             1             24  com.fasterxml.jackson.databind.module.SimpleSerializers
2096:             1             24  com.fasterxml.jackson.databind.ser.impl.FailingSerializer
2097:             1             24  com.fasterxml.jackson.databind.ser.std.CalendarSerializer
2098:             1             24  com.fasterxml.jackson.databind.ser.std.DateSerializer
2099:             1             24  com.fasterxml.jackson.module.paranamer.shaded.CachingParanamer
2100:             1             24  com.fasterxml.jackson.module.scala.deser.BigDecimalDeserializer$
2101:             1             24  com.fasterxml.jackson.module.scala.deser.BigIntDeserializer$
2102:             1             24  com.fasterxml.jackson.module.scala.deser.NumberDeserializers$
2103:             1             24  com.fasterxml.jackson.module.scala.deser.SeqDeserializerResolver$
2104:             1             24  com.fasterxml.jackson.module.scala.deser.UnsortedMapDeserializerResolver$
2105:             1             24  com.fasterxml.jackson.module.scala.deser.UnsortedSetDeserializerResolver$
2106:             1             24  com.fasterxml.jackson.module.scala.deser.UntypedObjectDeserializerResolver$
2107:             1             24  com.fasterxml.jackson.module.scala.introspect.BeanDescriptor
2108:             1             24  com.github.scrapcodes.kafka.KafkaWriter$
2109:             1             24  com.github.scrapcodes.kafka.SparkSQLKafkaConsumer$
2110:             1             24  com.google.common.base.Joiner$1
2111:             1             24  com.google.common.base.Joiner$MapJoiner
2112:             1             24  com.google.common.cache.CacheBuilder$NullListener
2113:             1             24  com.google.common.cache.CacheBuilder$OneWeigher
2114:             1             24  com.google.common.cache.LocalCache$EntryFactory$1
2115:             1             24  com.google.common.cache.LocalCache$EntryFactory$2
2116:             1             24  com.google.common.cache.LocalCache$EntryFactory$3
2117:             1             24  com.google.common.cache.LocalCache$EntryFactory$4
2118:             1             24  com.google.common.cache.LocalCache$EntryFactory$5
2119:             1             24  com.google.common.cache.LocalCache$EntryFactory$6
2120:             1             24  com.google.common.cache.LocalCache$EntryFactory$7
2121:             1             24  com.google.common.cache.LocalCache$EntryFactory$8
2122:             1             24  com.google.common.cache.LocalCache$NullEntry
2123:             1             24  com.google.common.cache.LocalCache$Strength$1
2124:             1             24  com.google.common.cache.LocalCache$Strength$2
2125:             1             24  com.google.common.cache.LocalCache$Strength$3
2126:             1             24  com.google.common.collect.GenericMapMaker$NullListener
2127:             1             24  com.google.common.collect.Interners$WeakInterner$Dummy
2128:             1             24  com.google.common.collect.MapMaker$RemovalCause$1
2129:             1             24  com.google.common.collect.MapMaker$RemovalCause$2
2130:             1             24  com.google.common.collect.MapMaker$RemovalCause$3
2131:             1             24  com.google.common.collect.MapMaker$RemovalCause$4
2132:             1             24  com.google.common.collect.MapMaker$RemovalCause$5
2133:             1             24  com.google.common.collect.MapMakerInternalMap$EntryFactory$1
2134:             1             24  com.google.common.collect.MapMakerInternalMap$EntryFactory$2
2135:             1             24  com.google.common.collect.MapMakerInternalMap$EntryFactory$3
2136:             1             24  com.google.common.collect.MapMakerInternalMap$EntryFactory$4
2137:             1             24  com.google.common.collect.MapMakerInternalMap$EntryFactory$5
2138:             1             24  com.google.common.collect.MapMakerInternalMap$EntryFactory$6
2139:             1             24  com.google.common.collect.MapMakerInternalMap$EntryFactory$7
2140:             1             24  com.google.common.collect.MapMakerInternalMap$EntryFactory$8
2141:             1             24  com.google.common.collect.MapMakerInternalMap$Strength$1
2142:             1             24  com.google.common.collect.MapMakerInternalMap$Strength$2
2143:             1             24  com.google.common.collect.MapMakerInternalMap$Strength$3
2144:             1             24  com.google.common.hash.Hashing$ChecksumType$1
2145:             1             24  com.google.common.hash.Hashing$ChecksumType$2
2146:             1             24  com.google.common.util.concurrent.AtomicLongMap
2147:             1             24  com.sun.beans.util.Cache$Kind$1
2148:             1             24  com.sun.beans.util.Cache$Kind$2
2149:             1             24  com.sun.beans.util.Cache$Kind$3
2150:             1             24  com.sun.jmx.mbeanserver.ClassLoaderRepositorySupport
2151:             1             24  com.sun.jmx.mbeanserver.DefaultMXBeanMappingFactory$CompositeBuilderViaFrom
2152:             1             24  com.sun.jmx.mbeanserver.MXBeanLookup
2153:             1             24  com.sun.jmx.remote.util.ClassLogger
2154:             1             24  com.sun.org.apache.xerces.internal.impl.Constants$ArrayEnumeration
2155:             1             24  com.sun.security.auth.UnixNumericGroupPrincipal
2156:             1             24  com.twitter.chill.JavaIterableWrapperSerializer$
2157:             1             24  io.netty.buffer.UnpooledByteBufAllocator
2158:             1             24  io.netty.channel.AdaptiveRecvByteBufAllocator
2159:             1             24  io.netty.util.concurrent.FailedFuture
2160:             1             24  io.netty.util.internal.UnsafeAtomicLongFieldUpdater
2161:             1             24  java.io.ExpiringCache$Entry
2162:             1             24  java.io.InputStreamReader
2163:             1             24  java.lang.ClassValue$Version
2164:             1             24  java.lang.ProcessEnvironment$StringEnvironment
2165:             1             24  java.lang.invoke.MethodHandleImpl$4
2166:             1             24  java.lang.invoke.MethodType$ConcurrentWeakInternSet
2167:             1             24  java.math.MutableBigInteger
2168:             1             24  java.net.Inet6AddressImpl
2169:             1             24  java.util.Collections$EmptyMap
2170:             1             24  java.util.Currency
2171:             1             24  java.util.Locale$Cache
2172:             1             24  java.util.ResourceBundle$Control$CandidateListCache
2173:             1             24  java.util.TaskQueue
2174:             1             24  java.util.Timer
2175:             1             24  java.util.concurrent.TimeUnit$1
2176:             1             24  java.util.concurrent.TimeUnit$2
2177:             1             24  java.util.concurrent.TimeUnit$3
2178:             1             24  java.util.concurrent.TimeUnit$4
2179:             1             24  java.util.concurrent.TimeUnit$5
2180:             1             24  java.util.concurrent.TimeUnit$6
2181:             1             24  java.util.concurrent.TimeUnit$7
2182:             1             24  java.util.jar.Manifest
2183:             1             24  java.util.logging.LogManager$LoggerContext
2184:             1             24  java.util.logging.LoggingPermission
2185:             1             24  javax.management.NotificationBroadcasterSupport
2186:             1             24  org.apache.commons.logging.impl.SLF4JLogFactory
2187:             1             24  org.apache.hadoop.fs.FileSystem$Cache
2188:             1             24  org.apache.hadoop.fs.local.RawLocalFs
2189:             1             24  org.apache.hadoop.metrics2.MetricsTag
2190:             1             24  org.apache.hadoop.metrics2.impl.MetricsCollectorImpl
2191:             1             24  org.apache.hadoop.metrics2.impl.MetricsSystemImpl$3
2192:             1             24  org.apache.hadoop.metrics2.lib.DefaultMetricsFactory
2193:             1             24  org.apache.hadoop.metrics2.lib.Interns$Info
2194:             1             24  org.apache.hadoop.metrics2.lib.Interns$Info$1
2195:             1             24  org.apache.hadoop.metrics2.lib.Interns$Tags
2196:             1             24  org.apache.hadoop.metrics2.lib.Interns$Tags$1
2197:             1             24  org.apache.hadoop.metrics2.lib.UniqueNames$Count
2198:             1             24  org.apache.hadoop.security.UserGroupInformation
2199:             1             24  org.apache.hadoop.security.UserGroupInformation$UgiMetrics
2200:             1             24  org.apache.hadoop.util.ShutdownHookManager
2201:             1             24  org.apache.kafka.clients.consumer.internals.DelayedTaskQueue$Entry
2202:             1             24  org.apache.kafka.clients.producer.internals.Sender$SenderMetrics$1
2203:             1             24  org.apache.kafka.clients.producer.internals.Sender$SenderMetrics$2
2204:             1             24  org.apache.kafka.common.requests.MetadataRequest
2205:             1             24  org.apache.kafka.common.security.auth.KafkaPrincipal
2206:             1             24  org.apache.kafka.common.utils.KafkaThread$1
2207:             1             24  org.apache.log4j.helpers.FormattingInfo
2208:             1             24  org.apache.log4j.helpers.OnlyOnceErrorHandler
2209:             1             24  org.apache.spark.ContextCleaner$$anonfun$org$apache$spark$ContextCleaner$$keepCleaning$1$$anonfun$apply$mcV$sp$2
2210:             1             24  org.apache.spark.GetMapOutputMessage
2211:             1             24  org.apache.spark.InternalAccumulator$input$
2212:             1             24  org.apache.spark.InternalAccumulator$output$
2213:             1             24  org.apache.spark.InternalAccumulator$shuffleWrite$
2214:             1             24  org.apache.spark.MapOutputTrackerMasterEndpoint
2215:             1             24  org.apache.spark.SparkStatusTracker
2216:             1             24  org.apache.spark.executor.Executor$$anonfun$org$apache$spark$executor$Executor$$reportHeartBeat$1
2217:             1             24  org.apache.spark.executor.ExecutorSource
2218:             1             24  org.apache.spark.internal.Logging$
2219:             1             24  org.apache.spark.network.client.TransportClientFactory$ClientPool
2220:             1             24  org.apache.spark.rdd.RDDOperationScope$
2221:             1             24  org.apache.spark.rpc.netty.RpcEndpointVerifier
2222:             1             24  org.apache.spark.scheduler.BlacklistTracker$
2223:             1             24  org.apache.spark.scheduler.FIFOSchedulableBuilder
2224:             1             24  org.apache.spark.scheduler.LiveListenerBus$
2225:             1             24  org.apache.spark.scheduler.LiveListenerBus$$anon$1$$anonfun$run$1
2226:             1             24  org.apache.spark.scheduler.OutputCommitCoordinator$OutputCommitCoordinatorEndpoint
2227:             1             24  org.apache.spark.scheduler.TaskResultGetter$$anon$1
2228:             1             24  org.apache.spark.scheduler.TaskResultGetter$$anon$2
2229:             1             24  org.apache.spark.scheduler.cluster.ExecutorInfo
2230:             1             24  org.apache.spark.serializer.JavaIterableWrapperSerializer$
2231:             1             24  org.apache.spark.serializer.KryoSerializer$
2232:             1             24  org.apache.spark.shuffle.sort.SortShuffleManager
2233:             1             24  org.apache.spark.sql.ExperimentalMethods
2234:             1             24  org.apache.spark.sql.SQLContext
2235:             1             24  org.apache.spark.sql.catalyst.ScalaReflection$
2236:             1             24  org.apache.spark.sql.catalyst.analysis.Analyzer$CTESubstitution$
2237:             1             24  org.apache.spark.sql.catalyst.analysis.Analyzer$ExtractWindowExpressions$
2238:             1             24  org.apache.spark.sql.catalyst.analysis.Analyzer$FixNullability$
2239:             1             24  org.apache.spark.sql.catalyst.analysis.Analyzer$GlobalAggregates$
2240:             1             24  org.apache.spark.sql.catalyst.analysis.Analyzer$HandleNullInputsForUDF$
2241:             1             24  org.apache.spark.sql.catalyst.analysis.Analyzer$PullOutNondeterministic$
2242:             1             24  org.apache.spark.sql.catalyst.analysis.Analyzer$ResolveAggregateFunctions$
2243:             1             24  org.apache.spark.sql.catalyst.analysis.Analyzer$ResolveAliases$
2244:             1             24  org.apache.spark.sql.catalyst.analysis.Analyzer$ResolveDeserializer$
2245:             1             24  org.apache.spark.sql.catalyst.analysis.Analyzer$ResolveFunctions$
2246:             1             24  org.apache.spark.sql.catalyst.analysis.Analyzer$ResolveGenerate$
2247:             1             24  org.apache.spark.sql.catalyst.analysis.Analyzer$ResolveGroupingAnalytics$
2248:             1             24  org.apache.spark.sql.catalyst.analysis.Analyzer$ResolveMissingReferences$
2249:             1             24  org.apache.spark.sql.catalyst.analysis.Analyzer$ResolveNaturalAndUsingJoin$
2250:             1             24  org.apache.spark.sql.catalyst.analysis.Analyzer$ResolveNewInstance$
2251:             1             24  org.apache.spark.sql.catalyst.analysis.Analyzer$ResolveOrdinalInOrderByAndGroupBy$
2252:             1             24  org.apache.spark.sql.catalyst.analysis.Analyzer$ResolvePivot$
2253:             1             24  org.apache.spark.sql.catalyst.analysis.Analyzer$ResolveReferences$
2254:             1             24  org.apache.spark.sql.catalyst.analysis.Analyzer$ResolveRelations$
2255:             1             24  org.apache.spark.sql.catalyst.analysis.Analyzer$ResolveSubquery$
2256:             1             24  org.apache.spark.sql.catalyst.analysis.Analyzer$ResolveUpCast$
2257:             1             24  org.apache.spark.sql.catalyst.analysis.Analyzer$ResolveWindowFrame$
2258:             1             24  org.apache.spark.sql.catalyst.analysis.Analyzer$ResolveWindowOrder$
2259:             1             24  org.apache.spark.sql.catalyst.analysis.Analyzer$WindowsSubstitution$
2260:             1             24  org.apache.spark.sql.catalyst.analysis.CleanupAliases$
2261:             1             24  org.apache.spark.sql.catalyst.analysis.EliminateSubqueryAliases$
2262:             1             24  org.apache.spark.sql.catalyst.analysis.EliminateUnions$
2263:             1             24  org.apache.spark.sql.catalyst.analysis.FunctionRegistry$
2264:             1             24  org.apache.spark.sql.catalyst.analysis.ResolveCreateNamedStruct$
2265:             1             24  org.apache.spark.sql.catalyst.analysis.ResolveInlineTables$
2266:             1             24  org.apache.spark.sql.catalyst.analysis.ResolveTableValuedFunctions$
2267:             1             24  org.apache.spark.sql.catalyst.analysis.SubstituteUnresolvedOrdinals
2268:             1             24  org.apache.spark.sql.catalyst.analysis.TypeCoercion$
2269:             1             24  org.apache.spark.sql.catalyst.analysis.TypeCoercion$CaseWhenCoercion$
2270:             1             24  org.apache.spark.sql.catalyst.analysis.TypeCoercion$DateTimeOperations$
2271:             1             24  org.apache.spark.sql.catalyst.analysis.TypeCoercion$Division$
2272:             1             24  org.apache.spark.sql.catalyst.analysis.TypeCoercion$FunctionArgumentConversion$
2273:             1             24  org.apache.spark.sql.catalyst.analysis.TypeCoercion$IfCoercion$
2274:             1             24  org.apache.spark.sql.catalyst.analysis.TypeCoercion$ImplicitTypeCasts$
2275:             1             24  org.apache.spark.sql.catalyst.analysis.TypeCoercion$InConversion$
2276:             1             24  org.apache.spark.sql.catalyst.analysis.TypeCoercion$PromoteStrings$
2277:             1             24  org.apache.spark.sql.catalyst.analysis.TypeCoercion$PropagateTypes$
2278:             1             24  org.apache.spark.sql.catalyst.analysis.TypeCoercion$StringToIntegralCasts$
2279:             1             24  org.apache.spark.sql.catalyst.analysis.TypeCoercion$WidenSetOperationTypes$
2280:             1             24  org.apache.spark.sql.catalyst.analysis.package$
2281:             1             24  org.apache.spark.sql.catalyst.catalog.GlobalTempViewManager
2282:             1             24  org.apache.spark.sql.catalyst.catalog.InMemoryCatalog
2283:             1             24  org.apache.spark.sql.catalyst.expressions.Literal$
2284:             1             24  org.apache.spark.sql.catalyst.expressions.NamedExpression$
2285:             1             24  org.apache.spark.sql.catalyst.expressions.codegen.CodeGenerator$
2286:             1             24  org.apache.spark.sql.catalyst.expressions.codegen.GenerateSafeProjection$
2287:             1             24  org.apache.spark.sql.catalyst.expressions.codegen.GenerateUnsafeProjection$
2288:             1             24  org.apache.spark.sql.catalyst.expressions.codegen.package$ExpressionCanonicalizer$CleanExpressions$
2289:             1             24  org.apache.spark.sql.catalyst.optimizer.BooleanSimplification$
2290:             1             24  org.apache.spark.sql.catalyst.optimizer.CollapseProject$
2291:             1             24  org.apache.spark.sql.catalyst.optimizer.CollapseRepartition$
2292:             1             24  org.apache.spark.sql.catalyst.optimizer.CollapseWindow$
2293:             1             24  org.apache.spark.sql.catalyst.optimizer.ColumnPruning$
2294:             1             24  org.apache.spark.sql.catalyst.optimizer.CombineFilters$
2295:             1             24  org.apache.spark.sql.catalyst.optimizer.CombineLimits$
2296:             1             24  org.apache.spark.sql.catalyst.optimizer.CombineTypedFilters$
2297:             1             24  org.apache.spark.sql.catalyst.optimizer.CombineUnions$
2298:             1             24  org.apache.spark.sql.catalyst.optimizer.ComputeCurrentTime$
2299:             1             24  org.apache.spark.sql.catalyst.optimizer.ConstantFolding$
2300:             1             24  org.apache.spark.sql.catalyst.optimizer.ConvertToLocalRelation$
2301:             1             24  org.apache.spark.sql.catalyst.optimizer.DecimalAggregates$
2302:             1             24  org.apache.spark.sql.catalyst.optimizer.EliminateOuterJoin$
2303:             1             24  org.apache.spark.sql.catalyst.optimizer.EliminateSerialization$
2304:             1             24  org.apache.spark.sql.catalyst.optimizer.EliminateSorts$
2305:             1             24  org.apache.spark.sql.catalyst.optimizer.FoldablePropagation$
2306:             1             24  org.apache.spark.sql.catalyst.optimizer.InferFiltersFromConstraints$
2307:             1             24  org.apache.spark.sql.catalyst.optimizer.LimitPushDown$
2308:             1             24  org.apache.spark.sql.catalyst.optimizer.NullPropagation$
2309:             1             24  org.apache.spark.sql.catalyst.optimizer.Optimizer$OptimizeSubqueries$
2310:             1             24  org.apache.spark.sql.catalyst.optimizer.PropagateEmptyRelation$
2311:             1             24  org.apache.spark.sql.catalyst.optimizer.PruneFilters$
2312:             1             24  org.apache.spark.sql.catalyst.optimizer.PushDownPredicate$
2313:             1             24  org.apache.spark.sql.catalyst.optimizer.PushPredicateThroughJoin$
2314:             1             24  org.apache.spark.sql.catalyst.optimizer.PushProjectionThroughUnion$
2315:             1             24  org.apache.spark.sql.catalyst.optimizer.RemoveAliasOnlyProject$
2316:             1             24  org.apache.spark.sql.catalyst.optimizer.RemoveDispensableExpressions$
2317:             1             24  org.apache.spark.sql.catalyst.optimizer.RemoveLiteralFromGroupExpressions$
2318:             1             24  org.apache.spark.sql.catalyst.optimizer.RemoveRepetitionFromGroupExpressions$
2319:             1             24  org.apache.spark.sql.catalyst.optimizer.ReorderAssociativeOperator$
2320:             1             24  org.apache.spark.sql.catalyst.optimizer.ReorderJoin$
2321:             1             24  org.apache.spark.sql.catalyst.optimizer.ReplaceDistinctWithAggregate$
2322:             1             24  org.apache.spark.sql.catalyst.optimizer.ReplaceExceptWithAntiJoin$
2323:             1             24  org.apache.spark.sql.catalyst.optimizer.ReplaceExpressions$
2324:             1             24  org.apache.spark.sql.catalyst.optimizer.ReplaceIntersectWithSemiJoin$
2325:             1             24  org.apache.spark.sql.catalyst.optimizer.RewriteCorrelatedScalarSubquery$
2326:             1             24  org.apache.spark.sql.catalyst.optimizer.RewriteDistinctAggregates$
2327:             1             24  org.apache.spark.sql.catalyst.optimizer.RewritePredicateSubquery$
2328:             1             24  org.apache.spark.sql.catalyst.optimizer.SimplifyBinaryComparison$
2329:             1             24  org.apache.spark.sql.catalyst.optimizer.SimplifyCaseConversionExpressions$
2330:             1             24  org.apache.spark.sql.catalyst.optimizer.SimplifyCasts$
2331:             1             24  org.apache.spark.sql.catalyst.optimizer.SimplifyConditionals$
2332:             1             24  org.apache.spark.sql.execution.CacheManager
2333:             1             24  org.apache.spark.sql.execution.SQLExecution$
2334:             1             24  org.apache.spark.sql.execution.datasources.AnalyzeCreateTable
2335:             1             24  org.apache.spark.sql.execution.datasources.DataSource$
2336:             1             24  org.apache.spark.sql.execution.datasources.DataSourceAnalysis
2337:             1             24  org.apache.spark.sql.execution.datasources.FindDataSourceTable
2338:             1             24  org.apache.spark.sql.execution.datasources.PreWriteCheck
2339:             1             24  org.apache.spark.sql.execution.datasources.PreprocessTableInsertion
2340:             1             24  org.apache.spark.sql.execution.datasources.PruneFileSourcePartitions$
2341:             1             24  org.apache.spark.sql.execution.datasources.ResolveDataSource
2342:             1             24  org.apache.spark.sql.execution.metric.SQLMetrics$
2343:             1             24  org.apache.spark.sql.execution.python.ExtractPythonUDFFromAggregate$
2344:             1             24  org.apache.spark.sql.execution.python.ExtractPythonUDFs$
2345:             1             24  org.apache.spark.sql.execution.streaming.IncrementalExecution$$anon$1
2346:             1             24  org.apache.spark.sql.execution.streaming.OffsetSeqLog$
2347:             1             24  org.apache.spark.sql.execution.streaming.StreamMetadata$
2348:             1             24  org.apache.spark.sql.execution.streaming.state.StateStoreCoordinator
2349:             1             24  org.apache.spark.sql.execution.streaming.state.StateStoreCoordinatorRef$
2350:             1             24  org.apache.spark.sql.internal.SQLConf
2351:             1             24  org.apache.spark.sql.kafka010.KafkaSource$
2352:             1             24  org.apache.spark.sql.kafka010.KafkaSource$SubscribeStrategy
2353:             1             24  org.apache.spark.sql.kafka010.KafkaSourceProvider$
2354:             1             24  org.apache.spark.sql.streaming.ProcessingTime
2355:             1             24  org.apache.spark.sql.streaming.StreamingQueryStatus
2356:             1             24  org.apache.spark.sql.types.BinaryType$
2357:             1             24  org.apache.spark.sql.types.BooleanType$
2358:             1             24  org.apache.spark.sql.types.DateType$
2359:             1             24  org.apache.spark.sql.types.StringType$
2360:             1             24  org.apache.spark.sql.types.TimestampType$
2361:             1             24  org.apache.spark.sql.types.UDTRegistration$
2362:             1             24  org.apache.spark.storage.BlockManagerSource
2363:             1             24  org.apache.spark.storage.StorageStatusListener
2364:             1             24  org.apache.spark.ui.ServerInfo
2365:             1             24  org.apache.spark.ui.env.EnvironmentPage
2366:             1             24  org.apache.spark.ui.exec.ExecutorThreadDumpPage
2367:             1             24  org.apache.spark.ui.scope.RDDOperationGraph$
2368:             1             24  org.apache.spark.ui.storage.RDDPage
2369:             1             24  org.apache.spark.ui.storage.StorageListener
2370:             1             24  org.apache.spark.util.AccumulatorContext$
2371:             1             24  org.apache.spark.util.CallSite$
2372:             1             24  org.apache.spark.util.CallerContext$
2373:             1             24  org.apache.spark.util.SparkShutdownHookManager
2374:             1             24  org.codehaus.commons.compiler.Location
2375:             1             24  org.codehaus.janino.Java$Modifiers
2376:             1             24  org.eclipse.jetty.http.HttpField
2377:             1             24  org.eclipse.jetty.util.ConcurrentHashSet
2378:             1             24  org.eclipse.jetty.util.Uptime$DefaultImpl
2379:             1             24  org.json4s.NoTypeHints$
2380:             1             24  org.json4s.jackson.Json4sModule$
2381:             1             24  org.json4s.jackson.JsonMethods$
2382:             1             24  org.json4s.prefs.EmptyValueStrategy$
2383:             1             24  org.json4s.reflect.PrimitiveDescriptor
2384:             1             24  org.json4s.reflect.ScalaSigReader$
2385:             1             24  org.json4s.reflect.ScalaType$$anon$1
2386:             1             24  org.slf4j.helpers.FormattingTuple
2387:             1             24  org.slf4j.helpers.SubstituteLoggerFactory
2388:             1             24  scala.Console$
2389:             1             24  scala.Enumeration$ValueSet$
2390:             1             24  scala.PartialFunction$
2391:             1             24  scala.collection.IndexedSeq$
2392:             1             24  scala.collection.Traversable$
2393:             1             24  scala.collection.TraversableLike$$anonfun$map$1
2394:             1             24  scala.collection.convert.Decorators$AsScala
2395:             1             24  scala.collection.convert.Wrappers$JCollectionWrapper
2396:             1             24  scala.collection.convert.Wrappers$JListWrapper
2397:             1             24  scala.collection.convert.Wrappers$JPropertiesWrapper
2398:             1             24  scala.collection.immutable.HashMap$$anon$2
2399:             1             24  scala.collection.immutable.List$
2400:             1             24  scala.collection.immutable.Queue$EmptyQueue$
2401:             1             24  scala.collection.mutable.ArraySeq
2402:             1             24  scala.collection.mutable.Queue
2403:             1             24  scala.collection.mutable.Stack$
2404:             1             24  scala.concurrent.impl.CallbackRunnable
2405:             1             24  scala.math.BigDecimal
2406:             1             24  scala.reflect.ManifestFactory$$anon$10
2407:             1             24  scala.reflect.ManifestFactory$$anon$11
2408:             1             24  scala.reflect.ManifestFactory$$anon$12
2409:             1             24  scala.reflect.ManifestFactory$$anon$13
2410:             1             24  scala.reflect.ManifestFactory$$anon$14
2411:             1             24  scala.reflect.ManifestFactory$$anon$6
2412:             1             24  scala.reflect.ManifestFactory$$anon$7
2413:             1             24  scala.reflect.ManifestFactory$$anon$8
2414:             1             24  scala.reflect.ManifestFactory$$anon$9
2415:             1             24  scala.reflect.internal.Depth$
2416:             1             24  scala.reflect.internal.Internals$$anon$2
2417:             1             24  scala.reflect.internal.Kinds$TypeConKind$
2418:             1             24  scala.reflect.internal.Printers$ConsoleWriter$
2419:             1             24  scala.reflect.internal.Printers$FootnoteIndex
2420:             1             24  scala.reflect.internal.StdNames$binarynme$
2421:             1             24  scala.reflect.internal.SymbolTable$perRunCaches$
2422:             1             24  scala.reflect.internal.Trees$ImportSelector$
2423:             1             24  scala.reflect.internal.Trees$ReferenceToBoxed$
2424:             1             24  scala.reflect.internal.TypeDebugging$typeDebug$
2425:             1             24  scala.reflect.internal.Types$OverloadedType
2426:             1             24  scala.reflect.internal.Types$baseClassesCycleMonitor$
2427:             1             24  scala.reflect.internal.Types$substTypeMapCache$
2428:             1             24  scala.reflect.internal.Types$unwrapToClass$
2429:             1             24  scala.reflect.internal.Types$unwrapToStableClass$
2430:             1             24  scala.reflect.internal.Types$unwrapWrapperTypes$
2431:             1             24  scala.reflect.internal.tpe.TypeConstraints$UndoLog
2432:             1             24  scala.reflect.internal.tpe.TypeMaps$ApproximateDependentMap$
2433:             1             24  scala.reflect.internal.tpe.TypeMaps$abstractTypesToBounds$
2434:             1             24  scala.reflect.internal.tpe.TypeMaps$adaptToNewRunMap$
2435:             1             24  scala.reflect.internal.tpe.TypeMaps$dropIllegalStarTypes$
2436:             1             24  scala.reflect.internal.tpe.TypeMaps$dropSingletonType$
2437:             1             24  scala.reflect.internal.tpe.TypeMaps$normalizeAliases$
2438:             1             24  scala.reflect.internal.tpe.TypeMaps$typeVarToOriginMap$
2439:             1             24  scala.reflect.internal.tpe.TypeMaps$wildcardExtrapolation$
2440:             1             24  scala.reflect.internal.tpe.TypeMaps$wildcardToTypeVarMap$
2441:             1             24  scala.reflect.internal.transform.Transforms$$anonfun$4$$anon$1
2442:             1             24  scala.reflect.internal.util.FreshNameCreator
2443:             1             24  scala.reflect.internal.util.Statistics$
2444:             1             24  scala.reflect.internal.util.ThreeValues$
2445:             1             24  scala.reflect.internal.util.TriState$
2446:             1             24  scala.reflect.io.NoAbstractFile$
2447:             1             24  scala.reflect.package$
2448:             1             24  scala.reflect.runtime.package$
2449:             1             24  scala.sys.BooleanProp$BooleanPropImpl
2450:             1             24  scala.util.control.Exception$
2451:             1             24  scala.util.control.Exception$$anon$1
2452:             1             24  scala.util.matching.Regex$$anon$2
2453:             1             24  scala.xml.TopScope$
2454:             1             24  sun.launcher.LauncherHelper
2455:             1             24  sun.management.CompilationImpl
2456:             1             24  sun.management.MemoryImpl
2457:             1             24  sun.management.OperatingSystemImpl
2458:             1             24  sun.management.RuntimeImpl
2459:             1             24  sun.management.ThreadImpl
2460:             1             24  sun.management.VMManagementImpl
2461:             1             24  sun.net.ProgressMonitor
2462:             1             24  sun.net.sdp.SdpProvider
2463:             1             24  sun.nio.cs.ISO_8859_1
2464:             1             24  sun.nio.cs.ThreadLocalCoders$1
2465:             1             24  sun.nio.cs.ThreadLocalCoders$2
2466:             1             24  sun.nio.cs.US_ASCII
2467:             1             24  sun.nio.cs.UTF_16
2468:             1             24  sun.nio.cs.UTF_16BE
2469:             1             24  sun.nio.cs.UTF_16LE
2470:             1             24  sun.nio.cs.UTF_8
2471:             1             24  sun.security.krb5.Config
2472:             1             24  sun.security.provider.DSAParameters
2473:             1             24  sun.security.util.BitArray
2474:             1             24  sun.security.util.Cache$EqualByteArray
2475:             1             24  sun.security.util.DisabledAlgorithmConstraints$KeySizeConstraint
2476:             1             24  sun.security.x509.CertificateValidity
2477:             1             24  sun.util.locale.BaseLocale$Cache
2478:             1             24  sun.util.locale.provider.CalendarDataProviderImpl
2479:             1             24  sun.util.locale.provider.CalendarProviderImpl
2480:             1             24  sun.util.locale.provider.CurrencyNameProviderImpl
2481:             1             24  sun.util.locale.provider.DateFormatProviderImpl
2482:             1             24  sun.util.locale.provider.DateFormatSymbolsProviderImpl
2483:             1             24  sun.util.locale.provider.DecimalFormatSymbolsProviderImpl
2484:             1             24  sun.util.locale.provider.NumberFormatProviderImpl
2485:             1             16  [Lcom.fasterxml.jackson.databind.AbstractTypeResolver;
2486:             1             16  [Lcom.fasterxml.jackson.databind.deser.BeanDeserializerModifier;
2487:             1             16  [Lcom.fasterxml.jackson.databind.deser.ValueInstantiators;
2488:             1             16  [Ljava.beans.EventSetDescriptor;
2489:             1             16  [Ljava.lang.Double;
2490:             1             16  [Ljava.lang.Enum;
2491:             1             16  [Ljava.lang.Float;
2492:             1             16  [Ljava.lang.Throwable;
2493:             1             16  [Ljava.net.NetworkInterface;
2494:             1             16  [Ljava.nio.file.attribute.FileAttribute;
2495:             1             16  [Ljava.security.Provider;
2496:             1             16  [Ljava.text.FieldPosition;
2497:             1             16  [Ljava.util.logging.Handler;
2498:             1             16  [Lnet.jpountz.lz4.LZ4JNI;
2499:             1             16  [Lnet.jpountz.lz4.LZ4Utils;
2500:             1             16  [Lnet.jpountz.util.Native;
2501:             1             16  [Lnet.jpountz.util.SafeUtils;
2502:             1             16  [Lnet.jpountz.xxhash.XXHashJNI;
2503:             1             16  [Lorg.apache.hadoop.security.SecurityInfo;
2504:             1             16  [Lorg.codehaus.janino.IClass$IAnnotation;
2505:             1             16  [Lorg.codehaus.janino.Java$Annotation;
2506:             1             16  com.codahale.metrics.Clock$UserTimeClock
2507:             1             16  com.codahale.metrics.MetricFilter$1
2508:             1             16  com.codahale.metrics.MetricRegistry$MetricBuilder$1
2509:             1             16  com.codahale.metrics.MetricRegistry$MetricBuilder$2
2510:             1             16  com.codahale.metrics.MetricRegistry$MetricBuilder$3
2511:             1             16  com.codahale.metrics.MetricRegistry$MetricBuilder$4
2512:             1             16  com.codahale.metrics.Striped64$ThreadHashCode
2513:             1             16  com.codahale.metrics.ThreadLocalRandom$1
2514:             1             16  com.codahale.metrics.json.MetricsModule$CounterSerializer
2515:             1             16  com.codahale.metrics.json.MetricsModule$GaugeSerializer
2516:             1             16  com.esotericsoftware.kryo.serializers.UnsafeCachedFieldFactory
2517:             1             16  com.fasterxml.jackson.core.util.DefaultPrettyPrinter$FixedSpaceIndenter
2518:             1             16  com.fasterxml.jackson.core.util.DefaultPrettyPrinter$NopIndenter
2519:             1             16  com.fasterxml.jackson.core.util.MinimalPrettyPrinter
2520:             1             16  com.fasterxml.jackson.databind.deser.std.StdKeyDeserializers
2521:             1             16  com.fasterxml.jackson.databind.deser.std.StringDeserializer
2522:             1             16  com.fasterxml.jackson.databind.ext.OptionalHandlerFactory
2523:             1             16  com.fasterxml.jackson.databind.introspect.JacksonAnnotationIntrospector
2524:             1             16  com.fasterxml.jackson.databind.introspect.NopAnnotationIntrospector$1
2525:             1             16  com.fasterxml.jackson.databind.ser.impl.UnknownSerializer
2526:             1             16  com.fasterxml.jackson.databind.ser.std.NullSerializer
2527:             1             16  com.fasterxml.jackson.databind.ser.std.StringSerializer
2528:             1             16  com.fasterxml.jackson.databind.ser.std.ToStringSerializer
2529:             1             16  com.fasterxml.jackson.databind.ser.std.UUIDSerializer
2530:             1             16  com.fasterxml.jackson.module.paranamer.ParanamerAnnotationIntrospector
2531:             1             16  com.fasterxml.jackson.module.paranamer.shaded.BytecodeReadingParanamer
2532:             1             16  com.fasterxml.jackson.module.scala.DefaultScalaModule$
2533:             1             16  com.fasterxml.jackson.module.scala.VersionExtractor$
2534:             1             16  com.fasterxml.jackson.module.scala.deser.BigDecimalDeserializer$$anonfun$$lessinit$greater$1
2535:             1             16  com.fasterxml.jackson.module.scala.deser.BigIntDeserializer$$anonfun$$lessinit$greater$2
2536:             1             16  com.fasterxml.jackson.module.scala.deser.EitherDeserializerResolver$
2537:             1             16  com.fasterxml.jackson.module.scala.deser.EnumerationDeserializerModule$$anonfun$1
2538:             1             16  com.fasterxml.jackson.module.scala.deser.EnumerationDeserializerResolver$
2539:             1             16  com.fasterxml.jackson.module.scala.deser.EnumerationKeyDeserializers$
2540:             1             16  com.fasterxml.jackson.module.scala.deser.OptionDeserializerResolver$
2541:             1             16  com.fasterxml.jackson.module.scala.deser.SeqDeserializerModule$$anonfun$1
2542:             1             16  com.fasterxml.jackson.module.scala.deser.SortedMapDeserializerModule$$anonfun$3
2543:             1             16  com.fasterxml.jackson.module.scala.deser.SortedMapDeserializerResolver$
2544:             1             16  com.fasterxml.jackson.module.scala.deser.SortedSetDeserializerModule$$anonfun$7
2545:             1             16  com.fasterxml.jackson.module.scala.deser.SortedSetDeserializerResolver$
2546:             1             16  com.fasterxml.jackson.module.scala.deser.TupleDeserializerResolver$
2547:             1             16  com.fasterxml.jackson.module.scala.deser.UnsortedMapDeserializerModule$$anonfun$3
2548:             1             16  com.fasterxml.jackson.module.scala.deser.UnsortedSetDeserializerModule$$anonfun$1
2549:             1             16  com.fasterxml.jackson.module.scala.deser.UntypedObjectDeserializerModule$$anonfun$1
2550:             1             16  com.fasterxml.jackson.module.scala.introspect.BeanIntrospector$
2551:             1             16  com.fasterxml.jackson.module.scala.introspect.ScalaAnnotationIntrospector$
2552:             1             16  com.fasterxml.jackson.module.scala.introspect.ScalaAnnotationIntrospectorModule$$anonfun$1
2553:             1             16  com.fasterxml.jackson.module.scala.introspect.ScalaAnnotationIntrospectorModule$$anonfun$2
2554:             1             16  com.fasterxml.jackson.module.scala.modifiers.IterableTypeModifier$
2555:             1             16  com.fasterxml.jackson.module.scala.modifiers.MapTypeModifer$
2556:             1             16  com.fasterxml.jackson.module.scala.modifiers.OptionTypeModifier$
2557:             1             16  com.fasterxml.jackson.module.scala.modifiers.ScalaIteratorTypeModifier$
2558:             1             16  com.fasterxml.jackson.module.scala.modifiers.SeqTypeModifier$
2559:             1             16  com.fasterxml.jackson.module.scala.modifiers.SetTypeModifier$
2560:             1             16  com.fasterxml.jackson.module.scala.ser.EitherSerializerModule$$anonfun$5
2561:             1             16  com.fasterxml.jackson.module.scala.ser.EitherSerializerResolver$
2562:             1             16  com.fasterxml.jackson.module.scala.ser.EnumerationSerializerResolver$
2563:             1             16  com.fasterxml.jackson.module.scala.ser.IterableSerializerResolver$
2564:             1             16  com.fasterxml.jackson.module.scala.ser.MapSerializerResolver$
2565:             1             16  com.fasterxml.jackson.module.scala.ser.OptionBeanSerializerModifier$
2566:             1             16  com.fasterxml.jackson.module.scala.ser.OptionSerializerModule$$anonfun$10
2567:             1             16  com.fasterxml.jackson.module.scala.ser.OptionSerializerResolver$
2568:             1             16  com.fasterxml.jackson.module.scala.ser.ScalaIteratorSerializerResolver$
2569:             1             16  com.fasterxml.jackson.module.scala.ser.TupleSerializerModule$$anonfun$1
2570:             1             16  com.fasterxml.jackson.module.scala.ser.TupleSerializerResolver$
2571:             1             16  com.fasterxml.jackson.module.scala.util.ClassW$
2572:             1             16  com.fasterxml.jackson.module.scala.util.Implicits$
2573:             1             16  com.google.common.base.Equivalence$Equals
2574:             1             16  com.google.common.base.Equivalence$Identity
2575:             1             16  com.google.common.base.Platform$1
2576:             1             16  com.google.common.base.Suppliers$SupplierOfInstance
2577:             1             16  com.google.common.base.Ticker$1
2578:             1             16  com.google.common.cache.CacheBuilder$1
2579:             1             16  com.google.common.cache.CacheBuilder$2
2580:             1             16  com.google.common.cache.CacheBuilder$3
2581:             1             16  com.google.common.cache.LocalCache$1
2582:             1             16  com.google.common.cache.LocalCache$2
2583:             1             16  com.google.common.cache.LocalCache$LocalLoadingCache
2584:             1             16  com.google.common.collect.Interners$1
2585:             1             16  com.google.common.collect.Interners$WeakInterner
2586:             1             16  com.google.common.collect.Iterators$1
2587:             1             16  com.google.common.collect.Iterators$2
2588:             1             16  com.google.common.collect.MapMakerInternalMap$1
2589:             1             16  com.google.common.collect.MapMakerInternalMap$2
2590:             1             16  com.sun.jmx.interceptor.DefaultMBeanServerInterceptor$ResourceContext$1
2591:             1             16  com.sun.jmx.mbeanserver.DefaultMXBeanMappingFactory
2592:             1             16  com.sun.jmx.mbeanserver.DescriptorCache
2593:             1             16  com.sun.jmx.mbeanserver.MBeanAnalyzer$MethodOrder
2594:             1             16  com.sun.jmx.mbeanserver.MBeanInstantiator
2595:             1             16  com.sun.jmx.mbeanserver.MXBeanIntrospector
2596:             1             16  com.sun.jmx.mbeanserver.SecureClassLoaderRepository
2597:             1             16  com.sun.jmx.mbeanserver.StandardMBeanIntrospector
2598:             1             16  com.sun.org.apache.xerces.internal.dom.CharacterDataImpl$1
2599:             1             16  com.sun.org.apache.xerces.internal.impl.dv.dtd.IDDatatypeValidator
2600:             1             16  com.sun.org.apache.xerces.internal.impl.dv.dtd.IDREFDatatypeValidator
2601:             1             16  com.sun.org.apache.xerces.internal.impl.dv.dtd.NMTOKENDatatypeValidator
2602:             1             16  com.sun.org.apache.xerces.internal.impl.dv.dtd.NOTATIONDatatypeValidator
2603:             1             16  com.sun.org.apache.xerces.internal.impl.dv.dtd.StringDatatypeValidator
2604:             1             16  com.sun.org.apache.xerces.internal.utils.SecuritySupport
2605:             1             16  com.sun.proxy.$Proxy1
2606:             1             16  com.sun.proxy.$Proxy14
2607:             1             16  com.sun.proxy.$Proxy15
2608:             1             16  com.sun.proxy.$Proxy17
2609:             1             16  com.sun.proxy.$Proxy3
2610:             1             16  com.sun.proxy.$Proxy6
2611:             1             16  com.sun.security.auth.UnixNumericUserPrincipal
2612:             1             16  com.sun.security.auth.UnixPrincipal
2613:             1             16  com.twitter.chill.ScalaTupleSerialization$
2614:             1             16  com.twitter.chill.package$
2615:             1             16  io.netty.buffer.ByteBufUtil$1
2616:             1             16  io.netty.buffer.ByteBufUtil$2
2617:             1             16  io.netty.channel.ChannelFutureListener$1
2618:             1             16  io.netty.channel.ChannelFutureListener$2
2619:             1             16  io.netty.channel.ChannelFutureListener$3
2620:             1             16  io.netty.channel.ChannelOutboundBuffer$1
2621:             1             16  io.netty.channel.DefaultChannelPipeline$1
2622:             1             16  io.netty.channel.DefaultMessageSizeEstimator
2623:             1             16  io.netty.channel.DefaultMessageSizeEstimator$HandleImpl
2624:             1             16  io.netty.channel.DefaultSelectStrategy
2625:             1             16  io.netty.channel.DefaultSelectStrategyFactory
2626:             1             16  io.netty.util.Recycler$1
2627:             1             16  io.netty.util.Recycler$3
2628:             1             16  io.netty.util.ResourceLeakDetectorFactory$DefaultResourceLeakDetectorFactory
2629:             1             16  io.netty.util.ThreadDeathWatcher$Watcher
2630:             1             16  io.netty.util.concurrent.DefaultPromise$CauseHolder
2631:             1             16  io.netty.util.concurrent.GlobalEventExecutor$1
2632:             1             16  io.netty.util.concurrent.GlobalEventExecutor$TaskRunner
2633:             1             16  io.netty.util.concurrent.RejectedExecutionHandlers$1
2634:             1             16  io.netty.util.concurrent.SingleThreadEventExecutor$1
2635:             1             16  io.netty.util.internal.NoOpTypeParameterMatcher
2636:             1             16  java.io.DeleteOnExitHook$1
2637:             1             16  java.io.FileDescriptor$1
2638:             1             16  java.io.ObjectInputStream$$Lambda$1/666312528
2639:             1             16  java.lang.ApplicationShutdownHooks$1
2640:             1             16  java.lang.CharacterDataLatin1
2641:             1             16  java.lang.ClassValue$Identity
2642:             1             16  java.lang.ProcessBuilder$NullInputStream
2643:             1             16  java.lang.ProcessBuilder$NullOutputStream
2644:             1             16  java.lang.ProcessEnvironment$StringEntrySet
2645:             1             16  java.lang.Runtime
2646:             1             16  java.lang.String$CaseInsensitiveComparator
2647:             1             16  java.lang.System$2
2648:             1             16  java.lang.Terminator$1
2649:             1             16  java.lang.UNIXProcess$$Lambda$5/1254907391
2650:             1             16  java.lang.UNIXProcess$$Lambda$6/1475982439
2651:             1             16  java.lang.UNIXProcess$Platform$$Lambda$2/2119713755
2652:             1             16  java.lang.invoke.MemberName$Factory
2653:             1             16  java.lang.invoke.MethodHandleImpl$2
2654:             1             16  java.lang.invoke.MethodHandleImpl$3
2655:             1             16  java.lang.management.PlatformComponent$1
2656:             1             16  java.lang.management.PlatformComponent$10
2657:             1             16  java.lang.management.PlatformComponent$11
2658:             1             16  java.lang.management.PlatformComponent$12
2659:             1             16  java.lang.management.PlatformComponent$13
2660:             1             16  java.lang.management.PlatformComponent$14
2661:             1             16  java.lang.management.PlatformComponent$15
2662:             1             16  java.lang.management.PlatformComponent$2
2663:             1             16  java.lang.management.PlatformComponent$3
2664:             1             16  java.lang.management.PlatformComponent$4
2665:             1             16  java.lang.management.PlatformComponent$5
2666:             1             16  java.lang.management.PlatformComponent$6
2667:             1             16  java.lang.management.PlatformComponent$7
2668:             1             16  java.lang.management.PlatformComponent$8
2669:             1             16  java.lang.management.PlatformComponent$9
2670:             1             16  java.lang.ref.Reference$1
2671:             1             16  java.lang.ref.Reference$Lock
2672:             1             16  java.lang.reflect.Proxy$KeyFactory
2673:             1             16  java.lang.reflect.Proxy$ProxyClassFactory
2674:             1             16  java.lang.reflect.ReflectAccess
2675:             1             16  java.math.BigDecimal$1
2676:             1             16  java.net.InetAddress$2
2677:             1             16  java.net.URLClassLoader$7
2678:             1             16  java.nio.Bits$1
2679:             1             16  java.nio.Bits$1$1
2680:             1             16  java.nio.charset.CoderResult$1
2681:             1             16  java.nio.charset.CoderResult$2
2682:             1             16  java.security.AllPermission
2683:             1             16  java.security.ProtectionDomain$2
2684:             1             16  java.security.ProtectionDomain$JavaSecurityAccessImpl
2685:             1             16  java.text.DontCareFieldPosition$1
2686:             1             16  java.util.Collections$EmptyEnumeration
2687:             1             16  java.util.Collections$EmptyIterator
2688:             1             16  java.util.Collections$EmptyList
2689:             1             16  java.util.Collections$EmptySet
2690:             1             16  java.util.Collections$UnmodifiableCollection
2691:             1             16  java.util.Currency$CurrencyNameGetter
2692:             1             16  java.util.Hashtable$KeySet
2693:             1             16  java.util.ResourceBundle$Control
2694:             1             16  java.util.Timer$1
2695:             1             16  java.util.concurrent.ConcurrentSkipListMap$KeySet
2696:             1             16  java.util.concurrent.CopyOnWriteArraySet
2697:             1             16  java.util.concurrent.Executors$FinalizableDelegatedExecutorService
2698:             1             16  java.util.concurrent.ThreadPoolExecutor$AbortPolicy
2699:             1             16  java.util.jar.JavaUtilJarAccessImpl
2700:             1             16  java.util.logging.LoggingProxyImpl
2701:             1             16  java.util.regex.Pattern$4
2702:             1             16  java.util.regex.Pattern$CharPropertyNames$10
2703:             1             16  java.util.regex.Pattern$CharPropertyNames$11
2704:             1             16  java.util.regex.Pattern$CharPropertyNames$12
2705:             1             16  java.util.regex.Pattern$CharPropertyNames$13
2706:             1             16  java.util.regex.Pattern$CharPropertyNames$14
2707:             1             16  java.util.regex.Pattern$CharPropertyNames$15
2708:             1             16  java.util.regex.Pattern$CharPropertyNames$16
2709:             1             16  java.util.regex.Pattern$CharPropertyNames$17
2710:             1             16  java.util.regex.Pattern$CharPropertyNames$18
2711:             1             16  java.util.regex.Pattern$CharPropertyNames$19
2712:             1             16  java.util.regex.Pattern$CharPropertyNames$20
2713:             1             16  java.util.regex.Pattern$CharPropertyNames$21
2714:             1             16  java.util.regex.Pattern$CharPropertyNames$22
2715:             1             16  java.util.regex.Pattern$CharPropertyNames$23
2716:             1             16  java.util.regex.Pattern$CharPropertyNames$5
2717:             1             16  java.util.regex.Pattern$CharPropertyNames$6
2718:             1             16  java.util.regex.Pattern$CharPropertyNames$8
2719:             1             16  java.util.regex.Pattern$CharPropertyNames$9
2720:             1             16  java.util.regex.Pattern$LastMatch
2721:             1             16  java.util.regex.Pattern$LastNode
2722:             1             16  java.util.regex.Pattern$Node
2723:             1             16  java.util.zip.ZipFile$1
2724:             1             16  javassist.ClassPoolTail
2725:             1             16  javax.management.JMX
2726:             1             16  javax.management.MBeanServerBuilder
2727:             1             16  javax.management.NotificationBroadcasterSupport$1
2728:             1             16  javax.xml.parsers.SecuritySupport
2729:             1             16  net.jpountz.lz4.LZ4JNICompressor
2730:             1             16  net.jpountz.lz4.LZ4JNIFastDecompressor
2731:             1             16  net.jpountz.lz4.LZ4JNISafeDecompressor
2732:             1             16  net.jpountz.xxhash.StreamingXXHash32JNI$Factory
2733:             1             16  net.jpountz.xxhash.StreamingXXHash64JNI$Factory
2734:             1             16  net.jpountz.xxhash.XXHash32JNI
2735:             1             16  net.jpountz.xxhash.XXHash64JNI
2736:             1             16  org.apache.hadoop.fs.ChecksumFileSystem$1
2737:             1             16  org.apache.hadoop.fs.FileContext$1
2738:             1             16  org.apache.hadoop.fs.FileContext$FileContextFinalizer
2739:             1             16  org.apache.hadoop.fs.FileContext$Util
2740:             1             16  org.apache.hadoop.fs.FileSystem$3
2741:             1             16  org.apache.hadoop.fs.FileSystem$Cache$ClientFinalizer
2742:             1             16  org.apache.hadoop.fs.FsServerDefaults$1
2743:             1             16  org.apache.hadoop.fs.permission.FsPermission$1
2744:             1             16  org.apache.hadoop.hdfs.HftpFileSystem$1
2745:             1             16  org.apache.hadoop.hdfs.HftpFileSystem$HftpDelegationTokenSelector
2746:             1             16  org.apache.hadoop.hdfs.web.WebHdfsFileSystem$1
2747:             1             16  org.apache.hadoop.hdfs.web.WebHdfsFileSystem$WebHdfsDelegationTokenSelector
2748:             1             16  org.apache.hadoop.io.Text$1
2749:             1             16  org.apache.hadoop.io.Text$2
2750:             1             16  org.apache.hadoop.metrics2.lib.MetricsSourceBuilder$1
2751:             1             16  org.apache.hadoop.metrics2.lib.MutableMetricsFactory
2752:             1             16  org.apache.hadoop.security.JniBasedUnixGroupsMappingWithFallback
2753:             1             16  org.apache.hadoop.security.SecurityUtil$StandardHostResolver
2754:             1             16  org.apache.hadoop.security.ShellBasedUnixGroupsMapping
2755:             1             16  org.apache.hadoop.security.UserGroupInformation$HadoopConfiguration
2756:             1             16  org.apache.hadoop.security.UserGroupInformation$HadoopLoginModule
2757:             1             16  org.apache.hadoop.util.ReflectionUtils$1
2758:             1             16  org.apache.kafka.clients.consumer.ConsumerRecords
2759:             1             16  org.apache.kafka.clients.consumer.internals.NoOpConsumerRebalanceListener
2760:             1             16  org.apache.kafka.clients.producer.internals.DefaultPartitioner
2761:             1             16  org.apache.kafka.clients.producer.internals.RecordAccumulator$1
2762:             1             16  org.apache.kafka.clients.producer.internals.RecordAccumulator$2
2763:             1             16  org.apache.kafka.clients.producer.internals.RecordAccumulator$3
2764:             1             16  org.apache.kafka.clients.producer.internals.RecordAccumulator$IncompleteRecordBatches
2765:             1             16  org.apache.kafka.common.protocol.types.Type$1
2766:             1             16  org.apache.kafka.common.protocol.types.Type$2
2767:             1             16  org.apache.kafka.common.protocol.types.Type$3
2768:             1             16  org.apache.kafka.common.protocol.types.Type$4
2769:             1             16  org.apache.kafka.common.protocol.types.Type$5
2770:             1             16  org.apache.kafka.common.protocol.types.Type$6
2771:             1             16  org.apache.kafka.common.protocol.types.Type$7
2772:             1             16  org.apache.kafka.common.protocol.types.Type$8
2773:             1             16  org.apache.kafka.common.protocol.types.Type$9
2774:             1             16  org.apache.kafka.common.record.Compressor$1
2775:             1             16  org.apache.kafka.common.record.Compressor$2
2776:             1             16  org.apache.kafka.common.record.Compressor$3
2777:             1             16  org.apache.kafka.common.record.Compressor$4
2778:             1             16  org.apache.kafka.common.serialization.LongSerializer
2779:             1             16  org.apache.kafka.common.serialization.StringSerializer
2780:             1             16  org.apache.kafka.common.utils.CopyOnWriteMap
2781:             1             16  org.apache.log4j.DefaultCategoryFactory
2782:             1             16  org.apache.log4j.helpers.AppenderAttachableImpl
2783:             1             16  org.apache.log4j.or.DefaultRenderer
2784:             1             16  org.apache.log4j.or.RendererMap
2785:             1             16  org.apache.log4j.spi.DefaultRepositorySelector
2786:             1             16  org.apache.spark.ContextCleaner$
2787:             1             16  org.apache.spark.ContextCleaner$$anon$2
2788:             1             16  org.apache.spark.ContextCleaner$$anonfun$org$apache$spark$ContextCleaner$$keepCleaning$1
2789:             1             16  org.apache.spark.ExpireDeadHosts$
2790:             1             16  org.apache.spark.HeartbeatReceiver$
2791:             1             16  org.apache.spark.HeartbeatReceiver$$anon$1
2792:             1             16  org.apache.spark.Resubmitted$
2793:             1             16  org.apache.spark.SSLOptions$
2794:             1             16  org.apache.spark.SparkConf$$anon$1
2795:             1             16  org.apache.spark.SparkConf$$anonfun$3
2796:             1             16  org.apache.spark.SparkConf$$anonfun$4
2797:             1             16  org.apache.spark.SparkConf$AlternateConfig$
2798:             1             16  org.apache.spark.SparkContext$$anon$2
2799:             1             16  org.apache.spark.SparkContext$$anonfun$2
2800:             1             16  org.apache.spark.SparkContext$$anonfun$runJob$4
2801:             1             16  org.apache.spark.SparkFiles$
2802:             1             16  org.apache.spark.Success$
2803:             1             16  org.apache.spark.TaskContext$
2804:             1             16  org.apache.spark.TaskSchedulerIsSet$
2805:             1             16  org.apache.spark.broadcast.TorrentBroadcast$
2806:             1             16  org.apache.spark.broadcast.TorrentBroadcastFactory
2807:             1             16  org.apache.spark.deploy.OptionAssigner$
2808:             1             16  org.apache.spark.deploy.SparkSubmitArguments$
2809:             1             16  org.apache.spark.deploy.SparkSubmitUtils$
2810:             1             16  org.apache.spark.executor.Executor$
2811:             1             16  org.apache.spark.executor.Executor$$anon$1
2812:             1             16  org.apache.spark.executor.Executor$$anon$1$$anonfun$run$1
2813:             1             16  org.apache.spark.executor.Executor$$anonfun$org$apache$spark$executor$Executor$$computeTotalGcTime$1
2814:             1             16  org.apache.spark.executor.ExecutorSource$$anon$2
2815:             1             16  org.apache.spark.executor.ExecutorSource$$anon$3
2816:             1             16  org.apache.spark.executor.ExecutorSource$$anon$4
2817:             1             16  org.apache.spark.executor.ExecutorSource$$anon$5
2818:             1             16  org.apache.spark.executor.TaskMetrics$
2819:             1             16  org.apache.spark.internal.config.ConfigBuilder$$anonfun$doubleConf$1
2820:             1             16  org.apache.spark.internal.config.ConfigEntry$
2821:             1             16  org.apache.spark.internal.config.ConfigHelpers$
2822:             1             16  org.apache.spark.internal.config.ConfigReader$
2823:             1             16  org.apache.spark.internal.config.EnvProvider
2824:             1             16  org.apache.spark.internal.config.MapProvider
2825:             1             16  org.apache.spark.internal.config.SparkConfigProvider
2826:             1             16  org.apache.spark.internal.config.TypedConfigBuilder$$anonfun$toSequence$1
2827:             1             16  org.apache.spark.internal.config.TypedConfigBuilder$$anonfun$toSequence$2
2828:             1             16  org.apache.spark.memory.UnifiedMemoryManager$
2829:             1             16  org.apache.spark.metrics.sink.MetricsServlet$$anonfun$getHandlers$1
2830:             1             16  org.apache.spark.metrics.source.StaticSources$
2831:             1             16  org.apache.spark.network.netty.SparkTransportConf$
2832:             1             16  org.apache.spark.network.server.NoOpRpcHandler
2833:             1             16  org.apache.spark.network.server.RpcHandler$OneWayRpcCallback
2834:             1             16  org.apache.spark.rdd.MapPartitionsRDD$
2835:             1             16  org.apache.spark.rdd.RDD$
2836:             1             16  org.apache.spark.rpc.RpcEndpointAddress$
2837:             1             16  org.apache.spark.rpc.RpcEnv$
2838:             1             16  org.apache.spark.rpc.RpcTimeout$
2839:             1             16  org.apache.spark.rpc.netty.OnStart$
2840:             1             16  org.apache.spark.rpc.netty.OnStop$
2841:             1             16  org.apache.spark.rpc.netty.RpcEndpointVerifier$
2842:             1             16  org.apache.spark.scheduler.AccumulableInfo$
2843:             1             16  org.apache.spark.scheduler.AllJobsCancelled$
2844:             1             16  org.apache.spark.scheduler.DAGScheduler$
2845:             1             16  org.apache.spark.scheduler.DAGSchedulerSource$$anon$1
2846:             1             16  org.apache.spark.scheduler.DAGSchedulerSource$$anon$2
2847:             1             16  org.apache.spark.scheduler.DAGSchedulerSource$$anon$3
2848:             1             16  org.apache.spark.scheduler.DAGSchedulerSource$$anon$4
2849:             1             16  org.apache.spark.scheduler.DAGSchedulerSource$$anon$5
2850:             1             16  org.apache.spark.scheduler.FIFOSchedulingAlgorithm
2851:             1             16  org.apache.spark.scheduler.JobSucceeded$
2852:             1             16  org.apache.spark.scheduler.LiveListenerBus$$anon$1$$anonfun$run$1$$anonfun$apply$mcV$sp$1
2853:             1             16  org.apache.spark.scheduler.StageInfo$
2854:             1             16  org.apache.spark.scheduler.Task$
2855:             1             16  org.apache.spark.scheduler.TaskSetManager$
2856:             1             16  org.apache.spark.scheduler.local.ReviveOffers$
2857:             1             16  org.apache.spark.serializer.KryoSerializer$$anon$1
2858:             1             16  org.apache.spark.shuffle.IndexShuffleBlockResolver$
2859:             1             16  org.apache.spark.sql.Column$
2860:             1             16  org.apache.spark.sql.Dataset$
2861:             1             16  org.apache.spark.sql.Encoders$
2862:             1             16  org.apache.spark.sql.InternalOutputModes$Append$
2863:             1             16  org.apache.spark.sql.InternalOutputModes$Complete$
2864:             1             16  org.apache.spark.sql.InternalOutputModes$Update$
2865:             1             16  org.apache.spark.sql.SparkSession$Builder$$anon$1
2866:             1             16  org.apache.spark.sql.SparkSession$implicits$
2867:             1             16  org.apache.spark.sql.catalyst.CatalystTypeConverters$
2868:             1             16  org.apache.spark.sql.catalyst.InternalRow$
2869:             1             16  org.apache.spark.sql.catalyst.analysis.Analyzer$ExtractGenerator$AliasedGenerator$
2870:             1             16  org.apache.spark.sql.catalyst.analysis.DecimalPrecision$$anonfun$1
2871:             1             16  org.apache.spark.sql.catalyst.analysis.DecimalPrecision$$anonfun$2
2872:             1             16  org.apache.spark.sql.catalyst.analysis.DecimalPrecision$$anonfun$3
2873:             1             16  org.apache.spark.sql.catalyst.analysis.ResolveTableValuedFunctions$$anonfun$1
2874:             1             16  org.apache.spark.sql.catalyst.analysis.ResolveTableValuedFunctions$$anonfun$2
2875:             1             16  org.apache.spark.sql.catalyst.analysis.ResolveTableValuedFunctions$$anonfun$3
2876:             1             16  org.apache.spark.sql.catalyst.analysis.ResolveTableValuedFunctions$$anonfun$4
2877:             1             16  org.apache.spark.sql.catalyst.analysis.TypeCheckResult$TypeCheckSuccess$
2878:             1             16  org.apache.spark.sql.catalyst.analysis.TypeCoercion$$anonfun$1
2879:             1             16  org.apache.spark.sql.catalyst.analysis.UnresolvedAlias$
2880:             1             16  org.apache.spark.sql.catalyst.analysis.UnresolvedAttribute$
2881:             1             16  org.apache.spark.sql.catalyst.analysis.UnresolvedDeserializer$
2882:             1             16  org.apache.spark.sql.catalyst.analysis.UnsupportedOperationChecker$
2883:             1             16  org.apache.spark.sql.catalyst.analysis.package$$anonfun$1
2884:             1             16  org.apache.spark.sql.catalyst.analysis.package$$anonfun$2
2885:             1             16  org.apache.spark.sql.catalyst.catalog.SessionCatalog$
2886:             1             16  org.apache.spark.sql.catalyst.encoders.ExpressionEncoder$
2887:             1             16  org.apache.spark.sql.catalyst.encoders.RowEncoder$
2888:             1             16  org.apache.spark.sql.catalyst.encoders.package$
2889:             1             16  org.apache.spark.sql.catalyst.errors.package$
2890:             1             16  org.apache.spark.sql.catalyst.expressions.Alias$
2891:             1             16  org.apache.spark.sql.catalyst.expressions.AttributeMap$
2892:             1             16  org.apache.spark.sql.catalyst.expressions.AttributeReference$
2893:             1             16  org.apache.spark.sql.catalyst.expressions.AttributeSet
2894:             1             16  org.apache.spark.sql.catalyst.expressions.AttributeSet$
2895:             1             16  org.apache.spark.sql.catalyst.expressions.BindReferences$
2896:             1             16  org.apache.spark.sql.catalyst.expressions.Cast$
2897:             1             16  org.apache.spark.sql.catalyst.expressions.CreateStruct$
2898:             1             16  org.apache.spark.sql.catalyst.expressions.ExpressionSet$
2899:             1             16  org.apache.spark.sql.catalyst.expressions.GeneratedClass
2900:             1             16  org.apache.spark.sql.catalyst.expressions.GeneratedClass
2901:             1             16  org.apache.spark.sql.catalyst.expressions.GeneratedClass
2902:             1             16  org.apache.spark.sql.catalyst.expressions.GenericInternalRow
2903:             1             16  org.apache.spark.sql.catalyst.expressions.PredicateSubquery$
2904:             1             16  org.apache.spark.sql.catalyst.expressions.ScalarSubquery$
2905:             1             16  org.apache.spark.sql.catalyst.expressions.UnsafeProjection$
2906:             1             16  org.apache.spark.sql.catalyst.expressions.codegen.CodeFormatter$
2907:             1             16  org.apache.spark.sql.catalyst.expressions.codegen.CodeGenerator$$anon$1
2908:             1             16  org.apache.spark.sql.catalyst.expressions.objects.Invoke$
2909:             1             16  org.apache.spark.sql.catalyst.expressions.objects.NewInstance$
2910:             1             16  org.apache.spark.sql.catalyst.expressions.objects.StaticInvoke$
2911:             1             16  org.apache.spark.sql.catalyst.expressions.package$
2912:             1             16  org.apache.spark.sql.catalyst.package$ScalaReflectionLock$
2913:             1             16  org.apache.spark.sql.catalyst.planning.ExtractEquiJoinKeys$
2914:             1             16  org.apache.spark.sql.catalyst.planning.ExtractFiltersAndInnerJoins$
2915:             1             16  org.apache.spark.sql.catalyst.planning.PhysicalAggregation$
2916:             1             16  org.apache.spark.sql.catalyst.planning.PhysicalOperation$
2917:             1             16  org.apache.spark.sql.catalyst.plans.logical.CatalystSerde$
2918:             1             16  org.apache.spark.sql.catalyst.plans.logical.LocalRelation$
2919:             1             16  org.apache.spark.sql.catalyst.plans.logical.MapElements$
2920:             1             16  org.apache.spark.sql.catalyst.plans.physical.UnspecifiedDistribution$
2921:             1             16  org.apache.spark.sql.catalyst.rules.RuleExecutor$
2922:             1             16  org.apache.spark.sql.catalyst.trees.CurrentOrigin$
2923:             1             16  org.apache.spark.sql.catalyst.trees.CurrentOrigin$$anon$1
2924:             1             16  org.apache.spark.sql.catalyst.trees.Origin$
2925:             1             16  org.apache.spark.sql.catalyst.util.CaseInsensitiveMap
2926:             1             16  org.apache.spark.sql.catalyst.util.DateTimeUtils$$anon$1
2927:             1             16  org.apache.spark.sql.catalyst.util.DateTimeUtils$$anon$2
2928:             1             16  org.apache.spark.sql.catalyst.util.DateTimeUtils$$anon$3
2929:             1             16  org.apache.spark.sql.catalyst.util.DateTimeUtils$$anon$4
2930:             1             16  org.apache.spark.sql.catalyst.util.StringKeyHashMap$
2931:             1             16  org.apache.spark.sql.execution.LogicalRDD$
2932:             1             16  org.apache.spark.sql.execution.SparkStrategies$StatefulAggregationStrategy$
2933:             1             16  org.apache.spark.sql.execution.SparkStrategies$StreamingRelationStrategy$
2934:             1             16  org.apache.spark.sql.execution.WholeStageCodegenExec$
2935:             1             16  org.apache.spark.sql.execution.datasources.DataSourceStrategy$
2936:             1             16  org.apache.spark.sql.execution.datasources.FileSourceStrategy$
2937:             1             16  org.apache.spark.sql.execution.datasources.HiveOnlyCheck$
2938:             1             16  org.apache.spark.sql.execution.datasources.parquet.ParquetLogRedirector
2939:             1             16  org.apache.spark.sql.execution.metric.SQLMetric$
2940:             1             16  org.apache.spark.sql.execution.streaming.HDFSMetadataLog$$anon$1
2941:             1             16  org.apache.spark.sql.execution.streaming.HDFSMetadataLog$FileContextManager
2942:             1             16  org.apache.spark.sql.execution.streaming.OffsetSeq$
2943:             1             16  org.apache.spark.sql.execution.streaming.OffsetSeqMetadata$
2944:             1             16  org.apache.spark.sql.execution.streaming.StreamExecution$$anonfun$org$apache$spark$sql$execution$streaming$StreamExecution$$runBatches$1
2945:             1             16  org.apache.spark.sql.execution.streaming.StreamExecution$ACTIVE$
2946:             1             16  org.apache.spark.sql.execution.streaming.StreamExecution$INITIALIZED$
2947:             1             16  org.apache.spark.sql.execution.streaming.StreamMetadata
2948:             1             16  org.apache.spark.sql.execution.streaming.StreamProgress$
2949:             1             16  org.apache.spark.sql.execution.streaming.StreamingRelation$
2950:             1             16  org.apache.spark.sql.execution.streaming.state.StateStoreCoordinatorRef
2951:             1             16  org.apache.spark.sql.execution.ui.SQLTab$
2952:             1             16  org.apache.spark.sql.internal.SQLConf$$anonfun$1
2953:             1             16  org.apache.spark.sql.internal.SQLConf$SQLConfigBuilder$
2954:             1             16  org.apache.spark.sql.internal.SessionState$$anon$2
2955:             1             16  org.apache.spark.sql.internal.SharedState$
2956:             1             16  org.apache.spark.sql.kafka010.EarliestOffsets$
2957:             1             16  org.apache.spark.sql.kafka010.JsonUtils$
2958:             1             16  org.apache.spark.sql.kafka010.KafkaSourceOffset$
2959:             1             16  org.apache.spark.sql.kafka010.LatestOffsets$
2960:             1             16  org.apache.spark.sql.types.BinaryType$$anon$1
2961:             1             16  org.apache.spark.sql.types.CalendarIntervalType$
2962:             1             16  org.apache.spark.sql.types.Decimal$DecimalAsIfIntegral$
2963:             1             16  org.apache.spark.sql.types.Decimal$DecimalIsFractional$
2964:             1             16  org.apache.spark.sql.types.DoubleType$$anon$1
2965:             1             16  org.apache.spark.sql.types.FloatType$$anon$1
2966:             1             16  org.apache.spark.sql.types.Metadata$
2967:             1             16  org.apache.spark.sql.types.NullType$
2968:             1             16  org.apache.spark.sql.types.StructField$
2969:             1             16  org.apache.spark.sql.types.StructType$
2970:             1             16  org.apache.spark.status.api.v1.ApiRootResource$
2971:             1             16  org.apache.spark.status.api.v1.UIRootFromServletContext$
2972:             1             16  org.apache.spark.storage.BlockManager$
2973:             1             16  org.apache.spark.storage.BlockManagerId$
2974:             1             16  org.apache.spark.storage.BlockManagerMaster$
2975:             1             16  org.apache.spark.storage.BlockManagerMessages$GetMemoryStatus$
2976:             1             16  org.apache.spark.storage.BlockManagerMessages$GetStorageStatus$
2977:             1             16  org.apache.spark.storage.BlockManagerMessages$StopBlockManagerMaster$
2978:             1             16  org.apache.spark.storage.BlockManagerSource$$anon$1
2979:             1             16  org.apache.spark.storage.BlockManagerSource$$anon$2
2980:             1             16  org.apache.spark.storage.BlockManagerSource$$anon$3
2981:             1             16  org.apache.spark.storage.BlockManagerSource$$anon$4
2982:             1             16  org.apache.spark.storage.BlockStatus$
2983:             1             16  org.apache.spark.storage.BlockUpdatedInfo$
2984:             1             16  org.apache.spark.storage.BroadcastBlockId$
2985:             1             16  org.apache.spark.storage.DefaultTopologyMapper
2986:             1             16  org.apache.spark.storage.DiskBlockManager$$anonfun$addShutdownHook$1
2987:             1             16  org.apache.spark.storage.RDDInfo$
2988:             1             16  org.apache.spark.storage.RandomBlockReplicationPolicy
2989:             1             16  org.apache.spark.storage.StorageUtils$
2990:             1             16  org.apache.spark.ui.JettyUtils$
2991:             1             16  org.apache.spark.ui.JettyUtils$$anonfun$createRedirectHandler$default$3$1
2992:             1             16  org.apache.spark.ui.JettyUtils$ServletParams$
2993:             1             16  org.apache.spark.ui.JettyUtils$ServletParams$$anonfun$$lessinit$greater$default$3$1
2994:             1             16  org.apache.spark.ui.SparkUI$$anonfun$3
2995:             1             16  org.apache.spark.ui.SparkUI$$anonfun$4
2996:             1             16  org.apache.spark.ui.exec.ExecutorTaskSummary$
2997:             1             16  org.apache.spark.ui.jobs.UIData$InputMetricsUIData$
2998:             1             16  org.apache.spark.ui.jobs.UIData$JobUIData$
2999:             1             16  org.apache.spark.ui.jobs.UIData$OutputMetricsUIData$
3000:             1             16  org.apache.spark.ui.jobs.UIData$ShuffleReadMetricsUIData$
3001:             1             16  org.apache.spark.ui.jobs.UIData$ShuffleWriteMetricsUIData$
3002:             1             16  org.apache.spark.ui.jobs.UIData$TaskUIData$
3003:             1             16  org.apache.spark.unsafe.memory.HeapMemoryAllocator
3004:             1             16  org.apache.spark.unsafe.memory.UnsafeMemoryAllocator
3005:             1             16  org.apache.spark.util.ByteBufferInputStream$
3006:             1             16  org.apache.spark.util.ClosureCleaner$
3007:             1             16  org.apache.spark.util.CommandLineUtils$$anonfun$1
3008:             1             16  org.apache.spark.util.CompletionIterator$
3009:             1             16  org.apache.spark.util.FieldAccessFinder$
3010:             1             16  org.apache.spark.util.IdGenerator
3011:             1             16  org.apache.spark.util.RpcUtils$
3012:             1             16  org.apache.spark.util.ShutdownHookManager$$anonfun$1
3013:             1             16  org.apache.spark.util.SparkShutdownHookManager$$anon$2
3014:             1             16  org.apache.spark.util.ThreadUtils$
3015:             1             16  org.apache.spark.util.collection.OpenHashSet$$anonfun$1
3016:             1             16  org.apache.spark.util.collection.OpenHashSet$$anonfun$2
3017:             1             16  org.apache.spark.util.collection.PrimitiveVector$
3018:             1             16  org.codehaus.janino.IClass$1
3019:             1             16  org.codehaus.janino.Java$Located$1
3020:             1             16  org.codehaus.janino.Java$Rvalue$2
3021:             1             16  org.eclipse.jetty.http.HttpGenerator$1
3022:             1             16  org.eclipse.jetty.util.ConcurrentArrayQueue$1
3023:             1             16  org.eclipse.jetty.util.Uptime
3024:             1             16  org.eclipse.jetty.util.thread.QueuedThreadPool$3
3025:             1             16  org.eclipse.jetty.util.thread.ScheduledExecutorScheduler$1
3026:             1             16  org.json4s.DefaultFormats$$anonfun$5
3027:             1             16  org.json4s.Extraction$
3028:             1             16  org.json4s.JsonAST$JArray$
3029:             1             16  org.json4s.JsonAST$JBool$
3030:             1             16  org.json4s.JsonAST$JDecimal$
3031:             1             16  org.json4s.JsonAST$JDouble$
3032:             1             16  org.json4s.JsonAST$JField$
3033:             1             16  org.json4s.JsonAST$JInt$
3034:             1             16  org.json4s.JsonAST$JNothing$
3035:             1             16  org.json4s.JsonAST$JNull$
3036:             1             16  org.json4s.JsonAST$JObject$
3037:             1             16  org.json4s.JsonAST$JString$
3038:             1             16  org.json4s.JsonDSL$
3039:             1             16  org.json4s.JsonWriter$
3040:             1             16  org.json4s.jackson.JValueDeserializer
3041:             1             16  org.json4s.jackson.JValueDeserializerResolver$
3042:             1             16  org.json4s.jackson.JValueSerializer
3043:             1             16  org.json4s.jackson.JValueSerializerResolver$
3044:             1             16  org.json4s.jackson.Serialization$
3045:             1             16  org.json4s.prefs.EmptyValueStrategy$$anon$1
3046:             1             16  org.json4s.prefs.EmptyValueStrategy$$anon$2
3047:             1             16  org.json4s.reflect.ManifestFactory$
3048:             1             16  org.json4s.reflect.PrimitiveDescriptor$
3049:             1             16  org.json4s.reflect.package$ParanamerReader$
3050:             1             16  org.json4s.reflect.package$TypeInfo$
3051:             1             16  org.slf4j.helpers.NOPLoggerFactory
3052:             1             16  org.slf4j.impl.Log4jLoggerFactory
3053:             1             16  org.slf4j.impl.StaticLoggerBinder
3054:             1             16  org.xerial.snappy.SnappyNative
3055:             1             16  org.xerial.snappy.buffer.CachedBufferAllocator$1
3056:             1             16  scala.None$
3057:             1             16  scala.Option$
3058:             1             16  scala.PartialFunction$$anon$1
3059:             1             16  scala.PartialFunction$$anon$1$$anonfun$3
3060:             1             16  scala.PartialFunction$$anonfun$1
3061:             1             16  scala.PartialFunction$$anonfun$2
3062:             1             16  scala.Predef$$anon$1
3063:             1             16  scala.Predef$$anon$2
3064:             1             16  scala.Predef$$anon$3
3065:             1             16  scala.Predef$ArrowAssoc$
3066:             1             16  scala.Predef$DummyImplicit$
3067:             1             16  scala.Predef$any2stringadd$
3068:             1             16  scala.StringContext$
3069:             1             16  scala.Unit$
3070:             1             16  scala.collection.$colon$plus$
3071:             1             16  scala.collection.$plus$colon$
3072:             1             16  scala.collection.IndexedSeq$$anon$1
3073:             1             16  scala.collection.Iterable$
3074:             1             16  scala.collection.Iterator$
3075:             1             16  scala.collection.Iterator$$anon$2
3076:             1             16  scala.collection.JavaConversions$
3077:             1             16  scala.collection.JavaConverters$
3078:             1             16  scala.collection.Seq$
3079:             1             16  scala.collection.SeqView$
3080:             1             16  scala.collection.Set$
3081:             1             16  scala.collection.convert.DecorateAsScala$$anonfun$asScalaBufferConverter$1
3082:             1             16  scala.collection.convert.DecorateAsScala$$anonfun$collectionAsScalaIterableConverter$1
3083:             1             16  scala.collection.convert.Decorators$
3084:             1             16  scala.collection.convert.WrapAsJava$
3085:             1             16  scala.collection.convert.WrapAsScala$
3086:             1             16  scala.collection.generic.Growable$$anonfun$$plus$plus$eq$1
3087:             1             16  scala.collection.immutable.$colon$colon$
3088:             1             16  scala.collection.immutable.BitSet$
3089:             1             16  scala.collection.immutable.HashMap$
3090:             1             16  scala.collection.immutable.HashMap$$anon$2$$anon$3
3091:             1             16  scala.collection.immutable.HashMap$$anonfun$1
3092:             1             16  scala.collection.immutable.HashMap$EmptyHashMap$
3093:             1             16  scala.collection.immutable.HashSet$
3094:             1             16  scala.collection.immutable.HashSet$EmptyHashSet$
3095:             1             16  scala.collection.immutable.IndexedSeq$
3096:             1             16  scala.collection.immutable.Iterable$
3097:             1             16  scala.collection.immutable.List$$anon$1
3098:             1             16  scala.collection.immutable.ListMap$
3099:             1             16  scala.collection.immutable.ListMap$EmptyListMap$
3100:             1             16  scala.collection.immutable.ListSerializeEnd$
3101:             1             16  scala.collection.immutable.ListSet$
3102:             1             16  scala.collection.immutable.ListSet$EmptyListSet$
3103:             1             16  scala.collection.immutable.Map$
3104:             1             16  scala.collection.immutable.Map$$anonfun$withDefaultValue$1
3105:             1             16  scala.collection.immutable.Map$EmptyMap$
3106:             1             16  scala.collection.immutable.Nil$
3107:             1             16  scala.collection.immutable.Queue$
3108:             1             16  scala.collection.immutable.Range$
3109:             1             16  scala.collection.immutable.Seq$
3110:             1             16  scala.collection.immutable.Set$
3111:             1             16  scala.collection.immutable.Set$EmptySet$
3112:             1             16  scala.collection.immutable.Stream$
3113:             1             16  scala.collection.immutable.Stream$$hash$colon$colon$
3114:             1             16  scala.collection.immutable.Stream$Empty$
3115:             1             16  scala.collection.immutable.Stream$cons$
3116:             1             16  scala.collection.immutable.StringOps$
3117:             1             16  scala.collection.immutable.Traversable$
3118:             1             16  scala.collection.mutable.ArrayBuffer$
3119:             1             16  scala.collection.mutable.ArrayBuilder$
3120:             1             16  scala.collection.mutable.ArrayOps$ofByte$
3121:             1             16  scala.collection.mutable.ArrayOps$ofDouble$
3122:             1             16  scala.collection.mutable.ArrayOps$ofInt$
3123:             1             16  scala.collection.mutable.ArrayOps$ofLong$
3124:             1             16  scala.collection.mutable.ArrayOps$ofRef$
3125:             1             16  scala.collection.mutable.ArraySeq$
3126:             1             16  scala.collection.mutable.BitSet$
3127:             1             16  scala.collection.mutable.Buffer$
3128:             1             16  scala.collection.mutable.FlatHashTable$
3129:             1             16  scala.collection.mutable.FlatHashTable$NullSentinel$
3130:             1             16  scala.collection.mutable.HashMap$
3131:             1             16  scala.collection.mutable.HashSet$
3132:             1             16  scala.collection.mutable.HashTable$
3133:             1             16  scala.collection.mutable.IndexedSeq$
3134:             1             16  scala.collection.mutable.Iterable$
3135:             1             16  scala.collection.mutable.LinkedHashMap$
3136:             1             16  scala.collection.mutable.ListBuffer$
3137:             1             16  scala.collection.mutable.Map$
3138:             1             16  scala.collection.mutable.Queue$
3139:             1             16  scala.collection.mutable.Set$
3140:             1             16  scala.collection.mutable.Stack
3141:             1             16  scala.collection.mutable.StringBuilder$
3142:             1             16  scala.collection.mutable.WeakHashMap$
3143:             1             16  scala.collection.mutable.WrappedArray$
3144:             1             16  scala.collection.package$
3145:             1             16  scala.compat.Platform$
3146:             1             16  scala.concurrent.BlockContext$
3147:             1             16  scala.concurrent.BlockContext$DefaultBlockContext$
3148:             1             16  scala.concurrent.ExecutionContext$
3149:             1             16  scala.concurrent.Future$
3150:             1             16  scala.concurrent.Future$InternalCallbackExecutor$
3151:             1             16  scala.concurrent.Promise$
3152:             1             16  scala.concurrent.duration.Duration$$anon$1
3153:             1             16  scala.concurrent.duration.Duration$$anon$2
3154:             1             16  scala.concurrent.duration.Duration$$anon$3
3155:             1             16  scala.concurrent.duration.Duration$$anonfun$3
3156:             1             16  scala.concurrent.duration.package$DurationInt$
3157:             1             16  scala.concurrent.duration.package$DurationLong$
3158:             1             16  scala.concurrent.impl.ExecutionContextImpl$
3159:             1             16  scala.concurrent.impl.Future$
3160:             1             16  scala.concurrent.impl.Promise$
3161:             1             16  scala.concurrent.impl.Promise$DefaultPromise
3162:             1             16  scala.io.Source$
3163:             1             16  scala.math.Equiv$
3164:             1             16  scala.math.Fractional$
3165:             1             16  scala.math.Integral$
3166:             1             16  scala.math.LowPriorityOrderingImplicits$$anon$6
3167:             1             16  scala.math.Numeric$
3168:             1             16  scala.math.Numeric$ByteIsIntegral$
3169:             1             16  scala.math.Numeric$DoubleAsIfIntegral$
3170:             1             16  scala.math.Numeric$DoubleIsFractional$
3171:             1             16  scala.math.Numeric$FloatAsIfIntegral$
3172:             1             16  scala.math.Numeric$FloatIsFractional$
3173:             1             16  scala.math.Numeric$IntIsIntegral$
3174:             1             16  scala.math.Numeric$LongIsIntegral$
3175:             1             16  scala.math.Numeric$ShortIsIntegral$
3176:             1             16  scala.math.Ordered$
3177:             1             16  scala.math.Ordering$
3178:             1             16  scala.math.Ordering$Boolean$
3179:             1             16  scala.math.Ordering$Byte$
3180:             1             16  scala.math.Ordering$Int$
3181:             1             16  scala.math.Ordering$Long$
3182:             1             16  scala.math.Ordering$Short$
3183:             1             16  scala.math.Ordering$String$
3184:             1             16  scala.package$$anon$1
3185:             1             16  scala.ref.WeakReference$
3186:             1             16  scala.reflect.NoManifest$
3187:             1             16  scala.reflect.api.Exprs$Expr$
3188:             1             16  scala.reflect.api.Internals$CompatToken
3189:             1             16  scala.reflect.api.Liftables$Liftable$
3190:             1             16  scala.reflect.api.Liftables$Unliftable$
3191:             1             16  scala.reflect.api.Printers$BooleanFlag$
3192:             1             16  scala.reflect.api.TypeTags$TypeTag$$anonfun$1
3193:             1             16  scala.reflect.api.TypeTags$TypeTag$$anonfun$10
3194:             1             16  scala.reflect.api.TypeTags$TypeTag$$anonfun$11
3195:             1             16  scala.reflect.api.TypeTags$TypeTag$$anonfun$12
3196:             1             16  scala.reflect.api.TypeTags$TypeTag$$anonfun$13
3197:             1             16  scala.reflect.api.TypeTags$TypeTag$$anonfun$14
3198:             1             16  scala.reflect.api.TypeTags$TypeTag$$anonfun$15
3199:             1             16  scala.reflect.api.TypeTags$TypeTag$$anonfun$2
3200:             1             16  scala.reflect.api.TypeTags$TypeTag$$anonfun$3
3201:             1             16  scala.reflect.api.TypeTags$TypeTag$$anonfun$4
3202:             1             16  scala.reflect.api.TypeTags$TypeTag$$anonfun$5
3203:             1             16  scala.reflect.api.TypeTags$TypeTag$$anonfun$6
3204:             1             16  scala.reflect.api.TypeTags$TypeTag$$anonfun$7
3205:             1             16  scala.reflect.api.TypeTags$TypeTag$$anonfun$8
3206:             1             16  scala.reflect.api.TypeTags$TypeTag$$anonfun$9
3207:             1             16  scala.reflect.internal.AnnotationInfos$Annotation$
3208:             1             16  scala.reflect.internal.AnnotationInfos$AnnotationInfo$
3209:             1             16  scala.reflect.internal.AnnotationInfos$ArrayAnnotArg$
3210:             1             16  scala.reflect.internal.AnnotationInfos$LiteralAnnotArg$
3211:             1             16  scala.reflect.internal.AnnotationInfos$NestedAnnotArg$
3212:             1             16  scala.reflect.internal.AnnotationInfos$ScalaSigBytes$
3213:             1             16  scala.reflect.internal.AnnotationInfos$ThrownException$
3214:             1             16  scala.reflect.internal.AnnotationInfos$UnmappableAnnotArg$
3215:             1             16  scala.reflect.internal.ClassfileConstants$FlagTranslation$
3216:             1             16  scala.reflect.internal.Constants$Constant$
3217:             1             16  scala.reflect.internal.Definitions$DefinitionsClass$MacroContextType$
3218:             1             16  scala.reflect.internal.Definitions$DefinitionsClass$VarArityClass$
3219:             1             16  scala.reflect.internal.FreshNames$FreshNameExtractor$
3220:             1             16  scala.reflect.internal.Internals$$anon$4
3221:             1             16  scala.reflect.internal.Kinds$KindErrors$
3222:             1             16  scala.reflect.internal.Kinds$ProperTypeKind$
3223:             1             16  scala.reflect.internal.Kinds$inferKind$
3224:             1             16  scala.reflect.internal.Names$TermName$
3225:             1             16  scala.reflect.internal.Names$TypeName$
3226:             1             16  scala.reflect.internal.Positions$Range$
3227:             1             16  scala.reflect.internal.ReificationSupport$ReificationSupportImpl$FlagsRepr$
3228:             1             16  scala.reflect.internal.Scopes$LookupAmbiguous$
3229:             1             16  scala.reflect.internal.Scopes$LookupInaccessible$
3230:             1             16  scala.reflect.internal.Scopes$LookupNotFound$
3231:             1             16  scala.reflect.internal.Scopes$LookupSucceeded$
3232:             1             16  scala.reflect.internal.Scopes$Scope$
3233:             1             16  scala.reflect.internal.StdAttachments$BackquotedIdentifierAttachment$
3234:             1             16  scala.reflect.internal.StdAttachments$CompoundTypeTreeOriginalAttachment$
3235:             1             16  scala.reflect.internal.StdAttachments$ForAttachment$
3236:             1             16  scala.reflect.internal.StdAttachments$SubpatternsAttachment$
3237:             1             16  scala.reflect.internal.StdAttachments$SyntheticUnitAttachment$
3238:             1             16  scala.reflect.internal.StdCreators$FixedMirrorTreeCreator$
3239:             1             16  scala.reflect.internal.StdCreators$FixedMirrorTypeCreator$
3240:             1             16  scala.reflect.internal.SymbolTable$$anonfun$1
3241:             1             16  scala.reflect.internal.Symbols$$anonfun$10
3242:             1             16  scala.reflect.internal.Symbols$CyclicReference$
3243:             1             16  scala.reflect.internal.Symbols$SymbolKind$
3244:             1             16  scala.reflect.internal.Symbols$SymbolOps$
3245:             1             16  scala.reflect.internal.Trees$$anonfun$1
3246:             1             16  scala.reflect.internal.Trees$Alternative$
3247:             1             16  scala.reflect.internal.Trees$Annotated$
3248:             1             16  scala.reflect.internal.Trees$AppliedTypeTree$
3249:             1             16  scala.reflect.internal.Trees$Apply$
3250:             1             16  scala.reflect.internal.Trees$ApplyDynamic$
3251:             1             16  scala.reflect.internal.Trees$ArrayValue$
3252:             1             16  scala.reflect.internal.Trees$Assign$
3253:             1             16  scala.reflect.internal.Trees$AssignOrNamedArg$
3254:             1             16  scala.reflect.internal.Trees$Bind$
3255:             1             16  scala.reflect.internal.Trees$Block$
3256:             1             16  scala.reflect.internal.Trees$CaseDef$
3257:             1             16  scala.reflect.internal.Trees$ClassDef$
3258:             1             16  scala.reflect.internal.Trees$CompoundTypeTree$
3259:             1             16  scala.reflect.internal.Trees$DefDef$
3260:             1             16  scala.reflect.internal.Trees$ExistentialTypeTree$
3261:             1             16  scala.reflect.internal.Trees$Function$
3262:             1             16  scala.reflect.internal.Trees$Ident$
3263:             1             16  scala.reflect.internal.Trees$If$
3264:             1             16  scala.reflect.internal.Trees$Import$
3265:             1             16  scala.reflect.internal.Trees$LabelDef$
3266:             1             16  scala.reflect.internal.Trees$Literal$
3267:             1             16  scala.reflect.internal.Trees$Match$
3268:             1             16  scala.reflect.internal.Trees$Modifiers$
3269:             1             16  scala.reflect.internal.Trees$ModuleDef$
3270:             1             16  scala.reflect.internal.Trees$New$
3271:             1             16  scala.reflect.internal.Trees$PackageDef$
3272:             1             16  scala.reflect.internal.Trees$RefTree$
3273:             1             16  scala.reflect.internal.Trees$Return$
3274:             1             16  scala.reflect.internal.Trees$Select$
3275:             1             16  scala.reflect.internal.Trees$SelectFromTypeTree$
3276:             1             16  scala.reflect.internal.Trees$SingletonTypeTree$
3277:             1             16  scala.reflect.internal.Trees$Star$
3278:             1             16  scala.reflect.internal.Trees$Super$
3279:             1             16  scala.reflect.internal.Trees$Template$
3280:             1             16  scala.reflect.internal.Trees$This$
3281:             1             16  scala.reflect.internal.Trees$Throw$
3282:             1             16  scala.reflect.internal.Trees$Try$
3283:             1             16  scala.reflect.internal.Trees$TypeApply$
3284:             1             16  scala.reflect.internal.Trees$TypeBoundsTree$
3285:             1             16  scala.reflect.internal.Trees$TypeDef$
3286:             1             16  scala.reflect.internal.Trees$TypeTree$
3287:             1             16  scala.reflect.internal.Trees$Typed$
3288:             1             16  scala.reflect.internal.Trees$UnApply$
3289:             1             16  scala.reflect.internal.Trees$ValDef$
3290:             1             16  scala.reflect.internal.Trees$ValOrDefDef$
3291:             1             16  scala.reflect.internal.TypeDebugging$noPrint$
3292:             1             16  scala.reflect.internal.Types$$anonfun$38
3293:             1             16  scala.reflect.internal.Types$$anonfun$39
3294:             1             16  scala.reflect.internal.Types$$anonfun$40
3295:             1             16  scala.reflect.internal.Types$$anonfun$41
3296:             1             16  scala.reflect.internal.Types$$anonfun$42
3297:             1             16  scala.reflect.internal.Types$$anonfun$43
3298:             1             16  scala.reflect.internal.Types$$anonfun$44
3299:             1             16  scala.reflect.internal.Types$$anonfun$45
3300:             1             16  scala.reflect.internal.Types$$anonfun$46
3301:             1             16  scala.reflect.internal.Types$$anonfun$47
3302:             1             16  scala.reflect.internal.Types$$anonfun$48
3303:             1             16  scala.reflect.internal.Types$$anonfun$49
3304:             1             16  scala.reflect.internal.Types$$anonfun$50
3305:             1             16  scala.reflect.internal.Types$$anonfun$51
3306:             1             16  scala.reflect.internal.Types$$anonfun$52
3307:             1             16  scala.reflect.internal.Types$$anonfun$53
3308:             1             16  scala.reflect.internal.Types$AnnotatedType$
3309:             1             16  scala.reflect.internal.Types$AntiPolyType$
3310:             1             16  scala.reflect.internal.Types$ArrayTypeRef$
3311:             1             16  scala.reflect.internal.Types$BoundedWildcardType$
3312:             1             16  scala.reflect.internal.Types$ClassInfoType$
3313:             1             16  scala.reflect.internal.Types$CompoundType$
3314:             1             16  scala.reflect.internal.Types$ConstantType$
3315:             1             16  scala.reflect.internal.Types$ErasedValueType$
3316:             1             16  scala.reflect.internal.Types$ErrorType$
3317:             1             16  scala.reflect.internal.Types$ExistentialType$
3318:             1             16  scala.reflect.internal.Types$GenPolyType$
3319:             1             16  scala.reflect.internal.Types$HasTypeMember$
3320:             1             16  scala.reflect.internal.Types$ImportType$
3321:             1             16  scala.reflect.internal.Types$MethodType$
3322:             1             16  scala.reflect.internal.Types$NamedType$
3323:             1             16  scala.reflect.internal.Types$NoPrefix$
3324:             1             16  scala.reflect.internal.Types$NoType$
3325:             1             16  scala.reflect.internal.Types$NullaryMethodType$
3326:             1             16  scala.reflect.internal.Types$OverloadedType$
3327:             1             16  scala.reflect.internal.Types$PolyType$
3328:             1             16  scala.reflect.internal.Types$RecoverableCyclicReference$
3329:             1             16  scala.reflect.internal.Types$RefinedType$
3330:             1             16  scala.reflect.internal.Types$RepeatedType$
3331:             1             16  scala.reflect.internal.Types$SingleType$
3332:             1             16  scala.reflect.internal.Types$StaticallyAnnotatedType$
3333:             1             16  scala.reflect.internal.Types$SuperType$
3334:             1             16  scala.reflect.internal.Types$ThisType$
3335:             1             16  scala.reflect.internal.Types$TypeBounds$
3336:             1             16  scala.reflect.internal.Types$TypeRef$
3337:             1             16  scala.reflect.internal.Types$TypeVar$
3338:             1             16  scala.reflect.internal.Types$WildcardType$
3339:             1             16  scala.reflect.internal.pickling.ByteCodecs$
3340:             1             16  scala.reflect.internal.settings.MutableSettings$
3341:             1             16  scala.reflect.internal.tpe.TypeComparers$SubTypePair$
3342:             1             16  scala.reflect.internal.tpe.TypeConstraints$TypeConstraint$
3343:             1             16  scala.reflect.internal.transform.Erasure$GenericArray$
3344:             1             16  scala.reflect.internal.transform.Transforms$$anonfun$1
3345:             1             16  scala.reflect.internal.transform.Transforms$$anonfun$2
3346:             1             16  scala.reflect.internal.transform.Transforms$$anonfun$3
3347:             1             16  scala.reflect.internal.transform.Transforms$$anonfun$4
3348:             1             16  scala.reflect.internal.transform.UnCurry$DesugaredParameterType$
3349:             1             16  scala.reflect.internal.util.FreshNameCreator$
3350:             1             16  scala.reflect.internal.util.NoPosition$
3351:             1             16  scala.reflect.runtime.JavaMirrors$JavaMirror$unpickler$
3352:             1             16  scala.reflect.runtime.ReflectionUtils$
3353:             1             16  scala.reflect.runtime.ReflectionUtils$EnclosedInClass$
3354:             1             16  scala.reflect.runtime.ReflectionUtils$EnclosedInClass$$anonfun$$lessinit$greater$3
3355:             1             16  scala.reflect.runtime.ReflectionUtils$EnclosedInConstructor$
3356:             1             16  scala.reflect.runtime.ReflectionUtils$EnclosedInConstructor$$anonfun$$lessinit$greater$2
3357:             1             16  scala.reflect.runtime.ReflectionUtils$EnclosedInMethod$
3358:             1             16  scala.reflect.runtime.ReflectionUtils$EnclosedInMethod$$anonfun$$lessinit$greater$1
3359:             1             16  scala.reflect.runtime.ReflectionUtils$EnclosedInPackage$
3360:             1             16  scala.reflect.runtime.ReflectionUtils$EnclosedInPackage$$anonfun$$lessinit$greater$4
3361:             1             16  scala.reflect.runtime.ReflectionUtils$PrimitiveOrArray$
3362:             1             16  scala.reflect.runtime.SynchronizedTypes$$anonfun$scala$reflect$runtime$SynchronizedTypes$$_basetypeRecursions$1
3363:             1             16  scala.reflect.runtime.SynchronizedTypes$$anonfun$scala$reflect$runtime$SynchronizedTypes$$_intersectionWitness$1
3364:             1             16  scala.reflect.runtime.SynchronizedTypes$$anonfun$scala$reflect$runtime$SynchronizedTypes$$_skolemizationLevel$1
3365:             1             16  scala.reflect.runtime.SynchronizedTypes$$anonfun$scala$reflect$runtime$SynchronizedTypes$$_subsametypeRecursions$1
3366:             1             16  scala.reflect.runtime.SynchronizedTypes$$anonfun$scala$reflect$runtime$SynchronizedTypes$$_undoLog$1
3367:             1             16  scala.runtime.BoxedUnit
3368:             1             16  scala.runtime.RichChar$
3369:             1             16  scala.runtime.RichDouble$
3370:             1             16  scala.runtime.RichInt$
3371:             1             16  scala.runtime.RichLong$
3372:             1             16  scala.runtime.ScalaRunTime$
3373:             1             16  scala.sys.BooleanProp$
3374:             1             16  scala.sys.BooleanProp$$anonfun$keyExists$1
3375:             1             16  scala.sys.package$
3376:             1             16  scala.util.Either$
3377:             1             16  scala.util.Left$
3378:             1             16  scala.util.Random$
3379:             1             16  scala.util.Right$
3380:             1             16  scala.util.Try$
3381:             1             16  scala.util.control.Breaks
3382:             1             16  scala.util.control.Exception$$anonfun$1
3383:             1             16  scala.util.control.Exception$$anonfun$2
3384:             1             16  scala.util.control.Exception$Catch$
3385:             1             16  scala.util.control.Exception$Catch$$anonfun$$lessinit$greater$default$3$1
3386:             1             16  scala.util.control.NoStackTrace$
3387:             1             16  scala.util.control.NonFatal$
3388:             1             16  scala.util.hashing.package$
3389:             1             16  scala.xml.MetaData$
3390:             1             16  scala.xml.Null$
3391:             1             16  scala.xml.Text$
3392:             1             16  scala.xml.Utility$
3393:             1             16  sun.management.ClassLoadingImpl
3394:             1             16  sun.management.HotSpotDiagnostic
3395:             1             16  sun.management.ManagementFactoryHelper$PlatformLoggingImpl
3396:             1             16  sun.misc.ASCIICaseInsensitiveComparator
3397:             1             16  sun.misc.FloatingDecimal$1
3398:             1             16  sun.misc.FormattedFloatingDecimal$1
3399:             1             16  sun.misc.Launcher
3400:             1             16  sun.misc.Launcher$Factory
3401:             1             16  sun.misc.Perf
3402:             1             16  sun.misc.Unsafe
3403:             1             16  sun.net.DefaultProgressMeteringPolicy
3404:             1             16  sun.net.ExtendedOptionsImpl$$Lambda$9/626858617
3405:             1             16  sun.net.www.protocol.file.Handler
3406:             1             16  sun.net.www.protocol.jar.JarFileFactory
3407:             1             16  sun.nio.ch.EPollSelectorProvider
3408:             1             16  sun.nio.ch.ExtendedSocketOption$1
3409:             1             16  sun.nio.ch.FileChannelImpl$1
3410:             1             16  sun.nio.ch.Net$1
3411:             1             16  sun.nio.ch.Util$1
3412:             1             16  sun.nio.fs.LinuxFileSystemProvider
3413:             1             16  sun.reflect.GeneratedConstructorAccessor1
3414:             1             16  sun.reflect.GeneratedConstructorAccessor10
3415:             1             16  sun.reflect.GeneratedConstructorAccessor15
3416:             1             16  sun.reflect.GeneratedConstructorAccessor16
3417:             1             16  sun.reflect.GeneratedConstructorAccessor2
3418:             1             16  sun.reflect.GeneratedConstructorAccessor23
3419:             1             16  sun.reflect.GeneratedConstructorAccessor25
3420:             1             16  sun.reflect.GeneratedConstructorAccessor26
3421:             1             16  sun.reflect.GeneratedConstructorAccessor27
3422:             1             16  sun.reflect.GeneratedConstructorAccessor28
3423:             1             16  sun.reflect.GeneratedConstructorAccessor29
3424:             1             16  sun.reflect.GeneratedConstructorAccessor3
3425:             1             16  sun.reflect.GeneratedConstructorAccessor30
3426:             1             16  sun.reflect.GeneratedConstructorAccessor31
3427:             1             16  sun.reflect.GeneratedConstructorAccessor35
3428:             1             16  sun.reflect.GeneratedConstructorAccessor36
3429:             1             16  sun.reflect.GeneratedConstructorAccessor39
3430:             1             16  sun.reflect.GeneratedConstructorAccessor4
3431:             1             16  sun.reflect.GeneratedConstructorAccessor51
3432:             1             16  sun.reflect.GeneratedConstructorAccessor55
3433:             1             16  sun.reflect.GeneratedConstructorAccessor56
3434:             1             16  sun.reflect.GeneratedConstructorAccessor57
3435:             1             16  sun.reflect.GeneratedConstructorAccessor58
3436:             1             16  sun.reflect.GeneratedConstructorAccessor59
3437:             1             16  sun.reflect.GeneratedConstructorAccessor60
3438:             1             16  sun.reflect.GeneratedConstructorAccessor61
3439:             1             16  sun.reflect.GeneratedConstructorAccessor62
3440:             1             16  sun.reflect.GeneratedConstructorAccessor63
3441:             1             16  sun.reflect.GeneratedConstructorAccessor64
3442:             1             16  sun.reflect.GeneratedConstructorAccessor65
3443:             1             16  sun.reflect.GeneratedConstructorAccessor66
3444:             1             16  sun.reflect.GeneratedConstructorAccessor8
3445:             1             16  sun.reflect.GeneratedConstructorAccessor9
3446:             1             16  sun.reflect.GeneratedMethodAccessor1
3447:             1             16  sun.reflect.GeneratedMethodAccessor19
3448:             1             16  sun.reflect.GeneratedMethodAccessor2
3449:             1             16  sun.reflect.GeneratedMethodAccessor22
3450:             1             16  sun.reflect.GeneratedMethodAccessor24
3451:             1             16  sun.reflect.GeneratedMethodAccessor25
3452:             1             16  sun.reflect.GeneratedMethodAccessor26
3453:             1             16  sun.reflect.GeneratedMethodAccessor27
3454:             1             16  sun.reflect.GeneratedMethodAccessor28
3455:             1             16  sun.reflect.GeneratedMethodAccessor29
3456:             1             16  sun.reflect.GeneratedMethodAccessor3
3457:             1             16  sun.reflect.GeneratedMethodAccessor30
3458:             1             16  sun.reflect.GeneratedMethodAccessor31
3459:             1             16  sun.reflect.GeneratedMethodAccessor32
3460:             1             16  sun.reflect.GeneratedMethodAccessor34
3461:             1             16  sun.reflect.GeneratedMethodAccessor35
3462:             1             16  sun.reflect.GeneratedMethodAccessor4
3463:             1             16  sun.reflect.GeneratedMethodAccessor40
3464:             1             16  sun.reflect.GeneratedMethodAccessor43
3465:             1             16  sun.reflect.GeneratedMethodAccessor44
3466:             1             16  sun.reflect.GeneratedMethodAccessor46
3467:             1             16  sun.reflect.GeneratedMethodAccessor5
3468:             1             16  sun.reflect.GeneratedMethodAccessor50
3469:             1             16  sun.reflect.GeneratedMethodAccessor53
3470:             1             16  sun.reflect.GeneratedMethodAccessor54
3471:             1             16  sun.reflect.GeneratedMethodAccessor57
3472:             1             16  sun.reflect.GeneratedMethodAccessor61
3473:             1             16  sun.reflect.GeneratedMethodAccessor64
3474:             1             16  sun.reflect.GeneratedMethodAccessor65
3475:             1             16  sun.reflect.GeneratedMethodAccessor66
3476:             1             16  sun.reflect.GeneratedMethodAccessor8
3477:             1             16  sun.reflect.GeneratedSerializationConstructorAccessor1
3478:             1             16  sun.reflect.GeneratedSerializationConstructorAccessor10
3479:             1             16  sun.reflect.GeneratedSerializationConstructorAccessor11
3480:             1             16  sun.reflect.GeneratedSerializationConstructorAccessor12
3481:             1             16  sun.reflect.GeneratedSerializationConstructorAccessor13
3482:             1             16  sun.reflect.GeneratedSerializationConstructorAccessor14
3483:             1             16  sun.reflect.GeneratedSerializationConstructorAccessor15
3484:             1             16  sun.reflect.GeneratedSerializationConstructorAccessor16
3485:             1             16  sun.reflect.GeneratedSerializationConstructorAccessor17
3486:             1             16  sun.reflect.GeneratedSerializationConstructorAccessor18
3487:             1             16  sun.reflect.GeneratedSerializationConstructorAccessor19
3488:             1             16  sun.reflect.GeneratedSerializationConstructorAccessor2
3489:             1             16  sun.reflect.GeneratedSerializationConstructorAccessor20
3490:             1             16  sun.reflect.GeneratedSerializationConstructorAccessor21
3491:             1             16  sun.reflect.GeneratedSerializationConstructorAccessor22
3492:             1             16  sun.reflect.GeneratedSerializationConstructorAccessor23
3493:             1             16  sun.reflect.GeneratedSerializationConstructorAccessor24
3494:             1             16  sun.reflect.GeneratedSerializationConstructorAccessor25
3495:             1             16  sun.reflect.GeneratedSerializationConstructorAccessor26
3496:             1             16  sun.reflect.GeneratedSerializationConstructorAccessor27
3497:             1             16  sun.reflect.GeneratedSerializationConstructorAccessor28
3498:             1             16  sun.reflect.GeneratedSerializationConstructorAccessor29
3499:             1             16  sun.reflect.GeneratedSerializationConstructorAccessor3
3500:             1             16  sun.reflect.GeneratedSerializationConstructorAccessor30
3501:             1             16  sun.reflect.GeneratedSerializationConstructorAccessor31
3502:             1             16  sun.reflect.GeneratedSerializationConstructorAccessor32
3503:             1             16  sun.reflect.GeneratedSerializationConstructorAccessor33
3504:             1             16  sun.reflect.GeneratedSerializationConstructorAccessor34
3505:             1             16  sun.reflect.GeneratedSerializationConstructorAccessor35
3506:             1             16  sun.reflect.GeneratedSerializationConstructorAccessor36
3507:             1             16  sun.reflect.GeneratedSerializationConstructorAccessor37
3508:             1             16  sun.reflect.GeneratedSerializationConstructorAccessor38
3509:             1             16  sun.reflect.GeneratedSerializationConstructorAccessor39
3510:             1             16  sun.reflect.GeneratedSerializationConstructorAccessor4
3511:             1             16  sun.reflect.GeneratedSerializationConstructorAccessor40
3512:             1             16  sun.reflect.GeneratedSerializationConstructorAccessor41
3513:             1             16  sun.reflect.GeneratedSerializationConstructorAccessor42
3514:             1             16  sun.reflect.GeneratedSerializationConstructorAccessor43
3515:             1             16  sun.reflect.GeneratedSerializationConstructorAccessor44
3516:             1             16  sun.reflect.GeneratedSerializationConstructorAccessor45
3517:             1             16  sun.reflect.GeneratedSerializationConstructorAccessor46
3518:             1             16  sun.reflect.GeneratedSerializationConstructorAccessor47
3519:             1             16  sun.reflect.GeneratedSerializationConstructorAccessor48
3520:             1             16  sun.reflect.GeneratedSerializationConstructorAccessor49
3521:             1             16  sun.reflect.GeneratedSerializationConstructorAccessor5
3522:             1             16  sun.reflect.GeneratedSerializationConstructorAccessor50
3523:             1             16  sun.reflect.GeneratedSerializationConstructorAccessor51
3524:             1             16  sun.reflect.GeneratedSerializationConstructorAccessor52
3525:             1             16  sun.reflect.GeneratedSerializationConstructorAccessor53
3526:             1             16  sun.reflect.GeneratedSerializationConstructorAccessor54
3527:             1             16  sun.reflect.GeneratedSerializationConstructorAccessor55
3528:             1             16  sun.reflect.GeneratedSerializationConstructorAccessor56
3529:             1             16  sun.reflect.GeneratedSerializationConstructorAccessor57
3530:             1             16  sun.reflect.GeneratedSerializationConstructorAccessor58
3531:             1             16  sun.reflect.GeneratedSerializationConstructorAccessor59
3532:             1             16  sun.reflect.GeneratedSerializationConstructorAccessor6
3533:             1             16  sun.reflect.GeneratedSerializationConstructorAccessor60
3534:             1             16  sun.reflect.GeneratedSerializationConstructorAccessor61
3535:             1             16  sun.reflect.GeneratedSerializationConstructorAccessor62
3536:             1             16  sun.reflect.GeneratedSerializationConstructorAccessor63
3537:             1             16  sun.reflect.GeneratedSerializationConstructorAccessor64
3538:             1             16  sun.reflect.GeneratedSerializationConstructorAccessor65
3539:             1             16  sun.reflect.GeneratedSerializationConstructorAccessor66
3540:             1             16  sun.reflect.GeneratedSerializationConstructorAccessor67
3541:             1             16  sun.reflect.GeneratedSerializationConstructorAccessor68
3542:             1             16  sun.reflect.GeneratedSerializationConstructorAccessor69
3543:             1             16  sun.reflect.GeneratedSerializationConstructorAccessor7
3544:             1             16  sun.reflect.GeneratedSerializationConstructorAccessor70
3545:             1             16  sun.reflect.GeneratedSerializationConstructorAccessor71
3546:             1             16  sun.reflect.GeneratedSerializationConstructorAccessor72
3547:             1             16  sun.reflect.GeneratedSerializationConstructorAccessor73
3548:             1             16  sun.reflect.GeneratedSerializationConstructorAccessor74
3549:             1             16  sun.reflect.GeneratedSerializationConstructorAccessor75
3550:             1             16  sun.reflect.GeneratedSerializationConstructorAccessor76
3551:             1             16  sun.reflect.GeneratedSerializationConstructorAccessor77
3552:             1             16  sun.reflect.GeneratedSerializationConstructorAccessor78
3553:             1             16  sun.reflect.GeneratedSerializationConstructorAccessor79
3554:             1             16  sun.reflect.GeneratedSerializationConstructorAccessor8
3555:             1             16  sun.reflect.GeneratedSerializationConstructorAccessor80
3556:             1             16  sun.reflect.GeneratedSerializationConstructorAccessor81
3557:             1             16  sun.reflect.GeneratedSerializationConstructorAccessor82
3558:             1             16  sun.reflect.GeneratedSerializationConstructorAccessor83
3559:             1             16  sun.reflect.GeneratedSerializationConstructorAccessor84
3560:             1             16  sun.reflect.GeneratedSerializationConstructorAccessor85
3561:             1             16  sun.reflect.GeneratedSerializationConstructorAccessor86
3562:             1             16  sun.reflect.GeneratedSerializationConstructorAccessor87
3563:             1             16  sun.reflect.GeneratedSerializationConstructorAccessor88
3564:             1             16  sun.reflect.GeneratedSerializationConstructorAccessor89
3565:             1             16  sun.reflect.GeneratedSerializationConstructorAccessor9
3566:             1             16  sun.reflect.GeneratedSerializationConstructorAccessor90
3567:             1             16  sun.reflect.ReflectionFactory
3568:             1             16  sun.reflect.generics.tree.BooleanSignature
3569:             1             16  sun.reflect.generics.tree.BottomSignature
3570:             1             16  sun.reflect.generics.tree.IntSignature
3571:             1             16  sun.reflect.generics.tree.VoidDescriptor
3572:             1             16  sun.security.util.ByteArrayLexOrder
3573:             1             16  sun.security.util.ByteArrayTagOrder
3574:             1             16  sun.security.util.DisabledAlgorithmConstraints$KeySizeConstraints
3575:             1             16  sun.security.x509.CertificateAlgorithmId
3576:             1             16  sun.security.x509.CertificateSerialNumber
3577:             1             16  sun.security.x509.CertificateVersion
3578:             1             16  sun.security.x509.CertificateX509Key
3579:             1             16  sun.security.x509.SerialNumber
3580:             1             16  sun.text.normalizer.NormalizerBase$Mode
3581:             1             16  sun.text.normalizer.NormalizerBase$NFCMode
3582:             1             16  sun.text.normalizer.NormalizerBase$NFDMode
3583:             1             16  sun.text.normalizer.NormalizerBase$NFKCMode
3584:             1             16  sun.text.normalizer.NormalizerBase$NFKDMode
3585:             1             16  sun.util.calendar.Gregorian
3586:             1             16  sun.util.locale.provider.AuxLocaleProviderAdapter$NullProvider
3587:             1             16  sun.util.locale.provider.CalendarDataUtility$CalendarWeekParameterGetter
3588:             1             16  sun.util.locale.provider.SPILocaleProviderAdapter
3589:             1             16  sun.util.resources.LocaleData
3590:             1             16  sun.util.resources.LocaleData$LocaleDataResourceBundleControl
Total     189670497    20525875128
