
 num     #instances         #bytes  class name
----------------------------------------------
   1:        194932     2716661512  [B
   2:      11508076      368258432  org.apache.spark.CleanupTaskWeakReference
   3:      11148277      356744864  java.util.concurrent.ConcurrentHashMap$Node
   4:      11126614      356051648  java.lang.ref.WeakReference
   5:      11508426      276202224  java.util.concurrent.ConcurrentLinkedQueue$Node
   6:      11155753      267738072  java.lang.Long
   7:      11122032      266928768  org.apache.spark.CleanAccum
   8:           181       67316592  [Ljava.util.concurrent.ConcurrentHashMap$Node;
   9:        400360       57063440  [Ljava.lang.Object;
  10:        772089       37060272  org.apache.spark.storage.BlockInfo
  11:       1181016       28344384  scala.collection.mutable.DefaultEntry
  12:        786467       25166944  java.util.HashMap$Node
  13:        772088       24706816  org.apache.spark.storage.BlockStatus
  14:        445054       19200776  [C
  15:        772089       18530136  org.apache.spark.storage.BroadcastBlockId
  16:        387153       15486120  scala.collection.mutable.HashSet
  17:        444393       10665432  java.lang.String
  18:        386044        9265056  org.apache.spark.CleanBroadcast
  19:        195235        7809400  java.util.LinkedHashMap$Entry
  20:          5283        6840112  [Lscala.collection.mutable.HashEntry;
  21:        386389        6182224  scala.reflect.ClassTag$$anon$1
  22:          4404        5608096  [Ljava.util.HashMap$Node;
  23:         95569        4587312  java.nio.HeapByteBuffer
  24:         95391        3052512  org.apache.spark.storage.memory.DeserializedMemoryEntry
  25:         95390        3052480  org.apache.spark.util.io.ChunkedByteBuffer
  26:         95441        2355992  [Ljava.nio.ByteBuffer;
  27:         95395        2291072  [[B
  28:         95390        2289360  org.apache.spark.storage.memory.SerializedMemoryEntry
  29:         13907        1525184  java.lang.Class
  30:         10000        1120000  org.apache.spark.ui.jobs.UIData$TaskMetricsUIData
  31:         34025        1088800  scala.collection.mutable.LinkedEntry
  32:         23023         920920  org.apache.spark.util.LongAccumulator
  33:         51850         829600  scala.Some
  34:         24026         768832  org.apache.spark.util.AccumulatorMetadata
  35:         10000         720000  org.apache.spark.scheduler.TaskInfo
  36:          7954         674928  [I
  37:          4727         567240  scala.reflect.runtime.SynchronizedSymbols$SynchronizedSymbol$$anon$9
  38:         22770         546480  scala.collection.immutable.$colon$colon
  39:          4583         439968  scala.reflect.runtime.SynchronizedSymbols$SynchronizedSymbol$$anon$14
  40:         13087         418784  scala.reflect.internal.Symbols$TypeHistory
  41:         25832         413312  java.lang.Object
  42:          5765         368960  io.netty.buffer.PoolSubpage
  43:         11175         357600  scala.collection.immutable.HashMap$HashMap1
  44:         10032         321024  scala.collection.mutable.ListBuffer
  45:          3443         302984  java.lang.reflect.Method
  46:          9179         293728  scala.reflect.internal.pickling.UnPickler$Scan$LazyTypeRef
  47:         12209         293016  scala.Tuple2
  48:          4004         288288  org.apache.spark.storage.RDDInfo
  49:          7089         283560  org.apache.spark.scheduler.AccumulableInfo
  50:           108         272736  [Ljava.nio.channels.SelectionKey;
  51:         16708         267328  java.lang.Integer
  52:         10000         240000  org.apache.spark.ui.jobs.UIData$TaskUIData
  53:          7046         225472  scala.reflect.internal.Scopes$ScopeEntry
  54:          4707         188280  java.util.WeakHashMap$Entry
  55:          3182         178192  java.util.LinkedHashMap
  56:          1001         152152  org.apache.spark.ui.jobs.UIData$StageUIData
  57:          2820         135360  java.util.HashMap
  58:          1279         133016  scala.reflect.runtime.SynchronizedSymbols$SynchronizedSymbol$$anon$11
  59:          3279         131160  scala.collection.mutable.HashMap
  60:             1         131088  [Lscala.reflect.internal.Names$TermName;
  61:             1         131088  [Lscala.reflect.internal.Names$TypeName;
  62:          2539         130480  [Ljava.lang.String;
  63:          3644         116608  org.apache.spark.ui.scope.RDDOperationCluster
  64:          3644         116608  org.apache.spark.ui.scope.RDDOperationNode
  65:          4749         113976  java.util.ArrayList
  66:          1000         112000  org.apache.spark.ui.jobs.UIData$ExecutorSummary
  67:          3438         110016  java.util.Hashtable$Entry
  68:          3117          99744  scala.reflect.internal.Names$TermName_R
  69:          2003          96144  scala.collection.mutable.LinkedHashMap
  70:          1001          96096  org.apache.spark.executor.TaskMetrics
  71:           163          86064  [Lscala.reflect.internal.Scopes$ScopeEntry;
  72:          1184          85248  java.lang.reflect.Field
  73:           663          84864  scala.reflect.runtime.SynchronizedSymbols$SynchronizedSymbol$$anon$8
  74:          1001          80080  org.apache.spark.ui.jobs.UIData$JobUIData
  75:          1001          80080  org.apache.spark.util.collection.OpenHashSet$mcI$sp
  76:           975          78000  java.lang.reflect.Constructor
  77:          1889          75560  java.lang.ref.SoftReference
  78:          3003          72072  org.apache.spark.rdd.RDDOperationScope
  79:          1126          72064  org.apache.kafka.clients.consumer.ConsumerRecord
  80:          2887          69288  scala.collection.mutable.ArrayBuffer
  81:           300          68480  [Ljava.util.WeakHashMap$Entry;
  82:           410          65600  scala.reflect.runtime.SynchronizedSymbols$SynchronizedSymbol$$anon$2
  83:          2733          65592  org.apache.spark.ui.scope.RDDOperationEdge
  84:          1252          65376  [Lscala.collection.immutable.HashMap;
  85:          1001          64064  org.apache.spark.scheduler.StageInfo
  86:          3013          63272  [Ljava.lang.Class;
  87:           324          60992  [Lio.netty.buffer.PoolSubpage;
  88:           598          57408  scala.reflect.runtime.SynchronizedSymbols$SynchronizedSymbol$$anon$15
  89:           512          53248  scala.reflect.runtime.SynchronizedSymbols$SynchronizedSymbol$$anon$10
  90:          1070          51360  org.apache.kafka.common.metrics.stats.SampledStat$Sample
  91:            78          51168  io.netty.util.internal.shaded.org.jctools.queues.MpscArrayQueue
  92:          1108          44320  java.math.BigInteger
  93:          1451          43360  [J
  94:           109          40984  java.lang.Thread
  95:          1001          40040  [[Lscala.collection.immutable.Iterable;
  96:          1001          40040  org.apache.spark.executor.ShuffleReadMetrics
  97:          1001          40040  scala.collection.immutable.HashMap$HashTrieMap$$anon$1
  98:           231          39192  [Ljava.util.Hashtable$Entry;
  99:           960          38400  io.netty.buffer.PoolChunkList
 100:           587          37568  scala.reflect.runtime.SynchronizedOps$$anon$1
 101:           724          34752  org.codehaus.janino.ReflectionIClass$ReflectionIMethod
 102:           145          34168  [Z
 103:          1060          33920  com.codahale.metrics.WeightedSnapshot$WeightedSample
 104:          1011          32352  scala.reflect.internal.Types$MethodType
 105:          1008          32256  java.util.LinkedList
 106:          1001          32032  scala.Tuple2$mcII$sp
 107:           780          31200  com.google.common.collect.MapMakerInternalMap$WeakEntry
 108:          1224          29376  java.util.LinkedList$Node
 109:           911          29152  org.apache.spark.ui.scope.RDDOperationGraph
 110:           909          29088  org.apache.kafka.common.MetricName
 111:           909          29088  org.apache.kafka.common.metrics.KafkaMetric
 112:           854          27328  scala.reflect.internal.Names$TypeName_R
 113:           830          26560  scala.reflect.internal.Names$TermName_S
 114:           651          26040  java.lang.ref.Finalizer
 115:           405          25920  java.net.URL
 116:          1072          25728  java.lang.Double
 117:           800          25600  io.netty.util.internal.chmv8.LongAdderV8
 118:          1065          25560  java.util.concurrent.ConcurrentSkipListMap$Node
 119:           384          24576  java.util.concurrent.ConcurrentHashMap
 120:           438          24528  java.lang.Package
 121:          1019          24456  sun.reflect.annotation.AnnotationInvocationHandler
 122:          1002          24048  java.util.Collections$SynchronizedRandomAccessList
 123:          1002          24048  scala.collection.immutable.Stream$Cons
 124:          1001          24024  org.apache.spark.executor.InputMetrics
 125:          1001          24024  org.apache.spark.executor.OutputMetrics
 126:          1001          24024  org.apache.spark.executor.ShuffleWriteMetrics
 127:          1001          24024  org.apache.spark.util.CollectionAccumulator
 128:          1001          24024  org.apache.spark.util.collection.BitSet
 129:           735          23520  java.util.concurrent.locks.ReentrantLock$NonfairSync
 130:           392          21952  scala.reflect.internal.Types$ClassArgsTypeRef
 131:           548          21920  java.io.ObjectStreamField
 132:           273          21840  scala.reflect.internal.Types$ClassInfoType
 133:           645          20640  com.esotericsoftware.kryo.Registration
 134:           360          20160  org.apache.kafka.common.metrics.Sensor
 135:            34          19584  io.netty.util.internal.shaded.org.jctools.queues.MpscChunkedArrayQueue
 136:           795          19080  sun.reflect.generics.tree.SimpleClassTypeSignature
 137:           626          18096  [Lorg.codehaus.janino.IClass$IMethod;
 138:           746          17904  scala.collection.immutable.HashSet$HashSet1
 139:           215          17456  [Ljava.lang.ThreadLocal$ThreadLocalMap$Entry;
 140:             8          16528  [[C
 141:           678          16272  java.lang.Class$AnnotationData
 142:          1006          16096  java.util.LinkedHashMap$LinkedEntrySet
 143:          1006          16096  scala.math.BigInt
 144:          1002          16032  scala.collection.Iterator$$anonfun$toStream$1
 145:          1002          16032  scala.collection.MapLike$$anon$2
 146:          1001          16016  org.apache.spark.util.collection.OpenHashSet$IntHasher
 147:           164          15744  java.util.jar.JarFile$JarFileEntry
 148:           650          15600  java.util.concurrent.CopyOnWriteArrayList
 149:           795          15472  [Lsun.reflect.generics.tree.TypeArgument;
 150:           159          15264  org.jvnet.hk2.internal.SystemDescriptor
 151:           459          14688  java.lang.ThreadLocal$ThreadLocalMap$Entry
 152:           910          14560  java.util.HashSet
 153:           295          14160  java.util.WeakHashMap
 154:           189          13608  java.util.regex.Pattern
 155:           210          13440  com.esotericsoftware.kryo.serializers.UnsafeCacheFields$UnsafeObjectField
 156:           415          13280  scala.reflect.internal.Trees$Literal
 157:           103          13184  scala.reflect.runtime.SynchronizedSymbols$SynchronizedSymbol$$anon$5
 158:            82          13120  scala.reflect.runtime.SynchronizedSymbols$SynchronizedSymbol$$anon$1
 159:           818          13088  java.util.Collections$UnmodifiableSet
 160:            34          13056  io.netty.util.concurrent.FastThreadLocalThread
 161:           792          12672  sun.reflect.generics.tree.ClassTypeSignature
 162:           525          12600  java.util.Collections$UnmodifiableRandomAccessList
 163:           780          12480  com.google.common.collect.MapMakerInternalMap$StrongValueReference
 164:           389          12448  scala.reflect.internal.Names$TypeName_S
 165:           509          12216  java.util.concurrent.ConcurrentSkipListMap$Index
 166:           304          12160  scala.reflect.internal.AnnotationInfos$CompleteAnnotationInfo
 167:           166          11952  scala.reflect.internal.Types$AbstractNoArgsTypeRef
 168:           207          11592  sun.nio.cs.UTF_8$Encoder
 169:           204          11424  java.lang.invoke.MemberName
 170:           712          11392  java.util.concurrent.locks.ReentrantLock
 171:           349          11168  java.util.Vector
 172:           155          11160  sun.reflect.DelegatingClassLoader
 173:           344          11008  java.lang.ref.ReferenceQueue
 174:           341          10912  sun.misc.FDBigInteger
 175:            80          10880  io.netty.buffer.PoolArena$DirectArena
 176:            80          10880  io.netty.buffer.PoolArena$HeapArena
 177:           168          10752  java.util.jar.JarFile
 178:           336          10752  java.util.regex.Pattern$Curly
 179:            88          10560  org.glassfish.hk2.internal.ActiveDescriptorBuilderImpl$BuiltActiveDescriptor
 180:            11          10480  [Lio.netty.util.Recycler$DefaultHandle;
 181:           262          10480  org.apache.kafka.common.protocol.types.Field
 182:           100          10400  java.io.ObjectStreamClass
 183:           439          10384  [Ljava.lang.reflect.Type;
 184:           250          10000  java.security.ProtectionDomain
 185:           414           9936  org.apache.kafka.common.metrics.stats.Rate
 186:           596           9536  java.util.LinkedHashSet
 187:           397           9528  java.util.regex.Pattern$GroupHead
 188:           397           9528  java.util.regex.Pattern$GroupTail
 189:           170           9520  scala.reflect.internal.Types$ClassNoArgsTypeRef
 190:           191           9168  java.util.Hashtable
 191:           143           9152  scala.reflect.internal.Types$ModuleTypeRef
 192:           376           9024  org.glassfish.jersey.server.internal.routing.CombinedMediaType$EffectiveMediaType
 193:           223           8920  org.apache.log4j.Logger
 194:           184           8832  java.util.zip.Inflater
 195:           367           8808  sun.reflect.generics.factory.CoreReflectionFactory
 196:           180           8640  sun.misc.URLClassPath$JarLoader
 197:           179           8592  java.util.TreeMap
 198:           257           8224  org.apache.kafka.common.metrics.stats.Avg
 199:             1           8216  [Lscala.math.BigInt;
 200:           216           8152  [Lscala.reflect.internal.Types$Type;
 201:           249           7968  java.security.CodeSource
 202:           234           7896  [Lscala.collection.immutable.HashSet;
 203:           245           7840  java.util.concurrent.FutureTask
 204:           244           7808  org.apache.spark.sql.catalyst.expressions.ExpressionInfo
 205:            75           7800  scala.reflect.runtime.SynchronizedSymbols$SynchronizedSymbol$$anon$12
 206:           324           7776  javax.management.ObjectName$Property
 207:           191           7640  scala.reflect.internal.BaseTypeSeqs$BaseTypeSeq
 208:           477           7632  java.util.LinkedHashMap$LinkedKeySet
 209:           476           7616  java.lang.Character
 210:           316           7584  org.apache.log4j.CategoryKey
 211:           277           7568  [Ljavax.management.ObjectName$Property;
 212:           154           7392  org.jvnet.hk2.internal.SystemInjecteeImpl
 213:           304           7296  sun.reflect.generics.scope.ClassScope
 214:           295           7080  java.util.concurrent.ConcurrentLinkedQueue
 215:           217           6944  org.apache.kafka.common.metrics.stats.Rate$SampledTotal
 216:           217           6944  org.glassfish.hk2.utilities.cache.Cache$OriginThreadAwareFuture
 217:           216           6912  scala.reflect.runtime.SymbolLoaders$TopClassCompleter
 218:           284           6808  [Ljava.security.cert.Certificate;
 219:           106           6784  scala.reflect.internal.pickling.UnPickler$Scan
 220:           282           6768  sun.reflect.generics.reflectiveObjects.ParameterizedTypeImpl
 221:            31           6696  org.eclipse.jetty.servlet.ServletContextHandler
 222:           138           6624  java.util.logging.LogManager$LoggerWeakRef
 223:           202           6464  java.lang.invoke.LambdaForm$Name
 224:            80           6400  com.esotericsoftware.kryo.serializers.FieldSerializer
 225:            40           6400  scala.reflect.runtime.SynchronizedSymbols$SynchronizedSymbol$$anon$3
 226:           398           6368  com.sun.proxy.$Proxy8
 227:           198           6336  scala.collection.convert.Wrappers$MapWrapper
 228:           197           6304  org.apache.kafka.common.metrics.stats.Count
 229:            98           6272  org.apache.kafka.common.config.ConfigDef$ConfigKey
 230:           261           6264  org.apache.hadoop.conf.Configuration$DeprecatedKeyInfo
 231:           130           6240  java.util.concurrent.locks.ReentrantReadWriteLock$NonfairSync
 232:           255           6120  com.esotericsoftware.kryo.Kryo$DefaultSerializerEntry
 233:            85           6120  scala.reflect.runtime.SymbolLoaders$PackageScope
 234:           252           6048  scala.collection.immutable.HashMap$HashTrieMap
 235:           187           5984  org.apache.kafka.common.metrics.stats.Max
 236:           360           5952  [Lorg.apache.kafka.common.metrics.Sensor;
 237:           186           5952  java.util.zip.ZipCoder
 238:           240           5760  [Lorg.apache.kafka.common.Node;
 239:           144           5760  java.lang.invoke.MethodType
 240:           358           5728  java.util.concurrent.atomic.AtomicInteger
 241:            94           5640  [Ljava.lang.ref.SoftReference;
 242:            88           5632  scala.reflect.internal.Types$PackageTypeRef
 243:           234           5616  scala.collection.immutable.HashSet$HashTrieSet
 244:           139           5560  javax.management.ObjectName
 245:           231           5544  org.apache.spark.sql.catalyst.analysis.FunctionRegistry$$anonfun$5
 246:            99           5544  org.apache.spark.sql.streaming.StreamingQueryProgress
 247:           346           5536  java.lang.ref.ReferenceQueue$Lock
 248:           230           5520  scala.reflect.internal.Constants$Constant
 249:           227           5448  java.util.ArrayDeque
 250:           136           5440  java.security.AccessControlContext
 251:           111           5328  org.jvnet.hk2.internal.ServiceHandleImpl
 252:           130           5200  com.fasterxml.jackson.databind.introspect.AnnotatedMethod
 253:            59           5192  org.codehaus.janino.ReflectionIClass
 254:           215           5160  java.lang.ThreadLocal$ThreadLocalMap
 255:           214           5136  org.slf4j.impl.Log4jLoggerAdapter
 256:           163           5128  [Ljava.io.ObjectStreamField;
 257:            57           5120  [S
 258:           157           5024  java.lang.invoke.MethodType$ConcurrentWeakInternSet$WeakEntry
 259:           156           4992  sun.reflect.generics.repository.ClassRepository
 260:            31           4960  org.eclipse.jetty.servlet.ServletHandler
 261:           123           4920  java.util.TreeMap$Entry
 262:            68           4896  java.util.logging.Logger
 263:            68           4896  org.glassfish.hk2.utilities.DescriptorImpl
 264:           305           4880  java.lang.Byte
 265:           100           4800  com.esotericsoftware.kryo.serializers.UnsafeCacheFields$UnsafeIntField
 266:           100           4800  scala.reflect.internal.Types$RefinedType0
 267:           198           4752  java.util.concurrent.atomic.AtomicLong
 268:            99           4752  org.apache.spark.sql.streaming.SourceProgress
 269:           295           4720  java.util.HashMap$KeySet
 270:           290           4640  java.util.LinkedHashMap$LinkedValues
 271:           193           4632  javax.management.ImmutableDescriptor
 272:            32           4608  org.eclipse.jetty.servlet.ServletHolder
 273:           188           4512  org.glassfish.jersey.server.internal.routing.MethodSelectingRouter$ConsumesProducesAcceptor
 274:            33           4488  io.netty.channel.nio.NioEventLoop
 275:            40           4480  sun.nio.ch.SocketChannelImpl
 276:            31           4464  [Ljava.util.Queue;
 277:            31           4464  [Ljava.util.concurrent.ConcurrentMap;
 278:           184           4416  java.util.zip.ZStreamRef
 279:           112           4400  [Ljava.security.ProtectionDomain;
 280:            91           4368  java.util.concurrent.ConcurrentHashMap$TreeNode
 281:           181           4344  sun.reflect.NativeConstructorAccessorImpl
 282:           269           4304  java.lang.Short
 283:           160           4240  [Lcom.esotericsoftware.kryo.serializers.FieldSerializer$CachedField;
 284:            87           4176  org.jvnet.hk2.internal.ClazzCreator
 285:           130           4160  com.sun.jmx.mbeanserver.ConvertingMethod
 286:             1           4120  [Lscala.math.BigDecimal;
 287:           128           4096  java.util.Collections$UnmodifiableMap
 288:            40           4088  [Ljava.lang.reflect.Method;
 289:           253           4048  java.util.HashMap$EntrySet
 290:           167           4008  org.eclipse.jetty.util.component.ContainerLifeCycle$Bean
 291:           250           4000  [Ljava.security.Principal;
 292:           250           4000  java.security.ProtectionDomain$Key
 293:           220           3984  [Lsun.reflect.generics.tree.FormalTypeParameter;
 294:            99           3960  org.apache.spark.internal.config.ConfigEntryWithDefault
 295:           123           3936  java.util.logging.LogManager$LogNode
 296:            80           3840  java.util.concurrent.ThreadPoolExecutor$Worker
 297:           120           3840  org.apache.kafka.common.PartitionInfo
 298:           160           3840  org.apache.kafka.common.TopicPartition
 299:           158           3792  java.util.regex.Pattern$Single
 300:           156           3744  sun.reflect.generics.tree.ClassSignature
 301:           116           3712  sun.security.util.ObjectIdentifier
 302:           229           3664  com.fasterxml.jackson.databind.introspect.AnnotationMap
 303:            91           3640  org.jvnet.hk2.internal.IterableProviderImpl
 304:           113           3616  java.io.FileDescriptor
 305:           148           3552  sun.reflect.generics.repository.FieldRepository
 306:            49           3528  sun.nio.ch.EPollArrayWrapper
 307:            49           3528  sun.nio.ch.EPollSelectorImpl
 308:           110           3520  com.esotericsoftware.kryo.serializers.DefaultArraySerializers$ObjectArraySerializer
 309:           168           3512  [Ljava.lang.reflect.TypeVariable;
 310:           168           3464  [Lorg.codehaus.janino.IClass;
 311:           216           3456  scala.collection.mutable.BitSet
 312:           215           3440  sun.reflect.DelegatingConstructorAccessorImpl
 313:            61           3416  java.lang.Class$ReflectionData
 314:           141           3384  java.util.regex.Pattern$Slice
 315:            60           3360  java.security.Provider$Service
 316:           104           3328  java.io.File
 317:           138           3312  com.sun.jmx.mbeanserver.NamedObject
 318:           207           3312  com.sun.proxy.$Proxy7
 319:           137           3288  java.security.Provider$ServiceKey
 320:           137           3288  scala.reflect.internal.Types$UniqueThisType
 321:           156           3232  [Lsun.reflect.generics.tree.ClassTypeSignature;
 322:           100           3200  java.io.ObjectStreamClass$WeakClassKey
 323:           100           3200  org.eclipse.jetty.util.IncludeExclude
 324:            71           3168  [Ljava.lang.invoke.LambdaForm$Name;
 325:            66           3168  java.lang.invoke.LambdaForm
 326:            79           3160  scala.reflect.internal.Trees$Ident
 327:           131           3144  java.util.concurrent.locks.ReentrantReadWriteLock
 328:            98           3136  org.apache.spark.internal.config.ConfigBuilder
 329:           196           3136  sun.reflect.generics.tree.TypeVariableSignature
 330:           128           3072  org.eclipse.jetty.io.ArrayByteBufferPool$Bucket
 331:           126           3024  org.jvnet.hk2.internal.ClazzCreator$ResolutionInfo
 332:           125           3000  com.twitter.chill.TraversableSerializer
 333:            93           2976  org.apache.log4j.ProvisionNode
 334:           122           2928  java.util.Collections$UnmodifiableList
 335:            28           2912  [Ljava.lang.invoke.MethodHandle;
 336:            91           2912  java.net.InetAddress$InetAddressHolder
 337:            91           2912  java.util.regex.Pattern$Branch
 338:            33           2904  com.fasterxml.jackson.databind.ser.BeanPropertyWriter
 339:           104           2880  [Lorg.apache.kafka.common.protocol.types.Field;
 340:            90           2880  java.util.concurrent.locks.AbstractQueuedSynchronizer$Node
 341:            45           2880  javax.management.openmbean.OpenMBeanAttributeInfoSupport
 342:            51           2856  scala.reflect.runtime.JavaMirrors$JavaMirror$FromJavaClassCompleter
 343:            50           2800  java.beans.MethodDescriptor
 344:            87           2784  com.fasterxml.jackson.databind.introspect.POJOPropertyBuilder$Linked
 345:           137           2768  [Lsun.reflect.generics.tree.FieldTypeSignature;
 346:           173           2768  java.util.regex.Pattern$Dot
 347:            69           2760  java.io.ObjectStreamClass$FieldReflector
 348:            69           2760  java.io.ObjectStreamClass$FieldReflectorKey
 349:           115           2760  java.util.regex.Pattern$BitClass
 350:            49           2744  java.lang.invoke.MethodTypeForm
 351:             1           2720  [Lscala.reflect.NameTransformer$OpCodes;
 352:           170           2720  com.esotericsoftware.kryo.factories.ReflectionSerializerFactory
 353:             5           2640  [Lorg.glassfish.jersey.internal.util.collection.ConcurrentHashMapV8$Node;
 354:            55           2640  com.esotericsoftware.kryo.serializers.UnsafeCacheFields$UnsafeBooleanField
 355:            55           2640  org.glassfish.hk2.utilities.InjecteeImpl
 356:            82           2624  java.security.Permissions
 357:            51           2616  [Ljavax.management.MBeanAttributeInfo;
 358:            25           2600  org.eclipse.jetty.servlets.gzip.GzipHandler
 359:           137           2568  [Lcom.sun.jmx.mbeanserver.MXBeanMapping;
 360:            80           2560  java.io.FilePermission
 361:            64           2560  org.eclipse.jetty.http.HttpHeader
 362:            13           2528  [[Ljava.lang.String;
 363:            79           2528  java.security.BasicPermissionCollection
 364:            21           2520  org.glassfish.hk2.internal.ConstantActiveDescriptor
 365:           104           2496  org.apache.kafka.common.metrics.JmxReporter$KafkaMbean
 366:           104           2496  org.apache.kafka.common.protocol.types.Schema
 367:           104           2496  scala.collection.immutable.Map$Map1
 368:            62           2480  sun.misc.FloatingDecimal$BinaryToASCIIBuffer
 369:           103           2472  org.jvnet.hk2.internal.IndexedListData
 370:           102           2448  java.util.regex.Pattern$Start
 371:           102           2448  javax.ws.rs.core.MediaType
 372:           102           2448  org.eclipse.jetty.http.HttpField
 373:            50           2400  javax.management.MBeanInfo
 374:           100           2400  scala.collection.immutable.MapLike$$anon$2
 375:           100           2400  scala.collection.mutable.LinkedList
 376:            99           2376  [Lorg.apache.spark.sql.streaming.SourceProgress;
 377:            99           2376  java.lang.invoke.LambdaForm$NamedFunction
 378:            74           2368  java.lang.invoke.DirectMethodHandle
 379:            37           2368  java.nio.DirectByteBuffer
 380:            72           2304  io.netty.buffer.PoolThreadCache$SubPageMemoryRegionCache
 381:            48           2304  org.glassfish.jersey.server.model.Parameter
 382:            91           2264  [Ljava.util.regex.Pattern$Node;
 383:             2           2256  [Lorg.eclipse.jetty.http.HttpStatus$Code;
 384:            94           2256  java.beans.MethodRef
 385:            94           2256  java.net.InetSocketAddress$InetSocketAddressHolder
 386:            93           2232  java.util.regex.Pattern$SliceI
 387:            31           2232  org.eclipse.jetty.http.PathMap
 388:           109           2200  [Ljava.lang.annotation.Annotation;
 389:            91           2184  java.util.regex.Pattern$Ctype
 390:            91           2184  org.glassfish.hk2.utilities.reflection.internal.MethodWrapperImpl
 391:            90           2160  java.lang.RuntimePermission
 392:            90           2160  java.util.regex.Pattern$Dollar
 393:            67           2144  org.eclipse.jetty.util.ArrayTernaryTrie
 394:             1           2136  scala.reflect.internal.StdNames$nme$
 395:            88           2112  java.io.ObjectStreamClass$ClassDataSlot
 396:            88           2112  java.net.Inet4Address
 397:            66           2112  sun.reflect.generics.reflectiveObjects.TypeVariableImpl
 398:           131           2096  java.util.concurrent.locks.ReentrantReadWriteLock$ReadLock
 399:           131           2096  java.util.concurrent.locks.ReentrantReadWriteLock$Sync$ThreadLocalHoldCounter
 400:           131           2096  java.util.concurrent.locks.ReentrantReadWriteLock$WriteLock
 401:            52           2080  org.jvnet.hk2.internal.CacheKey
 402:            52           2080  org.jvnet.hk2.internal.ServiceLocatorImpl$IgdCacheKey
 403:             1           2048  [Lorg.eclipse.jetty.http.HttpGenerator$PreparedResponse;
 404:            64           2048  javax.management.MBeanAttributeInfo
 405:            64           2048  sun.reflect.generics.tree.MethodTypeSignature
 406:            85           2040  scala.reflect.internal.Types$PolyType
 407:            84           2016  org.glassfish.jersey.internal.util.collection.Values$LazyValueImpl
 408:            83           1992  java.util.regex.Pattern$CharProperty$1
 409:           124           1984  org.apache.spark.internal.config.TypedConfigBuilder$$anonfun$$lessinit$greater$1
 410:           124           1984  sun.reflect.BootstrapConstructorAccessorImpl
 411:            35           1960  org.glassfish.jersey.server.model.ResourceMethod$Data
 412:            61           1952  sun.nio.ch.AllocatedNativeObject
 413:            27           1944  org.apache.spark.sql.catalyst.expressions.objects.Invoke
 414:            80           1920  com.esotericsoftware.kryo.serializers.FieldSerializerGenericsUtil
 415:            80           1920  java.io.FilePermissionCollection
 416:            40           1920  scala.reflect.runtime.JavaMirrors$JavaMirror$JavaAnnotationProxy
 417:            39           1872  sun.util.locale.LocaleObjectCache$CacheEntry
 418:           116           1856  java.util.concurrent.atomic.AtomicBoolean
 419:            77           1848  org.glassfish.hk2.utilities.ContextualInput
 420:           112           1792  java.util.concurrent.atomic.AtomicReference
 421:            37           1776  java.util.Properties
 422:            72           1736  [Ljava.io.ObjectStreamClass$ClassDataSlot;
 423:            35           1680  org.glassfish.jersey.server.model.Invocable
 424:            70           1680  org.jvnet.hk2.internal.SoftAnnotatedElementAnnotationInfo
 425:            42           1680  sun.nio.ch.SelectionKeyImpl
 426:            52           1664  org.glassfish.hk2.utilities.general.internal.DoubleNode
 427:            52           1664  org.jvnet.hk2.internal.ServiceLocatorImpl$IgdValue
 428:            41           1640  sun.misc.Cleaner
 429:            51           1632  java.io.FileInputStream
 430:            68           1632  java.util.concurrent.locks.AbstractQueuedSynchronizer$ConditionObject
 431:            51           1632  java.util.regex.Pattern$BnM
 432:            68           1632  org.apache.kafka.common.protocol.types.ArrayOf
 433:            68           1632  scala.reflect.runtime.JavaMirrors$JavaMirror$FromJavaClassCompleter$LazyPolyType
 434:            50           1600  java.lang.reflect.Proxy$Key1
 435:            50           1600  java.lang.reflect.WeakCache$CacheValue
 436:            50           1600  org.apache.spark.sql.types.StructField
 437:            50           1600  org.eclipse.jetty.http.HttpGenerator$CachedHttpField
 438:           100           1600  org.eclipse.jetty.util.IncludeExclude$SetContainsPredicate
 439:            50           1600  scala.xml.UnprefixedAttribute
 440:            40           1600  sun.nio.ch.SocketAdaptor
 441:            99           1584  [Lorg.apache.spark.sql.streaming.StateOperatorProgress;
 442:            66           1584  com.fasterxml.jackson.databind.PropertyName
 443:            22           1584  java.beans.PropertyDescriptor
 444:            22           1584  org.apache.spark.sql.catalyst.expressions.Alias
 445:            99           1584  org.apache.spark.sql.execution.streaming.ProgressReporter$$anonfun$7
 446:            99           1584  org.apache.spark.sql.streaming.SinkProgress
 447:            66           1584  sun.reflect.generics.tree.FormalTypeParameter
 448:            64           1560  [Lsun.reflect.generics.tree.TypeSignature;
 449:            39           1560  sun.reflect.generics.repository.MethodRepository
 450:            24           1536  com.fasterxml.jackson.databind.introspect.AnnotatedClass
 451:            32           1536  com.fasterxml.jackson.databind.type.SimpleType
 452:            48           1536  sun.reflect.annotation.AnnotationType
 453:             1           1528  scala.reflect.runtime.JavaUniverse
 454:            63           1512  java.util.jar.Attributes$Name
 455:            94           1504  java.net.InetSocketAddress
 456:            47           1504  org.eclipse.jetty.http.HttpStatus$Code
 457:            31           1488  org.apache.spark.sql.catalyst.expressions.Literal
 458:            91           1456  java.util.regex.Pattern$BranchConn
 459:            90           1440  com.esotericsoftware.kryo.factories.PseudoSerializerFactory
 460:            36           1440  com.fasterxml.jackson.module.scala.introspect.PropertyDescriptor
 461:            30           1440  java.time.temporal.ValueRange
 462:            20           1440  org.apache.spark.sql.catalyst.expressions.AttributeReference
 463:            18           1440  sun.net.www.protocol.jar.URLJarFile
 464:            35           1400  org.apache.kafka.common.network.KafkaChannel
 465:            16           1392  [Ljava.lang.Byte;
 466:            29           1392  com.fasterxml.jackson.databind.introspect.POJOPropertyBuilder
 467:            87           1392  javax.ws.rs.core.MediaType$1
 468:            58           1392  org.glassfish.jersey.jaxb.internal.NounInflector$Replacer
 469:             1           1376  [Lsun.misc.FDBigInteger;
 470:            85           1360  sun.reflect.DelegatingMethodAccessorImpl
 471:            56           1344  java.security.Provider$UString
 472:            24           1344  org.apache.spark.sql.catalyst.expressions.BoundReference
 473:            28           1344  org.glassfish.jersey.uri.PathTemplate
 474:             9           1296  java.text.DecimalFormat
 475:            54           1296  sun.reflect.NativeMethodAccessorImpl
 476:            43           1288  [Ljava.lang.reflect.Field;
 477:            23           1288  scala.collection.immutable.Vector
 478:            39           1280  [Ljava.math.BigInteger;
 479:            80           1280  com.esotericsoftware.kryo.serializers.FieldSerializerAnnotationsUtil
 480:            80           1280  com.esotericsoftware.kryo.serializers.FieldSerializerUnsafeUtilImpl
 481:            40           1280  com.fasterxml.jackson.core.io.SerializedString
 482:            32           1280  java.util.IdentityHashMap
 483:            20           1280  scala.reflect.internal.Types$AliasArgsTypeRef
 484:            39           1248  com.fasterxml.jackson.databind.introspect.AnnotatedField
 485:            52           1248  com.fasterxml.jackson.databind.introspect.MemberKey
 486:            12           1248  org.apache.kafka.common.network.Selector
 487:            52           1248  org.glassfish.hk2.utilities.cache.internal.WeakCARCacheImpl$CarValue
 488:            26           1248  org.glassfish.jersey.server.model.Resource$Data
 489:            52           1248  org.jvnet.hk2.internal.ImmediateResults
 490:            52           1248  org.jvnet.hk2.internal.NarrowResults
 491:            52           1248  org.jvnet.hk2.internal.ServiceLocatorImpl$UnqualifiedIndexedFilter
 492:            31           1240  org.eclipse.jetty.servlet.ServletContextHandler$Context
 493:            11           1232  org.apache.kafka.clients.consumer.internals.ConsumerCoordinator
 494:            51           1224  java.util.BitSet
 495:            51           1224  java.util.Collections$SingletonList
 496:            38           1216  io.netty.util.concurrent.DefaultPromise
 497:            19           1216  org.apache.hadoop.metrics2.lib.Interns$CacheWith2Keys$2
 498:            50           1200  com.esotericsoftware.kryo.Generics
 499:            30           1200  java.math.BigDecimal
 500:            30           1200  java.time.temporal.ChronoField
 501:            50           1200  java.util.Arrays$ArrayList
 502:            50           1200  org.eclipse.jetty.util.RegexSet
 503:            25           1200  scala.reflect.runtime.SynchronizedOps$$anon$3
 504:            37           1184  org.apache.kafka.common.protocol.Errors
 505:            74           1184  org.eclipse.jetty.util.log.JettyAwareLogger
 506:            74           1184  org.eclipse.jetty.util.log.Slf4jLog
 507:            73           1168  java.util.Collections$UnmodifiableCollection
 508:            36           1152  javax.ws.rs.core.Response$Status
 509:            36           1152  org.apache.kafka.common.Node
 510:             9           1152  org.jvnet.hk2.internal.ConstantActiveDescriptor
 511:            71           1136  org.apache.spark.sql.internal.SQLConf$SQLConfigBuilder$$anonfun$apply$1
 512:            71           1136  scala.collection.immutable.Set$Set1
 513:            47           1128  org.apache.kafka.clients.ClusterConnectionStates$NodeConnectionState
 514:             4           1120  java.util.concurrent.ConcurrentHashMap$CounterCell
 515:            20           1120  org.apache.spark.sql.catalyst.analysis.GetColumnByOrdinal
 516:            28           1120  org.glassfish.hk2.utilities.cache.LRUHybridCache$OriginThreadAwareFuture
 517:            28           1120  scala.reflect.internal.Types$UniqueSingleType
 518:            46           1104  org.eclipse.jetty.http.HttpGenerator$PreparedResponse
 519:             1           1096  scala.reflect.internal.Definitions$definitions$
 520:             4           1088  [Lcom.fasterxml.jackson.core.sym.Name;
 521:            45           1088  [Lcom.fasterxml.jackson.databind.introspect.AnnotationMap;
 522:            34           1088  java.util.concurrent.Semaphore$NonfairSync
 523:             3           1080  [Ljava.lang.Integer;
 524:            19           1064  java.util.ResourceBundle$CacheKey
 525:             2           1056  [Ljava.lang.Long;
 526:             2           1056  [Ljava.lang.Short;
 527:            22           1056  com.fasterxml.jackson.databind.introspect.BasicBeanDescription
 528:            33           1056  io.netty.channel.nio.SelectedSelectionKeySet
 529:            44           1056  org.glassfish.jersey.server.spi.internal.ParamValueFactoryWithSource
 530:            44           1056  scala.reflect.internal.Types$NullaryMethodType
 531:            13           1040  java.net.URI
 532:            26           1040  org.glassfish.jersey.server.model.Resource
 533:            26           1040  org.glassfish.jersey.server.model.RuntimeResource
 534:            40           1024  [Ljavax.management.MBeanOperationInfo;
 535:            32           1024  com.fasterxml.jackson.databind.introspect.AnnotatedParameter
 536:            16           1024  com.google.common.collect.MapMakerInternalMap$Segment
 537:            32           1024  scala.Enumeration$Val
 538:            42           1008  java.lang.ProcessEnvironment$Value
 539:            42           1008  java.lang.ProcessEnvironment$Variable
 540:            42           1008  org.apache.kafka.common.protocol.types.Struct
 541:            31            992  org.glassfish.jersey.server.internal.inject.SingleValueExtractor
 542:            41            984  java.util.regex.Pattern$SingleI
 543:            38            976  [Lorg.apache.kafka.common.protocol.types.Schema;
 544:            11            968  org.apache.kafka.clients.consumer.KafkaConsumer
 545:            11            968  org.apache.spark.sql.catalyst.plans.logical.Project
 546:            30            960  java.security.Provider$EngineDescription
 547:            40            960  scala.collection.mutable.WeakHashMap
 548:            17            952  org.json4s.reflect.ScalaType$PrimitiveScalaType
 549:            39            936  sun.reflect.generics.scope.MethodScope
 550:            29            928  org.glassfish.jersey.uri.PathPattern
 551:            29            928  scala.ref.WeakReferenceWithWrapper
 552:            29            928  sun.reflect.UnsafeObjectFieldAccessorImpl
 553:            19            912  java.util.ResourceBundle$BundleReference
 554:            38            912  org.apache.spark.sql.catalyst.expressions.ExprId
 555:             9            896  [D
 556:             8            896  java.util.GregorianCalendar
 557:            56            896  java.util.TreeMap$EntrySet
 558:            28            896  org.apache.commons.lang3.text.translate.LookupTranslator
 559:            28            896  org.glassfish.hk2.utilities.cache.LRUHybridCache$HybridCacheEntryImpl
 560:            16            896  sun.util.calendar.ZoneInfo
 561:            22            880  com.fasterxml.jackson.databind.type.CollectionLikeType
 562:            11            880  org.apache.kafka.clients.consumer.internals.Fetcher
 563:            36            864  com.fasterxml.jackson.module.scala.introspect.ConstructorParameter
 564:            27            864  java.nio.DirectByteBuffer$Deallocator
 565:            18            864  org.eclipse.jetty.http.MimeTypes$Type
 566:            54            864  scala.xml.Text
 567:            12            848  [Lio.netty.buffer.PoolArena;
 568:            28            848  [Ljava.lang.annotation.ElementType;
 569:            53            848  java.util.TreeSet
 570:            15            840  javax.management.openmbean.ArrayType
 571:            35            840  org.apache.kafka.common.network.DefaultAuthenticator
 572:            35            840  org.apache.kafka.common.network.PlaintextTransportLayer
 573:            35            840  org.glassfish.jersey.server.internal.routing.PushMethodHandlerRouter
 574:            35            840  org.glassfish.jersey.server.model.MethodHandler$ClassBasedMethodHandler
 575:            35            840  org.glassfish.jersey.server.model.ResourceMethod
 576:            26            832  org.apache.kafka.common.network.NetworkReceive
 577:            26            832  org.glassfish.jersey.message.ReaderModel
 578:            34            824  [Ljava.lang.reflect.Constructor;
 579:             6            816  io.netty.util.internal.InternalThreadLocalMap
 580:            51            816  org.apache.spark.internal.config.ConfigBuilder$$anonfun$booleanConf$1
 581:            17            816  org.codehaus.janino.ReflectionIClass$ReflectionIConstructor
 582:            20            800  com.sun.jmx.mbeanserver.MXBeanSupport
 583:            20            800  javax.management.MBeanOperationInfo
 584:            25            800  org.apache.spark.ui.JettyUtils$$anon$3
 585:            50            800  org.eclipse.jetty.http.pathmap.PathSpecSet
 586:            25            800  org.eclipse.jetty.http.pathmap.ServletPathSpec
 587:            50            800  scala.collection.generic.GenMapFactory$MapCanBuildFrom
 588:            25            800  sun.reflect.generics.repository.ConstructorRepository
 589:            33            792  org.apache.spark.sql.catalyst.trees.Origin
 590:            14            784  org.apache.spark.sql.catalyst.expressions.If
 591:            14            784  org.apache.spark.sql.catalyst.expressions.objects.GetExternalRowField
 592:            14            784  org.apache.spark.sql.catalyst.expressions.objects.ValidateExternalType
 593:            14            784  org.glassfish.jersey.server.model.ResourceMethodInvoker
 594:            24            768  com.fasterxml.jackson.databind.DeserializationFeature
 595:            32            768  com.sun.jmx.mbeanserver.DefaultMXBeanMappingFactory$IdentityMapping
 596:            48            768  com.sun.proxy.$Proxy27
 597:            16            768  java.nio.HeapByteBufferR
 598:            12            768  org.apache.kafka.clients.Metadata
 599:            48            768  org.apache.spark.rpc.netty.Dispatcher$MessageLoop
 600:            32            768  org.eclipse.jetty.http.PathMap$MappedEntry
 601:            32            768  org.eclipse.jetty.servlet.ServletHolder$Config
 602:            32            768  org.eclipse.jetty.servlet.ServletMapping
 603:            24            768  org.glassfish.jersey.message.WriterModel
 604:            24            768  sun.security.x509.OIDMap$OIDInfo
 605:             8            768  sun.util.calendar.Gregorian$Date
 606:            19            760  org.apache.spark.internal.config.OptionalConfigEntry
 607:            19            760  sun.util.locale.BaseLocale$Key
 608:            31            744  [Lorg.eclipse.jetty.server.handler.ContextHandler;
 609:            31            744  [Lorg.eclipse.jetty.server.handler.ContextHandlerCollection$Branch;
 610:            31            744  [Lorg.eclipse.jetty.servlet.ServletHolder;
 611:            31            744  [Lorg.eclipse.jetty.servlet.ServletMapping;
 612:            31            744  io.netty.util.internal.logging.Slf4JLogger
 613:            31            744  org.eclipse.jetty.server.handler.ContextHandlerCollection$Branch
 614:            31            744  org.eclipse.jetty.servlet.ServletHolder$Registration
 615:            23            736  com.fasterxml.jackson.databind.SerializationFeature
 616:            23            736  sun.management.MappedMXBeanType$BasicMXBeanType
 617:            10            720  com.fasterxml.jackson.databind.introspect.POJOPropertiesCollector
 618:            45            720  com.sun.proxy.$Proxy33
 619:            15            720  java.lang.management.PlatformComponent
 620:            10            720  java.util.concurrent.ThreadPoolExecutor
 621:            30            720  org.apache.kafka.common.config.ConfigDef$Range
 622:             9            720  org.codehaus.janino.IClass$PrimitiveIClass
 623:            15            720  org.glassfish.jersey.internal.inject.ContextInjectionResolver$RequiredTypeOverridingInjectee
 624:            30            720  org.glassfish.jersey.server.internal.inject.ParamConverters$StringConstructor$1
 625:            15            720  scala.reflect.api.TypeTags$PredefTypeTag
 626:            18            720  sun.management.DiagnosticCommandArgumentInfo
 627:            22            704  java.util.Random
 628:             4            704  org.eclipse.jetty.server.Request
 629:            29            696  io.netty.channel.ChannelOption
 630:            29            696  java.util.regex.Pattern$Ques
 631:            29            696  org.glassfish.hk2.utilities.reflection.ParameterizedTypeImpl
 632:            29            696  org.glassfish.jersey.uri.PatternWithGroups
 633:            43            688  java.nio.channels.spi.AbstractInterruptibleChannel$1
 634:            17            680  scala.reflect.internal.Trees$Select
 635:            21            672  com.sun.jmx.mbeanserver.WeakIdentityHashMap$IdentityWeakReference
 636:            12            672  org.apache.kafka.clients.NetworkClient
 637:            12            672  org.apache.kafka.common.network.Selector$SelectorMetrics
 638:            21            672  org.glassfish.jersey.server.internal.ServerTraceEvent
 639:            28            672  org.glassfish.jersey.server.internal.inject.PathParamValueFactoryProvider$PathParamValueFactory
 640:            21            672  org.glassfish.jersey.server.internal.routing.SubResourceLocatorRouter
 641:             3            672  scala.reflect.internal.StdNames$JavaKeywords
 642:             1            672  scala.reflect.internal.StdNames$fulltpnme$
 643:             1            664  scala.reflect.internal.StdNames$tpnme$
 644:             6            656  [Ljava.beans.MethodDescriptor;
 645:            27            648  java.util.Collections$SynchronizedSet
 646:            27            648  java.util.regex.Pattern$1
 647:            27            648  org.glassfish.hk2.utilities.binding.AbstractBinder$2
 648:            27            648  org.glassfish.jersey.server.internal.routing.Route
 649:            27            648  org.glassfish.jersey.server.model.HandlerConstructor
 650:             1            648  scala.reflect.internal.Flags$
 651:             8            640  [Ljava.util.concurrent.RunnableScheduledFuture;
 652:            20            640  com.fasterxml.jackson.databind.ser.SerializerCache$TypeKey
 653:            20            640  com.fasterxml.jackson.databind.ser.impl.ReadOnlyClassToSerializerMap$Bucket
 654:            10            640  io.netty.util.Recycler$Stack
 655:             8            640  java.util.concurrent.ScheduledThreadPoolExecutor
 656:            20            640  org.apache.kafka.clients.consumer.internals.SubscriptionState$TopicPartitionState
 657:            10            640  org.apache.spark.sql.catalyst.expressions.objects.StaticInvoke
 658:            16            640  org.apache.spark.sql.types.StructType
 659:            40            640  scala.collection.generic.GenSetFactory$$anon$1
 660:            16            640  scala.xml.Elem
 661:            16            640  sun.nio.cs.UTF_8$Decoder
 662:             3            624  [Ljava.lang.invoke.LambdaForm;
 663:            13            624  com.fasterxml.jackson.core.JsonToken
 664:            26            624  com.fasterxml.jackson.databind.type.ClassKey
 665:            39            624  java.util.Collections$SingletonSet
 666:            39            624  java.util.regex.Pattern$CharPropertyNames$1
 667:            26            624  org.apache.commons.logging.impl.SLF4JLocationAwareLog
 668:            26            624  org.glassfish.jersey.server.model.Resource$2
 669:            13            624  sun.management.DiagnosticCommandInfo
 670:            11            616  org.apache.kafka.clients.consumer.internals.ConsumerNetworkClient
 671:            11            616  org.apache.kafka.clients.consumer.internals.Heartbeat
 672:             3            608  [Ljava.lang.Thread;
 673:            19            608  com.fasterxml.jackson.databind.MapperFeature
 674:            19            608  java.util.Locale
 675:            19            608  java.util.ResourceBundle$LoaderReference
 676:            19            608  java.util.concurrent.ConcurrentSkipListMap$HeadIndex
 677:            38            608  java.util.jar.Attributes
 678:            19            608  org.apache.kafka.common.protocol.ApiKeys
 679:            19            608  sun.util.locale.BaseLocale
 680:            15            600  com.google.common.util.concurrent.ThreadFactoryBuilder$1
 681:             5            600  com.twitter.chill.KryoBase
 682:            25            600  java.time.LocalTime
 683:            15            600  org.apache.spark.internal.config.ConfigEntryWithDefaultString
 684:            25            600  org.apache.spark.ui.JettyUtils$ServletParams
 685:            25            600  org.glassfish.jersey.server.internal.routing.PushMatchedTemplateRouter
 686:            25            600  sun.reflect.generics.scope.ConstructorScope
 687:            37            592  com.sun.proxy.$Proxy9
 688:            37            592  java.util.regex.Pattern$Begin
 689:             9            576  java.text.DecimalFormatSymbols
 690:            18            576  javax.management.MBeanParameterInfo
 691:            12            576  org.apache.kafka.common.Cluster
 692:            12            576  org.apache.kafka.common.config.AbstractConfig$RecordingMap
 693:            36            576  org.apache.spark.internal.config.ConfigBuilder$$anonfun$intConf$1
 694:             9            576  org.apache.spark.sql.catalyst.expressions.objects.NewInstance
 695:            18            576  scala.reflect.runtime.TwoWayCaches$TwoWayCache
 696:            12            576  sun.nio.ch.IOVecWrapper
 697:            10            560  com.esotericsoftware.kryo.util.ObjectMap
 698:            10            560  javax.management.openmbean.CompositeType
 699:            14            560  javax.management.openmbean.SimpleType
 700:            10            560  org.apache.spark.serializer.GenericAvroSerializer
 701:            35            560  org.glassfish.jersey.server.internal.routing.PushMatchedMethodRouter
 702:            10            560  sun.invoke.util.Wrapper
 703:            23            552  com.sun.jmx.mbeanserver.PerInterface$MethodAndSig
 704:            23            552  java.util.regex.Pattern$7
 705:            23            552  org.apache.spark.SparkConf$AlternateConfig
 706:            23            552  org.eclipse.jetty.http.HttpParser$State
 707:            23            552  scala.reflect.internal.Types$AnnotatedType
 708:             2            544  [Ljava.lang.Character;
 709:             2            544  [Lorg.eclipse.jetty.http.HttpHeader;
 710:             2            544  [Lorg.eclipse.jetty.io.ArrayByteBufferPool$Bucket;
 711:            34            544  io.netty.util.concurrent.DefaultThreadFactory$DefaultRunnableDecorator
 712:            17            544  java.util.RegularEnumSet
 713:            34            544  java.util.concurrent.Semaphore
 714:             1            528  [Ljava.util.TimerTask;
 715:             6            528  com.fasterxml.jackson.module.scala.ser.OptionPropertyWriter
 716:            33            528  com.sun.proxy.$Proxy19
 717:            33            528  com.sun.proxy.$Proxy32
 718:            33            528  io.netty.channel.nio.NioEventLoop$1
 719:            33            528  io.netty.channel.nio.NioEventLoop$2
 720:            33            528  io.netty.util.concurrent.SingleThreadEventExecutor$2
 721:            33            528  io.netty.util.concurrent.SingleThreadEventExecutor$DefaultThreadProperties
 722:            11            528  org.apache.kafka.clients.consumer.internals.SubscriptionState
 723:            33            528  org.eclipse.jetty.util.AttributesMap
 724:            13            520  com.sun.jmx.mbeanserver.PerInterface
 725:            13            520  java.lang.invoke.MethodHandleImpl$IntrinsicMethodHandle
 726:            16            512  java.io.FileOutputStream
 727:            16            512  java.lang.StringCoding$StringEncoder
 728:             8            512  java.text.DateFormatSymbols
 729:            16            512  java.time.temporal.ChronoUnit
 730:            32            512  java.util.concurrent.atomic.AtomicReferenceArray
 731:             4            512  org.eclipse.jetty.http.HttpParser
 732:            16            512  org.glassfish.jersey.message.internal.MsgTraceEvent
 733:            21            504  java.util.regex.Pattern$5
 734:             9            504  org.apache.spark.rpc.netty.NettyRpcEndpointRef
 735:             9            504  org.apache.spark.sql.catalyst.encoders.ExpressionEncoder
 736:             9            504  scala.reflect.internal.Types$RefinementTypeRef
 737:            21            504  scala.util.matching.Regex
 738:            21            504  sun.security.x509.AVAKeyword
 739:            31            496  [Lorg.eclipse.jetty.servlet.FilterHolder;
 740:            31            496  [Lorg.eclipse.jetty.servlet.ListenerHolder;
 741:            31            496  org.eclipse.jetty.http.MimeTypes
 742:            31            496  org.eclipse.jetty.server.handler.ContextHandler$ApproveNonExistentDirectoryAliases
 743:            16            480  [Lorg.apache.spark.sql.types.StructField;
 744:            10            480  com.esotericsoftware.kryo.serializers.UnsafeCacheFields$UnsafeByteField
 745:            10            480  com.esotericsoftware.kryo.serializers.UnsafeCacheFields$UnsafeLongField
 746:            15            480  java.util.PriorityQueue
 747:            10            480  java.util.concurrent.LinkedBlockingQueue
 748:            15            480  java.util.concurrent.SynchronousQueue$TransferStack$SNode
 749:            12            480  org.apache.kafka.common.metrics.MetricConfig
 750:            12            480  org.apache.kafka.common.metrics.Metrics
 751:             5            480  org.apache.spark.sql.catalyst.plans.logical.MapElements
 752:            10            480  org.apache.spark.sql.kafka010.CachedKafkaConsumer
 753:            20            480  scala.collection.generic.GenTraversableFactory$$anon$1
 754:             3            480  scala.reflect.runtime.JavaMirrors$JavaMirror$$anon$1
 755:             3            480  scala.reflect.runtime.JavaMirrors$JavaMirror$$anon$2
 756:            29            464  org.apache.spark.internal.config.ConfigBuilder$$anonfun$stringConf$1
 757:            29            464  scala.ref.WeakReference
 758:            19            456  [Ljavax.management.MBeanParameterInfo;
 759:             6            456  [Lsun.invoke.util.Wrapper;
 760:            19            456  java.util.Collections$SetFromMap
 761:            19            456  java.util.Locale$LocaleKey
 762:             3            456  scala.reflect.runtime.JavaMirrors$JavaMirror
 763:            14            448  [Lorg.glassfish.jersey.server.internal.routing.Router;
 764:            14            448  com.codahale.metrics.LongAdder
 765:            28            448  com.sun.proxy.$Proxy0
 766:            28            448  com.sun.proxy.$Proxy37
 767:             7            448  java.text.SimpleDateFormat
 768:            14            448  java.util.Collections$SynchronizedMap
 769:             8            448  javax.management.openmbean.OpenMBeanParameterInfoSupport
 770:             8            448  org.apache.spark.sql.catalyst.expressions.objects.AssertNotNull
 771:            11            440  org.apache.kafka.clients.consumer.internals.AbstractCoordinator$GroupCoordinatorMetrics
 772:            11            440  org.apache.kafka.clients.consumer.internals.Fetcher$FetchManagerMetrics
 773:             5            440  org.apache.spark.sql.catalyst.plans.logical.DeserializeToObject
 774:             3            432  [Lcom.fasterxml.jackson.core.sym.CharsToNameCanonicalizer$Bucket;
 775:            27            432  com.sun.proxy.$Proxy44
 776:            27            432  java.lang.ThreadLocal
 777:            18            432  java.text.DateFormat$Field
 778:            27            432  java.util.HashMap$Values
 779:             9            432  javassist.CtPrimitiveType
 780:            18            432  org.apache.hadoop.metrics2.lib.MetricsInfoImpl
 781:             9            432  org.apache.spark.sql.types.DecimalType
 782:             6            432  org.glassfish.jersey.internal.util.collection.ConcurrentHashMapV8
 783:            18            432  scala.reflect.NameTransformer$OpCodes
 784:             6            416  [Lio.netty.buffer.PoolThreadCache$MemoryRegionCache;
 785:             4            416  com.google.common.collect.MapMakerInternalMap
 786:            26            416  com.sun.proxy.$Proxy12
 787:            13            416  java.lang.invoke.SimpleMethodHandle
 788:             4            416  org.eclipse.jetty.io.SelectChannelEndPoint
 789:            26            416  org.glassfish.jersey.server.internal.routing.PushMatchedRuntimeResourceRouter
 790:            13            416  sun.management.DiagnosticCommandImpl$Wrapper
 791:            13            416  sun.security.util.DerInputBuffer
 792:            13            416  sun.security.util.DerValue
 793:            13            408  [Lorg.apache.commons.lang3.text.translate.CharSequenceTranslator;
 794:            17            408  java.time.Duration
 795:            17            408  scala.reflect.runtime.Settings$BooleanSetting
 796:            10            400  java.lang.invoke.DirectMethodHandle$Accessor
 797:            10            400  org.apache.kafka.clients.ClientRequest
 798:            10            400  org.apache.kafka.common.requests.RequestSend
 799:             5            400  org.apache.spark.sql.catalyst.plans.logical.SerializeFromObject
 800:            10            400  org.apache.spark.sql.kafka010.KafkaSourceRDDOffsetRange
 801:             7            392  com.fasterxml.jackson.databind.cfg.BaseSettings
 802:             1            392  org.apache.spark.sql.execution.streaming.StreamExecution$$anon$1
 803:             1            392  scala.reflect.internal.pickling.PickleFormat$
 804:            12            384  java.lang.StringCoding$StringDecoder
 805:             1            384  java.lang.ref.Finalizer$FinalizerThread
 806:             1            384  java.util.TimerThread
 807:            16            384  java.util.concurrent.Executors$DefaultThreadFactory
 808:             1            384  java.util.logging.LogManager$Cleaner
 809:            12            384  org.apache.commons.lang3.JavaVersion
 810:            12            384  org.apache.kafka.clients.NetworkClient$DefaultMetadataUpdater
 811:             1            384  org.apache.kafka.common.utils.KafkaThread
 812:             1            384  org.apache.spark.ContextCleaner$$anon$1
 813:             1            384  org.apache.spark.scheduler.LiveListenerBus$$anon$1
 814:            16            384  org.apache.spark.storage.StorageLevel
 815:             1            384  org.apache.spark.util.EventLoop$$anon$1
 816:            12            384  org.eclipse.jetty.http.HttpHeaderValue
 817:            12            384  org.glassfish.jersey.server.model.internal.JavaResourceMethodDispatcherProvider$ResponseOutInvoker
 818:            12            384  org.jvnet.hk2.internal.FactoryCreator
 819:            16            384  scala.collection.mutable.WrappedArray$ofRef
 820:            16            384  sun.misc.URLClassPath$FileLoader
 821:            16            384  sun.nio.ch.OptionKey
 822:            16            384  sun.nio.ch.SocketOptionRegistry$RegistryKey
 823:             1            376  java.lang.ref.Reference$ReferenceHandler
 824:             1            376  org.apache.hadoop.util.ShutdownHookManager$1
 825:            17            368  [Ljavax.management.MBeanNotificationInfo;
 826:             9            360  com.sun.org.apache.xerces.internal.utils.XMLSecurityManager$Limit
 827:             9            360  java.text.DigitList
 828:            15            360  javax.management.StandardMBean
 829:             9            360  org.apache.spark.rpc.netty.Inbox
 830:             9            360  org.eclipse.jetty.util.ArrayTrie
 831:            15            360  org.glassfish.jersey.internal.inject.ContextInjectionResolver$2
 832:            15            360  scala.reflect.ManifestFactory$ClassTypeManifest
 833:            11            352  com.fasterxml.jackson.core.JsonParser$Feature
 834:            22            352  com.sun.proxy.$Proxy24
 835:            11            352  io.netty.util.Recycler$DefaultHandle
 836:            11            352  org.apache.kafka.clients.consumer.ConsumerConfig
 837:            11            352  org.apache.kafka.clients.consumer.internals.ConsumerCoordinator$ConsumerCoordinatorMetrics
 838:            22            352  org.apache.kafka.common.serialization.ByteArrayDeserializer
 839:             4            352  org.apache.spark.sql.execution.ProjectExec
 840:             1            352  org.apache.spark.sql.internal.SQLConf$
 841:             4            352  org.codehaus.janino.IClass$2
 842:            11            352  org.eclipse.jetty.http.HttpMethod
 843:             4            352  org.eclipse.jetty.server.HttpConnection
 844:             7            336  com.sun.jmx.mbeanserver.DefaultMXBeanMappingFactory$CompositeMapping
 845:             6            336  io.netty.buffer.PooledByteBufAllocator
 846:            14            336  java.lang.invoke.LambdaFormEditor$Transform$Kind
 847:             3            336  java.net.SocksSocketImpl
 848:             6            336  java.nio.DirectLongBufferU
 849:             6            336  java.util.zip.ZipFile$ZipFileInflaterInputStream
 850:             6            336  java.util.zip.ZipFile$ZipFileInputStream
 851:             6            336  org.apache.spark.sql.catalyst.expressions.UpCast
 852:            14            336  org.glassfish.jersey.server.internal.routing.MethodRouting
 853:            14            336  org.glassfish.jersey.server.monitoring.RequestEvent$Type
 854:             6            336  sun.management.MemoryPoolImpl
 855:            14            336  sun.misc.MetaIndex
 856:            14            336  sun.nio.ch.Util$BufferCache
 857:            16            328  [Ljava.lang.management.PlatformComponent;
 858:            20            320  com.esotericsoftware.kryo.serializers.JavaSerializer
 859:             5            320  com.esotericsoftware.kryo.util.IntMap
 860:            10            320  com.fasterxml.jackson.core.JsonGenerator$Feature
 861:             4            320  com.google.common.cache.LocalCache$Segment
 862:             4            320  io.netty.buffer.PoolChunk
 863:            10            320  java.lang.OutOfMemoryError
 864:            20            320  java.nio.channels.spi.AbstractSelector$1
 865:            10            320  java.util.ArrayList$Itr
 866:             4            320  jersey.repackaged.com.google.common.cache.LocalCache$Segment
 867:            10            320  org.apache.kafka.clients.consumer.internals.ConsumerNetworkClient$RequestFutureCompletionHandler
 868:            10            320  org.apache.kafka.clients.consumer.internals.Fetcher$PartitionRecords
 869:            10            320  org.apache.kafka.common.requests.FetchRequest
 870:            10            320  org.apache.kafka.common.requests.RequestHeader
 871:            10            320  org.apache.spark.executor.ExecutorSource$$anon$1
 872:             4            320  org.eclipse.jetty.io.SelectorManager$ManagedSelector
 873:             5            320  scala.reflect.internal.Types$AliasNoArgsTypeRef
 874:             3            312  com.codahale.metrics.ThreadLocalRandom
 875:            13            312  com.fasterxml.jackson.databind.util.LRUMap
 876:             3            312  io.netty.util.internal.ThreadLocalRandom
 877:            13            312  org.apache.log4j.Level
 878:            13            312  org.glassfish.jersey.internal.JaxrsProviders
 879:            13            312  org.glassfish.jersey.uri.UriComponent$Type
 880:             3            312  scala.reflect.runtime.JavaMirrors$JavaMirror$$anon$3
 881:             3            312  scala.reflect.runtime.JavaMirrors$JavaMirror$$anon$4
 882:            13            312  sun.security.util.DerInputStream
 883:            19            304  java.util.IdentityHashMap$KeySet
 884:            19            304  javax.ws.rs.core.MediaType$2
 885:             1            304  org.apache.spark.deploy.SparkSubmitArguments
 886:            19            304  org.apache.spark.internal.config.OptionalConfigEntry$$anonfun$$lessinit$greater$1
 887:            19            304  org.apache.spark.internal.config.OptionalConfigEntry$$anonfun$$lessinit$greater$2
 888:             2            296  [Ljava.io.File;
 889:            13            296  [Lsun.management.DiagnosticCommandArgumentInfo;
 890:            12            288  [Lsun.security.x509.AVA;
 891:             4            288  com.fasterxml.jackson.core.sym.BytesToNameCanonicalizer
 892:             4            288  com.fasterxml.jackson.databind.SerializationConfig
 893:             4            288  com.fasterxml.jackson.databind.deser.CreatorProperty
 894:             4            288  com.fasterxml.jackson.databind.deser.DefaultDeserializationContext$Impl
 895:             4            288  com.fasterxml.jackson.databind.ser.DefaultSerializerProvider$Impl
 896:             9            288  com.fasterxml.jackson.module.paranamer.shaded.BytecodeReadingParanamer$Type
 897:            12            288  com.sun.jmx.mbeanserver.StandardMBeanSupport
 898:             9            288  com.thoughtworks.paranamer.BytecodeReadingParanamer$Type
 899:             6            288  java.beans.BeanDescriptor
 900:            18            288  java.lang.Float
 901:            12            288  java.lang.invoke.Invokers
 902:             9            288  java.util.logging.Level
 903:            18            288  java.util.regex.Pattern$CharPropertyNames$4
 904:             9            288  jdk.internal.org.objectweb.asm.Type
 905:            12            288  org.apache.kafka.clients.ClusterConnectionStates
 906:            12            288  org.apache.kafka.clients.InFlightRequests
 907:            12            288  org.apache.kafka.common.metrics.JmxReporter
 908:            12            288  org.apache.kafka.common.network.PlaintextChannelBuilder
 909:            12            288  org.apache.kafka.common.network.Selector$SelectorMetrics$1
 910:             4            288  org.apache.spark.network.util.TransportConf
 911:             9            288  org.apache.spark.rpc.netty.Dispatcher$EndpointData
 912:            12            288  org.apache.spark.sql.catalyst.analysis.FunctionRegistry$$anonfun$10
 913:             9            288  org.apache.xbean.asm5.Type
 914:             4            288  org.eclipse.jetty.http.HttpURI
 915:             4            288  org.eclipse.jetty.server.Response
 916:            12            288  org.glassfish.jersey.jaxb.internal.AbstractJaxbProvider$4
 917:            12            288  org.glassfish.jersey.jaxb.internal.AbstractJaxbProvider$5
 918:            12            288  org.glassfish.jersey.server.model.Parameter$Source
 919:            12            288  scala.concurrent.duration.FiniteDuration
 920:             6            288  sun.misc.URLClassPath
 921:             3            288  sun.nio.ch.ServerSocketChannelImpl
 922:            12            288  sun.security.x509.AVA
 923:            12            288  sun.security.x509.RDN
 924:             5            280  com.codahale.metrics.ExponentiallyDecayingReservoir
 925:             5            280  com.esotericsoftware.kryo.util.DefaultClassResolver
 926:             5            280  com.esotericsoftware.kryo.util.IdentityObjectIntMap
 927:             5            280  com.fasterxml.jackson.core.sym.CharsToNameCanonicalizer
 928:             7            280  java.lang.ClassLoader$NativeLibrary
 929:            17            272  net.jpountz.lz4.LZ4HCJNICompressor
 930:             1            272  scala.reflect.internal.ReificationSupport$ReificationSupportImpl
 931:             6            264  [Lcom.fasterxml.jackson.databind.ser.BeanPropertyWriter;
 932:             6            264  [Ljava.beans.PropertyDescriptor;
 933:             9            264  [Ljava.lang.Boolean;
 934:            11            264  com.google.common.collect.RegularImmutableMap$TerminalEntry
 935:            11            264  java.net.StandardSocketOptions$StdSocketOption
 936:            11            264  org.apache.kafka.clients.consumer.internals.AbstractCoordinator$GroupCoordinatorMetrics$1
 937:            11            264  org.apache.kafka.clients.consumer.internals.AbstractCoordinator$HeartbeatTask
 938:            11            264  org.apache.kafka.clients.consumer.internals.ConsumerCoordinator$ConsumerCoordinatorMetrics$1
 939:            11            264  org.apache.spark.network.protocol.Message$Type
 940:             3            264  org.apache.spark.rdd.MapPartitionsRDD
 941:            11            264  org.apache.spark.rpc.RpcTimeout
 942:            11            264  org.apache.spark.util.SizeEstimator$ClassInfo
 943:             4            256  com.fasterxml.jackson.core.sym.ByteQuadsCanonicalizer
 944:             4            256  com.fasterxml.jackson.databind.DeserializationConfig
 945:             8            256  java.util.concurrent.ScheduledThreadPoolExecutor$DelayedWorkQueue
 946:             8            256  javax.management.MBeanNotificationInfo
 947:            16            256  org.apache.spark.sql.types.ObjectType
 948:             4            256  org.eclipse.jetty.server.HttpConnection$HttpChannelOverHttp
 949:             4            256  org.eclipse.jetty.server.HttpInputOverHTTP
 950:             8            256  org.glassfish.jersey.internal.util.collection.ConcurrentHashMapV8$Node
 951:             8            256  org.glassfish.jersey.model.ContractProvider
 952:             4            256  org.json4s.DefaultFormats$$anon$1
 953:             8            256  scala.reflect.internal.Types$UniqueTypeBounds
 954:             8            256  sun.misc.ProxyGenerator$PrimitiveTypeInfo
 955:            16            256  sun.nio.ch.Util$3
 956:             8            256  sun.security.jca.ProviderConfig
 957:             8            248  [Ljava.lang.invoke.LambdaForm$BasicType;
 958:             1            248  scala.reflect.internal.FlagSets$Flag$
 959:             3            240  [Lcom.fasterxml.jackson.databind.ser.impl.ReadOnlyClassToSerializerMap$Bucket;
 960:             4            240  [Lcom.google.common.collect.RegularImmutableMap$LinkedEntry;
 961:             6            240  [Ljava.lang.invoke.BoundMethodHandle$SpeciesData;
 962:            14            240  [Ljavax.management.MBeanConstructorInfo;
 963:            10            240  com.sun.org.apache.xerces.internal.impl.XMLScanner$NameType
 964:             6            240  java.beans.GenericBeanInfo
 965:            10            240  java.lang.annotation.ElementType
 966:            10            240  java.security.CryptoPrimitive
 967:            10            240  java.util.Collections$UnmodifiableCollection$1
 968:            10            240  java.util.Date
 969:             5            240  java.util.concurrent.ConcurrentSkipListMap
 970:            10            240  java.util.concurrent.LinkedBlockingQueue$Node
 971:             6            240  jersey.repackaged.com.google.common.collect.Maps$TransformedEntriesMap
 972:            10            240  org.apache.kafka.clients.consumer.internals.Fetcher$1
 973:            10            240  org.apache.kafka.common.requests.FetchRequest$PartitionData
 974:             1            240  org.apache.spark.sql.execution.streaming.StreamExecution
 975:            10            240  org.apache.spark.sql.kafka010.CachedKafkaConsumer$CacheKey
 976:            10            240  org.apache.spark.sql.kafka010.KafkaSourceRDDPartition
 977:            10            240  org.glassfish.hk2.utilities.reflection.internal.ClassReflectionHelperImpl$LifecycleKey
 978:            10            240  org.glassfish.jersey.server.internal.inject.EntityParamValueFactoryProvider$EntityValueFactory
 979:            10            240  scala.collection.immutable.Set$Set2
 980:            15            240  scala.reflect.api.PredefTypeCreator
 981:            15            240  scala.reflect.runtime.HasJavaClass
 982:             6            240  sun.management.MemoryPoolImpl$CollectionSensor
 983:             6            240  sun.management.MemoryPoolImpl$PoolSensor
 984:             6            240  sun.reflect.UnsafeQualifiedStaticLongFieldAccessorImpl
 985:             5            240  sun.util.locale.provider.LocaleResources$ResourceReference
 986:             2            224  [Lcom.fasterxml.jackson.databind.DeserializationFeature;
 987:             2            224  [Lcom.fasterxml.jackson.databind.SerializationFeature;
 988:             6            224  [Lscala.Tuple2;
 989:             4            224  com.fasterxml.jackson.databind.MappingJsonFactory
 990:             7            224  io.netty.buffer.EmptyByteBuf
 991:             7            224  java.lang.StackTraceElement
 992:             7            224  java.lang.invoke.BoundMethodHandle$Species_L
 993:             7            224  java.util.Stack
 994:             4            224  org.apache.hadoop.metrics2.util.SampleStat
 995:             4            224  org.apache.spark.sql.catalyst.expressions.Cast
 996:             7            224  org.apache.spark.sql.catalyst.rules.RuleExecutor$Batch
 997:             4            224  org.apache.spark.sql.execution.QueryExecution
 998:             4            224  org.eclipse.jetty.server.HttpOutput
 999:            14            224  org.glassfish.jersey.server.internal.routing.Routers$EndpointRouter
1000:             4            224  org.json4s.reflect.ScalaType
1001:             5            216  [Lio.netty.util.concurrent.SingleThreadEventExecutor;
1002:             8            216  [Lorg.codehaus.janino.IClass$IConstructor;
1003:             9            216  com.fasterxml.jackson.annotation.JsonFormat$Shape
1004:             3            216  io.netty.channel.DefaultChannelPipeline$HeadContext
1005:             3            216  io.netty.channel.DefaultChannelPipeline$TailContext
1006:             3            216  java.util.concurrent.ScheduledThreadPoolExecutor$ScheduledFutureTask
1007:             9            216  java.util.logging.Level$KnownLevel
1008:             9            216  org.apache.kafka.common.config.ConfigDef$Type
1009:             9            216  org.apache.spark.rpc.RpcEndpointAddress
1010:             3            216  org.apache.spark.util.ParentClassLoader
1011:             3            216  org.codehaus.janino.ByteArrayClassLoader
1012:             9            216  org.glassfish.jersey.server.internal.inject.ParamInjectionResolver$1
1013:             3            216  scala.reflect.internal.Types$AbstractArgsTypeRef
1014:             9            216  scala.xml.NodeBuffer
1015:             9            216  sun.util.logging.PlatformLogger$Level
1016:             6            208  [F
1017:             7            208  [Ljava.lang.invoke.LambdaForm$NamedFunction;
1018:             2            208  io.netty.channel.socket.nio.NioServerSocketChannel
1019:            13            208  org.apache.commons.lang3.text.translate.AggregateTranslator
1020:            13            208  org.apache.kafka.common.utils.SystemTime
1021:             1            208  org.codehaus.janino.ClassLoaderIClassLoader
1022:            13            208  scala.reflect.runtime.TwoWayCaches$TwoWayCache$SomeRef$
1023:             9            200  [Ljava.lang.StackTraceElement;
1024:             2            200  [Ljava.text.DateFormat$Field;
1025:             5            200  com.fasterxml.jackson.core.Version
1026:             5            200  java.lang.invoke.BoundMethodHandle$SpeciesData
1027:             1            200  org.apache.spark.internal.config.package$
1028:             5            200  org.glassfish.jersey.internal.ServiceFinderBinder
1029:             2            192  [Lcom.fasterxml.jackson.databind.MapperFeature;
1030:             2            192  [Lorg.apache.kafka.common.protocol.ApiKeys;
1031:             2            192  [[Lorg.apache.kafka.common.protocol.types.Schema;
1032:             4            192  com.esotericsoftware.kryo.io.Input
1033:             4            192  com.fasterxml.jackson.core.sym.BytesToNameCanonicalizer$TableInfo
1034:             3            192  com.fasterxml.jackson.databind.ObjectMapper
1035:             3            192  com.fasterxml.jackson.databind.deser.impl.FieldProperty
1036:             8            192  com.fasterxml.jackson.databind.introspect.AnnotationIntrospectorPair
1037:             4            192  com.fasterxml.jackson.databind.ser.BeanSerializer
1038:             4            192  com.fasterxml.jackson.databind.type.MapLikeType
1039:             6            192  io.netty.buffer.PoolThreadCache$NormalMemoryRegionCache
1040:             6            192  java.lang.invoke.LambdaForm$BasicType
1041:             8            192  java.lang.invoke.MethodHandleImpl$Intrinsic
1042:             8            192  java.lang.management.ManagementPermission
1043:             8            192  java.math.RoundingMode
1044:             6            192  java.security.MessageDigest$Delegate
1045:             4            192  java.util.concurrent.ConcurrentHashMap$TreeBin
1046:             3            192  javassist.CtClassType
1047:             8            192  jdk.net.SocketFlow$Status
1048:             8            192  org.apache.hadoop.fs.permission.FsAction
1049:             8            192  org.apache.hadoop.metrics2.impl.MsInfo
1050:             6            192  org.apache.hadoop.metrics2.util.SampleStat$MinMax
1051:             6            192  org.apache.hadoop.security.UserGroupInformation$AuthenticationMethod
1052:            12            192  org.apache.kafka.common.metrics.Metrics$2
1053:            12            192  org.apache.kafka.common.security.auth.DefaultPrincipalBuilder
1054:            12            192  org.apache.kafka.common.utils.AppInfoParser$AppInfo
1055:             3            192  org.apache.spark.SSLOptions
1056:             6            192  org.apache.spark.SparkConf
1057:             8            192  org.apache.spark.launcher.SparkAppHandle$State
1058:             6            192  org.apache.spark.network.util.ByteUnit
1059:             4            192  org.apache.spark.sql.Dataset
1060:             4            192  org.apache.spark.sql.catalyst.expressions.objects.CreateExternalRow
1061:             2            192  org.apache.spark.sql.execution.DeserializeToObjectExec
1062:             2            192  org.apache.spark.sql.execution.MapElementsExec
1063:            12            192  org.apache.spark.ui.JettyUtils$$anonfun$htmlResponderToServlet$1
1064:            12            192  org.apache.spark.ui.JettyUtils$$anonfun$jsonResponderToServlet$1
1065:            12            192  org.apache.spark.ui.WebUI$$anonfun$2
1066:            12            192  org.apache.spark.ui.WebUI$$anonfun$3
1067:             8            192  org.apache.spark.util.CallSite
1068:             4            192  org.eclipse.jetty.server.HttpChannelState
1069:             8            192  org.eclipse.jetty.server.HttpChannelState$State
1070:             4            192  org.eclipse.jetty.server.HttpConnection$SendCallback
1071:             8            192  org.eclipse.jetty.util.IteratingCallback$State
1072:             8            192  org.eclipse.jetty.util.SharedBlockingCallback$Blocker
1073:             8            192  org.glassfish.jersey.jaxb.internal.AbstractJaxbProvider$1
1074:             8            192  org.glassfish.jersey.jaxb.internal.AbstractJaxbProvider$2
1075:             8            192  org.glassfish.jersey.jaxb.internal.AbstractJaxbProvider$3
1076:             6            192  org.glassfish.jersey.model.ContractProvider$Builder
1077:             8            192  scala.collection.immutable.Set$Set3
1078:             6            192  scala.reflect.internal.Types$JavaMethodType
1079:            12            192  sun.nio.ch.IOVecWrapper$Deallocator
1080:             3            192  sun.security.provider.NativePRNG$RandomIO
1081:             2            192  sun.security.provider.Sun
1082:             5            184  [Lcom.fasterxml.jackson.databind.deser.Deserializers;
1083:             2            176  io.netty.buffer.PooledUnsafeDirectByteBuf
1084:            11            176  java.text.NumberFormat$Field
1085:             2            176  java.util.jar.JarVerifier
1086:            11            176  org.apache.kafka.clients.consumer.RangeAssignor
1087:            11            176  org.apache.kafka.clients.consumer.internals.ConsumerCoordinator$1
1088:            11            176  org.apache.kafka.clients.consumer.internals.ConsumerCoordinator$DefaultOffsetCommitCallback
1089:            11            176  org.apache.kafka.clients.consumer.internals.ConsumerCoordinator$MetadataSnapshot
1090:            11            176  org.apache.kafka.clients.consumer.internals.DelayedTaskQueue
1091:             2            176  org.apache.spark.sql.execution.SerializeFromObjectExec
1092:             2            176  org.apache.spark.util.MutableURLClassLoader
1093:             1            168  [Lorg.apache.kafka.common.protocol.Errors;
1094:             1            168  [[Ljava.math.BigInteger;
1095:             7            168  com.fasterxml.jackson.databind.ser.impl.PropertySerializerMap$Single
1096:             7            168  com.google.common.collect.RegularImmutableMap$NonTerminalEntry
1097:             7            168  com.sun.management.VMOption$Origin
1098:             7            168  com.sun.org.apache.xerces.internal.util.FeatureState
1099:             7            168  io.netty.util.Recycler$2
1100:             7            168  java.io.ObjectStreamClass$ExceptionInfo
1101:             7            168  java.net.NetPermission
1102:             3            168  javax.management.openmbean.OpenMBeanOperationInfoSupport
1103:             1            168  org.apache.spark.SparkContext
1104:             1            168  org.apache.spark.sql.internal.SessionState$$anon$1
1105:             7            168  org.eclipse.jetty.http.HttpGenerator$Result
1106:             7            168  org.eclipse.jetty.server.HttpChannelState$Action
1107:             7            168  org.eclipse.jetty.server.HttpOutput$OutputState
1108:             5            160  [Lcom.fasterxml.jackson.databind.ser.Serializers;
1109:             1            160  [Ljavax.ws.rs.core.Response$Status;
1110:             2            160  [Lorg.glassfish.jersey.internal.util.collection.KeyComparatorHashMap$Entry;
1111:             4            160  com.fasterxml.jackson.core.Base64Variant
1112:             5            160  com.fasterxml.jackson.core.JsonEncoding
1113:             4            160  com.fasterxml.jackson.core.sym.ByteQuadsCanonicalizer$TableInfo
1114:             5            160  com.fasterxml.jackson.databind.introspect.AnnotatedConstructor
1115:             5            160  com.twitter.chill.EnumerationSerializer
1116:             2            160  io.netty.buffer.PooledUnsafeHeapByteBuf
1117:             5            160  io.netty.channel.nio.NioEventLoopGroup
1118:             5            160  java.nio.channels.ClosedChannelException
1119:            10            160  java.util.Formatter$Flags
1120:             4            160  java.util.PropertyResourceBundle
1121:             5            160  java.util.regex.Pattern$3
1122:             5            160  javax.management.StandardEmitterMBean
1123:             4            160  org.apache.hadoop.conf.Configuration
1124:             5            160  org.apache.hadoop.security.SaslRpcServer$AuthMethod
1125:             5            160  org.apache.hadoop.util.DataChecksum$Type
1126:             5            160  org.apache.kafka.common.protocol.SecurityProtocol
1127:             5            160  org.apache.spark.serializer.KryoSerializerInstance
1128:             4            160  org.eclipse.jetty.http.HttpGenerator
1129:             4            160  org.eclipse.jetty.http.HttpVersion
1130:             1            160  org.eclipse.jetty.server.ServerConnector
1131:             2            160  org.eclipse.jetty.servlet.DefaultServlet
1132:             4            160  org.glassfish.hk2.utilities.general.internal.WeakHashClockImpl
1133:             4            160  org.glassfish.hk2.utilities.general.internal.WeakHashLRUImpl
1134:             5            160  sun.util.locale.provider.LocaleProviderAdapter$Type
1135:             6            152  [Lorg.apache.spark.sql.catalyst.rules.Rule;
1136:             2            144  [Ljava.math.BigDecimal;
1137:             1            144  [Lorg.eclipse.jetty.server.Handler;
1138:             3            144  com.codahale.metrics.EWMA
1139:             6            144  com.codahale.metrics.MetricRegistry
1140:             6            144  com.fasterxml.jackson.annotation.JsonAutoDetect$Visibility
1141:             6            144  com.fasterxml.jackson.annotation.JsonInclude$Include
1142:             6            144  com.fasterxml.jackson.core.JsonParser$NumberType
1143:             3            144  com.fasterxml.jackson.databind.ser.std.CollectionSerializer
1144:             6            144  com.fasterxml.jackson.module.scala.introspect.BeanDescriptor
1145:             3            144  com.google.common.cache.LocalCache$StrongAccessEntry
1146:             6            144  com.sun.org.apache.xerces.internal.util.Status
1147:             2            144  io.netty.buffer.PoolThreadCache
1148:             6            144  io.netty.buffer.PooledByteBufAllocator$PoolThreadLocalCache
1149:             2            144  io.netty.channel.DefaultChannelHandlerContext
1150:             6            144  io.netty.channel.VoidChannelPromise
1151:             2            144  io.netty.channel.socket.nio.NioServerSocketChannel$NioServerSocketChannelConfig
1152:             6            144  io.netty.handler.timeout.IdleStateEvent
1153:             6            144  io.netty.util.internal.UnsafeAtomicIntegerFieldUpdater
1154:             6            144  java.lang.StringBuilder
1155:             9            144  java.util.concurrent.ConcurrentHashMap$EntrySetView
1156:             6            144  java.util.regex.Pattern$CharPropertyNames$2
1157:             6            144  javax.security.auth.login.AppConfigurationEntry
1158:             6            144  javax.ws.rs.core.Response$Status$Family
1159:             6            144  org.apache.commons.lang3.text.translate.NumericEntityEscaper
1160:             2            144  org.apache.hadoop.metrics2.lib.MutableRate
1161:             3            144  org.apache.spark.network.client.TransportClientFactory
1162:             6            144  org.apache.spark.serializer.JavaSerializerInstance
1163:             6            144  org.eclipse.jetty.http.HttpTokens$EndOfContent
1164:             6            144  org.eclipse.jetty.http.pathmap.PathSpecGroup
1165:             2            144  org.eclipse.jetty.util.resource.JarFileResource
1166:             6            144  org.glassfish.hk2.utilities.cache.Cache
1167:             2            144  org.glassfish.jersey.server.ResourceConfig$ImmutableState
1168:             6            144  org.json4s.ThreadLocal
1169:             6            144  scala.reflect.internal.StdNames$KeywordSetBuilder
1170:             6            144  scala.reflect.internal.Types$ExistentialType
1171:             6            144  scala.reflect.internal.Types$UniqueConstantType
1172:             6            144  sun.misc.PerfCounter
1173:             3            144  sun.nio.cs.StreamEncoder
1174:             6            144  sun.security.util.DisabledAlgorithmConstraints$KeySizeConstraint$Operator
1175:             1            136  [Ljava.time.temporal.ChronoField;
1176:             1            136  org.apache.spark.scheduler.TaskSchedulerImpl
1177:             1            136  org.jvnet.hk2.internal.ServiceLocatorImpl
1178:             4            128  [Lcom.google.common.collect.MapMakerInternalMap$EntryFactory;
1179:             4            128  [Lcom.google.common.collect.MapMakerInternalMap$Segment;
1180:             6            128  [Ljava.security.CodeSigner;
1181:             4            128  com.fasterxml.jackson.databind.cfg.DeserializerFactoryConfig
1182:             2            128  com.fasterxml.jackson.databind.ser.std.MapSerializer
1183:             2            128  com.fasterxml.jackson.module.scala.ser.UnresolvedIterableSerializer
1184:             1            128  com.google.common.cache.LocalCache
1185:             4            128  com.google.common.hash.MessageDigestHashFunction
1186:             4            128  com.sun.jmx.mbeanserver.DefaultMXBeanMappingFactory$ArrayMapping
1187:             2            128  io.netty.channel.ChannelOutboundBuffer
1188:             2            128  io.netty.channel.ChannelOutboundBuffer$Entry
1189:             2            128  java.io.ExpiringCache$1
1190:             4            128  java.lang.UNIXProcess$Platform
1191:             4            128  java.lang.invoke.DirectMethodHandle$Special
1192:             2            128  java.security.SecureRandom
1193:             4            128  java.util.concurrent.SynchronousQueue
1194:             8            128  java.util.regex.Pattern$CharPropertyNames$3
1195:             8            128  javax.ws.rs.core.MultivaluedHashMap
1196:             1            128  jersey.repackaged.com.google.common.cache.LocalCache
1197:             4            128  net.jpountz.util.Native$OS
1198:             4            128  org.apache.hadoop.fs.permission.FsPermission
1199:             2            128  org.apache.hadoop.metrics2.lib.Interns$CacheWith2Keys$1
1200:             4            128  org.apache.kafka.common.record.CompressionType
1201:             4            128  org.apache.log4j.helpers.PatternParser$LiteralPatternConverter
1202:             8            128  org.apache.spark.MapOutputTrackerMaster$MessageLoop
1203:             2            128  org.apache.spark.serializer.KryoSerializer
1204:             1            128  org.apache.spark.storage.BlockManager
1205:             1            128  org.apache.spark.ui.jobs.JobProgressListener
1206:             8            128  org.eclipse.jetty.http.HttpFields
1207:             4            128  org.eclipse.jetty.http.HttpScheme
1208:             4            128  org.eclipse.jetty.server.HttpOutput$1
1209:             4            128  org.eclipse.jetty.util.SharedBlockingCallback
1210:             4            128  org.glassfish.hk2.utilities.cache.LRUHybridCache
1211:             4            128  scala.collection.immutable.Set$Set4
1212:             4            128  scala.reflect.internal.Definitions$DefinitionsClass$VarArityClass
1213:             4            128  scala.reflect.internal.transform.Transforms$Lazy
1214:             4            128  sun.reflect.UnsafeQualifiedObjectFieldAccessorImpl
1215:             5            120  com.codahale.metrics.Histogram
1216:             5            120  com.esotericsoftware.kryo.util.IntArray
1217:             5            120  com.esotericsoftware.kryo.util.MapReferenceResolver
1218:             5            120  com.fasterxml.jackson.databind.cfg.SerializerFactoryConfig
1219:             3            120  com.fasterxml.jackson.databind.type.TypeBindings
1220:             3            120  com.fasterxml.jackson.databind.type.TypeFactory
1221:             5            120  com.sun.org.apache.xerces.internal.util.PropertyState
1222:             5            120  com.sun.org.apache.xerces.internal.utils.XMLSecurityManager$State
1223:             5            120  com.sun.org.apache.xerces.internal.utils.XMLSecurityPropertyManager$State
1224:             5            120  com.twitter.chill.ManifestSerializer
1225:             5            120  com.twitter.chill.ObjectSerializer
1226:             5            120  com.twitter.chill.SingletonSerializer
1227:             5            120  com.twitter.chill.java.ArraysAsListSerializer
1228:             5            120  com.twitter.chill.java.PriorityQueueSerializer
1229:             3            120  io.netty.channel.AbstractChannel$CloseFuture
1230:             3            120  io.netty.channel.DefaultChannelPipeline
1231:             3            120  java.lang.invoke.BoundMethodHandle$Species_LL
1232:             5            120  java.math.MathContext
1233:             5            120  javax.servlet.DispatcherType
1234:             5            120  org.apache.spark.SparkConf$DeprecatedConfig
1235:             3            120  org.apache.spark.internal.config.FallbackConfigEntry
1236:             5            120  org.apache.spark.internal.config.TypedConfigBuilder
1237:             1            120  org.apache.spark.scheduler.DAGScheduler
1238:             1            120  org.apache.spark.sql.catalyst.util.DateTimeUtils$
1239:             1            120  org.apache.spark.ui.SparkUI
1240:             3            120  org.eclipse.jetty.http.HttpGenerator$ResponseInfo
1241:             5            120  org.eclipse.jetty.http.HttpGenerator$State
1242:             5            120  org.eclipse.jetty.io.SelectorManager$State
1243:             5            120  org.eclipse.jetty.io.WriteFlusher$StateType
1244:             5            120  org.eclipse.jetty.server.HttpChannelState$Async
1245:             5            120  org.glassfish.jersey.message.internal.HttpHeaderReader$Event
1246:             1            120  org.glassfish.jersey.server.internal.inject.DelegatedInjectionValueFactoryProvider$4
1247:             3            120  org.json4s.reflect.ConstructorParamDescriptor
1248:             5            120  scala.collection.convert.Wrappers$JConcurrentMapWrapper
1249:             1            120  scala.package$
1250:             1            120  scala.reflect.internal.StdNames$$anon$1
1251:             3            120  scala.reflect.internal.Trees$Apply
1252:             5            120  scala.reflect.runtime.ThreadLocalStorage$MyThreadLocalStorage
1253:             5            120  sun.misc.FloatingDecimal$PreparedASCIIToBinaryBuffer
1254:             5            120  sun.security.jca.ServiceId
1255:             2            112  [Ljava.lang.invoke.MethodType;
1256:             2            112  [Ljava.security.CryptoPrimitive;
1257:             1            112  [Ljava.time.LocalTime;
1258:             1            112  [Lorg.eclipse.jetty.http.HttpParser$State;
1259:             7            112  com.sun.proxy.$Proxy22
1260:             7            112  com.sun.proxy.$Proxy34
1261:             7            112  com.sun.proxy.$Proxy38
1262:             2            112  io.netty.bootstrap.ServerBootstrap
1263:             1            112  io.netty.channel.socket.nio.NioSocketChannel
1264:             2            112  io.netty.util.ResourceLeakDetector$DefaultResourceLeak
1265:             1            112  java.util.SimpleTimeZone
1266:             7            112  java.util.TreeMap$KeySet
1267:             1            112  org.apache.hadoop.metrics2.impl.MetricsSystemImpl
1268:             7            112  org.apache.spark.internal.config.ConfigBuilder$$anonfun$longConf$1
1269:             2            112  org.apache.spark.memory.StorageMemoryPool
1270:             1            112  org.apache.spark.ui.exec.ExecutorTaskSummary
1271:             2            112  org.glassfish.jersey.server.internal.inject.DelegatedInjectionValueFactoryProvider$3
1272:             1            112  scala.reflect.internal.Definitions$DefinitionsClass$NothingClass$
1273:             1            112  scala.reflect.internal.Definitions$DefinitionsClass$NullClass$
1274:             7            112  scala.xml.Atom
1275:             2            112  sun.security.provider.MD5
1276:             2            112  sun.security.provider.SHA
1277:             1            104  [Lorg.glassfish.jersey.server.internal.ServerTraceEvent;
1278:             1            104  org.apache.spark.MapOutputTrackerMaster
1279:             1            104  org.apache.spark.executor.Executor
1280:             1            104  org.apache.spark.sql.execution.LogicalRDD
1281:             1            104  org.apache.spark.sql.execution.RDDScanExec
1282:             1            104  org.apache.spark.sql.execution.streaming.IncrementalExecution
1283:             1            104  org.eclipse.jetty.util.thread.QueuedThreadPool
1284:             3             96  [Lcom.fasterxml.jackson.databind.deser.SettableBeanProperty;
1285:             2             96  [Lcom.google.common.cache.LocalCache$EntryFactory;
1286:             2             96  [Lcom.sun.management.VMOption$Origin;
1287:             2             96  [Ljersey.repackaged.com.google.common.cache.LocalCache$EntryFactory;
1288:             2             96  [Lorg.apache.hadoop.fs.permission.FsAction;
1289:             1             96  [[J
1290:             4             96  com.fasterxml.jackson.annotation.JsonProperty$Access
1291:             4             96  com.fasterxml.jackson.core.JsonFactory$Feature
1292:             3             96  com.fasterxml.jackson.databind.PropertyMetadata
1293:             4             96  com.fasterxml.jackson.databind.deser.DeserializerCache
1294:             4             96  com.fasterxml.jackson.databind.introspect.SimpleMixInResolver
1295:             4             96  com.fasterxml.jackson.databind.ser.SerializerCache
1296:             6             96  com.fasterxml.jackson.module.scala.JacksonModule$$anonfun$$plus$eq$3
1297:             4             96  com.google.common.base.AbstractIterator$State
1298:             4             96  com.google.common.cache.LocalCache$AccessQueue$1
1299:             4             96  com.google.common.collect.AbstractIterator$State
1300:             3             96  com.sun.jmx.mbeanserver.DefaultMXBeanMappingFactory$EnumMapping
1301:             2             96  com.sun.jmx.mbeanserver.MBeanIntrospector$MBeanInfoMap
1302:             2             96  com.sun.jmx.mbeanserver.MBeanIntrospector$PerInterfaceMap
1303:             3             96  com.sun.org.apache.xerces.internal.utils.XMLSecurityManager$NameMap
1304:             3             96  com.sun.org.apache.xerces.internal.xni.QName
1305:             2             96  io.netty.bootstrap.AbstractBootstrap$PendingRegistrationPromise
1306:             4             96  io.netty.util.ResourceLeakDetector$Level
1307:             2             96  java.lang.ThreadGroup
1308:             3             96  java.net.Inet6Address
1309:             3             96  java.net.Inet6Address$Inet6AddressHolder
1310:             4             96  java.text.Normalizer$Form
1311:             6             96  java.util.Collections$UnmodifiableMap$UnmodifiableEntrySet
1312:             6             96  java.util.Hashtable$EntrySet
1313:             3             96  java.util.UUID
1314:             4             96  java.util.concurrent.ConcurrentHashMap$KeySetView
1315:             3             96  java.util.concurrent.CountDownLatch$Sync
1316:             4             96  java.util.concurrent.Executors$RunnableAdapter
1317:             2             96  javax.management.openmbean.TabularType
1318:             4             96  jersey.repackaged.com.google.common.cache.LocalCache$AccessQueue$1
1319:             2             96  jersey.repackaged.com.google.common.cache.LocalCache$StrongAccessEntry
1320:             4             96  jersey.repackaged.com.google.common.collect.AbstractIterator$State
1321:             4             96  jersey.repackaged.com.google.common.collect.Collections2$TransformedCollection
1322:             4             96  org.apache.hadoop.fs.CreateFlag
1323:             4             96  org.apache.hadoop.metrics2.annotation.Metric$Type
1324:             4             96  org.apache.kafka.clients.consumer.internals.SubscriptionState$SubscriptionType
1325:             1             96  org.apache.kafka.clients.producer.KafkaProducer
1326:             4             96  org.apache.kafka.common.config.ConfigDef$Width
1327:             4             96  org.apache.kafka.common.record.Compressor$MemoizingConstructorSupplier
1328:             3             96  org.apache.kafka.common.record.TimestampType
1329:             4             96  org.apache.kafka.common.utils.AbstractIterator$State
1330:             4             96  org.apache.spark.JobExecutionStatus
1331:             6             96  org.apache.spark.internal.config.ConfigBuilder$$anonfun$timeConf$1
1332:             6             96  org.apache.spark.internal.config.ConfigBuilder$$anonfun$timeConf$2
1333:             4             96  org.apache.spark.internal.config.TypedConfigBuilder$$anonfun$transform$1
1334:             3             96  org.apache.spark.network.TransportContext
1335:             4             96  org.apache.spark.sql.catalyst.expressions.codegen.CodeAndComment
1336:             1             96  org.apache.spark.sql.execution.WholeStageCodegenExec
1337:             2             96  org.apache.spark.sql.execution.metric.SQLMetric
1338:             3             96  org.apache.spark.ui.JettyUtils$$anon$4
1339:             4             96  org.codehaus.janino.ReflectionIClass$ReflectionIField
1340:             4             96  org.eclipse.jetty.io.AbstractEndPoint$1
1341:             4             96  org.eclipse.jetty.io.AbstractEndPoint$2
1342:             4             96  org.eclipse.jetty.server.AbstractConnector$Acceptor
1343:             1             96  org.eclipse.jetty.server.Server
1344:             4             96  org.eclipse.jetty.server.handler.ContextHandler$Availability
1345:             4             96  org.eclipse.jetty.servlet.BaseHolder$Source
1346:             4             96  org.eclipse.jetty.util.ConcurrentArrayQueue
1347:             4             96  org.eclipse.jetty.util.ConcurrentArrayQueue$Block
1348:             4             96  org.eclipse.jetty.util.component.ContainerLifeCycle$Managed
1349:             6             96  org.glassfish.jersey.internal.inject.ReferencingFactory$EmptyReferenceFactory
1350:             4             96  org.glassfish.jersey.internal.util.ExtendedLogger
1351:             2             96  org.glassfish.jersey.internal.util.collection.KeyComparatorHashMap
1352:             6             96  org.glassfish.jersey.internal.util.collection.Values$InstanceValue
1353:             3             96  org.glassfish.jersey.message.internal.AcceptableMediaType
1354:             6             96  org.glassfish.jersey.model.ContractProvider$Builder$1
1355:             4             96  org.glassfish.jersey.model.internal.RankedProvider
1356:             4             96  org.glassfish.jersey.server.internal.inject.QueryParamValueFactoryProvider$QueryParamValueFactory
1357:             4             96  org.glassfish.jersey.server.internal.routing.MethodSelectingRouter
1358:             4             96  org.json4s.Serialization$$anon$1
1359:             3             96  org.json4s.reflect.PropertyDescriptor
1360:             4             96  scala.PartialFunction$OrElse
1361:             1             96  scala.concurrent.duration.Duration$
1362:             4             96  scala.concurrent.impl.ExecutionContextImpl$$anon$1
1363:             4             96  scala.util.DynamicVariable
1364:             4             96  scala.util.DynamicVariable$$anon$1
1365:             2             96  sun.management.GarbageCollectorImpl
1366:             4             96  sun.misc.FormattedFloatingDecimal$Form
1367:             1             96  sun.misc.Launcher$AppClassLoader
1368:             3             96  sun.nio.ch.ServerSocketAdaptor
1369:             3             96  sun.nio.fs.UnixPath
1370:             3             96  sun.reflect.UnsafeLongFieldAccessorImpl
1371:             3             96  sun.reflect.generics.reflectiveObjects.WildcardTypeImpl
1372:             1             96  sun.security.jca.ProviderList$1
1373:             3             96  sun.security.x509.AlgorithmId
1374:             2             96  sun.security.x509.X500Name
1375:             3             96  sun.util.locale.provider.LocaleServiceProviderPool
1376:             1             88  [Lnet.jpountz.lz4.LZ4Compressor;
1377:             2             88  [Lorg.eclipse.jetty.http.HttpHeaderValue;
1378:             1             88  [Lorg.eclipse.jetty.http.MimeTypes$Type;
1379:             1             88  [Lsun.security.util.ObjectIdentifier;
1380:             1             88  [[Ljava.lang.Byte;
1381:             1             88  org.apache.spark.SecurityManager
1382:             1             88  org.apache.spark.SparkEnv
1383:             1             88  org.apache.spark.rpc.netty.NettyRpcEnv
1384:             1             88  org.apache.spark.scheduler.ResultStage
1385:             1             88  org.apache.spark.sql.execution.InputAdapter
1386:             1             88  org.apache.spark.sql.execution.streaming.StreamingRelation
1387:             1             88  org.apache.spark.sql.internal.NonClosableMutableURLClassLoader
1388:             1             88  org.apache.spark.sql.kafka010.KafkaSource
1389:             1             88  org.apache.spark.sql.kafka010.KafkaSourceRDD
1390:             1             88  org.apache.spark.ui.ToolTips$
1391:             1             88  org.apache.spark.util.Utils$
1392:             1             88  org.eclipse.jetty.server.ServerConnector$ServerConnectorManager
1393:             1             88  org.eclipse.jetty.server.handler.ContextHandlerCollection
1394:             1             88  org.glassfish.jersey.server.internal.ProcessingProviders
1395:             1             88  org.json4s.reflect.ScalaType$
1396:             1             88  scala.collection.convert.Wrappers$
1397:             1             88  scala.math.BigDecimal$RoundingMode$
1398:             1             88  scala.reflect.ClassTag$
1399:             1             88  scala.reflect.ManifestFactory$
1400:             1             88  scala.reflect.runtime.Settings
1401:             1             88  sun.misc.Launcher$ExtClassLoader
1402:             2             80  [Lcom.fasterxml.jackson.annotation.JsonAutoDetect$Visibility;
1403:             2             80  [Lcom.fasterxml.jackson.annotation.JsonInclude$Include;
1404:             2             80  [Lcom.fasterxml.jackson.databind.type.TypeModifier;
1405:             1             80  [Ljava.time.temporal.ChronoUnit;
1406:             4             80  [Ljava.util.Map$Entry;
1407:             3             80  [Ljavax.security.auth.login.AppConfigurationEntry;
1408:             2             80  [Lorg.apache.hadoop.security.UserGroupInformation$AuthenticationMethod;
1409:             2             80  [Lorg.apache.kafka.common.protocol.SecurityProtocol;
1410:             2             80  [Lorg.eclipse.jetty.io.WriteFlusher$StateType;
1411:             1             80  [Lorg.glassfish.jersey.message.internal.MsgTraceEvent;
1412:             2             80  [Lsun.security.x509.RDN;
1413:             5             80  com.codahale.metrics.Counter
1414:             5             80  com.esotericsoftware.kryo.serializers.DefaultArraySerializers$ByteArraySerializer
1415:             5             80  com.esotericsoftware.kryo.serializers.DefaultArraySerializers$LongArraySerializer
1416:             5             80  com.esotericsoftware.kryo.serializers.DefaultArraySerializers$ShortArraySerializer
1417:             5             80  com.esotericsoftware.kryo.serializers.DefaultSerializers$BooleanSerializer
1418:             5             80  com.esotericsoftware.kryo.serializers.DefaultSerializers$ByteSerializer
1419:             5             80  com.esotericsoftware.kryo.serializers.DefaultSerializers$CharSerializer
1420:             5             80  com.esotericsoftware.kryo.serializers.DefaultSerializers$DoubleSerializer
1421:             5             80  com.esotericsoftware.kryo.serializers.DefaultSerializers$FloatSerializer
1422:             5             80  com.esotericsoftware.kryo.serializers.DefaultSerializers$IntSerializer
1423:             5             80  com.esotericsoftware.kryo.serializers.DefaultSerializers$LongSerializer
1424:             5             80  com.esotericsoftware.kryo.serializers.DefaultSerializers$ShortSerializer
1425:             5             80  com.esotericsoftware.kryo.serializers.DefaultSerializers$StringSerializer
1426:             5             80  com.esotericsoftware.kryo.serializers.DefaultSerializers$VoidSerializer
1427:             5             80  com.esotericsoftware.kryo.util.DefaultStreamFactory
1428:             1             80  com.fasterxml.jackson.databind.deser.BeanDeserializer
1429:             5             80  com.fasterxml.jackson.databind.introspect.AnnotatedMethodMap
1430:             5             80  com.fasterxml.jackson.databind.introspect.BasicClassIntrospector
1431:             5             80  com.fasterxml.jackson.databind.ser.BeanSerializerFactory
1432:             2             80  com.google.common.collect.RegularImmutableMap
1433:             2             80  com.sun.jmx.mbeanserver.DefaultMXBeanMappingFactory$TabularMapping
1434:             5             80  com.sun.proxy.$Proxy13
1435:             5             80  com.sun.proxy.$Proxy30
1436:             5             80  com.twitter.chill.AllScalaRegistrar$$anon$2
1437:             5             80  com.twitter.chill.BitSetSerializer
1438:             5             80  com.twitter.chill.ClassManifestSerializer
1439:             5             80  com.twitter.chill.JavaIterableWrapperSerializer
1440:             5             80  com.twitter.chill.LeftSerializer
1441:             5             80  com.twitter.chill.RegexSerializer
1442:             5             80  com.twitter.chill.RightSerializer
1443:             5             80  com.twitter.chill.SomeSerializer
1444:             5             80  com.twitter.chill.SortedMapSerializer
1445:             5             80  com.twitter.chill.SortedSetSerializer
1446:             5             80  com.twitter.chill.Tuple10Serializer
1447:             5             80  com.twitter.chill.Tuple11Serializer
1448:             5             80  com.twitter.chill.Tuple12Serializer
1449:             5             80  com.twitter.chill.Tuple13Serializer
1450:             5             80  com.twitter.chill.Tuple14Serializer
1451:             5             80  com.twitter.chill.Tuple15Serializer
1452:             5             80  com.twitter.chill.Tuple16Serializer
1453:             5             80  com.twitter.chill.Tuple17Serializer
1454:             5             80  com.twitter.chill.Tuple18Serializer
1455:             5             80  com.twitter.chill.Tuple19Serializer
1456:             5             80  com.twitter.chill.Tuple1DoubleSerializer
1457:             5             80  com.twitter.chill.Tuple1IntSerializer
1458:             5             80  com.twitter.chill.Tuple1LongSerializer
1459:             5             80  com.twitter.chill.Tuple1Serializer
1460:             5             80  com.twitter.chill.Tuple20Serializer
1461:             5             80  com.twitter.chill.Tuple21Serializer
1462:             5             80  com.twitter.chill.Tuple22Serializer
1463:             5             80  com.twitter.chill.Tuple2DoubleDoubleSerializer
1464:             5             80  com.twitter.chill.Tuple2DoubleIntSerializer
1465:             5             80  com.twitter.chill.Tuple2DoubleLongSerializer
1466:             5             80  com.twitter.chill.Tuple2IntDoubleSerializer
1467:             5             80  com.twitter.chill.Tuple2IntIntSerializer
1468:             5             80  com.twitter.chill.Tuple2IntLongSerializer
1469:             5             80  com.twitter.chill.Tuple2LongDoubleSerializer
1470:             5             80  com.twitter.chill.Tuple2LongIntSerializer
1471:             5             80  com.twitter.chill.Tuple2LongLongSerializer
1472:             5             80  com.twitter.chill.Tuple2Serializer
1473:             5             80  com.twitter.chill.Tuple3Serializer
1474:             5             80  com.twitter.chill.Tuple4Serializer
1475:             5             80  com.twitter.chill.Tuple5Serializer
1476:             5             80  com.twitter.chill.Tuple6Serializer
1477:             5             80  com.twitter.chill.Tuple7Serializer
1478:             5             80  com.twitter.chill.Tuple8Serializer
1479:             5             80  com.twitter.chill.Tuple9Serializer
1480:             5             80  com.twitter.chill.WrappedArraySerializer
1481:             5             80  com.twitter.chill.java.BitSetSerializer
1482:             5             80  com.twitter.chill.java.InetSocketAddressSerializer
1483:             5             80  com.twitter.chill.java.LocaleSerializer
1484:             5             80  com.twitter.chill.java.RegexSerializer
1485:             5             80  com.twitter.chill.java.SimpleDateFormatSerializer
1486:             5             80  com.twitter.chill.java.SqlDateSerializer
1487:             5             80  com.twitter.chill.java.SqlTimeSerializer
1488:             5             80  com.twitter.chill.java.TimestampSerializer
1489:             5             80  com.twitter.chill.java.URISerializer
1490:             5             80  com.twitter.chill.java.UUIDSerializer
1491:             2             80  io.netty.channel.nio.AbstractNioMessageChannel$NioMessageUnsafe
1492:             2             80  io.netty.util.Recycler$WeakOrderQueue
1493:             2             80  io.netty.util.Signal
1494:             5             80  io.netty.util.concurrent.MultithreadEventExecutorGroup$1
1495:             5             80  io.netty.util.concurrent.MultithreadEventExecutorGroup$PowerOfTwoEventExecutorChooser
1496:             2             80  java.io.BufferedWriter
1497:             2             80  java.io.ExpiringCache
1498:             2             80  java.lang.invoke.MethodHandleImpl$AsVarargsCollector
1499:             2             80  java.util.Locale$Category
1500:             2             80  org.apache.hadoop.fs.FileSystem$Statistics
1501:             5             80  org.apache.hadoop.fs.Path
1502:             2             80  org.apache.hadoop.fs.RawLocalFileSystem
1503:             2             80  org.apache.hadoop.fs.RawLocalFileSystem$TrackingFileInputStream
1504:             2             80  org.apache.hadoop.security.authentication.util.KerberosName$Rule
1505:             1             80  org.apache.spark.HeartbeatReceiver
1506:             1             80  org.apache.spark.InternalAccumulator$
1507:             1             80  org.apache.spark.TaskState$
1508:             1             80  org.apache.spark.deploy.SparkSubmit$
1509:             2             80  org.apache.spark.memory.ExecutionMemoryPool
1510:             1             80  org.apache.spark.memory.UnifiedMemoryManager
1511:             2             80  org.apache.spark.network.server.TransportServer
1512:             1             80  org.apache.spark.sql.catalyst.plans.logical.OneRowRelation$
1513:             1             80  org.apache.spark.sql.execution.streaming.StreamingExecutionRelation
1514:             1             80  org.apache.spark.ui.jobs.UIData$ShuffleReadMetricsUIData
1515:             1             80  org.apache.spark.util.SizeEstimator$
1516:             1             80  org.eclipse.jetty.server.HttpConnectionFactory
1517:             1             80  org.eclipse.jetty.server.handler.ErrorHandler
1518:             2             80  org.glassfish.hk2.utilities.cache.internal.WeakCARCacheImpl
1519:             2             80  org.glassfish.jersey.model.internal.ComponentBag
1520:             5             80  org.glassfish.jersey.server.internal.routing.PathMatchingRouter
1521:             2             80  org.glassfish.jersey.server.model.internal.JavaResourceMethodDispatcherProvider$TypeOutInvoker
1522:             5             80  org.json4s.DefaultFormats$$anon$4
1523:             5             80  org.json4s.DefaultFormats$$anonfun$6
1524:             2             80  org.json4s.reflect.ClassDescriptor
1525:             5             80  org.json4s.reflect.package$Memo
1526:             5             80  org.objenesis.strategy.StdInstantiatorStrategy
1527:             2             80  org.slf4j.bridge.SLF4JBridgeHandler
1528:             5             80  scala.Symbol
1529:             5             80  scala.collection.generic.BitSetFactory$$anon$1
1530:             2             80  scala.io.Codec
1531:             1             80  scala.reflect.api.TypeTags$TypeTag$
1532:             1             80  scala.reflect.api.TypeTags$WeakTypeTag$
1533:             2             80  scala.reflect.internal.Trees$Modifiers
1534:             2             80  scala.reflect.internal.Types$TypeVar$$anon$4
1535:             2             80  scala.reflect.internal.pickling.UnPickler$Scan$LazyTypeRefAndAlias
1536:             2             80  scala.reflect.internal.tpe.TypeConstraints$TypeConstraint
1537:             2             80  scala.reflect.internal.tpe.TypeMaps$SubstTypeMap
1538:             1             80  scala.reflect.runtime.SynchronizedSymbols$$anon$16
1539:             2             80  sun.management.MemoryManagerImpl
1540:             1             80  sun.reflect.misc.MethodUtil
1541:             1             80  sun.security.x509.X509CertImpl
1542:             1             72  [Lcom.fasterxml.jackson.core.JsonToken;
1543:             3             72  [Lcom.fasterxml.jackson.databind.deser.KeyDeserializers;
1544:             1             72  [Ljava.lang.invoke.LambdaFormEditor$Transform$Kind;
1545:             3             72  [Ljava.net.InetAddress;
1546:             1             72  [Ljavax.management.openmbean.OpenType;
1547:             1             72  [Ljavax.management.openmbean.SimpleType;
1548:             1             72  [Lorg.glassfish.jersey.server.monitoring.RequestEvent$Type;
1549:             1             72  [Lorg.glassfish.jersey.uri.UriComponent$Type;
1550:             1             72  [[Z
1551:             1             72  com.fasterxml.jackson.core.util.InternCache
1552:             3             72  com.fasterxml.jackson.databind.ser.impl.ReadOnlyClassToSerializerMap
1553:             3             72  com.fasterxml.jackson.databind.ser.std.NumberSerializer
1554:             3             72  com.google.common.base.CharMatcher$13
1555:             3             72  com.google.common.base.CharMatcher$RangesMatcher
1556:             3             72  io.netty.buffer.PoolArena$SizeClass
1557:             3             72  io.netty.channel.SucceededChannelFuture
1558:             1             72  io.netty.channel.socket.nio.NioSocketChannel$NioSocketChannelConfig
1559:             3             72  io.netty.handler.timeout.IdleState
1560:             1             72  io.netty.util.ResourceLeakDetector
1561:             3             72  java.io.OutputStreamWriter
1562:             3             72  java.lang.UNIXProcess$LaunchMechanism
1563:             3             72  java.lang.annotation.RetentionPolicy
1564:             3             72  java.lang.reflect.ReflectPermission
1565:             3             72  java.security.SecurityPermission
1566:             3             72  java.time.Instant
1567:             3             72  java.util.Base64$Encoder
1568:             1             72  java.util.ResourceBundle$RBClassLoader
1569:             1             72  java.util.logging.LogManager$RootLogger
1570:             3             72  javax.security.auth.Subject$SecureSet
1571:             3             72  net.jpountz.xxhash.StreamingXXHash32JNI
1572:             3             72  org.apache.commons.lang3.text.translate.JavaUnicodeEscaper
1573:             3             72  org.apache.commons.lang3.text.translate.NumericEntityUnescaper$OPTION
1574:             3             72  org.apache.hadoop.io.Text
1575:             3             72  org.apache.kafka.clients.ConnectionState
1576:             3             72  org.apache.kafka.clients.consumer.OffsetResetStrategy
1577:             1             72  org.apache.kafka.clients.producer.internals.RecordAccumulator
1578:             3             72  org.apache.kafka.common.config.ConfigDef$Importance
1579:             1             72  org.apache.spark.executor.DataReadMethod$
1580:             3             72  org.apache.spark.internal.config.TypedConfigBuilder$$anonfun$checkValues$1
1581:             3             72  org.apache.spark.network.protocol.MessageDecoder
1582:             3             72  org.apache.spark.network.protocol.MessageEncoder
1583:             1             72  org.apache.spark.scheduler.LiveListenerBus
1584:             1             72  org.apache.spark.scheduler.TaskLocality$
1585:             3             72  org.apache.spark.sql.catalyst.rules.RuleExecutor$FixedPoint
1586:             1             72  org.apache.spark.sql.execution.datasources.DataSource
1587:             1             72  org.apache.spark.sql.internal.SessionState
1588:             3             72  org.apache.spark.util.SparkShutdownHook
1589:             3             72  org.apache.spark.util.SystemClock
1590:             3             72  org.eclipse.jetty.server.Response$OutputType
1591:             3             72  org.eclipse.jetty.util.IteratingCallback$Action
1592:             1             72  org.eclipse.jetty.util.thread.ScheduledExecutorScheduler
1593:             3             72  org.glassfish.hk2.api.InstanceLifecycleEventType
1594:             3             72  org.glassfish.hk2.api.ServiceLocatorFactory$CreatePolicy
1595:             3             72  org.glassfish.hk2.utilities.NamedImpl
1596:             3             72  org.glassfish.jersey.internal.inject.Providers$ProviderRuntime
1597:             3             72  org.glassfish.jersey.message.internal.TracingLogger$Level
1598:             3             72  org.glassfish.jersey.server.TracingConfig
1599:             3             72  org.glassfish.jersey.server.model.ResourceModel
1600:             3             72  org.glassfish.jersey.server.spi.internal.ValueFactoryProvider$Priority
1601:             1             72  org.json4s.DefaultFormats$
1602:             1             72  scala.reflect.ClassManifestFactory$
1603:             3             72  scala.reflect.runtime.JavaMirrors$JavaMirror$$anon$5
1604:             3             72  sun.misc.FloatingDecimal$ExceptionalBinaryToASCIIBuffer
1605:             3             72  sun.misc.JarIndex
1606:             3             72  sun.misc.Signal
1607:             3             72  sun.reflect.generics.tree.Wildcard
1608:             3             72  sun.security.provider.NativePRNG$Variant
1609:             1             72  sun.util.locale.provider.JRELocaleProviderAdapter
1610:             1             64  [Lcom.fasterxml.jackson.core.JsonParser$Feature;
1611:             3             64  [Lcom.fasterxml.jackson.databind.ser.BeanSerializerModifier;
1612:             2             64  [Lio.netty.util.ResourceLeakDetector$Level;
1613:             2             64  [Ljava.lang.UNIXProcess$LaunchMechanism;
1614:             2             64  [Ljava.lang.annotation.RetentionPolicy;
1615:             1             64  [Lorg.apache.commons.lang3.JavaVersion;
1616:             2             64  [Lorg.apache.commons.lang3.text.translate.NumericEntityUnescaper$OPTION;
1617:             2             64  [Lorg.apache.hadoop.fs.CreateFlag;
1618:             2             64  [Lorg.apache.hadoop.metrics2.annotation.Metric$Type;
1619:             2             64  [Lorg.apache.kafka.clients.consumer.OffsetResetStrategy;
1620:             1             64  [Lorg.apache.spark.network.protocol.Message$Type;
1621:             1             64  [Lorg.eclipse.jetty.http.HttpMethod;
1622:             1             64  [Lorg.glassfish.jersey.server.model.Parameter$Source;
1623:             2             64  [Lsun.security.jca.ProviderConfig;
1624:             2             64  com.fasterxml.jackson.core.util.DefaultPrettyPrinter
1625:             4             64  com.fasterxml.jackson.databind.deser.BeanDeserializerFactory
1626:             1             64  com.fasterxml.jackson.databind.deser.std.StdValueInstantiator
1627:             4             64  com.fasterxml.jackson.databind.jsontype.impl.StdSubtypeResolver
1628:             2             64  com.fasterxml.jackson.databind.ser.std.StdDelegatingSerializer
1629:             4             64  com.fasterxml.jackson.databind.util.RootNameLookup
1630:             4             64  com.fasterxml.jackson.module.scala.JacksonModule$$anonfun$$plus$eq$1
1631:             4             64  com.fasterxml.jackson.module.scala.JacksonModule$$anonfun$$plus$eq$2
1632:             1             64  com.fasterxml.jackson.module.scala.ser.ResolvedIterableSerializer
1633:             1             64  com.fasterxml.jackson.module.scala.ser.UnresolvedIteratorSerializer
1634:             1             64  com.google.common.cache.CacheStats
1635:             4             64  com.google.common.cache.LocalCache$AccessQueue
1636:             2             64  com.google.common.util.concurrent.MoreExecutors$SameThreadExecutorService
1637:             2             64  com.sun.jmx.mbeanserver.DefaultMXBeanMappingFactory$CollectionMapping
1638:             2             64  com.sun.org.apache.xerces.internal.utils.XMLSecurityPropertyManager$Property
1639:             4             64  com.sun.proxy.$Proxy21
1640:             4             64  com.sun.proxy.$Proxy23
1641:             4             64  com.sun.proxy.$Proxy39
1642:             4             64  com.sun.proxy.$Proxy47
1643:             2             64  io.netty.bootstrap.ServerBootstrap$ServerBootstrapAcceptor
1644:             2             64  io.netty.buffer.PoolThreadCache$MemoryRegionCache$Entry
1645:             2             64  io.netty.handler.codec.CodecOutputList
1646:             2             64  io.netty.util.concurrent.DefaultThreadFactory
1647:             4             64  io.netty.util.internal.__matchers__.org.apache.spark.network.protocol.MessageMatcher
1648:             2             64  java.io.PrintStream
1649:             2             64  java.lang.ClassValue$Entry
1650:             2             64  java.lang.Throwable
1651:             2             64  java.lang.VirtualMachineError
1652:             2             64  java.lang.ref.ReferenceQueue$Null
1653:             2             64  java.util.PropertyPermission
1654:             4             64  java.util.concurrent.SynchronousQueue$TransferStack
1655:             4             64  java.util.concurrent.atomic.AtomicIntegerArray
1656:             2             64  java.util.concurrent.atomic.AtomicReferenceFieldUpdater$AtomicReferenceFieldUpdaterImpl
1657:             2             64  javax.management.MBeanConstructorInfo
1658:             4             64  javax.security.auth.login.AppConfigurationEntry$LoginModuleControlFlag
1659:             1             64  jersey.repackaged.com.google.common.cache.CacheStats
1660:             4             64  jersey.repackaged.com.google.common.cache.LocalCache$AccessQueue
1661:             2             64  org.apache.kafka.common.errors.GroupCoordinatorNotAvailableException
1662:             1             64  org.apache.log4j.ConsoleAppender
1663:             2             64  org.apache.log4j.helpers.PatternParser$BasicPatternConverter
1664:             1             64  org.apache.spark.SparkContext$
1665:             1             64  org.apache.spark.broadcast.TorrentBroadcast
1666:             1             64  org.apache.spark.deploy.SparkSubmitAction$
1667:             1             64  org.apache.spark.network.netty.NettyBlockTransferService
1668:             4             64  org.apache.spark.network.netty.SparkTransportConf$$anon$1
1669:             1             64  org.apache.spark.scheduler.Pool
1670:             1             64  org.apache.spark.scheduler.SchedulingMode$
1671:             4             64  org.apache.spark.sql.catalyst.analysis.ResolveTableValuedFunctions$$anonfun$tvf$1
1672:             4             64  org.apache.spark.sql.catalyst.analysis.ResolveTableValuedFunctions$ArgumentList
1673:             1             64  org.apache.spark.sql.kafka010.CachedKafkaConsumer$$anon$1
1674:             2             64  org.apache.spark.sql.types.Decimal
1675:             1             64  org.apache.spark.sql.types.Decimal$
1676:             1             64  org.apache.spark.status.api.v1.JacksonMessageWriter$$anon$1
1677:             1             64  org.apache.spark.storage.BlockManagerInfo
1678:             1             64  org.apache.spark.storage.StorageLevel$
1679:             1             64  org.apache.spark.ui.jobs.StagesTab
1680:             2             64  org.apache.spark.unsafe.types.UTF8String
1681:             4             64  org.codehaus.janino.Access
1682:             4             64  org.eclipse.jetty.io.AbstractConnection$2
1683:             4             64  org.eclipse.jetty.io.AbstractConnection$ReadCallback
1684:             4             64  org.eclipse.jetty.io.IdleTimeout$1
1685:             4             64  org.eclipse.jetty.io.SelectChannelEndPoint$1
1686:             2             64  org.eclipse.jetty.util.resource.FileResource
1687:             4             64  org.eclipse.jetty.util.thread.NonBlockingThread
1688:             4             64  org.glassfish.jersey.internal.inject.Providers$2
1689:             2             64  org.glassfish.jersey.internal.util.JdkVersion
1690:             1             64  org.glassfish.jersey.message.internal.MessageBodyFactory
1691:             1             64  org.glassfish.jersey.server.ServerRuntime
1692:             4             64  org.glassfish.jersey.server.internal.routing.MethodSelectingRouter$4
1693:             2             64  org.json4s.reflect.SingletonDescriptor
1694:             2             64  scala.Tuple4
1695:             2             64  scala.collection.immutable.Map$Map2
1696:             2             64  scala.collection.mutable.Map$WithDefault
1697:             4             64  scala.concurrent.ExecutionContext$$anonfun$defaultReporter$1
1698:             4             64  scala.concurrent.impl.ExecutionContextImpl$$anon$3
1699:             2             64  scala.reflect.internal.Flags$MapFlags
1700:             1             64  scala.reflect.runtime.JavaUniverse$treeInfo$
1701:             1             64  scala.xml.MinimizeMode$
1702:             4             64  sun.net.www.protocol.jar.Handler
1703:             1             64  sun.nio.ch.FileChannelImpl
1704:             2             64  sun.nio.fs.NativeBuffer
1705:             1             64  sun.security.provider.SHA2$SHA256
1706:             1             64  sun.security.provider.SHA5$SHA512
1707:             2             64  sun.security.util.MemoryCache
1708:             1             56  [Lcom.fasterxml.jackson.annotation.JsonFormat$Shape;
1709:             1             56  [Lcom.fasterxml.jackson.core.JsonGenerator$Feature;
1710:             1             56  [Lcom.sun.org.apache.xerces.internal.impl.XMLScanner$NameType;
1711:             1             56  [Lcom.sun.org.apache.xerces.internal.utils.XMLSecurityManager$Limit;
1712:             1             56  [Ljava.lang.Runnable;
1713:             1             56  [Ljavassist.CtClass;
1714:             1             56  [Lorg.apache.kafka.common.config.ConfigDef$Type;
1715:             1             56  [Lorg.apache.spark.Partition;
1716:             1             56  [Lorg.apache.spark.sql.kafka010.KafkaSourceRDDOffsetRange;
1717:             1             56  [Lscala.runtime.BoxedUnit;
1718:             1             56  [Lsun.util.logging.PlatformLogger$Level;
1719:             1             56  [[I
1720:             1             56  com.sun.security.auth.module.UnixLoginModule
1721:             1             56  io.netty.util.concurrent.ScheduledFutureTask
1722:             1             56  java.lang.invoke.LambdaFormEditor$Transform
1723:             1             56  java.net.SocketPermission
1724:             1             56  java.util.logging.LogManager
1725:             1             56  javax.security.auth.login.LoginContext
1726:             1             56  org.apache.kafka.clients.producer.internals.BufferPool
1727:             1             56  org.apache.kafka.clients.producer.internals.Sender
1728:             1             56  org.apache.kafka.clients.producer.internals.Sender$SenderMetrics
1729:             1             56  org.apache.spark.ContextCleaner
1730:             1             56  org.apache.spark.metrics.MetricsSystem
1731:             1             56  org.apache.spark.sql.SparkSession
1732:             1             56  org.apache.spark.sql.catalyst.analysis.UnresolvedDeserializer
1733:             1             56  org.apache.spark.sql.execution.SparkOptimizer
1734:             1             56  org.apache.spark.sql.types.DecimalType$
1735:             1             56  org.apache.spark.storage.BlockManagerMasterEndpoint
1736:             1             56  org.apache.spark.storage.memory.MemoryStore
1737:             1             56  org.apache.spark.ui.jobs.JobsTab
1738:             1             56  org.apache.spark.ui.scope.RDDOperationGraphListener
1739:             1             56  org.json4s.package$
1740:             1             56  scala.reflect.NameTransformer$
1741:             1             56  scala.reflect.internal.StdNames$TermNames$raw$
1742:             1             56  sun.security.util.MemoryCache$SoftCacheEntry
1743:             1             56  sun.security.x509.X509CertInfo
1744:             1             48  [Lcom.sun.beans.util.Cache$CacheEntry;
1745:             1             48  [Ljava.beans.WeakIdentityMap$Entry;
1746:             1             48  [Ljava.lang.invoke.MethodHandleImpl$Intrinsic;
1747:             1             48  [Ljava.math.RoundingMode;
1748:             2             48  [Ljava.util.concurrent.ConcurrentHashMap$CounterCell;
1749:             1             48  [Ljava.util.concurrent.TimeUnit;
1750:             2             48  [Ljavax.ws.rs.RuntimeType;
1751:             1             48  [Ljdk.net.SocketFlow$Status;
1752:             1             48  [Lorg.apache.hadoop.metrics2.impl.MsInfo;
1753:             1             48  [Lorg.apache.spark.launcher.SparkAppHandle$State;
1754:             2             48  [Lorg.apache.spark.network.util.IOMode;
1755:             1             48  [Lorg.eclipse.jetty.http.HttpGenerator$Result;
1756:             1             48  [Lorg.eclipse.jetty.server.HttpChannelState$Action;
1757:             1             48  [Lorg.eclipse.jetty.server.HttpChannelState$State;
1758:             1             48  [Lorg.eclipse.jetty.server.HttpOutput$OutputState;
1759:             1             48  [Lorg.eclipse.jetty.util.IteratingCallback$State;
1760:             2             48  [Lorg.glassfish.hk2.api.DescriptorVisibility;
1761:             1             48  [[Ljava.lang.Object;
1762:             1             48  com.codahale.metrics.Meter
1763:             1             48  com.codahale.metrics.json.MetricsModule$TimerSerializer
1764:             1             48  com.fasterxml.jackson.databind.ser.impl.IteratorSerializer
1765:             2             48  com.fasterxml.jackson.databind.ser.std.BooleanSerializer
1766:             1             48  com.fasterxml.jackson.databind.type.MapType
1767:             3             48  com.fasterxml.jackson.databind.type.TypeParser
1768:             1             48  com.fasterxml.jackson.databind.util.StdDateFormat
1769:             1             48  com.fasterxml.jackson.module.paranamer.shaded.BytecodeReadingParanamer$1
1770:             2             48  com.fasterxml.jackson.module.paranamer.shaded.CachingParanamer
1771:             3             48  com.google.common.cache.LocalCache$StrongValueReference
1772:             2             48  com.google.common.hash.ChecksumHashFunction
1773:             2             48  com.sun.jmx.mbeanserver.ClassLoaderRepositorySupport$LoaderEntry
1774:             1             48  com.sun.jmx.mbeanserver.DefaultMXBeanMappingFactory$Mappings
1775:             2             48  com.sun.jmx.mbeanserver.WeakIdentityHashMap
1776:             3             48  com.sun.org.apache.xerces.internal.impl.dv.dtd.ListDatatypeValidator
1777:             3             48  com.sun.proxy.$Proxy11
1778:             3             48  com.sun.proxy.$Proxy16
1779:             3             48  com.sun.proxy.$Proxy25
1780:             3             48  com.sun.proxy.$Proxy35
1781:             3             48  com.sun.proxy.$Proxy5
1782:             1             48  com.thoughtworks.paranamer.BytecodeReadingParanamer$1
1783:             2             48  com.thoughtworks.paranamer.CachingParanamer
1784:             2             48  io.netty.util.ThreadDeathWatcher$Entry
1785:             2             48  io.netty.util.UniqueName
1786:             1             48  io.netty.util.concurrent.GlobalEventExecutor
1787:             2             48  io.netty.util.internal.UnsafeAtomicReferenceFieldUpdater
1788:             2             48  java.io.BufferedOutputStream
1789:             1             48  java.io.BufferedReader
1790:             2             48  java.io.File$PathStatus
1791:             3             48  java.lang.InheritableThreadLocal
1792:             2             48  java.lang.StringBuffer
1793:             1             48  java.lang.invoke.BoundMethodHandle$Species_L4
1794:             2             48  java.lang.invoke.MethodHandles$Lookup
1795:             2             48  java.net.InetAddress$Cache
1796:             2             48  java.net.InetAddress$Cache$Type
1797:             2             48  java.net.InetAddress$CacheEntry
1798:             2             48  java.net.InterfaceAddress
1799:             1             48  java.net.NetworkInterface
1800:             2             48  java.net.StandardProtocolFamily
1801:             2             48  java.nio.charset.CoderResult
1802:             3             48  java.nio.charset.CodingErrorAction
1803:             2             48  java.security.AllPermissionCollection
1804:             2             48  java.security.CodeSigner
1805:             3             48  java.text.AttributedCharacterIterator$Attribute
1806:             2             48  java.time.LocalDate
1807:             2             48  java.time.LocalDateTime
1808:             3             48  java.util.Base64$Decoder
1809:             3             48  java.util.WeakHashMap$KeySet
1810:             3             48  java.util.concurrent.CountDownLatch
1811:             1             48  java.util.concurrent.locks.ReentrantReadWriteLock$FairSync
1812:             2             48  java.util.logging.Logger$LoggerBundle
1813:             2             48  javassist.ClassPathList
1814:             1             48  javassist.compiler.KeywordTable
1815:             2             48  javax.security.auth.login.LoginContext$ModuleInfo
1816:             2             48  javax.ws.rs.RuntimeType
1817:             1             48  net.jpountz.lz4.LZ4BlockOutputStream
1818:             3             48  org.apache.commons.lang3.text.translate.NumericEntityUnescaper
1819:             1             48  org.apache.hadoop.fs.LocalFileSystem
1820:             2             48  org.apache.hadoop.fs.Options$Rename
1821:             2             48  org.apache.hadoop.http.HttpConfig$Policy
1822:             2             48  org.apache.hadoop.metrics2.lib.MetricsRegistry
1823:             2             48  org.apache.hadoop.util.ShutdownHookManager$HookEntry
1824:             2             48  org.apache.kafka.common.config.ConfigDef
1825:             2             48  org.apache.kafka.common.network.LoginType
1826:             2             48  org.apache.kafka.common.network.Mode
1827:             1             48  org.apache.log4j.Hierarchy
1828:             1             48  org.apache.log4j.helpers.PatternParser
1829:             3             48  org.apache.spark.OneToOneDependency
1830:             3             48  org.apache.spark.internal.config.ConfigBuilder$$anonfun$bytesConf$1
1831:             3             48  org.apache.spark.internal.config.ConfigBuilder$$anonfun$bytesConf$2
1832:             2             48  org.apache.spark.internal.config.ConfigReader
1833:             2             48  org.apache.spark.memory.MemoryMode
1834:             1             48  org.apache.spark.metrics.sink.MetricsServlet
1835:             2             48  org.apache.spark.network.server.OneForOneStreamManager
1836:             2             48  org.apache.spark.network.server.TransportServer$1
1837:             2             48  org.apache.spark.network.util.IOMode
1838:             2             48  org.apache.spark.rpc.RpcAddress
1839:             1             48  org.apache.spark.rpc.netty.Dispatcher
1840:             1             48  org.apache.spark.scheduler.ActiveJob
1841:             1             48  org.apache.spark.scheduler.local.LocalEndpoint
1842:             1             48  org.apache.spark.scheduler.local.LocalSchedulerBackend
1843:             2             48  org.apache.spark.serializer.JavaSerializer
1844:             1             48  org.apache.spark.serializer.SerializerManager
1845:             1             48  org.apache.spark.sql.catalyst.catalog.SessionCatalog
1846:             2             48  org.apache.spark.sql.catalyst.rules.RuleExecutor$Once$
1847:             2             48  org.apache.spark.sql.catalyst.util.StringKeyHashMap
1848:             1             48  org.apache.spark.sql.execution.streaming.OffsetSeqLog
1849:             1             48  org.apache.spark.sql.execution.ui.SQLListener
1850:             1             48  org.apache.spark.sql.execution.ui.SQLTab
1851:             1             48  org.apache.spark.sql.internal.SharedState
1852:             3             48  org.apache.spark.sql.internal.StaticSQLConf$$anonfun$buildConf$1
1853:             2             48  org.apache.spark.sql.kafka010.KafkaSourceOffset
1854:             2             48  org.apache.spark.status.api.v1.SimpleDateParam
1855:             1             48  org.apache.spark.ui.exec.ExecutorsTab
1856:             3             48  org.codehaus.janino.Parser$ClassDeclarationContext
1857:             1             48  org.eclipse.jetty.server.HttpConfiguration
1858:             1             48  org.eclipse.jetty.util.BlockingArrayQueue
1859:             2             48  org.glassfish.hk2.api.DescriptorType
1860:             2             48  org.glassfish.hk2.api.DescriptorVisibility
1861:             2             48  org.glassfish.hk2.api.ServiceLocatorState
1862:             2             48  org.glassfish.jersey.internal.l10n.Localizer
1863:             2             48  org.glassfish.jersey.internal.util.collection.Values$LazyUnsafeValueImpl
1864:             1             48  org.glassfish.jersey.jaxb.internal.XmlCollectionJaxbProvider$App
1865:             1             48  org.glassfish.jersey.jaxb.internal.XmlCollectionJaxbProvider$General
1866:             1             48  org.glassfish.jersey.jaxb.internal.XmlCollectionJaxbProvider$Text
1867:             1             48  org.glassfish.jersey.jaxb.internal.XmlJaxbElementProvider$App
1868:             1             48  org.glassfish.jersey.jaxb.internal.XmlJaxbElementProvider$General
1869:             1             48  org.glassfish.jersey.jaxb.internal.XmlJaxbElementProvider$Text
1870:             1             48  org.glassfish.jersey.jaxb.internal.XmlRootElementJaxbProvider$App
1871:             1             48  org.glassfish.jersey.jaxb.internal.XmlRootElementJaxbProvider$General
1872:             1             48  org.glassfish.jersey.jaxb.internal.XmlRootElementJaxbProvider$Text
1873:             1             48  org.glassfish.jersey.jaxb.internal.XmlRootObjectJaxbProvider$App
1874:             1             48  org.glassfish.jersey.jaxb.internal.XmlRootObjectJaxbProvider$General
1875:             1             48  org.glassfish.jersey.jaxb.internal.XmlRootObjectJaxbProvider$Text
1876:             1             48  org.glassfish.jersey.message.internal.MediaTypes$3
1877:             2             48  org.glassfish.jersey.message.internal.MessageBodyFactory$ModelLookupKey
1878:             2             48  org.glassfish.jersey.model.internal.RankedComparator$Order
1879:             2             48  org.glassfish.jersey.server.ContainerFilteringStage
1880:             1             48  org.glassfish.jersey.server.ResourceConfig$RuntimeConfig
1881:             2             48  org.glassfish.jersey.server.internal.inject.AbstractParamValueExtractor$1
1882:             2             48  org.glassfish.jersey.server.internal.inject.DelegatedInjectionValueFactoryProvider$1
1883:             2             48  org.glassfish.jersey.server.internal.routing.LocatorRouting
1884:             2             48  org.glassfish.jersey.server.internal.routing.RuntimeLocatorModelBuilder$LocatorCacheKey
1885:             3             48  org.glassfish.jersey.server.model.ResourceModel$1
1886:             3             48  org.glassfish.jersey.server.model.RuntimeResourceModel
1887:             1             48  org.glassfish.jersey.servlet.ServletContainer
1888:             1             48  org.glassfish.jersey.servlet.WebComponent
1889:             2             48  org.glassfish.jersey.servlet.WebComponent$WebComponentBinder$4
1890:             2             48  org.glassfish.jersey.servlet.WebConfig$ConfigType
1891:             2             48  org.glassfish.jersey.uri.PathPattern$RightHandPath
1892:             1             48  org.glassfish.jersey.uri.UriTemplate
1893:             2             48  org.json4s.reflect.ConstructorDescriptor
1894:             2             48  org.json4s.reflect.Reflector$$anonfun$defaultValue$2
1895:             2             48  org.json4s.reflect.Reflector$$anonfun$defaultValue$2$$anonfun$apply$5$$anonfun$apply$6
1896:             2             48  org.xerial.snappy.buffer.CachedBufferAllocator
1897:             1             48  scala.Array$
1898:             2             48  scala.Enumeration$ValueSet
1899:             1             48  scala.Predef$
1900:             2             48  scala.collection.immutable.BitSet$BitSet1
1901:             1             48  scala.collection.immutable.Map$Map4
1902:             1             48  scala.math.BigDecimal$
1903:             2             48  scala.reflect.internal.AnnotationInfos$LiteralAnnotArg
1904:             1             48  scala.reflect.internal.Scopes$EmptyScope$
1905:             2             48  scala.reflect.internal.Trees$LazyTreeCopier
1906:             3             48  scala.reflect.internal.Trees$StrictTreeCopier
1907:             1             48  scala.reflect.internal.Trees$noSelfType$
1908:             3             48  scala.reflect.runtime.JavaMirrors$JavaMirror$$anonfun$2
1909:             3             48  scala.reflect.runtime.JavaMirrors$JavaMirror$$anonfun$3
1910:             3             48  scala.reflect.runtime.JavaMirrors$JavaMirror$$anonfun$4
1911:             3             48  scala.reflect.runtime.JavaMirrors$JavaMirror$$anonfun$5
1912:             3             48  scala.reflect.runtime.JavaMirrors$JavaMirror$$anonfun$6
1913:             2             48  scala.reflect.runtime.JavaMirrors$JavaMirror$TypeParamCompleter
1914:             2             48  scala.reflect.runtime.Settings$IntSetting
1915:             1             48  scala.util.Properties$
1916:             1             48  scala.util.hashing.MurmurHash3$
1917:             2             48  sun.management.ManagementFactoryHelper$1
1918:             2             48  sun.misc.NativeSignalHandler
1919:             3             48  sun.nio.ch.FileDispatcherImpl
1920:             1             48  sun.nio.cs.StreamDecoder
1921:             2             48  sun.nio.fs.NativeBuffer$Deallocator
1922:             2             48  sun.security.jca.ProviderList
1923:             2             48  sun.security.jca.ProviderList$3
1924:             2             48  sun.security.provider.certpath.X509CertPath
1925:             2             48  sun.security.util.DisabledAlgorithmConstraints
1926:             3             48  sun.text.normalizer.NormalizerBase$QuickCheckResult
1927:             1             40  [Lcom.fasterxml.jackson.core.JsonEncoding;
1928:             1             40  [Lcom.fasterxml.jackson.core.JsonParser$NumberType;
1929:             1             40  [Lcom.google.common.collect.MapMaker$RemovalCause;
1930:             2             40  [Lcom.sun.jmx.mbeanserver.ClassLoaderRepositorySupport$LoaderEntry;
1931:             1             40  [Lcom.sun.org.apache.xerces.internal.util.Status;
1932:             1             40  [Lcom.sun.org.apache.xerces.internal.utils.XMLSecurityManager$State;
1933:             1             40  [Lcom.sun.org.apache.xerces.internal.utils.XMLSecurityPropertyManager$State;
1934:             1             40  [Ljava.lang.management.MemoryPoolMXBean;
1935:             1             40  [Ljavax.servlet.DispatcherType;
1936:             1             40  [Ljavax.ws.rs.core.Response$Status$Family;
1937:             1             40  [Ljavax.ws.rs.ext.ParamConverterProvider;
1938:             1             40  [Lorg.apache.hadoop.security.SaslRpcServer$AuthMethod;
1939:             1             40  [Lorg.apache.hadoop.util.DataChecksum$Type;
1940:             1             40  [Lorg.apache.spark.network.util.ByteUnit;
1941:             1             40  [Lorg.eclipse.jetty.http.HttpGenerator$State;
1942:             1             40  [Lorg.eclipse.jetty.http.HttpTokens$EndOfContent;
1943:             1             40  [Lorg.eclipse.jetty.http.pathmap.PathSpecGroup;
1944:             1             40  [Lorg.eclipse.jetty.io.SelectorManager$State;
1945:             1             40  [Lorg.eclipse.jetty.server.HttpChannelState$Async;
1946:             1             40  [Lorg.glassfish.jersey.message.internal.HttpHeaderReader$Event;
1947:             1             40  [Lsun.security.jca.ServiceId;
1948:             1             40  [Lsun.security.util.DisabledAlgorithmConstraints$KeySizeConstraint$Operator;
1949:             1             40  [Lsun.util.locale.provider.LocaleProviderAdapter$Type;
1950:             1             40  [[Ljava.lang.invoke.LambdaForm$Name;
1951:             1             40  com.esotericsoftware.kryo.io.Output
1952:             1             40  com.fasterxml.jackson.annotation.JsonFormat$Value
1953:             1             40  com.fasterxml.jackson.databind.deser.impl.BeanPropertyMap
1954:             1             40  com.fasterxml.jackson.module.scala.JacksonModule$
1955:             1             40  com.sun.beans.finder.MethodFinder$1
1956:             1             40  com.sun.jmx.interceptor.DefaultMBeanServerInterceptor
1957:             1             40  com.sun.jmx.mbeanserver.JmxMBeanServer
1958:             1             40  com.sun.jmx.mbeanserver.MBeanServerDelegateImpl
1959:             1             40  com.sun.security.auth.module.UnixSystem
1960:             1             40  io.netty.channel.socket.nio.NioSocketChannel$NioSocketChannelUnsafe
1961:             1             40  java.beans.WeakIdentityMap$Entry
1962:             1             40  java.io.BufferedInputStream
1963:             1             40  java.util.EnumMap
1964:             1             40  java.util.ResourceBundle$1
1965:             1             40  java.util.ServiceLoader$LazyIterator
1966:             1             40  java.util.concurrent.LinkedBlockingDeque
1967:             1             40  javassist.ClassPool
1968:             1             40  jersey.repackaged.com.google.common.util.concurrent.ThreadFactoryBuilder$1
1969:             1             40  net.jpountz.lz4.LZ4Factory
1970:             1             40  org.apache.hadoop.fs.FileContext
1971:             1             40  org.apache.hadoop.metrics2.lib.DefaultMetricsSystem
1972:             1             40  org.apache.hadoop.security.User
1973:             1             40  org.apache.kafka.common.errors.GroupAuthorizationException
1974:             1             40  org.apache.kafka.common.errors.RecordTooLargeException
1975:             1             40  org.apache.kafka.common.errors.TopicAuthorizationException
1976:             1             40  org.apache.log4j.helpers.PatternParser$CategoryPatternConverter
1977:             1             40  org.apache.log4j.helpers.PatternParser$DatePatternConverter
1978:             1             40  org.apache.log4j.spi.RootLogger
1979:             1             40  org.apache.spark.InternalAccumulator$shuffleRead$
1980:             1             40  org.apache.spark.broadcast.BroadcastManager
1981:             1             40  org.apache.spark.deploy.SparkHadoopUtil$
1982:             1             40  org.apache.spark.metrics.MetricsConfig
1983:             1             40  org.apache.spark.metrics.source.CodegenMetrics$
1984:             1             40  org.apache.spark.metrics.source.HiveCatalogMetrics$
1985:             1             40  org.apache.spark.network.client.TransportResponseHandler
1986:             1             40  org.apache.spark.package$
1987:             1             40  org.apache.spark.package$SparkBuildInfo$
1988:             1             40  org.apache.spark.scheduler.DAGSchedulerEventProcessLoop
1989:             1             40  org.apache.spark.scheduler.JobWaiter
1990:             1             40  org.apache.spark.scheduler.TaskResultGetter
1991:             1             40  org.apache.spark.sql.catalyst.expressions.aggregate.NoOp$
1992:             1             40  org.apache.spark.sql.catalyst.optimizer.LikeSimplification$
1993:             1             40  org.apache.spark.sql.internal.StaticSQLConf$
1994:             1             40  org.apache.spark.sql.streaming.StreamingQueryManager
1995:             1             40  org.apache.spark.sql.types.DoubleType$
1996:             1             40  org.apache.spark.sql.types.FloatType$
1997:             1             40  org.apache.spark.storage.BlockInfoManager$$anon$1
1998:             1             40  org.apache.spark.storage.BlockManagerSlaveEndpoint
1999:             1             40  org.apache.spark.storage.DiskBlockManager
2000:             1             40  org.apache.spark.storage.StorageStatus
2001:             1             40  org.apache.spark.ui.env.EnvironmentTab
2002:             1             40  org.apache.spark.ui.exec.ExecutorsListener
2003:             1             40  org.apache.spark.ui.jobs.StagePage
2004:             1             40  org.apache.spark.ui.jobs.UIData$ShuffleWriteMetricsUIData
2005:             1             40  org.apache.spark.ui.storage.StoragePage
2006:             1             40  org.apache.spark.ui.storage.StorageTab
2007:             1             40  org.apache.spark.util.ShutdownHookManager$
2008:             1             40  org.apache.spark.util.collection.OpenHashSet$
2009:             1             40  org.apache.spark.util.io.ChunkedByteBufferOutputStream
2010:             1             40  org.eclipse.jetty.server.ShutdownMonitor
2011:             1             40  org.glassfish.jersey.server.ApplicationHandler
2012:             1             40  org.glassfish.jersey.server.ResourceConfig
2013:             1             40  org.glassfish.jersey.server.internal.routing.RuntimeLocatorModelBuilder
2014:             1             40  org.glassfish.jersey.server.model.internal.ModelProcessorUtil$Method
2015:             1             40  scala.Tuple2$mcJJ$sp
2016:             1             40  scala.Tuple6
2017:             1             40  scala.collection.immutable.Map$Map3
2018:             1             40  scala.concurrent.duration.package$
2019:             1             40  scala.reflect.internal.AnnotationInfos$UnmappableAnnotation$
2020:             1             40  scala.reflect.internal.SymbolTable$$anon$1
2021:             1             40  scala.reflect.internal.SymbolTable$traceSymbols$
2022:             1             40  scala.reflect.internal.Trees$Super
2023:             1             40  scala.reflect.internal.Trees$This
2024:             1             40  scala.reflect.internal.Trees$TypeTree
2025:             1             40  scala.reflect.internal.Trees$pendingSuperCall$
2026:             1             40  scala.reflect.internal.Types$MissingAliasControl
2027:             1             40  scala.reflect.internal.transform.Transforms$$anonfun$3$$anon$2
2028:             1             40  scala.sys.SystemProperties$
2029:             1             40  scala.xml.XML$
2030:             1             40  sun.management.DiagnosticCommandImpl
2031:             1             40  sun.management.MappedMXBeanType$CompositeDataMXBeanType
2032:             1             40  sun.nio.cs.StandardCharsets$Aliases
2033:             1             40  sun.nio.cs.StandardCharsets$Cache
2034:             1             40  sun.nio.cs.StandardCharsets$Classes
2035:             1             40  sun.reflect.UnsafeQualifiedStaticObjectFieldAccessorImpl
2036:             1             40  sun.security.provider.DSAPublicKeyImpl
2037:             1             32  [Lcom.fasterxml.jackson.annotation.JsonProperty$Access;
2038:             1             32  [Lcom.fasterxml.jackson.core.JsonFactory$Feature;
2039:             2             32  [Lcom.fasterxml.jackson.databind.JavaType;
2040:             1             32  [Lcom.google.common.base.AbstractIterator$State;
2041:             1             32  [Lcom.google.common.cache.LocalCache$Segment;
2042:             1             32  [Lcom.google.common.cache.LocalCache$Strength;
2043:             1             32  [Lcom.google.common.collect.AbstractIterator$State;
2044:             1             32  [Lcom.google.common.collect.MapMakerInternalMap$Strength;
2045:             1             32  [Lcom.sun.beans.util.Cache$Kind;
2046:             1             32  [Lcom.sun.org.apache.xerces.internal.utils.XMLSecurityManager$NameMap;
2047:             1             32  [Lio.netty.buffer.PoolArena$SizeClass;
2048:             1             32  [Lio.netty.handler.timeout.IdleState;
2049:             2             32  [Ljava.lang.Enum;
2050:             1             32  [Ljava.lang.OutOfMemoryError;
2051:             1             32  [Ljava.lang.ThreadGroup;
2052:             1             32  [Ljava.lang.UNIXProcess$Platform;
2053:             1             32  [Ljava.lang.management.MemoryManagerMXBean;
2054:             1             32  [Ljava.text.Normalizer$Form;
2055:             1             32  [Ljersey.repackaged.com.google.common.base.Predicates$ObjectPredicate;
2056:             1             32  [Ljersey.repackaged.com.google.common.cache.LocalCache$Segment;
2057:             1             32  [Ljersey.repackaged.com.google.common.cache.LocalCache$Strength;
2058:             1             32  [Ljersey.repackaged.com.google.common.collect.AbstractIterator$State;
2059:             1             32  [Lnet.jpountz.util.Native$OS;
2060:             1             32  [Lorg.apache.kafka.clients.ConnectionState;
2061:             1             32  [Lorg.apache.kafka.clients.consumer.internals.SubscriptionState$SubscriptionType;
2062:             1             32  [Lorg.apache.kafka.common.config.ConfigDef$Importance;
2063:             1             32  [Lorg.apache.kafka.common.config.ConfigDef$Width;
2064:             1             32  [Lorg.apache.kafka.common.record.CompressionType;
2065:             1             32  [Lorg.apache.kafka.common.record.TimestampType;
2066:             1             32  [Lorg.apache.kafka.common.utils.AbstractIterator$State;
2067:             1             32  [Lorg.apache.spark.JobExecutionStatus;
2068:             1             32  [Lorg.eclipse.jetty.http.HttpScheme;
2069:             1             32  [Lorg.eclipse.jetty.http.HttpVersion;
2070:             1             32  [Lorg.eclipse.jetty.io.SelectorManager$ManagedSelector;
2071:             1             32  [Lorg.eclipse.jetty.server.Response$OutputType;
2072:             1             32  [Lorg.eclipse.jetty.server.handler.ContextHandler$Availability;
2073:             1             32  [Lorg.eclipse.jetty.servlet.BaseHolder$Source;
2074:             1             32  [Lorg.eclipse.jetty.util.IteratingCallback$Action;
2075:             1             32  [Lorg.eclipse.jetty.util.component.ContainerLifeCycle$Managed;
2076:             1             32  [Lorg.glassfish.hk2.api.InstanceLifecycleEventType;
2077:             1             32  [Lorg.glassfish.hk2.api.ServiceLocatorFactory$CreatePolicy;
2078:             1             32  [Lorg.glassfish.jersey.internal.inject.Providers$ProviderRuntime;
2079:             1             32  [Lorg.glassfish.jersey.message.internal.TracingLogger$Level;
2080:             1             32  [Lorg.glassfish.jersey.server.TracingConfig;
2081:             1             32  [Lorg.glassfish.jersey.server.model.ResourceMethod$JaxrsType;
2082:             1             32  [Lorg.glassfish.jersey.server.spi.internal.ValueFactoryProvider$Priority;
2083:             1             32  [Lsun.misc.FormattedFloatingDecimal$Form;
2084:             1             32  [Lsun.nio.fs.NativeBuffer;
2085:             1             32  [Lsun.security.provider.NativePRNG$Variant;
2086:             1             32  [[Lcom.google.common.collect.MapMakerInternalMap$EntryFactory;
2087:             1             32  com.codahale.metrics.Timer$Context
2088:             1             32  com.codahale.metrics.json.MetricsModule$MeterSerializer
2089:             1             32  com.fasterxml.jackson.databind.ObjectWriter$GeneratorSettings
2090:             1             32  com.fasterxml.jackson.databind.deser.impl.PropertyBasedCreator
2091:             1             32  com.fasterxml.jackson.databind.introspect.VisibilityChecker$Std
2092:             2             32  com.fasterxml.jackson.databind.node.JsonNodeFactory
2093:             2             32  com.fasterxml.jackson.databind.ser.impl.PropertySerializerMap$Empty
2094:             1             32  com.fasterxml.jackson.databind.ser.std.NumberSerializers$DoubleSerializer
2095:             1             32  com.fasterxml.jackson.databind.ser.std.NumberSerializers$FloatSerializer
2096:             1             32  com.fasterxml.jackson.databind.ser.std.NumberSerializers$IntLikeSerializer
2097:             1             32  com.fasterxml.jackson.databind.ser.std.NumberSerializers$IntegerSerializer
2098:             1             32  com.fasterxml.jackson.databind.ser.std.NumberSerializers$LongSerializer
2099:             1             32  com.fasterxml.jackson.databind.ser.std.NumberSerializers$ShortSerializer
2100:             2             32  com.fasterxml.jackson.module.paranamer.ParanamerAnnotationIntrospector
2101:             2             32  com.fasterxml.jackson.module.paranamer.shaded.BytecodeReadingParanamer
2102:             1             32  com.fasterxml.jackson.module.scala.deser.OptionDeserializer
2103:             2             32  com.google.common.base.Joiner
2104:             1             32  com.google.common.collect.ConcurrentHashMultiset
2105:             2             32  com.google.common.hash.Murmur3_128HashFunction
2106:             2             32  com.google.common.hash.Murmur3_32HashFunction
2107:             2             32  com.sun.beans.WeakCache
2108:             1             32  com.sun.beans.finder.BeanInfoFinder
2109:             1             32  com.sun.jmx.mbeanserver.Repository
2110:             1             32  com.sun.org.apache.xerces.internal.impl.XMLEntityScanner$1
2111:             2             32  com.sun.org.apache.xerces.internal.impl.dv.dtd.ENTITYDatatypeValidator
2112:             2             32  com.sun.proxy.$Proxy20
2113:             2             32  com.sun.proxy.$Proxy29
2114:             2             32  com.sun.proxy.$Proxy31
2115:             2             32  com.sun.proxy.$Proxy4
2116:             2             32  com.sun.proxy.$Proxy45
2117:             2             32  com.sun.proxy.$Proxy46
2118:             2             32  com.sun.proxy.$Proxy48
2119:             2             32  com.sun.proxy.$Proxy49
2120:             2             32  com.thoughtworks.paranamer.BytecodeReadingParanamer
2121:             2             32  io.netty.bootstrap.AbstractBootstrap$BootstrapChannelFactory
2122:             2             32  io.netty.buffer.PoolThreadCache$1
2123:             1             32  io.netty.buffer.PoolThreadCache$MemoryRegionCache$1
2124:             1             32  io.netty.buffer.PooledHeapByteBuf$1
2125:             1             32  io.netty.buffer.PooledUnsafeDirectByteBuf$1
2126:             1             32  io.netty.buffer.PooledUnsafeHeapByteBuf$1
2127:             1             32  io.netty.channel.AbstractChannelHandlerContext$WriteAndFlushTask
2128:             1             32  io.netty.channel.AbstractChannelHandlerContext$WriteAndFlushTask$1
2129:             1             32  io.netty.channel.AdaptiveRecvByteBufAllocator$HandleImpl
2130:             2             32  io.netty.channel.ChannelMetadata
2131:             1             32  io.netty.channel.ChannelOutboundBuffer$Entry$1
2132:             1             32  io.netty.handler.codec.CodecOutputList$1
2133:             1             32  io.netty.util.Recycler$WeakOrderQueue$Link
2134:             2             32  io.netty.util.internal.__matchers__.io.netty.buffer.ByteBufMatcher
2135:             2             32  io.netty.util.internal.logging.Slf4JLoggerFactory
2136:             1             32  java.beans.ThreadGroupContext
2137:             1             32  java.beans.ThreadGroupContext$1
2138:             1             32  java.io.UnixFileSystem
2139:             1             32  java.lang.ArithmeticException
2140:             1             32  java.lang.ArrayIndexOutOfBoundsException
2141:             2             32  java.lang.Boolean
2142:             1             32  java.lang.ClassCastException
2143:             1             32  java.lang.NullPointerException
2144:             2             32  java.lang.Shutdown$Lock
2145:             1             32  java.lang.UnsupportedOperationException
2146:             1             32  java.lang.reflect.WeakCache
2147:             1             32  java.lang.reflect.WeakCache$CacheKey
2148:             2             32  java.nio.ByteOrder
2149:             1             32  java.nio.channels.NotYetConnectedException
2150:             1             32  java.security.AlgorithmParameters
2151:             1             32  java.text.DontCareFieldPosition
2152:             1             32  java.util.ServiceLoader
2153:             1             32  java.util.concurrent.CancellationException
2154:             2             32  java.util.concurrent.ConcurrentHashMap$ValuesView
2155:             1             32  java.util.concurrent.ThreadLocalRandom
2156:             1             32  java.util.concurrent.locks.ReentrantLock$FairSync
2157:             2             32  java.util.jar.JarVerifier$3
2158:             2             32  java.util.logging.ErrorManager
2159:             1             32  java.util.logging.LogManager$SystemLoggerContext
2160:             2             32  java.util.regex.Pattern$CharPropertyNames$7
2161:             2             32  javassist.ClassClassPath
2162:             1             32  javax.security.auth.Subject
2163:             2             32  jersey.repackaged.com.google.common.base.Joiner
2164:             2             32  jersey.repackaged.com.google.common.cache.LocalCache$StrongValueReference
2165:             1             32  net.jpountz.xxhash.XXHashFactory
2166:             2             32  org.apache.commons.lang3.text.translate.UnicodeUnpairedSurrogateRemover
2167:             1             32  org.apache.hadoop.fs.FileSystem$Cache$Key
2168:             1             32  org.apache.hadoop.fs.local.LocalFs
2169:             2             32  org.apache.hadoop.hdfs.security.token.delegation.DelegationTokenSelector
2170:             1             32  org.apache.hadoop.hdfs.web.KerberosUgiAuthenticator
2171:             1             32  org.apache.hadoop.io.Text$Comparator
2172:             1             32  org.apache.hadoop.metrics2.impl.MetricsSystemImpl$1
2173:             1             32  org.apache.hadoop.metrics2.lib.MetricsSourceBuilder
2174:             2             32  org.apache.hadoop.metrics2.lib.UniqueNames
2175:             1             32  org.apache.hadoop.security.Groups
2176:             1             32  org.apache.kafka.clients.producer.ProducerConfig
2177:             2             32  org.apache.kafka.common.config.ConfigDef$ValidString
2178:             1             32  org.apache.kafka.common.errors.BrokerNotAvailableException
2179:             1             32  org.apache.kafka.common.errors.ClusterAuthorizationException
2180:             1             32  org.apache.kafka.common.errors.ControllerMovedException
2181:             1             32  org.apache.kafka.common.errors.CorruptRecordException
2182:             1             32  org.apache.kafka.common.errors.GroupLoadInProgressException
2183:             1             32  org.apache.kafka.common.errors.IllegalGenerationException
2184:             1             32  org.apache.kafka.common.errors.IllegalSaslStateException
2185:             1             32  org.apache.kafka.common.errors.InconsistentGroupProtocolException
2186:             1             32  org.apache.kafka.common.errors.InvalidCommitOffsetSizeException
2187:             1             32  org.apache.kafka.common.errors.InvalidFetchSizeException
2188:             1             32  org.apache.kafka.common.errors.InvalidGroupIdException
2189:             1             32  org.apache.kafka.common.errors.InvalidRequiredAcksException
2190:             1             32  org.apache.kafka.common.errors.InvalidSessionTimeoutException
2191:             1             32  org.apache.kafka.common.errors.InvalidTimestampException
2192:             1             32  org.apache.kafka.common.errors.InvalidTopicException
2193:             1             32  org.apache.kafka.common.errors.LeaderNotAvailableException
2194:             1             32  org.apache.kafka.common.errors.NetworkException
2195:             1             32  org.apache.kafka.common.errors.NotCoordinatorForGroupException
2196:             1             32  org.apache.kafka.common.errors.NotEnoughReplicasAfterAppendException
2197:             1             32  org.apache.kafka.common.errors.NotEnoughReplicasException
2198:             1             32  org.apache.kafka.common.errors.NotLeaderForPartitionException
2199:             1             32  org.apache.kafka.common.errors.OffsetMetadataTooLarge
2200:             1             32  org.apache.kafka.common.errors.OffsetOutOfRangeException
2201:             1             32  org.apache.kafka.common.errors.RebalanceInProgressException
2202:             1             32  org.apache.kafka.common.errors.RecordBatchTooLargeException
2203:             1             32  org.apache.kafka.common.errors.ReplicaNotAvailableException
2204:             1             32  org.apache.kafka.common.errors.TimeoutException
2205:             1             32  org.apache.kafka.common.errors.UnknownMemberIdException
2206:             1             32  org.apache.kafka.common.errors.UnknownServerException
2207:             1             32  org.apache.kafka.common.errors.UnknownTopicOrPartitionException
2208:             1             32  org.apache.kafka.common.errors.UnsupportedSaslMechanismException
2209:             1             32  org.apache.kafka.common.errors.UnsupportedVersionException
2210:             1             32  org.apache.log4j.PatternLayout
2211:             1             32  org.apache.log4j.helpers.QuietWriter
2212:             1             32  org.apache.spark.MapOutputTracker$
2213:             1             32  org.apache.spark.SecurityManager$
2214:             1             32  org.apache.spark.SparkConf$
2215:             1             32  org.apache.spark.SparkEnv$
2216:             1             32  org.apache.spark.SparkMasterRegex$
2217:             1             32  org.apache.spark.deploy.SparkHadoopUtil
2218:             2             32  org.apache.spark.executor.ExecutorSource$$anonfun$1$$anonfun$apply$1
2219:             2             32  org.apache.spark.executor.ExecutorSource$$anonfun$1$$anonfun$apply$2
2220:             2             32  org.apache.spark.executor.ExecutorSource$$anonfun$1$$anonfun$apply$3
2221:             2             32  org.apache.spark.executor.ExecutorSource$$anonfun$1$$anonfun$apply$4
2222:             2             32  org.apache.spark.executor.ExecutorSource$$anonfun$1$$anonfun$apply$5
2223:             2             32  org.apache.spark.internal.config.SystemProvider
2224:             1             32  org.apache.spark.io.CompressionCodec$
2225:             2             32  org.apache.spark.io.LZ4CompressionCodec
2226:             1             32  org.apache.spark.metrics.MetricsSystem$
2227:             1             32  org.apache.spark.network.client.TransportClient
2228:             1             32  org.apache.spark.network.netty.NettyBlockRpcServer
2229:             1             32  org.apache.spark.rdd.RDD$$anonfun$mapPartitionsWithIndexInternal$1
2230:             1             32  org.apache.spark.rpc.netty.NettyRpcHandler
2231:             1             32  org.apache.spark.rpc.netty.NettyStreamManager
2232:             1             32  org.apache.spark.scheduler.DAGSchedulerSource
2233:             1             32  org.apache.spark.scheduler.OutputCommitCoordinator
2234:             1             32  org.apache.spark.scheduler.SparkListenerExecutorAdded
2235:             1             32  org.apache.spark.scheduler.local.LocalSchedulerBackend$$anon$1
2236:             1             32  org.apache.spark.shuffle.IndexShuffleBlockResolver
2237:             1             32  org.apache.spark.sql.SparkSession$
2238:             1             32  org.apache.spark.sql.catalyst.analysis.Analyzer$ExtractGenerator$
2239:             1             32  org.apache.spark.sql.catalyst.analysis.DecimalPrecision$
2240:             2             32  org.apache.spark.sql.catalyst.analysis.SimpleFunctionRegistry
2241:             1             32  org.apache.spark.sql.catalyst.analysis.TimeWindowing$
2242:             1             32  org.apache.spark.sql.catalyst.analysis.TypeCoercion$BooleanEquality$
2243:             1             32  org.apache.spark.sql.catalyst.catalog.CatalogDatabase
2244:             1             32  org.apache.spark.sql.catalyst.catalog.InMemoryCatalog$DatabaseDesc
2245:             1             32  org.apache.spark.sql.catalyst.expressions.codegen.package$ExpressionCanonicalizer$
2246:             2             32  org.apache.spark.sql.catalyst.util.StringKeyHashMap$$anonfun$apply$2
2247:             1             32  org.apache.spark.sql.execution.datasources.DataSource$SourceInfo
2248:             1             32  org.apache.spark.sql.execution.streaming.ForeachSink$$anonfun$addBatch$1
2249:             1             32  org.apache.spark.sql.execution.streaming.OffsetSeqMetadata
2250:             1             32  org.apache.spark.sql.execution.streaming.ProcessingTimeExecutor
2251:             2             32  org.apache.spark.sql.execution.streaming.StreamProgress
2252:             1             32  org.apache.spark.sql.execution.streaming.StreamingQueryListenerBus
2253:             1             32  org.apache.spark.sql.execution.ui.AllExecutionsPage
2254:             1             32  org.apache.spark.sql.execution.ui.ExecutionPage
2255:             1             32  org.apache.spark.sql.kafka010.CachedKafkaConsumer$
2256:             1             32  org.apache.spark.sql.types.ByteType$
2257:             1             32  org.apache.spark.sql.types.IntegerType$
2258:             1             32  org.apache.spark.sql.types.LongType$
2259:             1             32  org.apache.spark.sql.types.ShortType$
2260:             1             32  org.apache.spark.storage.BlockInfo$
2261:             1             32  org.apache.spark.storage.BlockInfoManager
2262:             1             32  org.apache.spark.storage.BlockManagerId
2263:             1             32  org.apache.spark.storage.BlockManagerMaster
2264:             1             32  org.apache.spark.storage.DiskStore
2265:             1             32  org.apache.spark.ui.SparkUI$
2266:             1             32  org.apache.spark.ui.UIUtils$
2267:             1             32  org.apache.spark.ui.env.EnvironmentListener
2268:             1             32  org.apache.spark.ui.exec.ExecutorsPage
2269:             1             32  org.apache.spark.ui.jobs.AllJobsPage
2270:             1             32  org.apache.spark.ui.jobs.AllStagesPage
2271:             1             32  org.apache.spark.ui.jobs.JobPage
2272:             1             32  org.apache.spark.ui.jobs.PoolPage
2273:             1             32  org.apache.spark.ui.jobs.UIData$InputMetricsUIData
2274:             1             32  org.apache.spark.ui.jobs.UIData$OutputMetricsUIData
2275:             1             32  org.eclipse.jetty.io.ArrayByteBufferPool
2276:             1             32  org.eclipse.jetty.util.SharedBlockingCallback$1
2277:             1             32  org.eclipse.jetty.util.SharedBlockingCallback$2
2278:             1             32  org.eclipse.jetty.util.SharedBlockingCallback$3
2279:             1             32  org.glassfish.hk2.utilities.reflection.internal.ClassReflectionHelperImpl
2280:             1             32  org.glassfish.jersey.internal.inject.ContextInjectionResolver
2281:             2             32  org.glassfish.jersey.internal.l10n.LocalizableMessageFactory
2282:             2             32  org.glassfish.jersey.internal.util.collection.Values$InstanceUnsafeValue
2283:             1             32  org.glassfish.jersey.message.internal.MessagingBinders$MessageBodyProviders
2284:             1             32  org.glassfish.jersey.message.internal.QualitySourceMediaType
2285:             1             32  org.glassfish.jersey.server.ApplicationHandler$ApplicationBinder
2286:             1             32  org.glassfish.jersey.server.ServerBinder
2287:             1             32  org.glassfish.jersey.server.internal.JerseyResourceContext
2288:             1             32  org.glassfish.jersey.server.internal.inject.BeanParamValueFactoryProvider
2289:             1             32  org.glassfish.jersey.server.internal.inject.CollectionExtractor$ListValueOf
2290:             1             32  org.glassfish.jersey.server.internal.inject.WebTargetValueFactoryProvider
2291:             1             32  org.glassfish.jersey.server.internal.inject.WebTargetValueFactoryProvider$BindingModel
2292:             1             32  org.glassfish.jersey.server.internal.routing.CombinedMediaType
2293:             1             32  org.glassfish.jersey.server.internal.routing.RuntimeModelBuilder
2294:             1             32  org.glassfish.jersey.server.internal.routing.RuntimeModelBuilder$1
2295:             1             32  org.glassfish.jersey.server.model.ResourceMethodInvoker$Builder
2296:             1             32  org.glassfish.jersey.server.wadl.WadlFeature$1
2297:             1             32  org.glassfish.jersey.servlet.WebComponent$WebComponentBinder
2298:             2             32  org.glassfish.jersey.servlet.WebComponent$WebComponentBinder$3
2299:             2             32  org.glassfish.jersey.servlet.WebComponent$WebComponentBinder$6
2300:             2             32  org.glassfish.jersey.spi.AbstractThreadPoolProvider$1
2301:             1             32  org.json4s.BuildInfo$
2302:             1             32  org.json4s.reflect.Reflector$
2303:             2             32  org.json4s.reflect.Reflector$$anonfun$defaultValue$2$$anonfun$apply$5
2304:             1             32  org.json4s.reflect.package$
2305:             2             32  org.jvnet.hk2.internal.DescriptorComparator
2306:             1             32  org.jvnet.hk2.internal.PerLocatorUtilities
2307:             1             32  org.jvnet.hk2.internal.PerLocatorUtilities$1
2308:             1             32  org.jvnet.hk2.internal.PerLocatorUtilities$2
2309:             1             32  org.jvnet.hk2.internal.PerLocatorUtilities$3
2310:             1             32  org.xerial.snappy.SnappyCodec
2311:             1             32  scala.Symbol$
2312:             1             32  scala.collection.immutable.Map$WithDefault
2313:             1             32  scala.collection.immutable.Vector$
2314:             2             32  scala.collection.mutable.Map$$anonfun$withDefaultValue$1
2315:             1             32  scala.concurrent.impl.Promise$CompletionLatch
2316:             1             32  scala.io.Codec$
2317:             2             32  scala.io.Codec$$anonfun$1
2318:             1             32  scala.math.BigInt$
2319:             1             32  scala.math.package$
2320:             1             32  scala.reflect.ManifestFactory$$anon$1
2321:             1             32  scala.reflect.ManifestFactory$$anon$2
2322:             1             32  scala.reflect.ManifestFactory$$anon$3
2323:             1             32  scala.reflect.ManifestFactory$$anon$4
2324:             1             32  scala.reflect.ManifestFactory$$anon$5
2325:             1             32  scala.reflect.internal.JavaAccFlags$
2326:             1             32  scala.reflect.internal.Kinds$Kind$
2327:             1             32  scala.reflect.internal.Kinds$KindErrors
2328:             1             32  scala.reflect.internal.NoPhase$
2329:             1             32  scala.reflect.internal.SomePhase$
2330:             1             32  scala.reflect.internal.StdNames$compactify$
2331:             1             32  scala.reflect.internal.SymbolTable$$anon$2
2332:             1             32  scala.reflect.internal.Symbols$SymbolOps
2333:             1             32  scala.reflect.internal.Trees$Duplicator
2334:             1             32  scala.reflect.internal.Trees$EmptyTree$
2335:             1             32  scala.reflect.internal.Trees$ImportSelector
2336:             1             32  scala.reflect.internal.Trees$TreeTypeSubstituter
2337:             1             32  scala.reflect.internal.Types$UnmappableTree$
2338:             1             32  scala.reflect.internal.Variance$
2339:             1             32  scala.reflect.internal.tpe.TypeMaps$ErroneousCollector$
2340:             1             32  scala.reflect.internal.tpe.TypeMaps$IsDependentCollector$
2341:             1             32  scala.reflect.internal.transform.Erasure$boxingErasure$
2342:             1             32  scala.reflect.internal.transform.Erasure$javaErasure$
2343:             1             32  scala.reflect.internal.transform.Erasure$scalaErasure$
2344:             1             32  scala.reflect.internal.transform.Erasure$specialScalaErasure$
2345:             1             32  scala.reflect.internal.transform.Erasure$verifiedJavaErasure$
2346:             1             32  scala.reflect.internal.transform.PostErasure$elimErasedValueType$
2347:             1             32  scala.reflect.internal.transform.Transforms$$anonfun$2$$anon$3
2348:             1             32  scala.reflect.internal.transform.UnCurry$$anon$1
2349:             1             32  scala.reflect.internal.transform.UnCurry$$anon$2
2350:             1             32  scala.reflect.internal.util.Statistics$View
2351:             2             32  scala.reflect.runtime.JavaMirrors$JavaMirror$JavaAnnotationProxy$
2352:             1             32  scala.reflect.runtime.JavaUniverse$$anon$1
2353:             1             32  scala.util.control.BreakControl
2354:             1             32  scala.util.control.Exception$Catch
2355:             1             32  sun.management.MappedMXBeanType$EnumMXBeanType
2356:             1             32  sun.management.MappedMXBeanType$InProgress
2357:             1             32  sun.misc.HexDumpEncoder
2358:             2             32  sun.nio.ch.SocketDispatcher
2359:             1             32  sun.nio.cs.StandardCharsets
2360:             1             32  sun.nio.fs.LinuxFileSystem
2361:             2             32  sun.security.provider.NativePRNG
2362:             1             32  sun.security.provider.SecureRandom
2363:             2             32  sun.security.util.AlgorithmDecomposer
2364:             1             32  sun.util.locale.provider.LocaleResources
2365:             1             24  [Lcom.google.common.cache.CacheBuilder$NullListener;
2366:             1             24  [Lcom.google.common.cache.CacheBuilder$OneWeigher;
2367:             1             24  [Lcom.google.common.cache.LocalCache$NullEntry;
2368:             1             24  [Lcom.google.common.collect.GenericMapMaker$NullListener;
2369:             1             24  [Lcom.google.common.collect.Interners$WeakInterner$Dummy;
2370:             1             24  [Lcom.google.common.hash.Hashing$ChecksumType;
2371:             1             24  [Lcom.sun.org.apache.xerces.internal.utils.XMLSecurityPropertyManager$Property;
2372:             1             24  [Ljava.io.File$PathStatus;
2373:             1             24  [Ljava.lang.ClassValue$Entry;
2374:             1             24  [Ljava.net.InetAddress$Cache$Type;
2375:             1             24  [Ljava.net.InetSocketAddress;
2376:             1             24  [Ljava.net.InterfaceAddress;
2377:             1             24  [Ljava.net.StandardProtocolFamily;
2378:             1             24  [Ljava.util.Locale$Category;
2379:             1             24  [Ljavax.security.auth.login.LoginContext$ModuleInfo;
2380:             1             24  [Ljavax.ws.rs.core.MediaType;
2381:             1             24  [Ljersey.repackaged.com.google.common.cache.CacheBuilder$NullListener;
2382:             1             24  [Ljersey.repackaged.com.google.common.cache.CacheBuilder$OneWeigher;
2383:             1             24  [Ljersey.repackaged.com.google.common.cache.LocalCache$NullEntry;
2384:             1             24  [Lorg.apache.hadoop.fs.Options$Rename;
2385:             1             24  [Lorg.apache.hadoop.http.HttpConfig$Policy;
2386:             1             24  [Lorg.apache.hadoop.metrics2.lib.DefaultMetricsFactory;
2387:             1             24  [Lorg.apache.hadoop.metrics2.lib.DefaultMetricsSystem;
2388:             1             24  [Lorg.apache.hadoop.metrics2.lib.Interns$Info;
2389:             1             24  [Lorg.apache.hadoop.metrics2.lib.Interns$Tags;
2390:             1             24  [Lorg.apache.kafka.common.network.LoginType;
2391:             1             24  [Lorg.apache.kafka.common.network.Mode;
2392:             1             24  [Lorg.apache.spark.memory.MemoryMode;
2393:             1             24  [Lorg.apache.spark.network.client.TransportClient;
2394:             1             24  [Lorg.glassfish.hk2.api.DescriptorType;
2395:             1             24  [Lorg.glassfish.hk2.api.ServiceLocatorState;
2396:             1             24  [Lorg.glassfish.jersey.model.internal.RankedComparator$Order;
2397:             1             24  [Lorg.glassfish.jersey.servlet.WebConfig$ConfigType;
2398:             1             24  [Lorg.glassfish.jersey.uri.PathPattern$RightHandPath;
2399:             1             24  [Lscala.reflect.internal.Phase;
2400:             1             24  [Lsun.launcher.LauncherHelper;
2401:             1             24  [[Ljava.io.File;
2402:             1             24  com.codahale.metrics.Timer
2403:             1             24  com.codahale.metrics.json.MetricsModule$HistogramSerializer
2404:             1             24  com.codahale.metrics.json.MetricsModule$MetricRegistrySerializer
2405:             1             24  com.esotericsoftware.minlog.Log$Logger
2406:             1             24  com.fasterxml.jackson.annotation.JsonFormat$Features
2407:             1             24  com.fasterxml.jackson.core.util.BufferRecycler
2408:             1             24  com.fasterxml.jackson.core.util.DefaultIndenter
2409:             1             24  com.fasterxml.jackson.databind.ObjectWriter$Prefetch
2410:             1             24  com.fasterxml.jackson.databind.cfg.ContextAttributes$Impl
2411:             1             24  com.fasterxml.jackson.databind.deser.impl.FailingDeserializer
2412:             1             24  com.fasterxml.jackson.databind.module.SimpleSerializers
2413:             1             24  com.fasterxml.jackson.databind.ser.impl.FailingSerializer
2414:             1             24  com.fasterxml.jackson.databind.ser.std.CalendarSerializer
2415:             1             24  com.fasterxml.jackson.databind.ser.std.DateSerializer
2416:             1             24  com.fasterxml.jackson.module.scala.deser.BigDecimalDeserializer$
2417:             1             24  com.fasterxml.jackson.module.scala.deser.BigIntDeserializer$
2418:             1             24  com.fasterxml.jackson.module.scala.deser.NumberDeserializers$
2419:             1             24  com.fasterxml.jackson.module.scala.deser.SeqDeserializerResolver$
2420:             1             24  com.fasterxml.jackson.module.scala.deser.UnsortedMapDeserializerResolver$
2421:             1             24  com.fasterxml.jackson.module.scala.deser.UnsortedSetDeserializerResolver$
2422:             1             24  com.fasterxml.jackson.module.scala.deser.UntypedObjectDeserializerResolver$
2423:             1             24  com.fasterxml.jackson.module.scala.ser.MapConverter
2424:             1             24  com.github.scrapcodes.kafka.KafkaWriter
2425:             1             24  com.github.scrapcodes.kafka.KafkaWriter$
2426:             1             24  com.github.scrapcodes.kafka.SparkSQLKafkaConsumer$
2427:             1             24  com.google.common.base.CharMatcher$Or
2428:             1             24  com.google.common.base.Joiner$1
2429:             1             24  com.google.common.base.Joiner$MapJoiner
2430:             1             24  com.google.common.cache.CacheBuilder$NullListener
2431:             1             24  com.google.common.cache.CacheBuilder$OneWeigher
2432:             1             24  com.google.common.cache.LocalCache$EntryFactory$1
2433:             1             24  com.google.common.cache.LocalCache$EntryFactory$2
2434:             1             24  com.google.common.cache.LocalCache$EntryFactory$3
2435:             1             24  com.google.common.cache.LocalCache$EntryFactory$4
2436:             1             24  com.google.common.cache.LocalCache$EntryFactory$5
2437:             1             24  com.google.common.cache.LocalCache$EntryFactory$6
2438:             1             24  com.google.common.cache.LocalCache$EntryFactory$7
2439:             1             24  com.google.common.cache.LocalCache$EntryFactory$8
2440:             1             24  com.google.common.cache.LocalCache$NullEntry
2441:             1             24  com.google.common.cache.LocalCache$Strength$1
2442:             1             24  com.google.common.cache.LocalCache$Strength$2
2443:             1             24  com.google.common.cache.LocalCache$Strength$3
2444:             1             24  com.google.common.collect.GenericMapMaker$NullListener
2445:             1             24  com.google.common.collect.Interners$WeakInterner$Dummy
2446:             1             24  com.google.common.collect.MapMaker$RemovalCause$1
2447:             1             24  com.google.common.collect.MapMaker$RemovalCause$2
2448:             1             24  com.google.common.collect.MapMaker$RemovalCause$3
2449:             1             24  com.google.common.collect.MapMaker$RemovalCause$4
2450:             1             24  com.google.common.collect.MapMaker$RemovalCause$5
2451:             1             24  com.google.common.collect.MapMakerInternalMap$EntryFactory$1
2452:             1             24  com.google.common.collect.MapMakerInternalMap$EntryFactory$2
2453:             1             24  com.google.common.collect.MapMakerInternalMap$EntryFactory$3
2454:             1             24  com.google.common.collect.MapMakerInternalMap$EntryFactory$4
2455:             1             24  com.google.common.collect.MapMakerInternalMap$EntryFactory$5
2456:             1             24  com.google.common.collect.MapMakerInternalMap$EntryFactory$6
2457:             1             24  com.google.common.collect.MapMakerInternalMap$EntryFactory$7
2458:             1             24  com.google.common.collect.MapMakerInternalMap$EntryFactory$8
2459:             1             24  com.google.common.collect.MapMakerInternalMap$Strength$1
2460:             1             24  com.google.common.collect.MapMakerInternalMap$Strength$2
2461:             1             24  com.google.common.collect.MapMakerInternalMap$Strength$3
2462:             1             24  com.google.common.hash.Hashing$ChecksumType$1
2463:             1             24  com.google.common.hash.Hashing$ChecksumType$2
2464:             1             24  com.google.common.util.concurrent.AtomicLongMap
2465:             1             24  com.sun.beans.util.Cache$Kind$1
2466:             1             24  com.sun.beans.util.Cache$Kind$2
2467:             1             24  com.sun.beans.util.Cache$Kind$3
2468:             1             24  com.sun.jmx.mbeanserver.ClassLoaderRepositorySupport
2469:             1             24  com.sun.jmx.mbeanserver.DefaultMXBeanMappingFactory$CompositeBuilderViaFrom
2470:             1             24  com.sun.jmx.mbeanserver.MXBeanLookup
2471:             1             24  com.sun.jmx.remote.util.ClassLogger
2472:             1             24  com.sun.org.apache.xerces.internal.impl.Constants$ArrayEnumeration
2473:             1             24  com.sun.security.auth.UnixNumericGroupPrincipal
2474:             1             24  com.twitter.chill.JavaIterableWrapperSerializer$
2475:             1             24  io.netty.buffer.UnpooledByteBufAllocator
2476:             1             24  io.netty.channel.AdaptiveRecvByteBufAllocator
2477:             1             24  io.netty.util.concurrent.FailedFuture
2478:             1             24  io.netty.util.internal.UnsafeAtomicLongFieldUpdater
2479:             1             24  java.io.ExpiringCache$Entry
2480:             1             24  java.io.InputStreamReader
2481:             1             24  java.lang.ClassValue$Version
2482:             1             24  java.lang.ProcessEnvironment$StringEnvironment
2483:             1             24  java.lang.invoke.MethodHandleImpl$4
2484:             1             24  java.lang.invoke.MethodType$ConcurrentWeakInternSet
2485:             1             24  java.math.MutableBigInteger
2486:             1             24  java.net.Inet6AddressImpl
2487:             1             24  java.util.Collections$EmptyMap
2488:             1             24  java.util.Currency
2489:             1             24  java.util.Locale$Cache
2490:             1             24  java.util.ResourceBundle$Control$CandidateListCache
2491:             1             24  java.util.TaskQueue
2492:             1             24  java.util.Timer
2493:             1             24  java.util.concurrent.TimeUnit$1
2494:             1             24  java.util.concurrent.TimeUnit$2
2495:             1             24  java.util.concurrent.TimeUnit$3
2496:             1             24  java.util.concurrent.TimeUnit$4
2497:             1             24  java.util.concurrent.TimeUnit$5
2498:             1             24  java.util.concurrent.TimeUnit$6
2499:             1             24  java.util.concurrent.TimeUnit$7
2500:             1             24  java.util.jar.Manifest
2501:             1             24  java.util.logging.LogManager$LoggerContext
2502:             1             24  java.util.logging.LoggingPermission
2503:             1             24  javax.management.NotificationBroadcasterSupport
2504:             1             24  jersey.repackaged.com.google.common.base.Joiner$1
2505:             1             24  jersey.repackaged.com.google.common.base.Joiner$MapJoiner
2506:             1             24  jersey.repackaged.com.google.common.base.Predicates$ObjectPredicate$1
2507:             1             24  jersey.repackaged.com.google.common.base.Predicates$ObjectPredicate$2
2508:             1             24  jersey.repackaged.com.google.common.base.Predicates$ObjectPredicate$3
2509:             1             24  jersey.repackaged.com.google.common.base.Predicates$ObjectPredicate$4
2510:             1             24  jersey.repackaged.com.google.common.cache.CacheBuilder$NullListener
2511:             1             24  jersey.repackaged.com.google.common.cache.CacheBuilder$OneWeigher
2512:             1             24  jersey.repackaged.com.google.common.cache.LocalCache$EntryFactory$1
2513:             1             24  jersey.repackaged.com.google.common.cache.LocalCache$EntryFactory$2
2514:             1             24  jersey.repackaged.com.google.common.cache.LocalCache$EntryFactory$3
2515:             1             24  jersey.repackaged.com.google.common.cache.LocalCache$EntryFactory$4
2516:             1             24  jersey.repackaged.com.google.common.cache.LocalCache$EntryFactory$5
2517:             1             24  jersey.repackaged.com.google.common.cache.LocalCache$EntryFactory$6
2518:             1             24  jersey.repackaged.com.google.common.cache.LocalCache$EntryFactory$7
2519:             1             24  jersey.repackaged.com.google.common.cache.LocalCache$EntryFactory$8
2520:             1             24  jersey.repackaged.com.google.common.cache.LocalCache$NullEntry
2521:             1             24  jersey.repackaged.com.google.common.cache.LocalCache$Strength$1
2522:             1             24  jersey.repackaged.com.google.common.cache.LocalCache$Strength$2
2523:             1             24  jersey.repackaged.com.google.common.cache.LocalCache$Strength$3
2524:             1             24  org.apache.commons.logging.impl.SLF4JLogFactory
2525:             1             24  org.apache.hadoop.fs.FileSystem$Cache
2526:             1             24  org.apache.hadoop.fs.local.RawLocalFs
2527:             1             24  org.apache.hadoop.metrics2.MetricsTag
2528:             1             24  org.apache.hadoop.metrics2.impl.MetricsCollectorImpl
2529:             1             24  org.apache.hadoop.metrics2.impl.MetricsSystemImpl$3
2530:             1             24  org.apache.hadoop.metrics2.lib.DefaultMetricsFactory
2531:             1             24  org.apache.hadoop.metrics2.lib.Interns$Info
2532:             1             24  org.apache.hadoop.metrics2.lib.Interns$Info$1
2533:             1             24  org.apache.hadoop.metrics2.lib.Interns$Tags
2534:             1             24  org.apache.hadoop.metrics2.lib.Interns$Tags$1
2535:             1             24  org.apache.hadoop.metrics2.lib.UniqueNames$Count
2536:             1             24  org.apache.hadoop.security.UserGroupInformation
2537:             1             24  org.apache.hadoop.security.UserGroupInformation$UgiMetrics
2538:             1             24  org.apache.hadoop.util.ShutdownHookManager
2539:             1             24  org.apache.kafka.clients.consumer.internals.DelayedTaskQueue$Entry
2540:             1             24  org.apache.kafka.clients.producer.internals.Sender$SenderMetrics$1
2541:             1             24  org.apache.kafka.clients.producer.internals.Sender$SenderMetrics$2
2542:             1             24  org.apache.kafka.common.requests.MetadataRequest
2543:             1             24  org.apache.kafka.common.security.auth.KafkaPrincipal
2544:             1             24  org.apache.kafka.common.utils.KafkaThread$1
2545:             1             24  org.apache.log4j.helpers.FormattingInfo
2546:             1             24  org.apache.log4j.helpers.OnlyOnceErrorHandler
2547:             1             24  org.apache.spark.ContextCleaner$$anonfun$org$apache$spark$ContextCleaner$$keepCleaning$1$$anonfun$apply$mcV$sp$2
2548:             1             24  org.apache.spark.GetMapOutputMessage
2549:             1             24  org.apache.spark.InternalAccumulator$input$
2550:             1             24  org.apache.spark.InternalAccumulator$output$
2551:             1             24  org.apache.spark.InternalAccumulator$shuffleWrite$
2552:             1             24  org.apache.spark.MapOutputTrackerMasterEndpoint
2553:             1             24  org.apache.spark.SparkStatusTracker
2554:             1             24  org.apache.spark.executor.ExecutorSource
2555:             1             24  org.apache.spark.internal.Logging$
2556:             1             24  org.apache.spark.network.client.TransportClientFactory$ClientPool
2557:             1             24  org.apache.spark.rdd.RDDOperationScope$
2558:             1             24  org.apache.spark.rpc.netty.RpcEndpointVerifier
2559:             1             24  org.apache.spark.scheduler.BlacklistTracker$
2560:             1             24  org.apache.spark.scheduler.FIFOSchedulableBuilder
2561:             1             24  org.apache.spark.scheduler.LiveListenerBus$
2562:             1             24  org.apache.spark.scheduler.LiveListenerBus$$anon$1$$anonfun$run$1
2563:             1             24  org.apache.spark.scheduler.OutputCommitCoordinator$OutputCommitCoordinatorEndpoint
2564:             1             24  org.apache.spark.scheduler.TaskResultGetter$$anon$1
2565:             1             24  org.apache.spark.scheduler.TaskResultGetter$$anon$2
2566:             1             24  org.apache.spark.scheduler.cluster.ExecutorInfo
2567:             1             24  org.apache.spark.serializer.JavaIterableWrapperSerializer$
2568:             1             24  org.apache.spark.serializer.KryoSerializationStream
2569:             1             24  org.apache.spark.serializer.KryoSerializer$
2570:             1             24  org.apache.spark.shuffle.sort.SortShuffleManager
2571:             1             24  org.apache.spark.sql.ExperimentalMethods
2572:             1             24  org.apache.spark.sql.SQLContext
2573:             1             24  org.apache.spark.sql.catalyst.ScalaReflection$
2574:             1             24  org.apache.spark.sql.catalyst.analysis.Analyzer$CTESubstitution$
2575:             1             24  org.apache.spark.sql.catalyst.analysis.Analyzer$ExtractWindowExpressions$
2576:             1             24  org.apache.spark.sql.catalyst.analysis.Analyzer$FixNullability$
2577:             1             24  org.apache.spark.sql.catalyst.analysis.Analyzer$GlobalAggregates$
2578:             1             24  org.apache.spark.sql.catalyst.analysis.Analyzer$HandleNullInputsForUDF$
2579:             1             24  org.apache.spark.sql.catalyst.analysis.Analyzer$PullOutNondeterministic$
2580:             1             24  org.apache.spark.sql.catalyst.analysis.Analyzer$ResolveAggregateFunctions$
2581:             1             24  org.apache.spark.sql.catalyst.analysis.Analyzer$ResolveAliases$
2582:             1             24  org.apache.spark.sql.catalyst.analysis.Analyzer$ResolveDeserializer$
2583:             1             24  org.apache.spark.sql.catalyst.analysis.Analyzer$ResolveFunctions$
2584:             1             24  org.apache.spark.sql.catalyst.analysis.Analyzer$ResolveGenerate$
2585:             1             24  org.apache.spark.sql.catalyst.analysis.Analyzer$ResolveGroupingAnalytics$
2586:             1             24  org.apache.spark.sql.catalyst.analysis.Analyzer$ResolveMissingReferences$
2587:             1             24  org.apache.spark.sql.catalyst.analysis.Analyzer$ResolveNaturalAndUsingJoin$
2588:             1             24  org.apache.spark.sql.catalyst.analysis.Analyzer$ResolveNewInstance$
2589:             1             24  org.apache.spark.sql.catalyst.analysis.Analyzer$ResolveOrdinalInOrderByAndGroupBy$
2590:             1             24  org.apache.spark.sql.catalyst.analysis.Analyzer$ResolvePivot$
2591:             1             24  org.apache.spark.sql.catalyst.analysis.Analyzer$ResolveReferences$
2592:             1             24  org.apache.spark.sql.catalyst.analysis.Analyzer$ResolveRelations$
2593:             1             24  org.apache.spark.sql.catalyst.analysis.Analyzer$ResolveSubquery$
2594:             1             24  org.apache.spark.sql.catalyst.analysis.Analyzer$ResolveUpCast$
2595:             1             24  org.apache.spark.sql.catalyst.analysis.Analyzer$ResolveWindowFrame$
2596:             1             24  org.apache.spark.sql.catalyst.analysis.Analyzer$ResolveWindowOrder$
2597:             1             24  org.apache.spark.sql.catalyst.analysis.Analyzer$WindowsSubstitution$
2598:             1             24  org.apache.spark.sql.catalyst.analysis.CleanupAliases$
2599:             1             24  org.apache.spark.sql.catalyst.analysis.EliminateSubqueryAliases$
2600:             1             24  org.apache.spark.sql.catalyst.analysis.EliminateUnions$
2601:             1             24  org.apache.spark.sql.catalyst.analysis.FunctionRegistry$
2602:             1             24  org.apache.spark.sql.catalyst.analysis.ResolveCreateNamedStruct$
2603:             1             24  org.apache.spark.sql.catalyst.analysis.ResolveInlineTables$
2604:             1             24  org.apache.spark.sql.catalyst.analysis.ResolveTableValuedFunctions$
2605:             1             24  org.apache.spark.sql.catalyst.analysis.SubstituteUnresolvedOrdinals
2606:             1             24  org.apache.spark.sql.catalyst.analysis.TypeCoercion$
2607:             1             24  org.apache.spark.sql.catalyst.analysis.TypeCoercion$CaseWhenCoercion$
2608:             1             24  org.apache.spark.sql.catalyst.analysis.TypeCoercion$DateTimeOperations$
2609:             1             24  org.apache.spark.sql.catalyst.analysis.TypeCoercion$Division$
2610:             1             24  org.apache.spark.sql.catalyst.analysis.TypeCoercion$FunctionArgumentConversion$
2611:             1             24  org.apache.spark.sql.catalyst.analysis.TypeCoercion$IfCoercion$
2612:             1             24  org.apache.spark.sql.catalyst.analysis.TypeCoercion$ImplicitTypeCasts$
2613:             1             24  org.apache.spark.sql.catalyst.analysis.TypeCoercion$InConversion$
2614:             1             24  org.apache.spark.sql.catalyst.analysis.TypeCoercion$PromoteStrings$
2615:             1             24  org.apache.spark.sql.catalyst.analysis.TypeCoercion$PropagateTypes$
2616:             1             24  org.apache.spark.sql.catalyst.analysis.TypeCoercion$StringToIntegralCasts$
2617:             1             24  org.apache.spark.sql.catalyst.analysis.TypeCoercion$WidenSetOperationTypes$
2618:             1             24  org.apache.spark.sql.catalyst.analysis.package$
2619:             1             24  org.apache.spark.sql.catalyst.catalog.GlobalTempViewManager
2620:             1             24  org.apache.spark.sql.catalyst.catalog.InMemoryCatalog
2621:             1             24  org.apache.spark.sql.catalyst.expressions.Literal$
2622:             1             24  org.apache.spark.sql.catalyst.expressions.NamedExpression$
2623:             1             24  org.apache.spark.sql.catalyst.expressions.codegen.CodeGenerator$
2624:             1             24  org.apache.spark.sql.catalyst.expressions.codegen.GenerateSafeProjection$
2625:             1             24  org.apache.spark.sql.catalyst.expressions.codegen.GenerateUnsafeProjection$
2626:             1             24  org.apache.spark.sql.catalyst.expressions.codegen.package$ExpressionCanonicalizer$CleanExpressions$
2627:             1             24  org.apache.spark.sql.catalyst.optimizer.BooleanSimplification$
2628:             1             24  org.apache.spark.sql.catalyst.optimizer.CollapseProject$
2629:             1             24  org.apache.spark.sql.catalyst.optimizer.CollapseRepartition$
2630:             1             24  org.apache.spark.sql.catalyst.optimizer.CollapseWindow$
2631:             1             24  org.apache.spark.sql.catalyst.optimizer.ColumnPruning$
2632:             1             24  org.apache.spark.sql.catalyst.optimizer.CombineFilters$
2633:             1             24  org.apache.spark.sql.catalyst.optimizer.CombineLimits$
2634:             1             24  org.apache.spark.sql.catalyst.optimizer.CombineTypedFilters$
2635:             1             24  org.apache.spark.sql.catalyst.optimizer.CombineUnions$
2636:             1             24  org.apache.spark.sql.catalyst.optimizer.ComputeCurrentTime$
2637:             1             24  org.apache.spark.sql.catalyst.optimizer.ConstantFolding$
2638:             1             24  org.apache.spark.sql.catalyst.optimizer.ConvertToLocalRelation$
2639:             1             24  org.apache.spark.sql.catalyst.optimizer.DecimalAggregates$
2640:             1             24  org.apache.spark.sql.catalyst.optimizer.EliminateOuterJoin$
2641:             1             24  org.apache.spark.sql.catalyst.optimizer.EliminateSerialization$
2642:             1             24  org.apache.spark.sql.catalyst.optimizer.EliminateSorts$
2643:             1             24  org.apache.spark.sql.catalyst.optimizer.FoldablePropagation$
2644:             1             24  org.apache.spark.sql.catalyst.optimizer.InferFiltersFromConstraints$
2645:             1             24  org.apache.spark.sql.catalyst.optimizer.LimitPushDown$
2646:             1             24  org.apache.spark.sql.catalyst.optimizer.NullPropagation$
2647:             1             24  org.apache.spark.sql.catalyst.optimizer.Optimizer$OptimizeSubqueries$
2648:             1             24  org.apache.spark.sql.catalyst.optimizer.PropagateEmptyRelation$
2649:             1             24  org.apache.spark.sql.catalyst.optimizer.PruneFilters$
2650:             1             24  org.apache.spark.sql.catalyst.optimizer.PushDownPredicate$
2651:             1             24  org.apache.spark.sql.catalyst.optimizer.PushPredicateThroughJoin$
2652:             1             24  org.apache.spark.sql.catalyst.optimizer.PushProjectionThroughUnion$
2653:             1             24  org.apache.spark.sql.catalyst.optimizer.RemoveAliasOnlyProject$
2654:             1             24  org.apache.spark.sql.catalyst.optimizer.RemoveDispensableExpressions$
2655:             1             24  org.apache.spark.sql.catalyst.optimizer.RemoveLiteralFromGroupExpressions$
2656:             1             24  org.apache.spark.sql.catalyst.optimizer.RemoveRepetitionFromGroupExpressions$
2657:             1             24  org.apache.spark.sql.catalyst.optimizer.ReorderAssociativeOperator$
2658:             1             24  org.apache.spark.sql.catalyst.optimizer.ReorderJoin$
2659:             1             24  org.apache.spark.sql.catalyst.optimizer.ReplaceDistinctWithAggregate$
2660:             1             24  org.apache.spark.sql.catalyst.optimizer.ReplaceExceptWithAntiJoin$
2661:             1             24  org.apache.spark.sql.catalyst.optimizer.ReplaceExpressions$
2662:             1             24  org.apache.spark.sql.catalyst.optimizer.ReplaceIntersectWithSemiJoin$
2663:             1             24  org.apache.spark.sql.catalyst.optimizer.RewriteCorrelatedScalarSubquery$
2664:             1             24  org.apache.spark.sql.catalyst.optimizer.RewriteDistinctAggregates$
2665:             1             24  org.apache.spark.sql.catalyst.optimizer.RewritePredicateSubquery$
2666:             1             24  org.apache.spark.sql.catalyst.optimizer.SimplifyBinaryComparison$
2667:             1             24  org.apache.spark.sql.catalyst.optimizer.SimplifyCaseConversionExpressions$
2668:             1             24  org.apache.spark.sql.catalyst.optimizer.SimplifyCasts$
2669:             1             24  org.apache.spark.sql.catalyst.optimizer.SimplifyConditionals$
2670:             1             24  org.apache.spark.sql.execution.CacheManager
2671:             1             24  org.apache.spark.sql.execution.RDDScanExec$$anonfun$doExecute$2
2672:             1             24  org.apache.spark.sql.execution.SQLExecution$
2673:             1             24  org.apache.spark.sql.execution.WholeStageCodegenExec$$anonfun$8
2674:             1             24  org.apache.spark.sql.execution.datasources.AnalyzeCreateTable
2675:             1             24  org.apache.spark.sql.execution.datasources.DataSource$
2676:             1             24  org.apache.spark.sql.execution.datasources.DataSourceAnalysis
2677:             1             24  org.apache.spark.sql.execution.datasources.FindDataSourceTable
2678:             1             24  org.apache.spark.sql.execution.datasources.PreWriteCheck
2679:             1             24  org.apache.spark.sql.execution.datasources.PreprocessTableInsertion
2680:             1             24  org.apache.spark.sql.execution.datasources.PruneFileSourcePartitions$
2681:             1             24  org.apache.spark.sql.execution.datasources.ResolveDataSource
2682:             1             24  org.apache.spark.sql.execution.metric.SQLMetrics$
2683:             1             24  org.apache.spark.sql.execution.python.ExtractPythonUDFFromAggregate$
2684:             1             24  org.apache.spark.sql.execution.python.ExtractPythonUDFs$
2685:             1             24  org.apache.spark.sql.execution.streaming.ForeachSink
2686:             1             24  org.apache.spark.sql.execution.streaming.IncrementalExecution$$anon$1
2687:             1             24  org.apache.spark.sql.execution.streaming.OffsetSeqLog$
2688:             1             24  org.apache.spark.sql.execution.streaming.StreamMetadata$
2689:             1             24  org.apache.spark.sql.execution.streaming.state.StateStoreCoordinator
2690:             1             24  org.apache.spark.sql.execution.streaming.state.StateStoreCoordinatorRef$
2691:             1             24  org.apache.spark.sql.internal.SQLConf
2692:             1             24  org.apache.spark.sql.kafka010.KafkaSource$
2693:             1             24  org.apache.spark.sql.kafka010.KafkaSource$SubscribeStrategy
2694:             1             24  org.apache.spark.sql.kafka010.KafkaSourceProvider$
2695:             1             24  org.apache.spark.sql.streaming.ProcessingTime
2696:             1             24  org.apache.spark.sql.streaming.StreamingQueryStatus
2697:             1             24  org.apache.spark.sql.types.BinaryType$
2698:             1             24  org.apache.spark.sql.types.BooleanType$
2699:             1             24  org.apache.spark.sql.types.DateType$
2700:             1             24  org.apache.spark.sql.types.Metadata
2701:             1             24  org.apache.spark.sql.types.StringType$
2702:             1             24  org.apache.spark.sql.types.TimestampType$
2703:             1             24  org.apache.spark.sql.types.UDTRegistration$
2704:             1             24  org.apache.spark.storage.BlockManagerSource
2705:             1             24  org.apache.spark.storage.StorageStatusListener
2706:             1             24  org.apache.spark.ui.ServerInfo
2707:             1             24  org.apache.spark.ui.env.EnvironmentPage
2708:             1             24  org.apache.spark.ui.exec.ExecutorThreadDumpPage
2709:             1             24  org.apache.spark.ui.scope.RDDOperationGraph$
2710:             1             24  org.apache.spark.ui.storage.RDDPage
2711:             1             24  org.apache.spark.ui.storage.StorageListener
2712:             1             24  org.apache.spark.util.AccumulatorContext$
2713:             1             24  org.apache.spark.util.CallSite$
2714:             1             24  org.apache.spark.util.CallerContext$
2715:             1             24  org.apache.spark.util.SparkShutdownHookManager
2716:             1             24  org.codehaus.commons.compiler.Location
2717:             1             24  org.codehaus.janino.Java$Modifiers
2718:             1             24  org.eclipse.jetty.http.DateGenerator
2719:             1             24  org.eclipse.jetty.server.Server$DateField
2720:             1             24  org.eclipse.jetty.util.ConcurrentHashSet
2721:             1             24  org.eclipse.jetty.util.Uptime$DefaultImpl
2722:             1             24  org.glassfish.hk2.internal.ServiceLocatorFactoryImpl
2723:             1             24  org.glassfish.hk2.utilities.ServiceLocatorUtilities$ImmediateImpl
2724:             1             24  org.glassfish.hk2.utilities.ServiceLocatorUtilities$InheritableThreadImpl
2725:             1             24  org.glassfish.hk2.utilities.ServiceLocatorUtilities$PerLookupImpl
2726:             1             24  org.glassfish.hk2.utilities.ServiceLocatorUtilities$PerThreadImpl
2727:             1             24  org.glassfish.hk2.utilities.ServiceLocatorUtilities$SingletonImpl
2728:             1             24  org.glassfish.jersey.internal.ContextResolverFactory$Binder
2729:             1             24  org.glassfish.jersey.internal.ExceptionMapperFactory$Binder
2730:             1             24  org.glassfish.jersey.internal.JaxrsProviders$Binder
2731:             1             24  org.glassfish.jersey.internal.JerseyErrorService$Binder
2732:             1             24  org.glassfish.jersey.internal.inject.ContextInjectionResolver$Binder
2733:             1             24  org.glassfish.jersey.internal.inject.CustomAnnotationLiteral
2734:             1             24  org.glassfish.jersey.internal.inject.JerseyClassAnalyzer
2735:             1             24  org.glassfish.jersey.internal.inject.JerseyClassAnalyzer$Binder
2736:             1             24  org.glassfish.jersey.jaxb.internal.DocumentProvider
2737:             1             24  org.glassfish.jersey.jaxb.internal.JaxbMessagingBinder
2738:             1             24  org.glassfish.jersey.jaxb.internal.JaxbParamConverterBinder
2739:             1             24  org.glassfish.jersey.jaxb.internal.JaxbStringReaderProvider$1
2740:             1             24  org.glassfish.jersey.jaxb.internal.JaxbStringReaderProvider$2
2741:             1             24  org.glassfish.jersey.jaxb.internal.JaxbStringReaderProvider$RootElementProvider
2742:             1             24  org.glassfish.jersey.jaxb.internal.NounInflector
2743:             1             24  org.glassfish.jersey.message.internal.MessageBodyFactory$Binder
2744:             1             24  org.glassfish.jersey.message.internal.SourceProvider$SourceWriter
2745:             1             24  org.glassfish.jersey.model.internal.ManagedObjectsFinalizer
2746:             1             24  org.glassfish.jersey.process.internal.RequestScope
2747:             1             24  org.glassfish.jersey.process.internal.RequestScope$Binder
2748:             1             24  org.glassfish.jersey.process.internal.Stages$LinkedStage
2749:             1             24  org.glassfish.jersey.server.BackgroundSchedulerLiteral
2750:             1             24  org.glassfish.jersey.server.internal.JerseyResourceContext$Binder
2751:             1             24  org.glassfish.jersey.server.internal.MappableExceptionWrapperInterceptor$Binder
2752:             1             24  org.glassfish.jersey.server.internal.ProcessingProviders$Binder
2753:             1             24  org.glassfish.jersey.server.internal.RuntimeDelegateImpl
2754:             1             24  org.glassfish.jersey.server.internal.inject.AsyncResponseValueFactoryProvider$InjectionResolver
2755:             1             24  org.glassfish.jersey.server.internal.inject.BeanParamValueFactoryProvider$InjectionResolver
2756:             1             24  org.glassfish.jersey.server.internal.inject.CookieParamValueFactoryProvider
2757:             1             24  org.glassfish.jersey.server.internal.inject.CookieParamValueFactoryProvider$InjectionResolver
2758:             1             24  org.glassfish.jersey.server.internal.inject.EntityParamValueFactoryProvider
2759:             1             24  org.glassfish.jersey.server.internal.inject.FormParamValueFactoryProvider
2760:             1             24  org.glassfish.jersey.server.internal.inject.FormParamValueFactoryProvider$InjectionResolver
2761:             1             24  org.glassfish.jersey.server.internal.inject.HeaderParamValueFactoryProvider
2762:             1             24  org.glassfish.jersey.server.internal.inject.HeaderParamValueFactoryProvider$InjectionResolver
2763:             1             24  org.glassfish.jersey.server.internal.inject.MatrixParamValueFactoryProvider
2764:             1             24  org.glassfish.jersey.server.internal.inject.MatrixParamValueFactoryProvider$InjectionResolver
2765:             1             24  org.glassfish.jersey.server.internal.inject.ParamConverters$TypeFromString$1
2766:             1             24  org.glassfish.jersey.server.internal.inject.ParamConverters$TypeValueOf$1
2767:             1             24  org.glassfish.jersey.server.internal.inject.ParameterInjectionBinder
2768:             1             24  org.glassfish.jersey.server.internal.inject.PathParamValueFactoryProvider
2769:             1             24  org.glassfish.jersey.server.internal.inject.PathParamValueFactoryProvider$InjectionResolver
2770:             1             24  org.glassfish.jersey.server.internal.inject.QueryParamValueFactoryProvider
2771:             1             24  org.glassfish.jersey.server.internal.inject.QueryParamValueFactoryProvider$InjectionResolver
2772:             1             24  org.glassfish.jersey.server.internal.inject.WebTargetValueFactoryProvider$1
2773:             1             24  org.glassfish.jersey.server.internal.inject.WebTargetValueFactoryProvider$InjectionResolver
2774:             1             24  org.glassfish.jersey.server.internal.monitoring.MonitoringContainerListener
2775:             1             24  org.glassfish.jersey.server.internal.monitoring.MonitoringContainerListener$Binder
2776:             1             24  org.glassfish.jersey.server.internal.process.ReferencesInitializer
2777:             1             24  org.glassfish.jersey.server.internal.process.ServerProcessingBinder
2778:             1             24  org.glassfish.jersey.server.internal.process.ServerProcessingBinder$DefaultBackgroundSchedulerProvider
2779:             1             24  org.glassfish.jersey.server.internal.process.ServerProcessingBinder$DefaultManagedAsyncExecutorProvider
2780:             1             24  org.glassfish.jersey.server.internal.routing.RoutingStage
2781:             1             24  org.glassfish.jersey.server.model.ResourceMethod$JaxrsType$1
2782:             1             24  org.glassfish.jersey.server.model.ResourceMethod$JaxrsType$2
2783:             1             24  org.glassfish.jersey.server.model.ResourceMethod$JaxrsType$3
2784:             1             24  org.glassfish.jersey.server.model.internal.ResourceModelBinder
2785:             1             24  org.json4s.NoTypeHints$
2786:             1             24  org.json4s.jackson.Json4sModule$
2787:             1             24  org.json4s.jackson.JsonMethods$
2788:             1             24  org.json4s.prefs.EmptyValueStrategy$
2789:             1             24  org.json4s.reflect.PrimitiveDescriptor
2790:             1             24  org.json4s.reflect.ScalaSigReader$
2791:             1             24  org.json4s.reflect.ScalaType$$anon$1
2792:             1             24  org.jvnet.hk2.internal.DynamicConfigurationServiceImpl
2793:             1             24  org.jvnet.hk2.internal.PopulatorImpl
2794:             1             24  org.jvnet.hk2.internal.SingletonContext
2795:             1             24  org.jvnet.hk2.internal.Utilities$AnnotationInformation
2796:             1             24  org.slf4j.helpers.FormattingTuple
2797:             1             24  org.slf4j.helpers.SubstituteLoggerFactory
2798:             1             24  scala.Console$
2799:             1             24  scala.Enumeration$ValueSet$
2800:             1             24  scala.PartialFunction$
2801:             1             24  scala.collection.IndexedSeq$
2802:             1             24  scala.collection.IndexedSeqLike$Elements
2803:             1             24  scala.collection.Traversable$
2804:             1             24  scala.collection.convert.Wrappers$JPropertiesWrapper
2805:             1             24  scala.collection.immutable.HashMap$$anon$2
2806:             1             24  scala.collection.immutable.List$
2807:             1             24  scala.collection.immutable.Queue$EmptyQueue$
2808:             1             24  scala.collection.mutable.ArraySeq
2809:             1             24  scala.collection.mutable.Queue
2810:             1             24  scala.collection.mutable.Stack$
2811:             1             24  scala.concurrent.impl.CallbackRunnable
2812:             1             24  scala.math.BigDecimal
2813:             1             24  scala.reflect.ManifestFactory$$anon$10
2814:             1             24  scala.reflect.ManifestFactory$$anon$11
2815:             1             24  scala.reflect.ManifestFactory$$anon$12
2816:             1             24  scala.reflect.ManifestFactory$$anon$13
2817:             1             24  scala.reflect.ManifestFactory$$anon$14
2818:             1             24  scala.reflect.ManifestFactory$$anon$6
2819:             1             24  scala.reflect.ManifestFactory$$anon$7
2820:             1             24  scala.reflect.ManifestFactory$$anon$8
2821:             1             24  scala.reflect.ManifestFactory$$anon$9
2822:             1             24  scala.reflect.internal.Depth$
2823:             1             24  scala.reflect.internal.Internals$$anon$2
2824:             1             24  scala.reflect.internal.Kinds$TypeConKind$
2825:             1             24  scala.reflect.internal.Printers$ConsoleWriter$
2826:             1             24  scala.reflect.internal.Printers$FootnoteIndex
2827:             1             24  scala.reflect.internal.StdNames$binarynme$
2828:             1             24  scala.reflect.internal.SymbolTable$perRunCaches$
2829:             1             24  scala.reflect.internal.Trees$ImportSelector$
2830:             1             24  scala.reflect.internal.Trees$ReferenceToBoxed$
2831:             1             24  scala.reflect.internal.TypeDebugging$typeDebug$
2832:             1             24  scala.reflect.internal.Types$OverloadedType
2833:             1             24  scala.reflect.internal.Types$baseClassesCycleMonitor$
2834:             1             24  scala.reflect.internal.Types$substTypeMapCache$
2835:             1             24  scala.reflect.internal.Types$unwrapToClass$
2836:             1             24  scala.reflect.internal.Types$unwrapToStableClass$
2837:             1             24  scala.reflect.internal.Types$unwrapWrapperTypes$
2838:             1             24  scala.reflect.internal.tpe.TypeConstraints$UndoLog
2839:             1             24  scala.reflect.internal.tpe.TypeMaps$ApproximateDependentMap$
2840:             1             24  scala.reflect.internal.tpe.TypeMaps$abstractTypesToBounds$
2841:             1             24  scala.reflect.internal.tpe.TypeMaps$adaptToNewRunMap$
2842:             1             24  scala.reflect.internal.tpe.TypeMaps$dropIllegalStarTypes$
2843:             1             24  scala.reflect.internal.tpe.TypeMaps$dropSingletonType$
2844:             1             24  scala.reflect.internal.tpe.TypeMaps$normalizeAliases$
2845:             1             24  scala.reflect.internal.tpe.TypeMaps$typeVarToOriginMap$
2846:             1             24  scala.reflect.internal.tpe.TypeMaps$wildcardExtrapolation$
2847:             1             24  scala.reflect.internal.tpe.TypeMaps$wildcardToTypeVarMap$
2848:             1             24  scala.reflect.internal.transform.Transforms$$anonfun$4$$anon$1
2849:             1             24  scala.reflect.internal.util.FreshNameCreator
2850:             1             24  scala.reflect.internal.util.Statistics$
2851:             1             24  scala.reflect.internal.util.ThreeValues$
2852:             1             24  scala.reflect.internal.util.TriState$
2853:             1             24  scala.reflect.io.NoAbstractFile$
2854:             1             24  scala.reflect.package$
2855:             1             24  scala.reflect.runtime.package$
2856:             1             24  scala.sys.BooleanProp$BooleanPropImpl
2857:             1             24  scala.util.control.Exception$
2858:             1             24  scala.util.control.Exception$$anon$1
2859:             1             24  scala.util.matching.Regex$$anon$2
2860:             1             24  scala.xml.TopScope$
2861:             1             24  sun.launcher.LauncherHelper
2862:             1             24  sun.management.CompilationImpl
2863:             1             24  sun.management.MemoryImpl
2864:             1             24  sun.management.OperatingSystemImpl
2865:             1             24  sun.management.RuntimeImpl
2866:             1             24  sun.management.ThreadImpl
2867:             1             24  sun.management.VMManagementImpl
2868:             1             24  sun.net.ProgressMonitor
2869:             1             24  sun.net.sdp.SdpProvider
2870:             1             24  sun.net.www.protocol.http.Handler
2871:             1             24  sun.nio.ch.NativeThreadSet
2872:             1             24  sun.nio.cs.ISO_8859_1
2873:             1             24  sun.nio.cs.ThreadLocalCoders$1
2874:             1             24  sun.nio.cs.ThreadLocalCoders$2
2875:             1             24  sun.nio.cs.US_ASCII
2876:             1             24  sun.nio.cs.UTF_16
2877:             1             24  sun.nio.cs.UTF_16BE
2878:             1             24  sun.nio.cs.UTF_16LE
2879:             1             24  sun.nio.cs.UTF_8
2880:             1             24  sun.security.krb5.Config
2881:             1             24  sun.security.provider.DSAParameters
2882:             1             24  sun.security.util.BitArray
2883:             1             24  sun.security.util.Cache$EqualByteArray
2884:             1             24  sun.security.util.DisabledAlgorithmConstraints$KeySizeConstraint
2885:             1             24  sun.security.x509.CertificateValidity
2886:             1             24  sun.util.locale.BaseLocale$Cache
2887:             1             24  sun.util.locale.provider.CalendarDataProviderImpl
2888:             1             24  sun.util.locale.provider.CalendarNameProviderImpl
2889:             1             24  sun.util.locale.provider.CalendarProviderImpl
2890:             1             24  sun.util.locale.provider.CurrencyNameProviderImpl
2891:             1             24  sun.util.locale.provider.DateFormatProviderImpl
2892:             1             24  sun.util.locale.provider.DateFormatSymbolsProviderImpl
2893:             1             24  sun.util.locale.provider.DecimalFormatSymbolsProviderImpl
2894:             1             24  sun.util.locale.provider.NumberFormatProviderImpl
2895:             1             16  [Lcom.fasterxml.jackson.databind.AbstractTypeResolver;
2896:             1             16  [Lcom.fasterxml.jackson.databind.deser.BeanDeserializerModifier;
2897:             1             16  [Lcom.fasterxml.jackson.databind.deser.ValueInstantiators;
2898:             1             16  [Ljava.beans.EventSetDescriptor;
2899:             1             16  [Ljava.lang.Double;
2900:             1             16  [Ljava.lang.Float;
2901:             1             16  [Ljava.lang.Throwable;
2902:             1             16  [Ljava.net.NetworkInterface;
2903:             1             16  [Ljava.nio.file.attribute.FileAttribute;
2904:             1             16  [Ljava.security.Provider;
2905:             1             16  [Ljava.text.FieldPosition;
2906:             1             16  [Ljava.util.logging.Handler;
2907:             1             16  [Lnet.jpountz.lz4.LZ4JNI;
2908:             1             16  [Lnet.jpountz.lz4.LZ4Utils;
2909:             1             16  [Lnet.jpountz.util.Native;
2910:             1             16  [Lnet.jpountz.util.SafeUtils;
2911:             1             16  [Lnet.jpountz.xxhash.XXHashJNI;
2912:             1             16  [Lorg.apache.hadoop.security.SecurityInfo;
2913:             1             16  [Lorg.codehaus.janino.IClass$IAnnotation;
2914:             1             16  [Lorg.codehaus.janino.Java$Annotation;
2915:             1             16  com.codahale.metrics.Clock$UserTimeClock
2916:             1             16  com.codahale.metrics.MetricFilter$1
2917:             1             16  com.codahale.metrics.MetricRegistry$MetricBuilder$1
2918:             1             16  com.codahale.metrics.MetricRegistry$MetricBuilder$2
2919:             1             16  com.codahale.metrics.MetricRegistry$MetricBuilder$3
2920:             1             16  com.codahale.metrics.MetricRegistry$MetricBuilder$4
2921:             1             16  com.codahale.metrics.Striped64$ThreadHashCode
2922:             1             16  com.codahale.metrics.ThreadLocalRandom$1
2923:             1             16  com.codahale.metrics.json.MetricsModule$CounterSerializer
2924:             1             16  com.codahale.metrics.json.MetricsModule$GaugeSerializer
2925:             1             16  com.esotericsoftware.kryo.serializers.UnsafeCachedFieldFactory
2926:             1             16  com.fasterxml.jackson.core.util.DefaultPrettyPrinter$FixedSpaceIndenter
2927:             1             16  com.fasterxml.jackson.core.util.DefaultPrettyPrinter$NopIndenter
2928:             1             16  com.fasterxml.jackson.core.util.MinimalPrettyPrinter
2929:             1             16  com.fasterxml.jackson.databind.deser.std.StdKeyDeserializers
2930:             1             16  com.fasterxml.jackson.databind.deser.std.StringDeserializer
2931:             1             16  com.fasterxml.jackson.databind.ext.OptionalHandlerFactory
2932:             1             16  com.fasterxml.jackson.databind.introspect.JacksonAnnotationIntrospector
2933:             1             16  com.fasterxml.jackson.databind.introspect.NopAnnotationIntrospector$1
2934:             1             16  com.fasterxml.jackson.databind.ser.impl.UnknownSerializer
2935:             1             16  com.fasterxml.jackson.databind.ser.std.NullSerializer
2936:             1             16  com.fasterxml.jackson.databind.ser.std.StdKeySerializer
2937:             1             16  com.fasterxml.jackson.databind.ser.std.StdKeySerializers$StringKeySerializer
2938:             1             16  com.fasterxml.jackson.databind.ser.std.StringSerializer
2939:             1             16  com.fasterxml.jackson.databind.ser.std.ToStringSerializer
2940:             1             16  com.fasterxml.jackson.databind.ser.std.UUIDSerializer
2941:             1             16  com.fasterxml.jackson.module.scala.DefaultScalaModule$
2942:             1             16  com.fasterxml.jackson.module.scala.VersionExtractor$
2943:             1             16  com.fasterxml.jackson.module.scala.deser.BigDecimalDeserializer$$anonfun$$lessinit$greater$1
2944:             1             16  com.fasterxml.jackson.module.scala.deser.BigIntDeserializer$$anonfun$$lessinit$greater$2
2945:             1             16  com.fasterxml.jackson.module.scala.deser.EitherDeserializerResolver$
2946:             1             16  com.fasterxml.jackson.module.scala.deser.EnumerationDeserializerModule$$anonfun$1
2947:             1             16  com.fasterxml.jackson.module.scala.deser.EnumerationDeserializerResolver$
2948:             1             16  com.fasterxml.jackson.module.scala.deser.EnumerationKeyDeserializers$
2949:             1             16  com.fasterxml.jackson.module.scala.deser.OptionDeserializerResolver$
2950:             1             16  com.fasterxml.jackson.module.scala.deser.SeqDeserializerModule$$anonfun$1
2951:             1             16  com.fasterxml.jackson.module.scala.deser.SortedMapDeserializerModule$$anonfun$3
2952:             1             16  com.fasterxml.jackson.module.scala.deser.SortedMapDeserializerResolver$
2953:             1             16  com.fasterxml.jackson.module.scala.deser.SortedSetDeserializerModule$$anonfun$7
2954:             1             16  com.fasterxml.jackson.module.scala.deser.SortedSetDeserializerResolver$
2955:             1             16  com.fasterxml.jackson.module.scala.deser.TupleDeserializerResolver$
2956:             1             16  com.fasterxml.jackson.module.scala.deser.UnsortedMapDeserializerModule$$anonfun$3
2957:             1             16  com.fasterxml.jackson.module.scala.deser.UnsortedSetDeserializerModule$$anonfun$1
2958:             1             16  com.fasterxml.jackson.module.scala.deser.UntypedObjectDeserializerModule$$anonfun$1
2959:             1             16  com.fasterxml.jackson.module.scala.introspect.BeanIntrospector$
2960:             1             16  com.fasterxml.jackson.module.scala.introspect.ScalaAnnotationIntrospector$
2961:             1             16  com.fasterxml.jackson.module.scala.introspect.ScalaAnnotationIntrospectorModule$$anonfun$1
2962:             1             16  com.fasterxml.jackson.module.scala.introspect.ScalaAnnotationIntrospectorModule$$anonfun$2
2963:             1             16  com.fasterxml.jackson.module.scala.modifiers.IterableTypeModifier$
2964:             1             16  com.fasterxml.jackson.module.scala.modifiers.MapTypeModifer$
2965:             1             16  com.fasterxml.jackson.module.scala.modifiers.OptionTypeModifier$
2966:             1             16  com.fasterxml.jackson.module.scala.modifiers.ScalaIteratorTypeModifier$
2967:             1             16  com.fasterxml.jackson.module.scala.modifiers.SeqTypeModifier$
2968:             1             16  com.fasterxml.jackson.module.scala.modifiers.SetTypeModifier$
2969:             1             16  com.fasterxml.jackson.module.scala.ser.EitherSerializerModule$$anonfun$5
2970:             1             16  com.fasterxml.jackson.module.scala.ser.EitherSerializerResolver$
2971:             1             16  com.fasterxml.jackson.module.scala.ser.EnumerationSerializerResolver$
2972:             1             16  com.fasterxml.jackson.module.scala.ser.IterableSerializerResolver$
2973:             1             16  com.fasterxml.jackson.module.scala.ser.MapSerializerResolver$
2974:             1             16  com.fasterxml.jackson.module.scala.ser.OptionBeanSerializerModifier$
2975:             1             16  com.fasterxml.jackson.module.scala.ser.OptionSerializerModule$$anonfun$10
2976:             1             16  com.fasterxml.jackson.module.scala.ser.OptionSerializerResolver$
2977:             1             16  com.fasterxml.jackson.module.scala.ser.ScalaIteratorSerializerResolver$
2978:             1             16  com.fasterxml.jackson.module.scala.ser.TupleSerializerModule$$anonfun$1
2979:             1             16  com.fasterxml.jackson.module.scala.ser.TupleSerializerResolver$
2980:             1             16  com.fasterxml.jackson.module.scala.util.ClassW$
2981:             1             16  com.fasterxml.jackson.module.scala.util.Implicits$
2982:             1             16  com.github.scrapcodes.kafka.SparkSQLKafkaConsumer$$anonfun$1
2983:             1             16  com.google.common.base.CharMatcher$1
2984:             1             16  com.google.common.base.CharMatcher$15
2985:             1             16  com.google.common.base.CharMatcher$2
2986:             1             16  com.google.common.base.CharMatcher$3
2987:             1             16  com.google.common.base.CharMatcher$4
2988:             1             16  com.google.common.base.CharMatcher$5
2989:             1             16  com.google.common.base.CharMatcher$6
2990:             1             16  com.google.common.base.CharMatcher$7
2991:             1             16  com.google.common.base.CharMatcher$8
2992:             1             16  com.google.common.base.Equivalence$Equals
2993:             1             16  com.google.common.base.Equivalence$Identity
2994:             1             16  com.google.common.base.Platform$1
2995:             1             16  com.google.common.base.Suppliers$SupplierOfInstance
2996:             1             16  com.google.common.base.Ticker$1
2997:             1             16  com.google.common.cache.CacheBuilder$1
2998:             1             16  com.google.common.cache.CacheBuilder$2
2999:             1             16  com.google.common.cache.CacheBuilder$3
3000:             1             16  com.google.common.cache.LocalCache$1
3001:             1             16  com.google.common.cache.LocalCache$2
3002:             1             16  com.google.common.cache.LocalCache$LocalLoadingCache
3003:             1             16  com.google.common.collect.Interners$1
3004:             1             16  com.google.common.collect.Interners$WeakInterner
3005:             1             16  com.google.common.collect.Iterators$1
3006:             1             16  com.google.common.collect.Iterators$2
3007:             1             16  com.google.common.collect.MapMakerInternalMap$1
3008:             1             16  com.google.common.collect.MapMakerInternalMap$2
3009:             1             16  com.sun.jmx.interceptor.DefaultMBeanServerInterceptor$ResourceContext$1
3010:             1             16  com.sun.jmx.mbeanserver.DefaultMXBeanMappingFactory
3011:             1             16  com.sun.jmx.mbeanserver.DescriptorCache
3012:             1             16  com.sun.jmx.mbeanserver.MBeanAnalyzer$MethodOrder
3013:             1             16  com.sun.jmx.mbeanserver.MBeanInstantiator
3014:             1             16  com.sun.jmx.mbeanserver.MXBeanIntrospector
3015:             1             16  com.sun.jmx.mbeanserver.SecureClassLoaderRepository
3016:             1             16  com.sun.jmx.mbeanserver.StandardMBeanIntrospector
3017:             1             16  com.sun.org.apache.xerces.internal.dom.CharacterDataImpl$1
3018:             1             16  com.sun.org.apache.xerces.internal.impl.dv.dtd.IDDatatypeValidator
3019:             1             16  com.sun.org.apache.xerces.internal.impl.dv.dtd.IDREFDatatypeValidator
3020:             1             16  com.sun.org.apache.xerces.internal.impl.dv.dtd.NMTOKENDatatypeValidator
3021:             1             16  com.sun.org.apache.xerces.internal.impl.dv.dtd.NOTATIONDatatypeValidator
3022:             1             16  com.sun.org.apache.xerces.internal.impl.dv.dtd.StringDatatypeValidator
3023:             1             16  com.sun.org.apache.xerces.internal.utils.SecuritySupport
3024:             1             16  com.sun.proxy.$Proxy1
3025:             1             16  com.sun.proxy.$Proxy14
3026:             1             16  com.sun.proxy.$Proxy15
3027:             1             16  com.sun.proxy.$Proxy17
3028:             1             16  com.sun.proxy.$Proxy26
3029:             1             16  com.sun.proxy.$Proxy28
3030:             1             16  com.sun.proxy.$Proxy3
3031:             1             16  com.sun.proxy.$Proxy40
3032:             1             16  com.sun.proxy.$Proxy41
3033:             1             16  com.sun.proxy.$Proxy6
3034:             1             16  com.sun.security.auth.UnixNumericUserPrincipal
3035:             1             16  com.sun.security.auth.UnixPrincipal
3036:             1             16  com.twitter.chill.ScalaTupleSerialization$
3037:             1             16  com.twitter.chill.package$
3038:             1             16  io.netty.buffer.ByteBufUtil$1
3039:             1             16  io.netty.buffer.ByteBufUtil$2
3040:             1             16  io.netty.channel.ChannelFutureListener$1
3041:             1             16  io.netty.channel.ChannelFutureListener$2
3042:             1             16  io.netty.channel.ChannelFutureListener$3
3043:             1             16  io.netty.channel.ChannelOutboundBuffer$1
3044:             1             16  io.netty.channel.DefaultChannelPipeline$1
3045:             1             16  io.netty.channel.DefaultMessageSizeEstimator
3046:             1             16  io.netty.channel.DefaultMessageSizeEstimator$HandleImpl
3047:             1             16  io.netty.channel.DefaultSelectStrategy
3048:             1             16  io.netty.channel.DefaultSelectStrategyFactory
3049:             1             16  io.netty.util.Recycler$1
3050:             1             16  io.netty.util.Recycler$3
3051:             1             16  io.netty.util.ResourceLeakDetectorFactory$DefaultResourceLeakDetectorFactory
3052:             1             16  io.netty.util.ThreadDeathWatcher$Watcher
3053:             1             16  io.netty.util.concurrent.DefaultPromise$CauseHolder
3054:             1             16  io.netty.util.concurrent.GlobalEventExecutor$1
3055:             1             16  io.netty.util.concurrent.GlobalEventExecutor$TaskRunner
3056:             1             16  io.netty.util.concurrent.RejectedExecutionHandlers$1
3057:             1             16  io.netty.util.concurrent.SingleThreadEventExecutor$1
3058:             1             16  io.netty.util.internal.NoOpTypeParameterMatcher
3059:             1             16  java.io.DeleteOnExitHook$1
3060:             1             16  java.io.FileDescriptor$1
3061:             1             16  java.io.ObjectInputStream$$Lambda$1/666312528
3062:             1             16  java.lang.ApplicationShutdownHooks$1
3063:             1             16  java.lang.CharacterDataLatin1
3064:             1             16  java.lang.ClassValue$Identity
3065:             1             16  java.lang.ProcessBuilder$NullInputStream
3066:             1             16  java.lang.ProcessBuilder$NullOutputStream
3067:             1             16  java.lang.ProcessEnvironment$StringEntrySet
3068:             1             16  java.lang.Runtime
3069:             1             16  java.lang.String$CaseInsensitiveComparator
3070:             1             16  java.lang.System$2
3071:             1             16  java.lang.Terminator$1
3072:             1             16  java.lang.UNIXProcess$$Lambda$5/1254907391
3073:             1             16  java.lang.UNIXProcess$$Lambda$6/1475982439
3074:             1             16  java.lang.UNIXProcess$Platform$$Lambda$2/2119713755
3075:             1             16  java.lang.invoke.MemberName$Factory
3076:             1             16  java.lang.invoke.MethodHandleImpl$2
3077:             1             16  java.lang.invoke.MethodHandleImpl$3
3078:             1             16  java.lang.management.PlatformComponent$1
3079:             1             16  java.lang.management.PlatformComponent$10
3080:             1             16  java.lang.management.PlatformComponent$11
3081:             1             16  java.lang.management.PlatformComponent$12
3082:             1             16  java.lang.management.PlatformComponent$13
3083:             1             16  java.lang.management.PlatformComponent$14
3084:             1             16  java.lang.management.PlatformComponent$15
3085:             1             16  java.lang.management.PlatformComponent$2
3086:             1             16  java.lang.management.PlatformComponent$3
3087:             1             16  java.lang.management.PlatformComponent$4
3088:             1             16  java.lang.management.PlatformComponent$5
3089:             1             16  java.lang.management.PlatformComponent$6
3090:             1             16  java.lang.management.PlatformComponent$7
3091:             1             16  java.lang.management.PlatformComponent$8
3092:             1             16  java.lang.management.PlatformComponent$9
3093:             1             16  java.lang.ref.Reference$1
3094:             1             16  java.lang.ref.Reference$Lock
3095:             1             16  java.lang.reflect.Proxy$KeyFactory
3096:             1             16  java.lang.reflect.Proxy$ProxyClassFactory
3097:             1             16  java.lang.reflect.ReflectAccess
3098:             1             16  java.math.BigDecimal$1
3099:             1             16  java.net.InetAddress$2
3100:             1             16  java.net.URLClassLoader$7
3101:             1             16  java.nio.Bits$1
3102:             1             16  java.nio.Bits$1$1
3103:             1             16  java.nio.charset.CoderResult$1
3104:             1             16  java.nio.charset.CoderResult$2
3105:             1             16  java.security.AllPermission
3106:             1             16  java.security.ProtectionDomain$2
3107:             1             16  java.security.ProtectionDomain$JavaSecurityAccessImpl
3108:             1             16  java.text.DontCareFieldPosition$1
3109:             1             16  java.text.MessageFormat$Field
3110:             1             16  java.util.Collections$EmptyEnumeration
3111:             1             16  java.util.Collections$EmptyIterator
3112:             1             16  java.util.Collections$EmptyList
3113:             1             16  java.util.Collections$EmptySet
3114:             1             16  java.util.Currency$CurrencyNameGetter
3115:             1             16  java.util.EnumMap$1
3116:             1             16  java.util.Hashtable$KeySet
3117:             1             16  java.util.ResourceBundle$Control
3118:             1             16  java.util.Timer$1
3119:             1             16  java.util.concurrent.ConcurrentSkipListMap$KeySet
3120:             1             16  java.util.concurrent.CopyOnWriteArraySet
3121:             1             16  java.util.concurrent.Executors$FinalizableDelegatedExecutorService
3122:             1             16  java.util.concurrent.ThreadPoolExecutor$AbortPolicy
3123:             1             16  java.util.jar.JavaUtilJarAccessImpl
3124:             1             16  java.util.logging.LoggingProxyImpl
3125:             1             16  java.util.regex.Pattern$4
3126:             1             16  java.util.regex.Pattern$CharPropertyNames$10
3127:             1             16  java.util.regex.Pattern$CharPropertyNames$11
3128:             1             16  java.util.regex.Pattern$CharPropertyNames$12
3129:             1             16  java.util.regex.Pattern$CharPropertyNames$13
3130:             1             16  java.util.regex.Pattern$CharPropertyNames$14
3131:             1             16  java.util.regex.Pattern$CharPropertyNames$15
3132:             1             16  java.util.regex.Pattern$CharPropertyNames$16
3133:             1             16  java.util.regex.Pattern$CharPropertyNames$17
3134:             1             16  java.util.regex.Pattern$CharPropertyNames$18
3135:             1             16  java.util.regex.Pattern$CharPropertyNames$19
3136:             1             16  java.util.regex.Pattern$CharPropertyNames$20
3137:             1             16  java.util.regex.Pattern$CharPropertyNames$21
3138:             1             16  java.util.regex.Pattern$CharPropertyNames$22
3139:             1             16  java.util.regex.Pattern$CharPropertyNames$23
3140:             1             16  java.util.regex.Pattern$CharPropertyNames$5
3141:             1             16  java.util.regex.Pattern$CharPropertyNames$6
3142:             1             16  java.util.regex.Pattern$CharPropertyNames$8
3143:             1             16  java.util.regex.Pattern$CharPropertyNames$9
3144:             1             16  java.util.regex.Pattern$LastMatch
3145:             1             16  java.util.regex.Pattern$LastNode
3146:             1             16  java.util.regex.Pattern$Node
3147:             1             16  java.util.zip.ZipFile$1
3148:             1             16  javassist.ClassPoolTail
3149:             1             16  javax.management.JMX
3150:             1             16  javax.management.MBeanServerBuilder
3151:             1             16  javax.management.NotificationBroadcasterSupport$1
3152:             1             16  javax.xml.parsers.SecuritySupport
3153:             1             16  jersey.repackaged.com.google.common.base.Equivalence$Equals
3154:             1             16  jersey.repackaged.com.google.common.base.Suppliers$SupplierOfInstance
3155:             1             16  jersey.repackaged.com.google.common.base.Ticker$1
3156:             1             16  jersey.repackaged.com.google.common.cache.CacheBuilder$1
3157:             1             16  jersey.repackaged.com.google.common.cache.CacheBuilder$2
3158:             1             16  jersey.repackaged.com.google.common.cache.CacheBuilder$3
3159:             1             16  jersey.repackaged.com.google.common.cache.LocalCache$1
3160:             1             16  jersey.repackaged.com.google.common.cache.LocalCache$2
3161:             1             16  jersey.repackaged.com.google.common.cache.LocalCache$LocalLoadingCache
3162:             1             16  jersey.repackaged.com.google.common.collect.Iterators$1
3163:             1             16  jersey.repackaged.com.google.common.collect.Iterators$2
3164:             1             16  net.jpountz.lz4.LZ4JNICompressor
3165:             1             16  net.jpountz.lz4.LZ4JNIFastDecompressor
3166:             1             16  net.jpountz.lz4.LZ4JNISafeDecompressor
3167:             1             16  net.jpountz.xxhash.StreamingXXHash32$1
3168:             1             16  net.jpountz.xxhash.StreamingXXHash32JNI$Factory
3169:             1             16  net.jpountz.xxhash.StreamingXXHash64JNI$Factory
3170:             1             16  net.jpountz.xxhash.XXHash32JNI
3171:             1             16  net.jpountz.xxhash.XXHash64JNI
3172:             1             16  org.apache.commons.lang3.StringEscapeUtils$CsvEscaper
3173:             1             16  org.apache.commons.lang3.StringEscapeUtils$CsvUnescaper
3174:             1             16  org.apache.commons.lang3.text.translate.OctalUnescaper
3175:             1             16  org.apache.commons.lang3.text.translate.UnicodeUnescaper
3176:             1             16  org.apache.hadoop.fs.ChecksumFileSystem$1
3177:             1             16  org.apache.hadoop.fs.FileContext$1
3178:             1             16  org.apache.hadoop.fs.FileContext$FileContextFinalizer
3179:             1             16  org.apache.hadoop.fs.FileContext$Util
3180:             1             16  org.apache.hadoop.fs.FileSystem$3
3181:             1             16  org.apache.hadoop.fs.FileSystem$Cache$ClientFinalizer
3182:             1             16  org.apache.hadoop.fs.FsServerDefaults$1
3183:             1             16  org.apache.hadoop.fs.permission.FsPermission$1
3184:             1             16  org.apache.hadoop.hdfs.HftpFileSystem$1
3185:             1             16  org.apache.hadoop.hdfs.HftpFileSystem$HftpDelegationTokenSelector
3186:             1             16  org.apache.hadoop.hdfs.web.WebHdfsFileSystem$1
3187:             1             16  org.apache.hadoop.hdfs.web.WebHdfsFileSystem$WebHdfsDelegationTokenSelector
3188:             1             16  org.apache.hadoop.io.Text$1
3189:             1             16  org.apache.hadoop.io.Text$2
3190:             1             16  org.apache.hadoop.metrics2.lib.MetricsSourceBuilder$1
3191:             1             16  org.apache.hadoop.metrics2.lib.MutableMetricsFactory
3192:             1             16  org.apache.hadoop.security.JniBasedUnixGroupsMappingWithFallback
3193:             1             16  org.apache.hadoop.security.SecurityUtil$StandardHostResolver
3194:             1             16  org.apache.hadoop.security.ShellBasedUnixGroupsMapping
3195:             1             16  org.apache.hadoop.security.UserGroupInformation$HadoopConfiguration
3196:             1             16  org.apache.hadoop.security.UserGroupInformation$HadoopLoginModule
3197:             1             16  org.apache.hadoop.util.ReflectionUtils$1
3198:             1             16  org.apache.kafka.clients.consumer.ConsumerRecords
3199:             1             16  org.apache.kafka.clients.consumer.internals.NoOpConsumerRebalanceListener
3200:             1             16  org.apache.kafka.clients.producer.internals.DefaultPartitioner
3201:             1             16  org.apache.kafka.clients.producer.internals.RecordAccumulator$1
3202:             1             16  org.apache.kafka.clients.producer.internals.RecordAccumulator$2
3203:             1             16  org.apache.kafka.clients.producer.internals.RecordAccumulator$3
3204:             1             16  org.apache.kafka.clients.producer.internals.RecordAccumulator$IncompleteRecordBatches
3205:             1             16  org.apache.kafka.common.protocol.types.Type$1
3206:             1             16  org.apache.kafka.common.protocol.types.Type$2
3207:             1             16  org.apache.kafka.common.protocol.types.Type$3
3208:             1             16  org.apache.kafka.common.protocol.types.Type$4
3209:             1             16  org.apache.kafka.common.protocol.types.Type$5
3210:             1             16  org.apache.kafka.common.protocol.types.Type$6
3211:             1             16  org.apache.kafka.common.protocol.types.Type$7
3212:             1             16  org.apache.kafka.common.protocol.types.Type$8
3213:             1             16  org.apache.kafka.common.protocol.types.Type$9
3214:             1             16  org.apache.kafka.common.record.Compressor$1
3215:             1             16  org.apache.kafka.common.record.Compressor$2
3216:             1             16  org.apache.kafka.common.record.Compressor$3
3217:             1             16  org.apache.kafka.common.record.Compressor$4
3218:             1             16  org.apache.kafka.common.serialization.LongSerializer
3219:             1             16  org.apache.kafka.common.serialization.StringSerializer
3220:             1             16  org.apache.kafka.common.utils.CopyOnWriteMap
3221:             1             16  org.apache.log4j.DefaultCategoryFactory
3222:             1             16  org.apache.log4j.helpers.AppenderAttachableImpl
3223:             1             16  org.apache.log4j.or.DefaultRenderer
3224:             1             16  org.apache.log4j.or.RendererMap
3225:             1             16  org.apache.log4j.spi.DefaultRepositorySelector
3226:             1             16  org.apache.spark.ContextCleaner$
3227:             1             16  org.apache.spark.ContextCleaner$$anon$2
3228:             1             16  org.apache.spark.ContextCleaner$$anonfun$org$apache$spark$ContextCleaner$$keepCleaning$1
3229:             1             16  org.apache.spark.ExpireDeadHosts$
3230:             1             16  org.apache.spark.HeartbeatReceiver$
3231:             1             16  org.apache.spark.HeartbeatReceiver$$anon$1
3232:             1             16  org.apache.spark.Resubmitted$
3233:             1             16  org.apache.spark.SSLOptions$
3234:             1             16  org.apache.spark.SparkConf$$anon$1
3235:             1             16  org.apache.spark.SparkConf$$anonfun$3
3236:             1             16  org.apache.spark.SparkConf$$anonfun$4
3237:             1             16  org.apache.spark.SparkConf$AlternateConfig$
3238:             1             16  org.apache.spark.SparkContext$$anon$2
3239:             1             16  org.apache.spark.SparkContext$$anonfun$2
3240:             1             16  org.apache.spark.SparkContext$$anonfun$runJob$4
3241:             1             16  org.apache.spark.SparkContext$$anonfun$runJob$5
3242:             1             16  org.apache.spark.SparkFiles$
3243:             1             16  org.apache.spark.Success$
3244:             1             16  org.apache.spark.TaskContext$
3245:             1             16  org.apache.spark.TaskSchedulerIsSet$
3246:             1             16  org.apache.spark.broadcast.TorrentBroadcast$
3247:             1             16  org.apache.spark.broadcast.TorrentBroadcast$$anonfun$4
3248:             1             16  org.apache.spark.broadcast.TorrentBroadcastFactory
3249:             1             16  org.apache.spark.deploy.OptionAssigner$
3250:             1             16  org.apache.spark.deploy.SparkSubmitArguments$
3251:             1             16  org.apache.spark.deploy.SparkSubmitUtils$
3252:             1             16  org.apache.spark.executor.Executor$
3253:             1             16  org.apache.spark.executor.Executor$$anon$1
3254:             1             16  org.apache.spark.executor.ExecutorSource$$anon$2
3255:             1             16  org.apache.spark.executor.ExecutorSource$$anon$3
3256:             1             16  org.apache.spark.executor.ExecutorSource$$anon$4
3257:             1             16  org.apache.spark.executor.ExecutorSource$$anon$5
3258:             1             16  org.apache.spark.executor.TaskMetrics$
3259:             1             16  org.apache.spark.internal.config.ConfigBuilder$$anonfun$doubleConf$1
3260:             1             16  org.apache.spark.internal.config.ConfigEntry$
3261:             1             16  org.apache.spark.internal.config.ConfigHelpers$
3262:             1             16  org.apache.spark.internal.config.ConfigReader$
3263:             1             16  org.apache.spark.internal.config.EnvProvider
3264:             1             16  org.apache.spark.internal.config.MapProvider
3265:             1             16  org.apache.spark.internal.config.SparkConfigProvider
3266:             1             16  org.apache.spark.internal.config.TypedConfigBuilder$$anonfun$toSequence$1
3267:             1             16  org.apache.spark.internal.config.TypedConfigBuilder$$anonfun$toSequence$2
3268:             1             16  org.apache.spark.memory.UnifiedMemoryManager$
3269:             1             16  org.apache.spark.metrics.sink.MetricsServlet$$anonfun$getHandlers$1
3270:             1             16  org.apache.spark.metrics.source.StaticSources$
3271:             1             16  org.apache.spark.network.netty.SparkTransportConf$
3272:             1             16  org.apache.spark.network.server.NoOpRpcHandler
3273:             1             16  org.apache.spark.network.server.RpcHandler$OneWayRpcCallback
3274:             1             16  org.apache.spark.rdd.MapPartitionsRDD$
3275:             1             16  org.apache.spark.rdd.RDD$
3276:             1             16  org.apache.spark.rdd.RDD$$anonfun$foreachPartition$1$$anonfun$apply$29
3277:             1             16  org.apache.spark.rdd.RDD$$anonfun$map$1$$anonfun$apply$5
3278:             1             16  org.apache.spark.rdd.RDD$$anonfun$mapPartitionsWithIndex$1$$anonfun$apply$26
3279:             1             16  org.apache.spark.rdd.RDD$$anonfun$mapPartitionsWithIndexInternal$1$$anonfun$apply$24
3280:             1             16  org.apache.spark.rpc.RpcEndpointAddress$
3281:             1             16  org.apache.spark.rpc.RpcEnv$
3282:             1             16  org.apache.spark.rpc.RpcTimeout$
3283:             1             16  org.apache.spark.rpc.netty.OnStart$
3284:             1             16  org.apache.spark.rpc.netty.OnStop$
3285:             1             16  org.apache.spark.rpc.netty.RpcEndpointVerifier$
3286:             1             16  org.apache.spark.scheduler.AccumulableInfo$
3287:             1             16  org.apache.spark.scheduler.AllJobsCancelled$
3288:             1             16  org.apache.spark.scheduler.DAGScheduler$
3289:             1             16  org.apache.spark.scheduler.DAGSchedulerSource$$anon$1
3290:             1             16  org.apache.spark.scheduler.DAGSchedulerSource$$anon$2
3291:             1             16  org.apache.spark.scheduler.DAGSchedulerSource$$anon$3
3292:             1             16  org.apache.spark.scheduler.DAGSchedulerSource$$anon$4
3293:             1             16  org.apache.spark.scheduler.DAGSchedulerSource$$anon$5
3294:             1             16  org.apache.spark.scheduler.FIFOSchedulingAlgorithm
3295:             1             16  org.apache.spark.scheduler.JobSucceeded$
3296:             1             16  org.apache.spark.scheduler.LiveListenerBus$$anon$1$$anonfun$run$1$$anonfun$apply$mcV$sp$1
3297:             1             16  org.apache.spark.scheduler.StageInfo$
3298:             1             16  org.apache.spark.scheduler.Task$
3299:             1             16  org.apache.spark.scheduler.TaskSetManager$
3300:             1             16  org.apache.spark.scheduler.local.ReviveOffers$
3301:             1             16  org.apache.spark.serializer.KryoSerializer$$anon$1
3302:             1             16  org.apache.spark.shuffle.IndexShuffleBlockResolver$
3303:             1             16  org.apache.spark.sql.Column$
3304:             1             16  org.apache.spark.sql.Dataset$
3305:             1             16  org.apache.spark.sql.Encoders$
3306:             1             16  org.apache.spark.sql.InternalOutputModes$Append$
3307:             1             16  org.apache.spark.sql.InternalOutputModes$Complete$
3308:             1             16  org.apache.spark.sql.InternalOutputModes$Update$
3309:             1             16  org.apache.spark.sql.SparkSession$Builder$$anon$1
3310:             1             16  org.apache.spark.sql.SparkSession$implicits$
3311:             1             16  org.apache.spark.sql.catalyst.CatalystTypeConverters$
3312:             1             16  org.apache.spark.sql.catalyst.InternalRow$
3313:             1             16  org.apache.spark.sql.catalyst.analysis.Analyzer$ExtractGenerator$AliasedGenerator$
3314:             1             16  org.apache.spark.sql.catalyst.analysis.DecimalPrecision$$anonfun$1
3315:             1             16  org.apache.spark.sql.catalyst.analysis.DecimalPrecision$$anonfun$2
3316:             1             16  org.apache.spark.sql.catalyst.analysis.DecimalPrecision$$anonfun$3
3317:             1             16  org.apache.spark.sql.catalyst.analysis.ResolveTableValuedFunctions$$anonfun$1
3318:             1             16  org.apache.spark.sql.catalyst.analysis.ResolveTableValuedFunctions$$anonfun$2
3319:             1             16  org.apache.spark.sql.catalyst.analysis.ResolveTableValuedFunctions$$anonfun$3
3320:             1             16  org.apache.spark.sql.catalyst.analysis.ResolveTableValuedFunctions$$anonfun$4
3321:             1             16  org.apache.spark.sql.catalyst.analysis.TypeCheckResult$TypeCheckSuccess$
3322:             1             16  org.apache.spark.sql.catalyst.analysis.TypeCoercion$$anonfun$1
3323:             1             16  org.apache.spark.sql.catalyst.analysis.UnresolvedAlias$
3324:             1             16  org.apache.spark.sql.catalyst.analysis.UnresolvedAttribute$
3325:             1             16  org.apache.spark.sql.catalyst.analysis.UnresolvedDeserializer$
3326:             1             16  org.apache.spark.sql.catalyst.analysis.UnsupportedOperationChecker$
3327:             1             16  org.apache.spark.sql.catalyst.analysis.package$$anonfun$1
3328:             1             16  org.apache.spark.sql.catalyst.analysis.package$$anonfun$2
3329:             1             16  org.apache.spark.sql.catalyst.catalog.SessionCatalog$
3330:             1             16  org.apache.spark.sql.catalyst.encoders.ExpressionEncoder$
3331:             1             16  org.apache.spark.sql.catalyst.encoders.RowEncoder$
3332:             1             16  org.apache.spark.sql.catalyst.encoders.package$
3333:             1             16  org.apache.spark.sql.catalyst.errors.package$
3334:             1             16  org.apache.spark.sql.catalyst.expressions.Alias$
3335:             1             16  org.apache.spark.sql.catalyst.expressions.AttributeMap$
3336:             1             16  org.apache.spark.sql.catalyst.expressions.AttributeReference$
3337:             1             16  org.apache.spark.sql.catalyst.expressions.AttributeSet
3338:             1             16  org.apache.spark.sql.catalyst.expressions.AttributeSet$
3339:             1             16  org.apache.spark.sql.catalyst.expressions.BindReferences$
3340:             1             16  org.apache.spark.sql.catalyst.expressions.Cast$
3341:             1             16  org.apache.spark.sql.catalyst.expressions.CreateStruct$
3342:             1             16  org.apache.spark.sql.catalyst.expressions.ExpressionSet$
3343:             1             16  org.apache.spark.sql.catalyst.expressions.GeneratedClass
3344:             1             16  org.apache.spark.sql.catalyst.expressions.GeneratedClass
3345:             1             16  org.apache.spark.sql.catalyst.expressions.GeneratedClass
3346:             1             16  org.apache.spark.sql.catalyst.expressions.GenericInternalRow
3347:             1             16  org.apache.spark.sql.catalyst.expressions.PredicateSubquery$
3348:             1             16  org.apache.spark.sql.catalyst.expressions.ScalarSubquery$
3349:             1             16  org.apache.spark.sql.catalyst.expressions.UnsafeProjection$
3350:             1             16  org.apache.spark.sql.catalyst.expressions.codegen.CodeFormatter$
3351:             1             16  org.apache.spark.sql.catalyst.expressions.codegen.CodeGenerator$$anon$1
3352:             1             16  org.apache.spark.sql.catalyst.expressions.objects.Invoke$
3353:             1             16  org.apache.spark.sql.catalyst.expressions.objects.NewInstance$
3354:             1             16  org.apache.spark.sql.catalyst.expressions.objects.StaticInvoke$
3355:             1             16  org.apache.spark.sql.catalyst.expressions.package$
3356:             1             16  org.apache.spark.sql.catalyst.package$ScalaReflectionLock$
3357:             1             16  org.apache.spark.sql.catalyst.planning.ExtractEquiJoinKeys$
3358:             1             16  org.apache.spark.sql.catalyst.planning.ExtractFiltersAndInnerJoins$
3359:             1             16  org.apache.spark.sql.catalyst.planning.PhysicalAggregation$
3360:             1             16  org.apache.spark.sql.catalyst.planning.PhysicalOperation$
3361:             1             16  org.apache.spark.sql.catalyst.plans.logical.CatalystSerde$
3362:             1             16  org.apache.spark.sql.catalyst.plans.logical.LocalRelation$
3363:             1             16  org.apache.spark.sql.catalyst.plans.logical.MapElements$
3364:             1             16  org.apache.spark.sql.catalyst.plans.physical.UnknownPartitioning
3365:             1             16  org.apache.spark.sql.catalyst.plans.physical.UnspecifiedDistribution$
3366:             1             16  org.apache.spark.sql.catalyst.rules.RuleExecutor$
3367:             1             16  org.apache.spark.sql.catalyst.trees.CurrentOrigin$
3368:             1             16  org.apache.spark.sql.catalyst.trees.CurrentOrigin$$anon$1
3369:             1             16  org.apache.spark.sql.catalyst.trees.Origin$
3370:             1             16  org.apache.spark.sql.catalyst.util.CaseInsensitiveMap
3371:             1             16  org.apache.spark.sql.catalyst.util.DateTimeUtils$$anon$1
3372:             1             16  org.apache.spark.sql.catalyst.util.DateTimeUtils$$anon$2
3373:             1             16  org.apache.spark.sql.catalyst.util.DateTimeUtils$$anon$3
3374:             1             16  org.apache.spark.sql.catalyst.util.DateTimeUtils$$anon$4
3375:             1             16  org.apache.spark.sql.catalyst.util.StringKeyHashMap$
3376:             1             16  org.apache.spark.sql.execution.LogicalRDD$
3377:             1             16  org.apache.spark.sql.execution.SparkStrategies$StatefulAggregationStrategy$
3378:             1             16  org.apache.spark.sql.execution.SparkStrategies$StreamingRelationStrategy$
3379:             1             16  org.apache.spark.sql.execution.WholeStageCodegenExec$
3380:             1             16  org.apache.spark.sql.execution.datasources.DataSourceStrategy$
3381:             1             16  org.apache.spark.sql.execution.datasources.FileSourceStrategy$
3382:             1             16  org.apache.spark.sql.execution.datasources.HiveOnlyCheck$
3383:             1             16  org.apache.spark.sql.execution.datasources.parquet.ParquetLogRedirector
3384:             1             16  org.apache.spark.sql.execution.metric.SQLMetric$
3385:             1             16  org.apache.spark.sql.execution.streaming.HDFSMetadataLog$$anon$1
3386:             1             16  org.apache.spark.sql.execution.streaming.HDFSMetadataLog$FileContextManager
3387:             1             16  org.apache.spark.sql.execution.streaming.OffsetSeq$
3388:             1             16  org.apache.spark.sql.execution.streaming.OffsetSeqMetadata$
3389:             1             16  org.apache.spark.sql.execution.streaming.StreamExecution$$anonfun$org$apache$spark$sql$execution$streaming$StreamExecution$$runBatches$1
3390:             1             16  org.apache.spark.sql.execution.streaming.StreamExecution$ACTIVE$
3391:             1             16  org.apache.spark.sql.execution.streaming.StreamExecution$INITIALIZED$
3392:             1             16  org.apache.spark.sql.execution.streaming.StreamMetadata
3393:             1             16  org.apache.spark.sql.execution.streaming.StreamProgress$
3394:             1             16  org.apache.spark.sql.execution.streaming.StreamingRelation$
3395:             1             16  org.apache.spark.sql.execution.streaming.state.StateStoreCoordinatorRef
3396:             1             16  org.apache.spark.sql.execution.ui.SQLTab$
3397:             1             16  org.apache.spark.sql.internal.SQLConf$$anonfun$1
3398:             1             16  org.apache.spark.sql.internal.SQLConf$SQLConfigBuilder$
3399:             1             16  org.apache.spark.sql.internal.SessionState$$anon$2
3400:             1             16  org.apache.spark.sql.internal.SharedState$
3401:             1             16  org.apache.spark.sql.kafka010.EarliestOffsets$
3402:             1             16  org.apache.spark.sql.kafka010.JsonUtils$
3403:             1             16  org.apache.spark.sql.kafka010.KafkaSource$$anonfun$11
3404:             1             16  org.apache.spark.sql.kafka010.KafkaSourceOffset$
3405:             1             16  org.apache.spark.sql.kafka010.LatestOffsets$
3406:             1             16  org.apache.spark.sql.types.BinaryType$$anon$1
3407:             1             16  org.apache.spark.sql.types.CalendarIntervalType$
3408:             1             16  org.apache.spark.sql.types.Decimal$DecimalAsIfIntegral$
3409:             1             16  org.apache.spark.sql.types.Decimal$DecimalIsFractional$
3410:             1             16  org.apache.spark.sql.types.DoubleType$$anon$1
3411:             1             16  org.apache.spark.sql.types.FloatType$$anon$1
3412:             1             16  org.apache.spark.sql.types.Metadata$
3413:             1             16  org.apache.spark.sql.types.NullType$
3414:             1             16  org.apache.spark.sql.types.StructField$
3415:             1             16  org.apache.spark.sql.types.StructType$
3416:             1             16  org.apache.spark.status.api.v1.ApiRootResource$
3417:             1             16  org.apache.spark.status.api.v1.JacksonMessageWriter
3418:             1             16  org.apache.spark.status.api.v1.JacksonMessageWriter$
3419:             1             16  org.apache.spark.status.api.v1.SecurityFilter
3420:             1             16  org.apache.spark.status.api.v1.UIRootFromServletContext$
3421:             1             16  org.apache.spark.storage.BlockManager$
3422:             1             16  org.apache.spark.storage.BlockManagerId$
3423:             1             16  org.apache.spark.storage.BlockManagerMaster$
3424:             1             16  org.apache.spark.storage.BlockManagerMessages$GetMemoryStatus$
3425:             1             16  org.apache.spark.storage.BlockManagerMessages$GetStorageStatus$
3426:             1             16  org.apache.spark.storage.BlockManagerMessages$StopBlockManagerMaster$
3427:             1             16  org.apache.spark.storage.BlockManagerSource$$anon$1
3428:             1             16  org.apache.spark.storage.BlockManagerSource$$anon$2
3429:             1             16  org.apache.spark.storage.BlockManagerSource$$anon$3
3430:             1             16  org.apache.spark.storage.BlockManagerSource$$anon$4
3431:             1             16  org.apache.spark.storage.BlockStatus$
3432:             1             16  org.apache.spark.storage.BlockUpdatedInfo$
3433:             1             16  org.apache.spark.storage.BroadcastBlockId$
3434:             1             16  org.apache.spark.storage.DefaultTopologyMapper
3435:             1             16  org.apache.spark.storage.DiskBlockManager$$anonfun$addShutdownHook$1
3436:             1             16  org.apache.spark.storage.RDDInfo$
3437:             1             16  org.apache.spark.storage.RandomBlockReplicationPolicy
3438:             1             16  org.apache.spark.storage.StorageUtils$
3439:             1             16  org.apache.spark.ui.JettyUtils$
3440:             1             16  org.apache.spark.ui.JettyUtils$$anonfun$createRedirectHandler$default$3$1
3441:             1             16  org.apache.spark.ui.JettyUtils$ServletParams$
3442:             1             16  org.apache.spark.ui.JettyUtils$ServletParams$$anonfun$$lessinit$greater$default$3$1
3443:             1             16  org.apache.spark.ui.SparkUI$$anonfun$3
3444:             1             16  org.apache.spark.ui.SparkUI$$anonfun$4
3445:             1             16  org.apache.spark.ui.UIUtils$$anon$3
3446:             1             16  org.apache.spark.ui.exec.ExecutorTaskSummary$
3447:             1             16  org.apache.spark.ui.exec.ExecutorsPage$
3448:             1             16  org.apache.spark.ui.jobs.UIData$InputMetricsUIData$
3449:             1             16  org.apache.spark.ui.jobs.UIData$JobUIData$
3450:             1             16  org.apache.spark.ui.jobs.UIData$OutputMetricsUIData$
3451:             1             16  org.apache.spark.ui.jobs.UIData$ShuffleReadMetricsUIData$
3452:             1             16  org.apache.spark.ui.jobs.UIData$ShuffleWriteMetricsUIData$
3453:             1             16  org.apache.spark.ui.jobs.UIData$TaskUIData$
3454:             1             16  org.apache.spark.unsafe.memory.HeapMemoryAllocator
3455:             1             16  org.apache.spark.unsafe.memory.UnsafeMemoryAllocator
3456:             1             16  org.apache.spark.util.ByteBufferInputStream$
3457:             1             16  org.apache.spark.util.ClosureCleaner$
3458:             1             16  org.apache.spark.util.CommandLineUtils$$anonfun$1
3459:             1             16  org.apache.spark.util.CompletionIterator$
3460:             1             16  org.apache.spark.util.FieldAccessFinder$
3461:             1             16  org.apache.spark.util.IdGenerator
3462:             1             16  org.apache.spark.util.RpcUtils$
3463:             1             16  org.apache.spark.util.ShutdownHookManager$$anonfun$1
3464:             1             16  org.apache.spark.util.SparkShutdownHookManager$$anon$2
3465:             1             16  org.apache.spark.util.ThreadUtils$
3466:             1             16  org.apache.spark.util.collection.OpenHashSet$$anonfun$1
3467:             1             16  org.apache.spark.util.collection.OpenHashSet$$anonfun$2
3468:             1             16  org.apache.spark.util.collection.PrimitiveVector$
3469:             1             16  org.codehaus.janino.IClass$1
3470:             1             16  org.codehaus.janino.Java$Located$1
3471:             1             16  org.codehaus.janino.Java$Rvalue$2
3472:             1             16  org.eclipse.jetty.http.DateGenerator$1
3473:             1             16  org.eclipse.jetty.http.DateParser$1
3474:             1             16  org.eclipse.jetty.http.HttpGenerator$1
3475:             1             16  org.eclipse.jetty.io.AbstractConnection$FillInterestedState
3476:             1             16  org.eclipse.jetty.io.AbstractConnection$FillingFillInterestedState
3477:             1             16  org.eclipse.jetty.io.AbstractConnection$FillingState
3478:             1             16  org.eclipse.jetty.io.AbstractConnection$IdleState
3479:             1             16  org.eclipse.jetty.io.AbstractConnection$RefillingState
3480:             1             16  org.eclipse.jetty.io.WriteFlusher$CompletingState
3481:             1             16  org.eclipse.jetty.io.WriteFlusher$IdleState
3482:             1             16  org.eclipse.jetty.io.WriteFlusher$WritingState
3483:             1             16  org.eclipse.jetty.server.Authentication$1
3484:             1             16  org.eclipse.jetty.server.Authentication$2
3485:             1             16  org.eclipse.jetty.server.Authentication$3
3486:             1             16  org.eclipse.jetty.server.Authentication$4
3487:             1             16  org.eclipse.jetty.server.Authentication$5
3488:             1             16  org.eclipse.jetty.server.HttpInput$1
3489:             1             16  org.eclipse.jetty.server.HttpInput$2
3490:             1             16  org.eclipse.jetty.server.HttpInput$3
3491:             1             16  org.eclipse.jetty.server.HttpInput$4
3492:             1             16  org.eclipse.jetty.server.Response$1
3493:             1             16  org.eclipse.jetty.util.ConcurrentArrayQueue$1
3494:             1             16  org.eclipse.jetty.util.Uptime
3495:             1             16  org.eclipse.jetty.util.thread.QueuedThreadPool$3
3496:             1             16  org.eclipse.jetty.util.thread.ScheduledExecutorScheduler$1
3497:             1             16  org.glassfish.hk2.internal.StarFilter
3498:             1             16  org.glassfish.hk2.utilities.ServiceLocatorUtilities$2
3499:             1             16  org.glassfish.hk2.utilities.cache.Cache$1
3500:             1             16  org.glassfish.hk2.utilities.cache.LRUHybridCache$1
3501:             1             16  org.glassfish.hk2.utilities.cache.LRUHybridCache$CacheEntryImplComparator
3502:             1             16  org.glassfish.hk2.utilities.reflection.Logger
3503:             1             16  org.glassfish.hk2.utilities.reflection.internal.ClassReflectionHelperImpl$1
3504:             1             16  org.glassfish.hk2.utilities.reflection.internal.ClassReflectionHelperImpl$2
3505:             1             16  org.glassfish.hk2.utilities.reflection.internal.ClassReflectionHelperImpl$3
3506:             1             16  org.glassfish.hk2.utilities.reflection.internal.ClassReflectionHelperImpl$4
3507:             1             16  org.glassfish.jersey.internal.ExceptionMapperFactory
3508:             1             16  org.glassfish.jersey.internal.JerseyErrorService
3509:             1             16  org.glassfish.jersey.internal.ServiceFinder$DefaultServiceIteratorProvider
3510:             1             16  org.glassfish.jersey.internal.inject.ContextInjectionResolver$1
3511:             1             16  org.glassfish.jersey.internal.inject.ContextInjectionResolver$3
3512:             1             16  org.glassfish.jersey.internal.inject.ContextInjectionResolver$4
3513:             1             16  org.glassfish.jersey.internal.util.ReflectionHelper$1
3514:             1             16  org.glassfish.jersey.internal.util.ReflectionHelper$13
3515:             1             16  org.glassfish.jersey.internal.util.collection.Refs$DefaultRefImpl
3516:             1             16  org.glassfish.jersey.internal.util.collection.StringIgnoreCaseKeyComparator
3517:             1             16  org.glassfish.jersey.internal.util.collection.Values$1
3518:             1             16  org.glassfish.jersey.internal.util.collection.Values$2
3519:             1             16  org.glassfish.jersey.jaxb.internal.AbstractCollectionJaxbProvider$1
3520:             1             16  org.glassfish.jersey.message.internal.AcceptableMediaType$1
3521:             1             16  org.glassfish.jersey.message.internal.BasicTypesMessageProvider
3522:             1             16  org.glassfish.jersey.message.internal.ByteArrayProvider
3523:             1             16  org.glassfish.jersey.message.internal.CacheControlProvider
3524:             1             16  org.glassfish.jersey.message.internal.CommittingOutputStream$1
3525:             1             16  org.glassfish.jersey.message.internal.CookieProvider
3526:             1             16  org.glassfish.jersey.message.internal.DataSourceProvider
3527:             1             16  org.glassfish.jersey.message.internal.DateProvider
3528:             1             16  org.glassfish.jersey.message.internal.EntityTagProvider
3529:             1             16  org.glassfish.jersey.message.internal.FileProvider
3530:             1             16  org.glassfish.jersey.message.internal.FormMultivaluedMapProvider
3531:             1             16  org.glassfish.jersey.message.internal.FormProvider
3532:             1             16  org.glassfish.jersey.message.internal.HttpHeaderReader$1
3533:             1             16  org.glassfish.jersey.message.internal.HttpHeaderReader$2
3534:             1             16  org.glassfish.jersey.message.internal.HttpHeaderReader$3
3535:             1             16  org.glassfish.jersey.message.internal.HttpHeaderReader$4
3536:             1             16  org.glassfish.jersey.message.internal.HttpHeaderReader$6
3537:             1             16  org.glassfish.jersey.message.internal.HttpHeaderReader$7
3538:             1             16  org.glassfish.jersey.message.internal.InboundMessageContext$1
3539:             1             16  org.glassfish.jersey.message.internal.InputStreamProvider
3540:             1             16  org.glassfish.jersey.message.internal.LinkProvider
3541:             1             16  org.glassfish.jersey.message.internal.LocaleProvider
3542:             1             16  org.glassfish.jersey.message.internal.MediaTypeProvider
3543:             1             16  org.glassfish.jersey.message.internal.MediaTypes$1
3544:             1             16  org.glassfish.jersey.message.internal.MediaTypes$2
3545:             1             16  org.glassfish.jersey.message.internal.MediaTypes$4
3546:             1             16  org.glassfish.jersey.message.internal.MessageBodyFactory$1
3547:             1             16  org.glassfish.jersey.message.internal.MessageBodyFactory$2
3548:             1             16  org.glassfish.jersey.message.internal.MessageBodyFactory$3
3549:             1             16  org.glassfish.jersey.message.internal.MessageBodyFactory$4
3550:             1             16  org.glassfish.jersey.message.internal.NewCookieProvider
3551:             1             16  org.glassfish.jersey.message.internal.Quality$1
3552:             1             16  org.glassfish.jersey.message.internal.Quality$2
3553:             1             16  org.glassfish.jersey.message.internal.QualitySourceMediaType$1
3554:             1             16  org.glassfish.jersey.message.internal.ReaderProvider
3555:             1             16  org.glassfish.jersey.message.internal.RenderedImageProvider
3556:             1             16  org.glassfish.jersey.message.internal.SourceProvider$DomSourceReader
3557:             1             16  org.glassfish.jersey.message.internal.SourceProvider$SaxSourceReader
3558:             1             16  org.glassfish.jersey.message.internal.SourceProvider$StreamSourceReader
3559:             1             16  org.glassfish.jersey.message.internal.StreamingOutputProvider
3560:             1             16  org.glassfish.jersey.message.internal.StringHeaderProvider
3561:             1             16  org.glassfish.jersey.message.internal.StringMessageProvider
3562:             1             16  org.glassfish.jersey.message.internal.TracingLogger$1
3563:             1             16  org.glassfish.jersey.message.internal.UriProvider
3564:             1             16  org.glassfish.jersey.model.internal.CommonConfig$1
3565:             1             16  org.glassfish.jersey.model.internal.ComponentBag$1
3566:             1             16  org.glassfish.jersey.model.internal.ComponentBag$2
3567:             1             16  org.glassfish.jersey.model.internal.ComponentBag$3
3568:             1             16  org.glassfish.jersey.model.internal.ComponentBag$4
3569:             1             16  org.glassfish.jersey.process.JerseyProcessingUncaughtExceptionHandler
3570:             1             16  org.glassfish.jersey.process.internal.ExecutorProviders$ExecutorServiceFactory
3571:             1             16  org.glassfish.jersey.process.internal.ExecutorProviders$ScheduledExecutorServiceFactory
3572:             1             16  org.glassfish.jersey.process.internal.Stages$1
3573:             1             16  org.glassfish.jersey.server.ApplicationHandler$1
3574:             1             16  org.glassfish.jersey.server.ApplicationHandler$ApplicationBinder$JaxrsApplicationProvider
3575:             1             16  org.glassfish.jersey.server.ApplicationHandler$ApplicationBinder$RuntimeConfigProvider
3576:             1             16  org.glassfish.jersey.server.ChunkedResponseWriter
3577:             1             16  org.glassfish.jersey.server.ServerRuntime$1
3578:             1             16  org.glassfish.jersey.server.internal.JsonWithPaddingInterceptor
3579:             1             16  org.glassfish.jersey.server.internal.MappableExceptionWrapperInterceptor
3580:             1             16  org.glassfish.jersey.server.internal.inject.AsyncResponseValueFactoryProvider
3581:             1             16  org.glassfish.jersey.server.internal.inject.DelegatedInjectionValueFactoryProvider
3582:             1             16  org.glassfish.jersey.server.internal.inject.DelegatedInjectionValueFactoryProvider$2
3583:             1             16  org.glassfish.jersey.server.internal.inject.MultivaluedParameterExtractorFactory
3584:             1             16  org.glassfish.jersey.server.internal.inject.ParamConverterFactory
3585:             1             16  org.glassfish.jersey.server.internal.inject.ParamConverters$AggregatedProvider
3586:             1             16  org.glassfish.jersey.server.internal.inject.ParamConverters$CharacterProvider
3587:             1             16  org.glassfish.jersey.server.internal.inject.ParamConverters$DateProvider
3588:             1             16  org.glassfish.jersey.server.internal.inject.ParamConverters$StringConstructor
3589:             1             16  org.glassfish.jersey.server.internal.inject.ParamConverters$TypeFromString
3590:             1             16  org.glassfish.jersey.server.internal.inject.ParamConverters$TypeFromStringEnum
3591:             1             16  org.glassfish.jersey.server.internal.inject.ParamConverters$TypeValueOf
3592:             1             16  org.glassfish.jersey.server.internal.monitoring.EmptyRequestEventBuilder
3593:             1             16  org.glassfish.jersey.server.internal.routing.CombinedMediaType$1
3594:             1             16  org.glassfish.jersey.server.internal.routing.MatchResultInitializerRouter
3595:             1             16  org.glassfish.jersey.server.internal.routing.MatchedEndpointExtractorStage
3596:             1             16  org.glassfish.jersey.server.internal.routing.MethodSelectingRouter$1
3597:             1             16  org.glassfish.jersey.server.internal.routing.PushMatchedUriRouter
3598:             1             16  org.glassfish.jersey.server.internal.routing.Routers$1
3599:             1             16  org.glassfish.jersey.server.internal.routing.RuntimeLocatorModelBuilder$1
3600:             1             16  org.glassfish.jersey.server.internal.routing.UriRoutingContext$1
3601:             1             16  org.glassfish.jersey.server.internal.scanning.PackageNamesScanner$ResourcesProvider$1
3602:             1             16  org.glassfish.jersey.server.model.Parameter$1
3603:             1             16  org.glassfish.jersey.server.model.Parameter$10
3604:             1             16  org.glassfish.jersey.server.model.Parameter$2
3605:             1             16  org.glassfish.jersey.server.model.Parameter$3
3606:             1             16  org.glassfish.jersey.server.model.Parameter$4
3607:             1             16  org.glassfish.jersey.server.model.Parameter$5
3608:             1             16  org.glassfish.jersey.server.model.Parameter$6
3609:             1             16  org.glassfish.jersey.server.model.Parameter$7
3610:             1             16  org.glassfish.jersey.server.model.Parameter$8
3611:             1             16  org.glassfish.jersey.server.model.Parameter$9
3612:             1             16  org.glassfish.jersey.server.model.RuntimeResource$1
3613:             1             16  org.glassfish.jersey.server.model.internal.JavaResourceMethodDispatcherProvider
3614:             1             16  org.glassfish.jersey.server.model.internal.ResourceMethodDispatcherFactory
3615:             1             16  org.glassfish.jersey.server.model.internal.ResourceMethodInvocationHandlerFactory
3616:             1             16  org.glassfish.jersey.server.model.internal.ResourceMethodInvocationHandlerFactory$1
3617:             1             16  org.glassfish.jersey.server.model.internal.VoidVoidDispatcherProvider
3618:             1             16  org.glassfish.jersey.server.wadl.WadlFeature
3619:             1             16  org.glassfish.jersey.server.wadl.processor.WadlModelProcessor
3620:             1             16  org.glassfish.jersey.servlet.WebComponent$3
3621:             1             16  org.glassfish.jersey.servlet.WebComponent$4
3622:             1             16  org.glassfish.jersey.servlet.WebServletConfig
3623:             1             16  org.glassfish.jersey.servlet.async.AsyncContextDelegateProviderImpl
3624:             1             16  org.glassfish.jersey.spi.AbstractThreadPoolProvider$2
3625:             1             16  org.glassfish.jersey.uri.PathPattern$1
3626:             1             16  org.glassfish.jersey.uri.PatternWithGroups$EmptyStringMatchResult
3627:             1             16  org.glassfish.jersey.uri.UriTemplate$1
3628:             1             16  org.json4s.DefaultFormats$$anonfun$5
3629:             1             16  org.json4s.Extraction$
3630:             1             16  org.json4s.JsonAST$JArray$
3631:             1             16  org.json4s.JsonAST$JBool$
3632:             1             16  org.json4s.JsonAST$JDecimal$
3633:             1             16  org.json4s.JsonAST$JDouble$
3634:             1             16  org.json4s.JsonAST$JField$
3635:             1             16  org.json4s.JsonAST$JInt$
3636:             1             16  org.json4s.JsonAST$JNothing$
3637:             1             16  org.json4s.JsonAST$JNull$
3638:             1             16  org.json4s.JsonAST$JObject$
3639:             1             16  org.json4s.JsonAST$JString$
3640:             1             16  org.json4s.JsonDSL$
3641:             1             16  org.json4s.JsonWriter$
3642:             1             16  org.json4s.jackson.JValueDeserializer
3643:             1             16  org.json4s.jackson.JValueDeserializerResolver$
3644:             1             16  org.json4s.jackson.JValueSerializer
3645:             1             16  org.json4s.jackson.JValueSerializerResolver$
3646:             1             16  org.json4s.jackson.Serialization$
3647:             1             16  org.json4s.prefs.EmptyValueStrategy$$anon$1
3648:             1             16  org.json4s.prefs.EmptyValueStrategy$$anon$2
3649:             1             16  org.json4s.reflect.ManifestFactory$
3650:             1             16  org.json4s.reflect.PrimitiveDescriptor$
3651:             1             16  org.json4s.reflect.package$ParanamerReader$
3652:             1             16  org.json4s.reflect.package$TypeInfo$
3653:             1             16  org.jvnet.hk2.external.generator.ServiceLocatorGeneratorImpl
3654:             1             16  org.jvnet.hk2.internal.DefaultClassAnalyzer
3655:             1             16  org.jvnet.hk2.internal.InstantiationServiceImpl
3656:             1             16  org.jvnet.hk2.internal.PerLookupContext
3657:             1             16  org.jvnet.hk2.internal.ServiceHandleComparator
3658:             1             16  org.jvnet.hk2.internal.ServiceLocatorImpl$3
3659:             1             16  org.jvnet.hk2.internal.ServiceLocatorImpl$4
3660:             1             16  org.jvnet.hk2.internal.ServiceLocatorImpl$8
3661:             1             16  org.jvnet.hk2.internal.ServiceLocatorImpl$9
3662:             1             16  org.jvnet.hk2.internal.ServiceLocatorRuntimeImpl
3663:             1             16  org.jvnet.hk2.internal.SingletonContext$1
3664:             1             16  org.jvnet.hk2.internal.SingletonContext$2
3665:             1             16  org.jvnet.hk2.internal.ThreeThirtyResolver
3666:             1             16  org.jvnet.hk2.internal.Utilities$4
3667:             1             16  org.slf4j.helpers.NOPLoggerFactory
3668:             1             16  org.slf4j.impl.Log4jLoggerFactory
3669:             1             16  org.slf4j.impl.StaticLoggerBinder
3670:             1             16  org.xerial.snappy.SnappyNative
3671:             1             16  org.xerial.snappy.buffer.CachedBufferAllocator$1
3672:             1             16  scala.None$
3673:             1             16  scala.Option$
3674:             1             16  scala.PartialFunction$$anon$1
3675:             1             16  scala.PartialFunction$$anon$1$$anonfun$3
3676:             1             16  scala.PartialFunction$$anonfun$1
3677:             1             16  scala.PartialFunction$$anonfun$2
3678:             1             16  scala.Predef$$anon$1
3679:             1             16  scala.Predef$$anon$2
3680:             1             16  scala.Predef$$anon$3
3681:             1             16  scala.Predef$ArrowAssoc$
3682:             1             16  scala.Predef$DummyImplicit$
3683:             1             16  scala.Predef$any2stringadd$
3684:             1             16  scala.StringContext$
3685:             1             16  scala.Unit$
3686:             1             16  scala.collection.$colon$plus$
3687:             1             16  scala.collection.$plus$colon$
3688:             1             16  scala.collection.IndexedSeq$$anon$1
3689:             1             16  scala.collection.Iterable$
3690:             1             16  scala.collection.Iterator$
3691:             1             16  scala.collection.Iterator$$anon$2
3692:             1             16  scala.collection.JavaConversions$
3693:             1             16  scala.collection.JavaConverters$
3694:             1             16  scala.collection.Seq$
3695:             1             16  scala.collection.SeqView$
3696:             1             16  scala.collection.Set$
3697:             1             16  scala.collection.convert.Decorators$
3698:             1             16  scala.collection.convert.WrapAsJava$
3699:             1             16  scala.collection.convert.WrapAsScala$
3700:             1             16  scala.collection.immutable.$colon$colon$
3701:             1             16  scala.collection.immutable.BitSet$
3702:             1             16  scala.collection.immutable.HashMap$
3703:             1             16  scala.collection.immutable.HashMap$$anon$2$$anon$3
3704:             1             16  scala.collection.immutable.HashMap$$anonfun$1
3705:             1             16  scala.collection.immutable.HashMap$EmptyHashMap$
3706:             1             16  scala.collection.immutable.HashSet$
3707:             1             16  scala.collection.immutable.HashSet$EmptyHashSet$
3708:             1             16  scala.collection.immutable.IndexedSeq$
3709:             1             16  scala.collection.immutable.Iterable$
3710:             1             16  scala.collection.immutable.List$$anon$1
3711:             1             16  scala.collection.immutable.ListMap$
3712:             1             16  scala.collection.immutable.ListMap$EmptyListMap$
3713:             1             16  scala.collection.immutable.ListSerializeEnd$
3714:             1             16  scala.collection.immutable.ListSet$
3715:             1             16  scala.collection.immutable.ListSet$EmptyListSet$
3716:             1             16  scala.collection.immutable.Map$
3717:             1             16  scala.collection.immutable.Map$$anonfun$withDefaultValue$1
3718:             1             16  scala.collection.immutable.Map$EmptyMap$
3719:             1             16  scala.collection.immutable.Nil$
3720:             1             16  scala.collection.immutable.Queue$
3721:             1             16  scala.collection.immutable.Range$
3722:             1             16  scala.collection.immutable.Seq$
3723:             1             16  scala.collection.immutable.Set$
3724:             1             16  scala.collection.immutable.Set$EmptySet$
3725:             1             16  scala.collection.immutable.Stream$
3726:             1             16  scala.collection.immutable.Stream$$hash$colon$colon$
3727:             1             16  scala.collection.immutable.Stream$Empty$
3728:             1             16  scala.collection.immutable.Stream$cons$
3729:             1             16  scala.collection.immutable.StringOps$
3730:             1             16  scala.collection.immutable.Traversable$
3731:             1             16  scala.collection.mutable.ArrayBuffer$
3732:             1             16  scala.collection.mutable.ArrayBuilder$
3733:             1             16  scala.collection.mutable.ArrayOps$ofByte$
3734:             1             16  scala.collection.mutable.ArrayOps$ofDouble$
3735:             1             16  scala.collection.mutable.ArrayOps$ofInt$
3736:             1             16  scala.collection.mutable.ArrayOps$ofLong$
3737:             1             16  scala.collection.mutable.ArrayOps$ofRef$
3738:             1             16  scala.collection.mutable.ArraySeq$
3739:             1             16  scala.collection.mutable.BitSet$
3740:             1             16  scala.collection.mutable.Buffer$
3741:             1             16  scala.collection.mutable.FlatHashTable$
3742:             1             16  scala.collection.mutable.FlatHashTable$NullSentinel$
3743:             1             16  scala.collection.mutable.HashMap$
3744:             1             16  scala.collection.mutable.HashSet$
3745:             1             16  scala.collection.mutable.HashTable$
3746:             1             16  scala.collection.mutable.IndexedSeq$
3747:             1             16  scala.collection.mutable.Iterable$
3748:             1             16  scala.collection.mutable.LinkedHashMap$
3749:             1             16  scala.collection.mutable.ListBuffer$
3750:             1             16  scala.collection.mutable.Map$
3751:             1             16  scala.collection.mutable.Queue$
3752:             1             16  scala.collection.mutable.Set$
3753:             1             16  scala.collection.mutable.Stack
3754:             1             16  scala.collection.mutable.StringBuilder$
3755:             1             16  scala.collection.mutable.WeakHashMap$
3756:             1             16  scala.collection.mutable.WrappedArray$
3757:             1             16  scala.collection.package$
3758:             1             16  scala.compat.Platform$
3759:             1             16  scala.concurrent.BlockContext$
3760:             1             16  scala.concurrent.BlockContext$DefaultBlockContext$
3761:             1             16  scala.concurrent.ExecutionContext$
3762:             1             16  scala.concurrent.Future$
3763:             1             16  scala.concurrent.Future$InternalCallbackExecutor$
3764:             1             16  scala.concurrent.Promise$
3765:             1             16  scala.concurrent.duration.Duration$$anon$1
3766:             1             16  scala.concurrent.duration.Duration$$anon$2
3767:             1             16  scala.concurrent.duration.Duration$$anon$3
3768:             1             16  scala.concurrent.duration.Duration$$anonfun$3
3769:             1             16  scala.concurrent.duration.package$DurationInt$
3770:             1             16  scala.concurrent.duration.package$DurationLong$
3771:             1             16  scala.concurrent.impl.ExecutionContextImpl$
3772:             1             16  scala.concurrent.impl.Future$
3773:             1             16  scala.concurrent.impl.Promise$
3774:             1             16  scala.concurrent.impl.Promise$DefaultPromise
3775:             1             16  scala.io.Source$
3776:             1             16  scala.math.Equiv$
3777:             1             16  scala.math.Fractional$
3778:             1             16  scala.math.Integral$
3779:             1             16  scala.math.LowPriorityOrderingImplicits$$anon$6
3780:             1             16  scala.math.Numeric$
3781:             1             16  scala.math.Numeric$ByteIsIntegral$
3782:             1             16  scala.math.Numeric$DoubleAsIfIntegral$
3783:             1             16  scala.math.Numeric$DoubleIsFractional$
3784:             1             16  scala.math.Numeric$FloatAsIfIntegral$
3785:             1             16  scala.math.Numeric$FloatIsFractional$
3786:             1             16  scala.math.Numeric$IntIsIntegral$
3787:             1             16  scala.math.Numeric$LongIsIntegral$
3788:             1             16  scala.math.Numeric$ShortIsIntegral$
3789:             1             16  scala.math.Ordered$
3790:             1             16  scala.math.Ordering$
3791:             1             16  scala.math.Ordering$Boolean$
3792:             1             16  scala.math.Ordering$Byte$
3793:             1             16  scala.math.Ordering$Int$
3794:             1             16  scala.math.Ordering$Long$
3795:             1             16  scala.math.Ordering$Short$
3796:             1             16  scala.math.Ordering$String$
3797:             1             16  scala.package$$anon$1
3798:             1             16  scala.ref.WeakReference$
3799:             1             16  scala.reflect.NoManifest$
3800:             1             16  scala.reflect.api.Exprs$Expr$
3801:             1             16  scala.reflect.api.Internals$CompatToken
3802:             1             16  scala.reflect.api.Liftables$Liftable$
3803:             1             16  scala.reflect.api.Liftables$Unliftable$
3804:             1             16  scala.reflect.api.Printers$BooleanFlag$
3805:             1             16  scala.reflect.api.TypeTags$TypeTag$$anonfun$1
3806:             1             16  scala.reflect.api.TypeTags$TypeTag$$anonfun$10
3807:             1             16  scala.reflect.api.TypeTags$TypeTag$$anonfun$11
3808:             1             16  scala.reflect.api.TypeTags$TypeTag$$anonfun$12
3809:             1             16  scala.reflect.api.TypeTags$TypeTag$$anonfun$13
3810:             1             16  scala.reflect.api.TypeTags$TypeTag$$anonfun$14
3811:             1             16  scala.reflect.api.TypeTags$TypeTag$$anonfun$15
3812:             1             16  scala.reflect.api.TypeTags$TypeTag$$anonfun$2
3813:             1             16  scala.reflect.api.TypeTags$TypeTag$$anonfun$3
3814:             1             16  scala.reflect.api.TypeTags$TypeTag$$anonfun$4
3815:             1             16  scala.reflect.api.TypeTags$TypeTag$$anonfun$5
3816:             1             16  scala.reflect.api.TypeTags$TypeTag$$anonfun$6
3817:             1             16  scala.reflect.api.TypeTags$TypeTag$$anonfun$7
3818:             1             16  scala.reflect.api.TypeTags$TypeTag$$anonfun$8
3819:             1             16  scala.reflect.api.TypeTags$TypeTag$$anonfun$9
3820:             1             16  scala.reflect.internal.AnnotationInfos$Annotation$
3821:             1             16  scala.reflect.internal.AnnotationInfos$AnnotationInfo$
3822:             1             16  scala.reflect.internal.AnnotationInfos$ArrayAnnotArg$
3823:             1             16  scala.reflect.internal.AnnotationInfos$LiteralAnnotArg$
3824:             1             16  scala.reflect.internal.AnnotationInfos$NestedAnnotArg$
3825:             1             16  scala.reflect.internal.AnnotationInfos$ScalaSigBytes$
3826:             1             16  scala.reflect.internal.AnnotationInfos$ThrownException$
3827:             1             16  scala.reflect.internal.AnnotationInfos$UnmappableAnnotArg$
3828:             1             16  scala.reflect.internal.ClassfileConstants$FlagTranslation$
3829:             1             16  scala.reflect.internal.Constants$Constant$
3830:             1             16  scala.reflect.internal.Definitions$DefinitionsClass$MacroContextType$
3831:             1             16  scala.reflect.internal.Definitions$DefinitionsClass$VarArityClass$
3832:             1             16  scala.reflect.internal.FreshNames$FreshNameExtractor$
3833:             1             16  scala.reflect.internal.Internals$$anon$4
3834:             1             16  scala.reflect.internal.Kinds$KindErrors$
3835:             1             16  scala.reflect.internal.Kinds$ProperTypeKind$
3836:             1             16  scala.reflect.internal.Kinds$inferKind$
3837:             1             16  scala.reflect.internal.Names$TermName$
3838:             1             16  scala.reflect.internal.Names$TypeName$
3839:             1             16  scala.reflect.internal.Positions$Range$
3840:             1             16  scala.reflect.internal.ReificationSupport$ReificationSupportImpl$FlagsRepr$
3841:             1             16  scala.reflect.internal.Scopes$LookupAmbiguous$
3842:             1             16  scala.reflect.internal.Scopes$LookupInaccessible$
3843:             1             16  scala.reflect.internal.Scopes$LookupNotFound$
3844:             1             16  scala.reflect.internal.Scopes$LookupSucceeded$
3845:             1             16  scala.reflect.internal.Scopes$Scope$
3846:             1             16  scala.reflect.internal.StdAttachments$BackquotedIdentifierAttachment$
3847:             1             16  scala.reflect.internal.StdAttachments$CompoundTypeTreeOriginalAttachment$
3848:             1             16  scala.reflect.internal.StdAttachments$ForAttachment$
3849:             1             16  scala.reflect.internal.StdAttachments$SubpatternsAttachment$
3850:             1             16  scala.reflect.internal.StdAttachments$SyntheticUnitAttachment$
3851:             1             16  scala.reflect.internal.StdCreators$FixedMirrorTreeCreator$
3852:             1             16  scala.reflect.internal.StdCreators$FixedMirrorTypeCreator$
3853:             1             16  scala.reflect.internal.SymbolTable$$anonfun$1
3854:             1             16  scala.reflect.internal.Symbols$$anonfun$10
3855:             1             16  scala.reflect.internal.Symbols$CyclicReference$
3856:             1             16  scala.reflect.internal.Symbols$SymbolKind$
3857:             1             16  scala.reflect.internal.Symbols$SymbolOps$
3858:             1             16  scala.reflect.internal.Trees$$anonfun$1
3859:             1             16  scala.reflect.internal.Trees$Alternative$
3860:             1             16  scala.reflect.internal.Trees$Annotated$
3861:             1             16  scala.reflect.internal.Trees$AppliedTypeTree$
3862:             1             16  scala.reflect.internal.Trees$Apply$
3863:             1             16  scala.reflect.internal.Trees$ApplyDynamic$
3864:             1             16  scala.reflect.internal.Trees$ArrayValue$
3865:             1             16  scala.reflect.internal.Trees$Assign$
3866:             1             16  scala.reflect.internal.Trees$AssignOrNamedArg$
3867:             1             16  scala.reflect.internal.Trees$Bind$
3868:             1             16  scala.reflect.internal.Trees$Block$
3869:             1             16  scala.reflect.internal.Trees$CaseDef$
3870:             1             16  scala.reflect.internal.Trees$ClassDef$
3871:             1             16  scala.reflect.internal.Trees$CompoundTypeTree$
3872:             1             16  scala.reflect.internal.Trees$DefDef$
3873:             1             16  scala.reflect.internal.Trees$ExistentialTypeTree$
3874:             1             16  scala.reflect.internal.Trees$Function$
3875:             1             16  scala.reflect.internal.Trees$Ident$
3876:             1             16  scala.reflect.internal.Trees$If$
3877:             1             16  scala.reflect.internal.Trees$Import$
3878:             1             16  scala.reflect.internal.Trees$LabelDef$
3879:             1             16  scala.reflect.internal.Trees$Literal$
3880:             1             16  scala.reflect.internal.Trees$Match$
3881:             1             16  scala.reflect.internal.Trees$Modifiers$
3882:             1             16  scala.reflect.internal.Trees$ModuleDef$
3883:             1             16  scala.reflect.internal.Trees$New$
3884:             1             16  scala.reflect.internal.Trees$PackageDef$
3885:             1             16  scala.reflect.internal.Trees$RefTree$
3886:             1             16  scala.reflect.internal.Trees$Return$
3887:             1             16  scala.reflect.internal.Trees$Select$
3888:             1             16  scala.reflect.internal.Trees$SelectFromTypeTree$
3889:             1             16  scala.reflect.internal.Trees$SingletonTypeTree$
3890:             1             16  scala.reflect.internal.Trees$Star$
3891:             1             16  scala.reflect.internal.Trees$Super$
3892:             1             16  scala.reflect.internal.Trees$Template$
3893:             1             16  scala.reflect.internal.Trees$This$
3894:             1             16  scala.reflect.internal.Trees$Throw$
3895:             1             16  scala.reflect.internal.Trees$Try$
3896:             1             16  scala.reflect.internal.Trees$TypeApply$
3897:             1             16  scala.reflect.internal.Trees$TypeBoundsTree$
3898:             1             16  scala.reflect.internal.Trees$TypeDef$
3899:             1             16  scala.reflect.internal.Trees$TypeTree$
3900:             1             16  scala.reflect.internal.Trees$Typed$
3901:             1             16  scala.reflect.internal.Trees$UnApply$
3902:             1             16  scala.reflect.internal.Trees$ValDef$
3903:             1             16  scala.reflect.internal.Trees$ValOrDefDef$
3904:             1             16  scala.reflect.internal.TypeDebugging$noPrint$
3905:             1             16  scala.reflect.internal.Types$$anonfun$38
3906:             1             16  scala.reflect.internal.Types$$anonfun$39
3907:             1             16  scala.reflect.internal.Types$$anonfun$40
3908:             1             16  scala.reflect.internal.Types$$anonfun$41
3909:             1             16  scala.reflect.internal.Types$$anonfun$42
3910:             1             16  scala.reflect.internal.Types$$anonfun$43
3911:             1             16  scala.reflect.internal.Types$$anonfun$44
3912:             1             16  scala.reflect.internal.Types$$anonfun$45
3913:             1             16  scala.reflect.internal.Types$$anonfun$46
3914:             1             16  scala.reflect.internal.Types$$anonfun$47
3915:             1             16  scala.reflect.internal.Types$$anonfun$48
3916:             1             16  scala.reflect.internal.Types$$anonfun$49
3917:             1             16  scala.reflect.internal.Types$$anonfun$50
3918:             1             16  scala.reflect.internal.Types$$anonfun$51
3919:             1             16  scala.reflect.internal.Types$$anonfun$52
3920:             1             16  scala.reflect.internal.Types$$anonfun$53
3921:             1             16  scala.reflect.internal.Types$AnnotatedType$
3922:             1             16  scala.reflect.internal.Types$AntiPolyType$
3923:             1             16  scala.reflect.internal.Types$ArrayTypeRef$
3924:             1             16  scala.reflect.internal.Types$BoundedWildcardType$
3925:             1             16  scala.reflect.internal.Types$ClassInfoType$
3926:             1             16  scala.reflect.internal.Types$CompoundType$
3927:             1             16  scala.reflect.internal.Types$ConstantType$
3928:             1             16  scala.reflect.internal.Types$ErasedValueType$
3929:             1             16  scala.reflect.internal.Types$ErrorType$
3930:             1             16  scala.reflect.internal.Types$ExistentialType$
3931:             1             16  scala.reflect.internal.Types$GenPolyType$
3932:             1             16  scala.reflect.internal.Types$HasTypeMember$
3933:             1             16  scala.reflect.internal.Types$ImportType$
3934:             1             16  scala.reflect.internal.Types$MethodType$
3935:             1             16  scala.reflect.internal.Types$NamedType$
3936:             1             16  scala.reflect.internal.Types$NoPrefix$
3937:             1             16  scala.reflect.internal.Types$NoType$
3938:             1             16  scala.reflect.internal.Types$NullaryMethodType$
3939:             1             16  scala.reflect.internal.Types$OverloadedType$
3940:             1             16  scala.reflect.internal.Types$PolyType$
3941:             1             16  scala.reflect.internal.Types$RecoverableCyclicReference$
3942:             1             16  scala.reflect.internal.Types$RefinedType$
3943:             1             16  scala.reflect.internal.Types$RepeatedType$
3944:             1             16  scala.reflect.internal.Types$SingleType$
3945:             1             16  scala.reflect.internal.Types$StaticallyAnnotatedType$
3946:             1             16  scala.reflect.internal.Types$SuperType$
3947:             1             16  scala.reflect.internal.Types$ThisType$
3948:             1             16  scala.reflect.internal.Types$TypeBounds$
3949:             1             16  scala.reflect.internal.Types$TypeRef$
3950:             1             16  scala.reflect.internal.Types$TypeVar$
3951:             1             16  scala.reflect.internal.Types$WildcardType$
3952:             1             16  scala.reflect.internal.pickling.ByteCodecs$
3953:             1             16  scala.reflect.internal.settings.MutableSettings$
3954:             1             16  scala.reflect.internal.tpe.TypeComparers$SubTypePair$
3955:             1             16  scala.reflect.internal.tpe.TypeConstraints$TypeConstraint$
3956:             1             16  scala.reflect.internal.transform.Erasure$GenericArray$
3957:             1             16  scala.reflect.internal.transform.Transforms$$anonfun$1
3958:             1             16  scala.reflect.internal.transform.Transforms$$anonfun$2
3959:             1             16  scala.reflect.internal.transform.Transforms$$anonfun$3
3960:             1             16  scala.reflect.internal.transform.Transforms$$anonfun$4
3961:             1             16  scala.reflect.internal.transform.UnCurry$DesugaredParameterType$
3962:             1             16  scala.reflect.internal.util.FreshNameCreator$
3963:             1             16  scala.reflect.internal.util.NoPosition$
3964:             1             16  scala.reflect.runtime.JavaMirrors$JavaMirror$unpickler$
3965:             1             16  scala.reflect.runtime.ReflectionUtils$
3966:             1             16  scala.reflect.runtime.ReflectionUtils$EnclosedInClass$
3967:             1             16  scala.reflect.runtime.ReflectionUtils$EnclosedInClass$$anonfun$$lessinit$greater$3
3968:             1             16  scala.reflect.runtime.ReflectionUtils$EnclosedInConstructor$
3969:             1             16  scala.reflect.runtime.ReflectionUtils$EnclosedInConstructor$$anonfun$$lessinit$greater$2
3970:             1             16  scala.reflect.runtime.ReflectionUtils$EnclosedInMethod$
3971:             1             16  scala.reflect.runtime.ReflectionUtils$EnclosedInMethod$$anonfun$$lessinit$greater$1
3972:             1             16  scala.reflect.runtime.ReflectionUtils$EnclosedInPackage$
3973:             1             16  scala.reflect.runtime.ReflectionUtils$EnclosedInPackage$$anonfun$$lessinit$greater$4
3974:             1             16  scala.reflect.runtime.ReflectionUtils$PrimitiveOrArray$
3975:             1             16  scala.reflect.runtime.SynchronizedTypes$$anonfun$scala$reflect$runtime$SynchronizedTypes$$_basetypeRecursions$1
3976:             1             16  scala.reflect.runtime.SynchronizedTypes$$anonfun$scala$reflect$runtime$SynchronizedTypes$$_intersectionWitness$1
3977:             1             16  scala.reflect.runtime.SynchronizedTypes$$anonfun$scala$reflect$runtime$SynchronizedTypes$$_skolemizationLevel$1
3978:             1             16  scala.reflect.runtime.SynchronizedTypes$$anonfun$scala$reflect$runtime$SynchronizedTypes$$_subsametypeRecursions$1
3979:             1             16  scala.reflect.runtime.SynchronizedTypes$$anonfun$scala$reflect$runtime$SynchronizedTypes$$_undoLog$1
3980:             1             16  scala.runtime.BoxedUnit
3981:             1             16  scala.runtime.ObjectRef
3982:             1             16  scala.runtime.RichChar$
3983:             1             16  scala.runtime.RichDouble$
3984:             1             16  scala.runtime.RichInt$
3985:             1             16  scala.runtime.RichLong$
3986:             1             16  scala.runtime.ScalaRunTime$
3987:             1             16  scala.sys.BooleanProp$
3988:             1             16  scala.sys.BooleanProp$$anonfun$keyExists$1
3989:             1             16  scala.sys.package$
3990:             1             16  scala.util.Either$
3991:             1             16  scala.util.Left$
3992:             1             16  scala.util.Random$
3993:             1             16  scala.util.Right$
3994:             1             16  scala.util.Try$
3995:             1             16  scala.util.control.Breaks
3996:             1             16  scala.util.control.Exception$$anonfun$1
3997:             1             16  scala.util.control.Exception$$anonfun$2
3998:             1             16  scala.util.control.Exception$Catch$
3999:             1             16  scala.util.control.Exception$Catch$$anonfun$$lessinit$greater$default$3$1
4000:             1             16  scala.util.control.NoStackTrace$
4001:             1             16  scala.util.control.NonFatal$
4002:             1             16  scala.util.hashing.package$
4003:             1             16  scala.xml.Attribute$
4004:             1             16  scala.xml.Elem$
4005:             1             16  scala.xml.MetaData$
4006:             1             16  scala.xml.NodeSeq$
4007:             1             16  scala.xml.NodeSeq$$anon$1
4008:             1             16  scala.xml.Null$
4009:             1             16  scala.xml.Source$
4010:             1             16  scala.xml.Text$
4011:             1             16  scala.xml.Unparsed$
4012:             1             16  scala.xml.Utility$
4013:             1             16  sun.management.ClassLoadingImpl
4014:             1             16  sun.management.HotSpotDiagnostic
4015:             1             16  sun.management.ManagementFactoryHelper$PlatformLoggingImpl
4016:             1             16  sun.misc.ASCIICaseInsensitiveComparator
4017:             1             16  sun.misc.FloatingDecimal$1
4018:             1             16  sun.misc.FormattedFloatingDecimal$1
4019:             1             16  sun.misc.Launcher
4020:             1             16  sun.misc.Launcher$Factory
4021:             1             16  sun.misc.Perf
4022:             1             16  sun.misc.Unsafe
4023:             1             16  sun.net.DefaultProgressMeteringPolicy
4024:             1             16  sun.net.ExtendedOptionsImpl$$Lambda$9/292718833
4025:             1             16  sun.net.www.protocol.file.Handler
4026:             1             16  sun.net.www.protocol.jar.JarFileFactory
4027:             1             16  sun.nio.ch.EPollSelectorProvider
4028:             1             16  sun.nio.ch.ExtendedSocketOption$1
4029:             1             16  sun.nio.ch.FileChannelImpl$1
4030:             1             16  sun.nio.ch.Net$1
4031:             1             16  sun.nio.ch.Util$1
4032:             1             16  sun.nio.fs.LinuxFileSystemProvider
4033:             1             16  sun.reflect.GeneratedConstructorAccessor1
4034:             1             16  sun.reflect.GeneratedConstructorAccessor10
4035:             1             16  sun.reflect.GeneratedConstructorAccessor15
4036:             1             16  sun.reflect.GeneratedConstructorAccessor16
4037:             1             16  sun.reflect.GeneratedConstructorAccessor17
4038:             1             16  sun.reflect.GeneratedConstructorAccessor18
4039:             1             16  sun.reflect.GeneratedConstructorAccessor19
4040:             1             16  sun.reflect.GeneratedConstructorAccessor2
4041:             1             16  sun.reflect.GeneratedConstructorAccessor20
4042:             1             16  sun.reflect.GeneratedConstructorAccessor21
4043:             1             16  sun.reflect.GeneratedConstructorAccessor22
4044:             1             16  sun.reflect.GeneratedConstructorAccessor23
4045:             1             16  sun.reflect.GeneratedConstructorAccessor24
4046:             1             16  sun.reflect.GeneratedConstructorAccessor27
4047:             1             16  sun.reflect.GeneratedConstructorAccessor3
4048:             1             16  sun.reflect.GeneratedConstructorAccessor31
4049:             1             16  sun.reflect.GeneratedConstructorAccessor32
4050:             1             16  sun.reflect.GeneratedConstructorAccessor33
4051:             1             16  sun.reflect.GeneratedConstructorAccessor36
4052:             1             16  sun.reflect.GeneratedConstructorAccessor37
4053:             1             16  sun.reflect.GeneratedConstructorAccessor38
4054:             1             16  sun.reflect.GeneratedConstructorAccessor39
4055:             1             16  sun.reflect.GeneratedConstructorAccessor4
4056:             1             16  sun.reflect.GeneratedConstructorAccessor40
4057:             1             16  sun.reflect.GeneratedConstructorAccessor41
4058:             1             16  sun.reflect.GeneratedConstructorAccessor42
4059:             1             16  sun.reflect.GeneratedConstructorAccessor43
4060:             1             16  sun.reflect.GeneratedConstructorAccessor44
4061:             1             16  sun.reflect.GeneratedConstructorAccessor45
4062:             1             16  sun.reflect.GeneratedConstructorAccessor46
4063:             1             16  sun.reflect.GeneratedConstructorAccessor47
4064:             1             16  sun.reflect.GeneratedConstructorAccessor48
4065:             1             16  sun.reflect.GeneratedConstructorAccessor8
4066:             1             16  sun.reflect.GeneratedConstructorAccessor9
4067:             1             16  sun.reflect.GeneratedMethodAccessor1
4068:             1             16  sun.reflect.GeneratedMethodAccessor19
4069:             1             16  sun.reflect.GeneratedMethodAccessor2
4070:             1             16  sun.reflect.GeneratedMethodAccessor25
4071:             1             16  sun.reflect.GeneratedMethodAccessor26
4072:             1             16  sun.reflect.GeneratedMethodAccessor3
4073:             1             16  sun.reflect.GeneratedMethodAccessor34
4074:             1             16  sun.reflect.GeneratedMethodAccessor35
4075:             1             16  sun.reflect.GeneratedMethodAccessor36
4076:             1             16  sun.reflect.GeneratedMethodAccessor37
4077:             1             16  sun.reflect.GeneratedMethodAccessor38
4078:             1             16  sun.reflect.GeneratedMethodAccessor39
4079:             1             16  sun.reflect.GeneratedMethodAccessor4
4080:             1             16  sun.reflect.GeneratedMethodAccessor40
4081:             1             16  sun.reflect.GeneratedMethodAccessor41
4082:             1             16  sun.reflect.GeneratedMethodAccessor42
4083:             1             16  sun.reflect.GeneratedMethodAccessor44
4084:             1             16  sun.reflect.GeneratedMethodAccessor45
4085:             1             16  sun.reflect.GeneratedMethodAccessor48
4086:             1             16  sun.reflect.GeneratedMethodAccessor5
4087:             1             16  sun.reflect.GeneratedMethodAccessor50
4088:             1             16  sun.reflect.GeneratedMethodAccessor55
4089:             1             16  sun.reflect.GeneratedMethodAccessor56
4090:             1             16  sun.reflect.GeneratedMethodAccessor57
4091:             1             16  sun.reflect.GeneratedMethodAccessor59
4092:             1             16  sun.reflect.GeneratedMethodAccessor63
4093:             1             16  sun.reflect.GeneratedMethodAccessor65
4094:             1             16  sun.reflect.GeneratedMethodAccessor67
4095:             1             16  sun.reflect.GeneratedMethodAccessor69
4096:             1             16  sun.reflect.GeneratedMethodAccessor70
4097:             1             16  sun.reflect.GeneratedMethodAccessor9
4098:             1             16  sun.reflect.GeneratedSerializationConstructorAccessor1
4099:             1             16  sun.reflect.GeneratedSerializationConstructorAccessor10
4100:             1             16  sun.reflect.GeneratedSerializationConstructorAccessor11
4101:             1             16  sun.reflect.GeneratedSerializationConstructorAccessor12
4102:             1             16  sun.reflect.GeneratedSerializationConstructorAccessor13
4103:             1             16  sun.reflect.GeneratedSerializationConstructorAccessor14
4104:             1             16  sun.reflect.GeneratedSerializationConstructorAccessor15
4105:             1             16  sun.reflect.GeneratedSerializationConstructorAccessor16
4106:             1             16  sun.reflect.GeneratedSerializationConstructorAccessor17
4107:             1             16  sun.reflect.GeneratedSerializationConstructorAccessor18
4108:             1             16  sun.reflect.GeneratedSerializationConstructorAccessor19
4109:             1             16  sun.reflect.GeneratedSerializationConstructorAccessor2
4110:             1             16  sun.reflect.GeneratedSerializationConstructorAccessor20
4111:             1             16  sun.reflect.GeneratedSerializationConstructorAccessor21
4112:             1             16  sun.reflect.GeneratedSerializationConstructorAccessor22
4113:             1             16  sun.reflect.GeneratedSerializationConstructorAccessor23
4114:             1             16  sun.reflect.GeneratedSerializationConstructorAccessor24
4115:             1             16  sun.reflect.GeneratedSerializationConstructorAccessor25
4116:             1             16  sun.reflect.GeneratedSerializationConstructorAccessor26
4117:             1             16  sun.reflect.GeneratedSerializationConstructorAccessor27
4118:             1             16  sun.reflect.GeneratedSerializationConstructorAccessor28
4119:             1             16  sun.reflect.GeneratedSerializationConstructorAccessor29
4120:             1             16  sun.reflect.GeneratedSerializationConstructorAccessor3
4121:             1             16  sun.reflect.GeneratedSerializationConstructorAccessor30
4122:             1             16  sun.reflect.GeneratedSerializationConstructorAccessor31
4123:             1             16  sun.reflect.GeneratedSerializationConstructorAccessor32
4124:             1             16  sun.reflect.GeneratedSerializationConstructorAccessor33
4125:             1             16  sun.reflect.GeneratedSerializationConstructorAccessor34
4126:             1             16  sun.reflect.GeneratedSerializationConstructorAccessor35
4127:             1             16  sun.reflect.GeneratedSerializationConstructorAccessor36
4128:             1             16  sun.reflect.GeneratedSerializationConstructorAccessor37
4129:             1             16  sun.reflect.GeneratedSerializationConstructorAccessor38
4130:             1             16  sun.reflect.GeneratedSerializationConstructorAccessor39
4131:             1             16  sun.reflect.GeneratedSerializationConstructorAccessor4
4132:             1             16  sun.reflect.GeneratedSerializationConstructorAccessor40
4133:             1             16  sun.reflect.GeneratedSerializationConstructorAccessor41
4134:             1             16  sun.reflect.GeneratedSerializationConstructorAccessor42
4135:             1             16  sun.reflect.GeneratedSerializationConstructorAccessor43
4136:             1             16  sun.reflect.GeneratedSerializationConstructorAccessor44
4137:             1             16  sun.reflect.GeneratedSerializationConstructorAccessor45
4138:             1             16  sun.reflect.GeneratedSerializationConstructorAccessor46
4139:             1             16  sun.reflect.GeneratedSerializationConstructorAccessor47
4140:             1             16  sun.reflect.GeneratedSerializationConstructorAccessor48
4141:             1             16  sun.reflect.GeneratedSerializationConstructorAccessor49
4142:             1             16  sun.reflect.GeneratedSerializationConstructorAccessor5
4143:             1             16  sun.reflect.GeneratedSerializationConstructorAccessor50
4144:             1             16  sun.reflect.GeneratedSerializationConstructorAccessor51
4145:             1             16  sun.reflect.GeneratedSerializationConstructorAccessor52
4146:             1             16  sun.reflect.GeneratedSerializationConstructorAccessor53
4147:             1             16  sun.reflect.GeneratedSerializationConstructorAccessor54
4148:             1             16  sun.reflect.GeneratedSerializationConstructorAccessor55
4149:             1             16  sun.reflect.GeneratedSerializationConstructorAccessor56
4150:             1             16  sun.reflect.GeneratedSerializationConstructorAccessor57
4151:             1             16  sun.reflect.GeneratedSerializationConstructorAccessor58
4152:             1             16  sun.reflect.GeneratedSerializationConstructorAccessor59
4153:             1             16  sun.reflect.GeneratedSerializationConstructorAccessor6
4154:             1             16  sun.reflect.GeneratedSerializationConstructorAccessor60
4155:             1             16  sun.reflect.GeneratedSerializationConstructorAccessor61
4156:             1             16  sun.reflect.GeneratedSerializationConstructorAccessor62
4157:             1             16  sun.reflect.GeneratedSerializationConstructorAccessor63
4158:             1             16  sun.reflect.GeneratedSerializationConstructorAccessor64
4159:             1             16  sun.reflect.GeneratedSerializationConstructorAccessor65
4160:             1             16  sun.reflect.GeneratedSerializationConstructorAccessor66
4161:             1             16  sun.reflect.GeneratedSerializationConstructorAccessor67
4162:             1             16  sun.reflect.GeneratedSerializationConstructorAccessor68
4163:             1             16  sun.reflect.GeneratedSerializationConstructorAccessor69
4164:             1             16  sun.reflect.GeneratedSerializationConstructorAccessor7
4165:             1             16  sun.reflect.GeneratedSerializationConstructorAccessor70
4166:             1             16  sun.reflect.GeneratedSerializationConstructorAccessor71
4167:             1             16  sun.reflect.GeneratedSerializationConstructorAccessor72
4168:             1             16  sun.reflect.GeneratedSerializationConstructorAccessor73
4169:             1             16  sun.reflect.GeneratedSerializationConstructorAccessor74
4170:             1             16  sun.reflect.GeneratedSerializationConstructorAccessor75
4171:             1             16  sun.reflect.GeneratedSerializationConstructorAccessor76
4172:             1             16  sun.reflect.GeneratedSerializationConstructorAccessor77
4173:             1             16  sun.reflect.GeneratedSerializationConstructorAccessor78
4174:             1             16  sun.reflect.GeneratedSerializationConstructorAccessor79
4175:             1             16  sun.reflect.GeneratedSerializationConstructorAccessor8
4176:             1             16  sun.reflect.GeneratedSerializationConstructorAccessor80
4177:             1             16  sun.reflect.GeneratedSerializationConstructorAccessor81
4178:             1             16  sun.reflect.GeneratedSerializationConstructorAccessor82
4179:             1             16  sun.reflect.GeneratedSerializationConstructorAccessor83
4180:             1             16  sun.reflect.GeneratedSerializationConstructorAccessor84
4181:             1             16  sun.reflect.GeneratedSerializationConstructorAccessor85
4182:             1             16  sun.reflect.GeneratedSerializationConstructorAccessor86
4183:             1             16  sun.reflect.GeneratedSerializationConstructorAccessor87
4184:             1             16  sun.reflect.GeneratedSerializationConstructorAccessor88
4185:             1             16  sun.reflect.GeneratedSerializationConstructorAccessor89
4186:             1             16  sun.reflect.GeneratedSerializationConstructorAccessor9
4187:             1             16  sun.reflect.GeneratedSerializationConstructorAccessor90
4188:             1             16  sun.reflect.ReflectionFactory
4189:             1             16  sun.reflect.generics.tree.ArrayTypeSignature
4190:             1             16  sun.reflect.generics.tree.BooleanSignature
4191:             1             16  sun.reflect.generics.tree.BottomSignature
4192:             1             16  sun.reflect.generics.tree.ByteSignature
4193:             1             16  sun.reflect.generics.tree.IntSignature
4194:             1             16  sun.reflect.generics.tree.LongSignature
4195:             1             16  sun.reflect.generics.tree.VoidDescriptor
4196:             1             16  sun.security.util.ByteArrayLexOrder
4197:             1             16  sun.security.util.ByteArrayTagOrder
4198:             1             16  sun.security.util.DisabledAlgorithmConstraints$KeySizeConstraints
4199:             1             16  sun.security.x509.CertificateAlgorithmId
4200:             1             16  sun.security.x509.CertificateSerialNumber
4201:             1             16  sun.security.x509.CertificateVersion
4202:             1             16  sun.security.x509.CertificateX509Key
4203:             1             16  sun.security.x509.SerialNumber
4204:             1             16  sun.text.normalizer.NormalizerBase$Mode
4205:             1             16  sun.text.normalizer.NormalizerBase$NFCMode
4206:             1             16  sun.text.normalizer.NormalizerBase$NFDMode
4207:             1             16  sun.text.normalizer.NormalizerBase$NFKCMode
4208:             1             16  sun.text.normalizer.NormalizerBase$NFKDMode
4209:             1             16  sun.util.calendar.Gregorian
4210:             1             16  sun.util.locale.provider.AuxLocaleProviderAdapter$NullProvider
4211:             1             16  sun.util.locale.provider.CalendarDataUtility$CalendarFieldValueNamesMapGetter
4212:             1             16  sun.util.locale.provider.CalendarDataUtility$CalendarWeekParameterGetter
4213:             1             16  sun.util.locale.provider.CalendarNameProviderImpl$LengthBasedComparator
4214:             1             16  sun.util.locale.provider.SPILocaleProviderAdapter
4215:             1             16  sun.util.resources.LocaleData
4216:             1             16  sun.util.resources.LocaleData$LocaleDataResourceBundleControl
Total      75790019     4986103160
